/home/a/Desktop/stuff/pinball/training/train_guard.py:54: DeprecationWarning: Conversion of an array with ndim > 0 to a scalar is deprecated, and will error in future. Ensure you extract a single element from your array before performing this operation. (Deprecated NumPy 1.25.)
  return W['pi.weight'] @ h + W['pi.bias'], W['pn.weight'] @ h + W['pn.bias'], float(W['v.weight'] @ g + W['v.bias'])
it 1 steps 2048 games 0 recent30 nan ballmean 4750 balllen 99 nudges/ball 10.50 tilts/ball 0.00 stuckdec 0 ent 0.348 rollout 10.5s elapsed 11s frames/s 980 restarts 0
it 2 steps 4096 games 0 recent30 nan ballmean 11250 balllen 132 nudges/ball 9.20 tilts/ball 0.00 stuckdec 0 ent 0.393 rollout 2.4s elapsed 13s frames/s 1493 restarts 0
it 3 steps 6144 games 0 recent30 nan ballmean 20438 balllen 199 nudges/ball 12.12 tilts/ball 0.00 stuckdec 0 ent 0.348 rollout 2.3s elapsed 16s frames/s 1851 restarts 0
it 4 steps 8192 games 1 recent30 61250 ballmean 21556 balllen 199 nudges/ball 11.67 tilts/ball 0.00 stuckdec 0 ent 0.323 rollout 2.4s elapsed 18s frames/s 2071 restarts 0
it 5 steps 10240 games 2 recent30 65500 ballmean 41071 balllen 312 nudges/ball 19.29 tilts/ball 0.00 stuckdec 0 ent 0.344 rollout 2.3s elapsed 21s frames/s 2321 restarts 0
it 6 steps 12288 games 3 recent30 69750 ballmean 38953 balllen 300 nudges/ball 18.50 tilts/ball 0.00 stuckdec 0 ent 0.278 rollout 2.6s elapsed 24s frames/s 2442 restarts 0
it 7 steps 14336 games 3 recent30 69750 ballmean 41569 balllen 318 nudges/ball 19.83 tilts/ball 0.00 stuckdec 0 ent 0.297 rollout 2.3s elapsed 26s frames/s 2565 restarts 0
it 8 steps 16384 games 5 recent30 115450 ballmean 42425 balllen 316 nudges/ball 19.10 tilts/ball 0.00 stuckdec 0 ent 0.305 rollout 2.6s elapsed 29s frames/s 2650 restarts 0
it 9 steps 18432 games 5 recent30 115450 ballmean 54989 balllen 369 nudges/ball 21.83 tilts/ball 0.00 stuckdec 0 ent 0.299 rollout 2.6s elapsed 31s frames/s 2724 restarts 0
it 10 steps 20480 games 5 recent30 115450 ballmean 59019 balllen 375 nudges/ball 21.23 tilts/ball 0.00 stuckdec 0 ent 0.309 rollout 2.8s elapsed 34s frames/s 2768 restarts 0
it 11 steps 22528 games 7 recent30 146607 ballmean 63433 balllen 387 nudges/ball 21.17 tilts/ball 0.00 stuckdec 0 ent 0.300 rollout 3.0s elapsed 37s frames/s 2814 restarts 0
it 12 steps 24576 games 8 recent30 139750 ballmean 68188 balllen 419 nudges/ball 22.62 tilts/ball 0.00 stuckdec 0 ent 0.357 rollout 2.9s elapsed 40s frames/s 2841 restarts 0
it 13 steps 26624 games 10 recent30 158150 ballmean 68878 balllen 431 nudges/ball 22.11 tilts/ball 0.00 stuckdec 0 ent 0.303 rollout 2.6s elapsed 43s frames/s 2901 restarts 0
it 14 steps 28672 games 10 recent30 158150 ballmean 103394 balllen 512 nudges/ball 26.90 tilts/ball 0.00 stuckdec 0 ent 0.320 rollout 2.3s elapsed 45s frames/s 2955 restarts 0
it 15 steps 30720 games 11 recent30 170114 ballmean 102750 balllen 511 nudges/ball 26.85 tilts/ball 0.00 stuckdec 0 ent 0.337 rollout 2.5s elapsed 48s frames/s 2976 restarts 0
it 16 steps 32768 games 13 recent30 167077 ballmean 120065 balllen 525 nudges/ball 27.76 tilts/ball 0.00 stuckdec 0 ent 0.306 rollout 2.3s elapsed 50s frames/s 3044 restarts 0
it 17 steps 34816 games 15 recent30 207883 ballmean 118672 balllen 524 nudges/ball 27.96 tilts/ball 0.00 stuckdec 0 ent 0.300 rollout 2.2s elapsed 53s frames/s 3085 restarts 0
it 18 steps 36864 games 16 recent30 219656 ballmean 118439 balllen 524 nudges/ball 28.02 tilts/ball 0.00 stuckdec 0 ent 0.311 rollout 2.2s elapsed 55s frames/s 3114 restarts 0
it 19 steps 38912 games 16 recent30 219656 ballmean 118439 balllen 524 nudges/ball 28.02 tilts/ball 0.00 stuckdec 0 ent 0.309 rollout 2.4s elapsed 57s frames/s 3122 restarts 0
it 20 steps 40960 games 16 recent30 219656 ballmean 121981 balllen 537 nudges/ball 28.85 tilts/ball 0.00 stuckdec 0 ent 0.338 rollout 2.6s elapsed 60s frames/s 3135 restarts 0
it 21 steps 43008 games 16 recent30 219656 ballmean 122203 balllen 537 nudges/ball 28.87 tilts/ball 0.00 stuckdec 0 ent 0.363 rollout 2.5s elapsed 63s frames/s 3144 restarts 0
it 22 steps 45056 games 17 recent30 217471 ballmean 120309 balllen 531 nudges/ball 28.76 tilts/ball 0.02 stuckdec 0 ent 0.345 rollout 2.4s elapsed 65s frames/s 3164 restarts 0
it 23 steps 47104 games 19 recent30 237474 ballmean 124078 balllen 549 nudges/ball 30.81 tilts/ball 0.03 stuckdec 0 ent 0.320 rollout 2.3s elapsed 68s frames/s 3194 restarts 0
it 24 steps 49152 games 19 recent30 237474 ballmean 125688 balllen 568 nudges/ball 31.73 tilts/ball 0.03 stuckdec 0 ent 0.297 rollout 2.5s elapsed 70s frames/s 3202 restarts 0
it 25 steps 51200 games 19 recent30 237474 ballmean 124221 balllen 564 nudges/ball 31.39 tilts/ball 0.03 stuckdec 0 ent 0.357 rollout 2.4s elapsed 73s frames/s 3212 restarts 0
it 26 steps 53248 games 20 recent30 247125 ballmean 126282 balllen 577 nudges/ball 32.51 tilts/ball 0.05 stuckdec 0 ent 0.323 rollout 2.3s elapsed 75s frames/s 3231 restarts 0
it 27 steps 55296 games 21 recent30 239143 ballmean 125761 balllen 585 nudges/ball 33.30 tilts/ball 0.05 stuckdec 0 ent 0.316 rollout 2.3s elapsed 78s frames/s 3253 restarts 0
it 28 steps 57344 games 23 recent30 259739 ballmean 129169 balllen 602 nudges/ball 34.51 tilts/ball 0.04 stuckdec 0 ent 0.290 rollout 2.6s elapsed 80s frames/s 3259 restarts 0
it 29 steps 59392 games 24 recent30 313115 ballmean 134807 balllen 618 nudges/ball 35.81 tilts/ball 0.04 stuckdec 0 ent 0.333 rollout 2.4s elapsed 83s frames/s 3272 restarts 0
it 30 steps 61440 games 25 recent30 322120 ballmean 131949 balllen 605 nudges/ball 34.86 tilts/ball 0.04 stuckdec 0 ent 0.319 rollout 2.4s elapsed 85s frames/s 3292 restarts 0
it 31 steps 63488 games 26 recent30 354212 ballmean 153569 balllen 665 nudges/ball 38.70 tilts/ball 0.04 stuckdec 0 ent 0.326 rollout 2.2s elapsed 88s frames/s 3308 restarts 0
it 32 steps 65536 games 28 recent30 347339 ballmean 151128 balllen 664 nudges/ball 38.85 tilts/ball 0.04 stuckdec 0 ent 0.373 rollout 2.5s elapsed 90s frames/s 3324 restarts 0
it 33 steps 67584 games 29 recent30 337733 ballmean 149815 balllen 660 nudges/ball 38.54 tilts/ball 0.04 stuckdec 0 ent 0.341 rollout 2.4s elapsed 93s frames/s 3333 restarts 0
it 34 steps 69632 games 29 recent30 337733 ballmean 151795 balllen 677 nudges/ball 40.06 tilts/ball 0.04 stuckdec 0 ent 0.374 rollout 2.5s elapsed 95s frames/s 3341 restarts 0
it 35 steps 71680 games 30 recent30 339642 ballmean 149968 balllen 669 nudges/ball 39.87 tilts/ball 0.03 stuckdec 0 ent 0.384 rollout 2.4s elapsed 98s frames/s 3354 restarts 0
it 36 steps 73728 games 30 recent30 339642 ballmean 177817 balllen 729 nudges/ball 44.46 tilts/ball 0.03 stuckdec 0 ent 0.365 rollout 2.3s elapsed 100s frames/s 3366 restarts 0
it 37 steps 75776 games 30 recent30 339642 ballmean 177717 balllen 729 nudges/ball 44.64 tilts/ball 0.03 stuckdec 0 ent 0.369 rollout 2.4s elapsed 103s frames/s 3369 restarts 0
it 38 steps 77824 games 31 recent30 346683 ballmean 174676 balllen 720 nudges/ball 44.14 tilts/ball 0.03 stuckdec 0 ent 0.365 rollout 2.4s elapsed 105s frames/s 3379 restarts 0
it 39 steps 79872 games 32 recent30 379467 ballmean 183224 balllen 736 nudges/ball 45.49 tilts/ball 0.04 stuckdec 0 ent 0.358 rollout 2.3s elapsed 108s frames/s 3388 restarts 0
it 40 steps 81920 games 34 recent30 380442 ballmean 181745 balllen 728 nudges/ball 45.38 tilts/ball 0.04 stuckdec 0 ent 0.385 rollout 2.7s elapsed 110s frames/s 3394 restarts 0
it 41 steps 83968 games 34 recent30 380442 ballmean 181676 balllen 730 nudges/ball 45.81 tilts/ball 0.04 stuckdec 0 ent 0.336 rollout 2.6s elapsed 113s frames/s 3392 restarts 0
it 42 steps 86016 games 37 recent30 412492 ballmean 186406 balllen 746 nudges/ball 47.89 tilts/ball 0.04 stuckdec 0 ent 0.352 rollout 2.3s elapsed 115s frames/s 3409 restarts 0
it 43 steps 88064 games 38 recent30 422342 ballmean 187086 balllen 753 nudges/ball 48.62 tilts/ball 0.04 stuckdec 0 ent 0.348 rollout 2.2s elapsed 118s frames/s 3419 restarts 0
it 44 steps 90112 games 38 recent30 422342 ballmean 186406 balllen 751 nudges/ball 48.54 tilts/ball 0.04 stuckdec 0 ent 0.324 rollout 2.6s elapsed 120s frames/s 3414 restarts 0
it 45 steps 92160 games 40 recent30 444575 ballmean 185576 balllen 748 nudges/ball 48.54 tilts/ball 0.04 stuckdec 0 ent 0.345 rollout 2.3s elapsed 123s frames/s 3426 restarts 0
it 46 steps 94208 games 41 recent30 447675 ballmean 183765 balllen 743 nudges/ball 48.42 tilts/ball 0.04 stuckdec 0 ent 0.333 rollout 2.5s elapsed 125s frames/s 3427 restarts 0
it 47 steps 96256 games 41 recent30 447675 ballmean 182365 balllen 738 nudges/ball 48.13 tilts/ball 0.03 stuckdec 0 ent 0.344 rollout 2.6s elapsed 128s frames/s 3421 restarts 0
it 48 steps 98304 games 43 recent30 482758 ballmean 183790 balllen 750 nudges/ball 49.24 tilts/ball 0.04 stuckdec 0 ent 0.326 rollout 3.9s elapsed 132s frames/s 3389 restarts 0
it 49 steps 100352 games 44 recent30 465192 ballmean 182670 balllen 745 nudges/ball 48.92 tilts/ball 0.04 stuckdec 0 ent 0.352 rollout 3.8s elapsed 136s frames/s 3356 restarts 0
it 50 steps 102400 games 45 recent30 522008 ballmean 180644 balllen 746 nudges/ball 49.48 tilts/ball 0.04 stuckdec 0 ent 0.354 rollout 2.7s elapsed 139s frames/s 3359 restarts 0
it 51 steps 104448 games 46 recent30 518117 ballmean 181188 balllen 751 nudges/ball 49.98 tilts/ball 0.04 stuckdec 0 ent 0.362 rollout 2.8s elapsed 142s frames/s 3355 restarts 0
it 52 steps 106496 games 47 recent30 541292 ballmean 184252 balllen 755 nudges/ball 50.55 tilts/ball 0.04 stuckdec 0 ent 0.367 rollout 2.8s elapsed 145s frames/s 3351 restarts 0
it 53 steps 108544 games 49 recent30 526042 ballmean 187951 balllen 757 nudges/ball 50.67 tilts/ball 0.04 stuckdec 0 ent 0.413 rollout 2.8s elapsed 148s frames/s 3354 restarts 0
it 54 steps 110592 games 50 recent30 600083 ballmean 187175 balllen 755 nudges/ball 50.67 tilts/ball 0.04 stuckdec 0 ent 0.407 rollout 2.8s elapsed 151s frames/s 3348 restarts 0
it 55 steps 112640 games 50 recent30 600083 ballmean 189572 balllen 754 nudges/ball 50.68 tilts/ball 0.04 stuckdec 0 ent 0.437 rollout 2.8s elapsed 154s frames/s 3347 restarts 0
it 56 steps 114688 games 50 recent30 600083 ballmean 188466 balllen 753 nudges/ball 50.58 tilts/ball 0.04 stuckdec 0 ent 0.402 rollout 2.8s elapsed 157s frames/s 3342 restarts 0
it 57 steps 116736 games 50 recent30 600083 ballmean 187908 balllen 753 nudges/ball 50.56 tilts/ball 0.04 stuckdec 0 ent 0.395 rollout 2.8s elapsed 160s frames/s 3333 restarts 0
it 58 steps 118784 games 53 recent30 605333 ballmean 186925 balllen 748 nudges/ball 50.31 tilts/ball 0.03 stuckdec 0 ent 0.403 rollout 3.4s elapsed 163s frames/s 3324 restarts 0
it 59 steps 120832 games 56 recent30 553358 ballmean 186202 balllen 742 nudges/ball 50.06 tilts/ball 0.03 stuckdec 0 ent 0.404 rollout 3.0s elapsed 166s frames/s 3326 restarts 0
it 60 steps 122880 games 58 recent30 546892 ballmean 183663 balllen 737 nudges/ball 49.72 tilts/ball 0.03 stuckdec 0 ent 0.346 rollout 2.9s elapsed 169s frames/s 3325 restarts 0
it 61 steps 124928 games 61 recent30 565225 ballmean 184330 balllen 739 nudges/ball 50.08 tilts/ball 0.03 stuckdec 0 ent 0.331 rollout 2.8s elapsed 172s frames/s 3329 restarts 0
it 62 steps 126976 games 61 recent30 565225 ballmean 181706 balllen 732 nudges/ball 49.52 tilts/ball 0.03 stuckdec 0 ent 0.340 rollout 2.8s elapsed 175s frames/s 3327 restarts 0
it 63 steps 129024 games 61 recent30 565225 ballmean 181356 balllen 731 nudges/ball 49.40 tilts/ball 0.03 stuckdec 0 ent 0.394 rollout 2.8s elapsed 178s frames/s 3320 restarts 0
it 64 steps 131072 games 61 recent30 565225 ballmean 180954 balllen 729 nudges/ball 49.19 tilts/ball 0.03 stuckdec 0 ent 0.379 rollout 2.6s elapsed 181s frames/s 3317 restarts 0
it 65 steps 133120 games 63 recent30 544717 ballmean 181609 balllen 734 nudges/ball 49.57 tilts/ball 0.03 stuckdec 0 ent 0.413 rollout 2.8s elapsed 183s frames/s 3316 restarts 0
it 66 steps 135168 games 65 recent30 534767 ballmean 180606 balllen 732 nudges/ball 49.34 tilts/ball 0.03 stuckdec 0 ent 0.392 rollout 2.9s elapsed 186s frames/s 3320 restarts 0
it 67 steps 137216 games 65 recent30 534767 ballmean 178116 balllen 726 nudges/ball 48.86 tilts/ball 0.03 stuckdec 0 ent 0.476 rollout 2.7s elapsed 189s frames/s 3319 restarts 0
it 68 steps 139264 games 67 recent30 515967 ballmean 175906 balllen 718 nudges/ball 48.43 tilts/ball 0.03 stuckdec 0 ent 0.511 rollout 2.8s elapsed 192s frames/s 3320 restarts 0
it 69 steps 141312 games 68 recent30 509983 ballmean 175522 balllen 721 nudges/ball 48.84 tilts/ball 0.03 stuckdec 0 ent 0.501 rollout 2.7s elapsed 195s frames/s 3318 restarts 0
it 70 steps 143360 games 70 recent30 494875 ballmean 181663 balllen 738 nudges/ball 50.58 tilts/ball 0.03 stuckdec 0 ent 0.516 rollout 2.9s elapsed 198s frames/s 3318 restarts 0
it 71 steps 145408 games 70 recent30 494875 ballmean 181663 balllen 738 nudges/ball 50.58 tilts/ball 0.03 stuckdec 0 ent 0.444 rollout 2.7s elapsed 201s frames/s 3312 restarts 0
it 72 steps 147456 games 75 recent30 485717 ballmean 189219 balllen 747 nudges/ball 51.73 tilts/ball 0.04 stuckdec 0 ent 0.406 rollout 3.0s elapsed 204s frames/s 3316 restarts 0
it 73 steps 149504 games 75 recent30 485717 ballmean 189089 balllen 749 nudges/ball 51.86 tilts/ball 0.04 stuckdec 0 ent 0.458 rollout 2.6s elapsed 207s frames/s 3315 restarts 0
it 74 steps 151552 games 75 recent30 485717 ballmean 189181 balllen 748 nudges/ball 51.96 tilts/ball 0.04 stuckdec 0 ent 0.504 rollout 2.5s elapsed 209s frames/s 3315 restarts 0
it 75 steps 153600 games 76 recent30 504108 ballmean 192254 balllen 753 nudges/ball 52.35 tilts/ball 0.04 stuckdec 0 ent 0.434 rollout 2.4s elapsed 212s frames/s 3318 restarts 0
it 76 steps 155648 games 78 recent30 495558 ballmean 190999 balllen 753 nudges/ball 52.98 tilts/ball 0.04 stuckdec 0 ent 0.514 rollout 2.3s elapsed 214s frames/s 3327 restarts 0
it 77 steps 157696 games 79 recent30 495333 ballmean 190271 balllen 751 nudges/ball 52.85 tilts/ball 0.04 stuckdec 0 ent 0.422 rollout 2.4s elapsed 217s frames/s 3329 restarts 0
it 78 steps 159744 games 79 recent30 495333 ballmean 190675 balllen 752 nudges/ball 53.33 tilts/ball 0.05 stuckdec 0 ent 0.473 rollout 2.7s elapsed 219s frames/s 3331 restarts 0
it 79 steps 161792 games 79 recent30 495333 ballmean 193366 balllen 759 nudges/ball 54.22 tilts/ball 0.04 stuckdec 0 ent 0.450 rollout 3.7s elapsed 223s frames/s 3316 restarts 0
it 80 steps 163840 games 81 recent30 469258 ballmean 193135 balllen 760 nudges/ball 54.64 tilts/ball 0.05 stuckdec 0 ent 0.447 rollout 2.8s elapsed 226s frames/s 3316 restarts 0
it 81 steps 165888 games 81 recent30 469258 ballmean 192898 balllen 762 nudges/ball 54.84 tilts/ball 0.05 stuckdec 0 ent 0.451 rollout 2.8s elapsed 229s frames/s 3310 restarts 0
it 82 steps 167936 games 81 recent30 469258 ballmean 192898 balllen 762 nudges/ball 54.84 tilts/ball 0.05 stuckdec 0 ent 0.433 rollout 2.7s elapsed 232s frames/s 3307 restarts 0
it 83 steps 169984 games 82 recent30 463208 ballmean 191854 balllen 760 nudges/ball 54.78 tilts/ball 0.05 stuckdec 0 ent 0.496 rollout 2.5s elapsed 235s frames/s 3309 restarts 0
it 84 steps 172032 games 84 recent30 487025 ballmean 195331 balllen 765 nudges/ball 55.43 tilts/ball 0.05 stuckdec 0 ent 0.393 rollout 2.8s elapsed 237s frames/s 3309 restarts 0
it 85 steps 174080 games 85 recent30 490783 ballmean 197711 balllen 772 nudges/ball 56.17 tilts/ball 0.05 stuckdec 0 ent 0.387 rollout 2.6s elapsed 240s frames/s 3310 restarts 0
it 86 steps 176128 games 86 recent30 482683 ballmean 199223 balllen 771 nudges/ball 56.07 tilts/ball 0.05 stuckdec 0 ent 0.390 rollout 2.5s elapsed 243s frames/s 3311 restarts 0
it 87 steps 178176 games 86 recent30 482683 ballmean 200558 balllen 776 nudges/ball 56.41 tilts/ball 0.05 stuckdec 0 ent 0.397 rollout 2.5s elapsed 245s frames/s 3311 restarts 0
it 88 steps 180224 games 86 recent30 482683 ballmean 200347 balllen 778 nudges/ball 56.49 tilts/ball 0.05 stuckdec 0 ent 0.402 rollout 2.6s elapsed 248s frames/s 3309 restarts 0
it 89 steps 182272 games 87 recent30 498258 ballmean 200702 balllen 784 nudges/ball 56.89 tilts/ball 0.05 stuckdec 0 ent 0.398 rollout 2.9s elapsed 251s frames/s 3307 restarts 0
it 90 steps 184320 games 88 recent30 513517 ballmean 200381 balllen 783 nudges/ball 56.79 tilts/ball 0.05 stuckdec 0 ent 0.420 rollout 2.8s elapsed 254s frames/s 3305 restarts 0
it 91 steps 186368 games 89 recent30 496375 ballmean 199143 balllen 779 nudges/ball 56.53 tilts/ball 0.05 stuckdec 0 ent 0.419 rollout 2.7s elapsed 257s frames/s 3306 restarts 0
it 92 steps 188416 games 90 recent30 548433 ballmean 205741 balllen 790 nudges/ball 57.52 tilts/ball 0.05 stuckdec 0 ent 0.416 rollout 2.5s elapsed 259s frames/s 3308 restarts 0
it 93 steps 190464 games 90 recent30 548433 ballmean 207991 balllen 796 nudges/ball 57.89 tilts/ball 0.05 stuckdec 0 ent 0.420 rollout 2.6s elapsed 262s frames/s 3307 restarts 0
it 94 steps 192512 games 91 recent30 551458 ballmean 206981 balllen 792 nudges/ball 57.67 tilts/ball 0.05 stuckdec 0 ent 0.426 rollout 2.6s elapsed 265s frames/s 3309 restarts 0
it 95 steps 194560 games 92 recent30 549208 ballmean 208024 balllen 798 nudges/ball 58.03 tilts/ball 0.05 stuckdec 0 ent 0.403 rollout 2.7s elapsed 268s frames/s 3310 restarts 0
it 96 steps 196608 games 94 recent30 551392 ballmean 206314 balllen 794 nudges/ball 57.79 tilts/ball 0.05 stuckdec 0 ent 0.374 rollout 2.5s elapsed 270s frames/s 3316 restarts 0
it 97 steps 198656 games 96 recent30 575792 ballmean 208808 balllen 797 nudges/ball 58.00 tilts/ball 0.05 stuckdec 0 ent 0.407 rollout 2.7s elapsed 273s frames/s 3316 restarts 0
it 98 steps 200704 games 96 recent30 575792 ballmean 211928 balllen 801 nudges/ball 58.42 tilts/ball 0.05 stuckdec 0 ent 0.365 rollout 2.5s elapsed 276s frames/s 3317 restarts 0
it 99 steps 202752 games 96 recent30 575792 ballmean 212818 balllen 805 nudges/ball 58.69 tilts/ball 0.05 stuckdec 0 ent 0.398 rollout 2.6s elapsed 278s frames/s 3316 restarts 0
it 100 steps 204800 games 96 recent30 575792 ballmean 212480 balllen 806 nudges/ball 58.63 tilts/ball 0.05 stuckdec 0 ent 0.378 rollout 2.5s elapsed 281s frames/s 3316 restarts 0
it 101 steps 206848 games 98 recent30 605900 ballmean 214469 balllen 808 nudges/ball 58.81 tilts/ball 0.05 stuckdec 0 ent 0.379 rollout 2.5s elapsed 284s frames/s 3319 restarts 0
it 102 steps 208896 games 99 recent30 610392 ballmean 213191 balllen 807 nudges/ball 58.63 tilts/ball 0.05 stuckdec 0 ent 0.382 rollout 2.5s elapsed 286s frames/s 3321 restarts 0
it 103 steps 210944 games 100 recent30 621758 ballmean 214205 balllen 810 nudges/ball 58.75 tilts/ball 0.05 stuckdec 0 ent 0.402 rollout 2.7s elapsed 289s frames/s 3322 restarts 0
it 104 steps 212992 games 100 recent30 621758 ballmean 212913 balllen 807 nudges/ball 58.42 tilts/ball 0.05 stuckdec 0 ent 0.454 rollout 2.5s elapsed 292s frames/s 3324 restarts 0
it 105 steps 215040 games 101 recent30 622175 ballmean 211812 balllen 805 nudges/ball 58.24 tilts/ball 0.05 stuckdec 0 ent 0.437 rollout 2.5s elapsed 294s frames/s 3328 restarts 0
it 106 steps 217088 games 101 recent30 622175 ballmean 211812 balllen 805 nudges/ball 58.24 tilts/ball 0.05 stuckdec 0 ent 0.455 rollout 2.5s elapsed 297s frames/s 3327 restarts 0
it 107 steps 219136 games 102 recent30 651725 ballmean 213121 balllen 808 nudges/ball 58.47 tilts/ball 0.05 stuckdec 0 ent 0.445 rollout 2.5s elapsed 299s frames/s 3328 restarts 0
it 108 steps 221184 games 103 recent30 642333 ballmean 211773 balllen 804 nudges/ball 58.18 tilts/ball 0.05 stuckdec 0 ent 0.411 rollout 2.2s elapsed 302s frames/s 3334 restarts 0
it 109 steps 223232 games 104 recent30 617108 ballmean 210327 balllen 799 nudges/ball 57.81 tilts/ball 0.05 stuckdec 0 ent 0.421 rollout 2.7s elapsed 304s frames/s 3334 restarts 0
it 110 steps 225280 games 105 recent30 560150 ballmean 210906 balllen 801 nudges/ball 57.79 tilts/ball 0.05 stuckdec 0 ent 0.397 rollout 2.5s elapsed 307s frames/s 3336 restarts 0
it 111 steps 227328 games 107 recent30 557908 ballmean 209874 balllen 802 nudges/ball 57.96 tilts/ball 0.05 stuckdec 0 ent 0.431 rollout 2.4s elapsed 309s frames/s 3342 restarts 0
it 112 steps 229376 games 108 recent30 551492 ballmean 208672 balllen 799 nudges/ball 57.75 tilts/ball 0.05 stuckdec 0 ent 0.477 rollout 2.5s elapsed 312s frames/s 3345 restarts 0
it 113 steps 231424 games 109 recent30 598000 ballmean 213665 balllen 809 nudges/ball 58.46 tilts/ball 0.05 stuckdec 0 ent 0.393 rollout 2.4s elapsed 315s frames/s 3348 restarts 0
it 114 steps 233472 games 109 recent30 598000 ballmean 212811 balllen 806 nudges/ball 58.24 tilts/ball 0.05 stuckdec 0 ent 0.451 rollout 2.3s elapsed 317s frames/s 3351 restarts 0
it 115 steps 235520 games 110 recent30 565208 ballmean 212237 balllen 804 nudges/ball 58.10 tilts/ball 0.05 stuckdec 0 ent 0.401 rollout 2.6s elapsed 320s frames/s 3350 restarts 0
it 116 steps 237568 games 111 recent30 568783 ballmean 214548 balllen 815 nudges/ball 58.98 tilts/ball 0.05 stuckdec 0 ent 0.420 rollout 2.5s elapsed 322s frames/s 3352 restarts 0
it 117 steps 239616 games 111 recent30 568783 ballmean 213824 balllen 813 nudges/ball 58.80 tilts/ball 0.05 stuckdec 0 ent 0.427 rollout 2.3s elapsed 325s frames/s 3353 restarts 0
it 118 steps 241664 games 112 recent30 563750 ballmean 212590 balllen 810 nudges/ball 58.60 tilts/ball 0.05 stuckdec 0 ent 0.436 rollout 2.7s elapsed 328s frames/s 3353 restarts 0
it 119 steps 243712 games 112 recent30 563750 ballmean 212185 balllen 808 nudges/ball 58.50 tilts/ball 0.05 stuckdec 0 ent 0.446 rollout 2.4s elapsed 330s frames/s 3355 restarts 0
it 120 steps 245760 games 114 recent30 602625 ballmean 214116 balllen 810 nudges/ball 58.89 tilts/ball 0.04 stuckdec 0 ent 0.425 rollout 2.3s elapsed 332s frames/s 3360 restarts 0
it 121 steps 247808 games 115 recent30 588333 ballmean 213374 balllen 809 nudges/ball 58.85 tilts/ball 0.05 stuckdec 0 ent 0.401 rollout 2.4s elapsed 335s frames/s 3363 restarts 0
it 122 steps 249856 games 116 recent30 581600 ballmean 212743 balllen 806 nudges/ball 58.72 tilts/ball 0.05 stuckdec 0 ent 0.381 rollout 2.5s elapsed 337s frames/s 3365 restarts 0
it 123 steps 251904 games 117 recent30 570783 ballmean 212790 balllen 806 nudges/ball 58.88 tilts/ball 0.05 stuckdec 0 ent 0.377 rollout 2.7s elapsed 340s frames/s 3369 restarts 0
it 124 steps 253952 games 119 recent30 608075 ballmean 213777 balllen 807 nudges/ball 59.08 tilts/ball 0.05 stuckdec 0 ent 0.346 rollout 2.4s elapsed 343s frames/s 3373 restarts 0
it 125 steps 256000 games 120 recent30 589083 ballmean 214250 balllen 805 nudges/ball 58.93 tilts/ball 0.05 stuckdec 0 ent 0.304 rollout 2.5s elapsed 345s frames/s 3377 restarts 0
it 126 steps 258048 games 122 recent30 580875 ballmean 213176 balllen 805 nudges/ball 58.89 tilts/ball 0.05 stuckdec 0 ent 0.363 rollout 2.7s elapsed 348s frames/s 3379 restarts 0
it 127 steps 260096 games 124 recent30 621417 ballmean 211103 balllen 798 nudges/ball 58.39 tilts/ball 0.05 stuckdec 0 ent 0.350 rollout 2.4s elapsed 351s frames/s 3383 restarts 0
it 128 steps 262144 games 124 recent30 621417 ballmean 210726 balllen 797 nudges/ball 58.26 tilts/ball 0.05 stuckdec 0 ent 0.391 rollout 2.3s elapsed 353s frames/s 3384 restarts 0
it 129 steps 264192 games 124 recent30 621417 ballmean 209877 balllen 795 nudges/ball 58.15 tilts/ball 0.05 stuckdec 0 ent 0.358 rollout 2.4s elapsed 356s frames/s 3385 restarts 0
it 130 steps 266240 games 126 recent30 605175 ballmean 209535 balllen 791 nudges/ball 57.80 tilts/ball 0.05 stuckdec 0 ent 0.344 rollout 2.6s elapsed 358s frames/s 3389 restarts 0
it 131 steps 268288 games 126 recent30 605175 ballmean 210407 balllen 798 nudges/ball 58.24 tilts/ball 0.05 stuckdec 0 ent 0.335 rollout 2.3s elapsed 361s frames/s 3392 restarts 0
it 132 steps 270336 games 130 recent30 604475 ballmean 211099 balllen 797 nudges/ball 57.98 tilts/ball 0.05 stuckdec 0 ent 0.315 rollout 2.7s elapsed 363s frames/s 3395 restarts 0
it 133 steps 272384 games 131 recent30 618467 ballmean 211337 balllen 798 nudges/ball 58.02 tilts/ball 0.05 stuckdec 0 ent 0.332 rollout 2.4s elapsed 366s frames/s 3396 restarts 0
it 134 steps 274432 games 132 recent30 603142 ballmean 210640 balllen 797 nudges/ball 57.93 tilts/ball 0.05 stuckdec 0 ent 0.324 rollout 2.4s elapsed 368s frames/s 3399 restarts 0
it 135 steps 276480 games 132 recent30 603142 ballmean 210640 balllen 797 nudges/ball 57.93 tilts/ball 0.05 stuckdec 0 ent 0.329 rollout 2.4s elapsed 371s frames/s 3398 restarts 0
it 136 steps 278528 games 133 recent30 605692 ballmean 210018 balllen 795 nudges/ball 57.75 tilts/ball 0.05 stuckdec 0 ent 0.321 rollout 2.5s elapsed 373s frames/s 3399 restarts 0
it 137 steps 280576 games 134 recent30 612842 ballmean 209718 balllen 797 nudges/ball 57.69 tilts/ball 0.05 stuckdec 0 ent 0.284 rollout 2.6s elapsed 376s frames/s 3400 restarts 0
it 138 steps 282624 games 135 recent30 630008 ballmean 210846 balllen 798 nudges/ball 57.58 tilts/ball 0.05 stuckdec 0 ent 0.324 rollout 2.8s elapsed 379s frames/s 3398 restarts 0
it 139 steps 284672 games 136 recent30 617967 ballmean 210111 balllen 796 nudges/ball 57.34 tilts/ball 0.05 stuckdec 0 ent 0.320 rollout 2.3s elapsed 381s frames/s 3401 restarts 0
it 140 steps 286720 games 136 recent30 617967 ballmean 209708 balllen 795 nudges/ball 57.21 tilts/ball 0.05 stuckdec 0 ent 0.301 rollout 2.6s elapsed 384s frames/s 3399 restarts 0
it 141 steps 288768 games 136 recent30 617967 ballmean 209708 balllen 795 nudges/ball 57.21 tilts/ball 0.05 stuckdec 0 ent 0.273 rollout 2.5s elapsed 387s frames/s 3397 restarts 0
it 142 steps 290816 games 139 recent30 646025 ballmean 211917 balllen 798 nudges/ball 57.05 tilts/ball 0.05 stuckdec 0 ent 0.297 rollout 2.7s elapsed 390s frames/s 3399 restarts 0
it 143 steps 292864 games 139 recent30 646025 ballmean 211917 balllen 798 nudges/ball 57.05 tilts/ball 0.05 stuckdec 0 ent 0.314 rollout 2.1s elapsed 392s frames/s 3402 restarts 0
it 144 steps 294912 games 141 recent30 678567 ballmean 215108 balllen 802 nudges/ball 56.95 tilts/ball 0.05 stuckdec 0 ent 0.251 rollout 2.6s elapsed 394s frames/s 3405 restarts 0
it 145 steps 296960 games 141 recent30 678567 ballmean 214610 balllen 800 nudges/ball 56.83 tilts/ball 0.05 stuckdec 0 ent 0.377 rollout 2.6s elapsed 397s frames/s 3403 restarts 0
it 146 steps 299008 games 141 recent30 678567 ballmean 216472 balllen 805 nudges/ball 57.02 tilts/ball 0.05 stuckdec 0 ent 0.345 rollout 2.4s elapsed 400s frames/s 3404 restarts 0
it 147 steps 301056 games 141 recent30 678567 ballmean 215896 balllen 803 nudges/ball 56.87 tilts/ball 0.05 stuckdec 0 ent 0.271 rollout 2.7s elapsed 402s frames/s 3402 restarts 0
it 148 steps 303104 games 142 recent30 690925 ballmean 215936 balllen 804 nudges/ball 56.84 tilts/ball 0.05 stuckdec 0 ent 0.319 rollout 2.2s elapsed 405s frames/s 3405 restarts 0
it 149 steps 305152 games 142 recent30 690925 ballmean 215538 balllen 803 nudges/ball 56.78 tilts/ball 0.05 stuckdec 0 ent 0.280 rollout 2.3s elapsed 407s frames/s 3406 restarts 0
it 150 steps 307200 games 143 recent30 644942 ballmean 215021 balllen 804 nudges/ball 56.63 tilts/ball 0.05 stuckdec 0 ent 0.333 rollout 2.6s elapsed 410s frames/s 3407 restarts 0
it 151 steps 309248 games 145 recent30 662575 ballmean 216580 balllen 805 nudges/ball 56.56 tilts/ball 0.05 stuckdec 0 ent 0.294 rollout 2.3s elapsed 412s frames/s 3411 restarts 0
it 152 steps 311296 games 145 recent30 662575 ballmean 217355 balllen 810 nudges/ball 56.68 tilts/ball 0.05 stuckdec 0 ent 0.342 rollout 2.3s elapsed 414s frames/s 3412 restarts 0
it 153 steps 313344 games 150 recent30 632875 ballmean 217669 balllen 813 nudges/ball 56.55 tilts/ball 0.05 stuckdec 0 ent 0.337 rollout 2.3s elapsed 417s frames/s 3418 restarts 0
it 154 steps 315392 games 151 recent30 633917 ballmean 217277 balllen 812 nudges/ball 56.47 tilts/ball 0.05 stuckdec 0 ent 0.348 rollout 2.3s elapsed 419s frames/s 3420 restarts 0
it 155 steps 317440 games 151 recent30 633917 ballmean 217277 balllen 812 nudges/ball 56.47 tilts/ball 0.05 stuckdec 0 ent 0.324 rollout 2.0s elapsed 421s frames/s 3422 restarts 0
it 156 steps 319488 games 151 recent30 633917 ballmean 216658 balllen 810 nudges/ball 56.30 tilts/ball 0.05 stuckdec 0 ent 0.290 rollout 2.3s elapsed 424s frames/s 3424 restarts 0
it 157 steps 321536 games 151 recent30 633917 ballmean 215942 balllen 809 nudges/ball 56.18 tilts/ball 0.05 stuckdec 0 ent 0.305 rollout 2.2s elapsed 426s frames/s 3427 restarts 0
it 158 steps 323584 games 154 recent30 614200 ballmean 217308 balllen 812 nudges/ball 56.21 tilts/ball 0.05 stuckdec 0 ent 0.299 rollout 2.2s elapsed 428s frames/s 3434 restarts 0
it 159 steps 325632 games 156 recent30 594400 ballmean 220558 balllen 814 nudges/ball 56.11 tilts/ball 0.05 stuckdec 0 ent 0.239 rollout 2.2s elapsed 431s frames/s 3438 restarts 0
it 160 steps 327680 games 157 recent30 627150 ballmean 220769 balllen 816 nudges/ball 56.17 tilts/ball 0.05 stuckdec 0 ent 0.303 rollout 2.2s elapsed 433s frames/s 3441 restarts 0
it 161 steps 329728 games 158 recent30 635250 ballmean 223227 balllen 821 nudges/ball 56.22 tilts/ball 0.05 stuckdec 0 ent 0.261 rollout 2.5s elapsed 436s frames/s 3442 restarts 0
it 162 steps 331776 games 158 recent30 635250 ballmean 222913 balllen 820 nudges/ball 56.12 tilts/ball 0.05 stuckdec 0 ent 0.285 rollout 2.4s elapsed 438s frames/s 3442 restarts 0
it 163 steps 333824 games 159 recent30 609808 ballmean 222783 balllen 820 nudges/ball 56.09 tilts/ball 0.05 stuckdec 0 ent 0.264 rollout 2.3s elapsed 441s frames/s 3443 restarts 0
it 164 steps 335872 games 159 recent30 609808 ballmean 222524 balllen 819 nudges/ball 56.00 tilts/ball 0.05 stuckdec 0 ent 0.253 rollout 2.3s elapsed 443s frames/s 3444 restarts 0
it 165 steps 337920 games 159 recent30 609808 ballmean 222524 balllen 819 nudges/ball 56.00 tilts/ball 0.05 stuckdec 0 ent 0.241 rollout 2.2s elapsed 445s frames/s 3446 restarts 0
it 166 steps 339968 games 161 recent30 615192 ballmean 222023 balllen 819 nudges/ball 55.86 tilts/ball 0.04 stuckdec 0 ent 0.258 rollout 2.5s elapsed 448s frames/s 3447 restarts 0
it 167 steps 342016 games 161 recent30 615192 ballmean 222023 balllen 819 nudges/ball 55.86 tilts/ball 0.04 stuckdec 0 ent 0.274 rollout 2.3s elapsed 450s frames/s 3448 restarts 0
it 168 steps 344064 games 162 recent30 601250 ballmean 220731 balllen 817 nudges/ball 55.55 tilts/ball 0.04 stuckdec 0 ent 0.264 rollout 2.3s elapsed 453s frames/s 3450 restarts 0
it 169 steps 346112 games 162 recent30 601250 ballmean 220200 balllen 815 nudges/ball 55.44 tilts/ball 0.04 stuckdec 0 ent 0.250 rollout 2.3s elapsed 455s frames/s 3451 restarts 0
it 170 steps 348160 games 165 recent30 581608 ballmean 219517 balllen 813 nudges/ball 55.20 tilts/ball 0.04 stuckdec 0 ent 0.279 rollout 2.4s elapsed 458s frames/s 3454 restarts 0
it 171 steps 350208 games 165 recent30 581608 ballmean 218572 balllen 811 nudges/ball 55.00 tilts/ball 0.04 stuckdec 0 ent 0.250 rollout 2.3s elapsed 460s frames/s 3455 restarts 0
it 172 steps 352256 games 166 recent30 579192 ballmean 217960 balllen 810 nudges/ball 54.79 tilts/ball 0.04 stuckdec 0 ent 0.253 rollout 2.3s elapsed 462s frames/s 3458 restarts 0
it 173 steps 354304 games 166 recent30 579192 ballmean 220386 balllen 818 nudges/ball 55.01 tilts/ball 0.04 stuckdec 0 ent 0.227 rollout 2.5s elapsed 465s frames/s 3459 restarts 0
it 174 steps 356352 games 166 recent30 579192 ballmean 220433 balllen 819 nudges/ball 54.97 tilts/ball 0.04 stuckdec 0 ent 0.250 rollout 2.3s elapsed 467s frames/s 3460 restarts 0
it 175 steps 358400 games 166 recent30 579192 ballmean 220433 balllen 819 nudges/ball 54.97 tilts/ball 0.04 stuckdec 0 ent 0.235 rollout 2.6s elapsed 470s frames/s 3457 restarts 0
it 176 steps 360448 games 168 recent30 647175 ballmean 223243 balllen 822 nudges/ball 54.93 tilts/ball 0.04 stuckdec 0 ent 0.257 rollout 2.6s elapsed 473s frames/s 3457 restarts 0
it 177 steps 362496 games 168 recent30 647175 ballmean 223243 balllen 822 nudges/ball 54.93 tilts/ball 0.04 stuckdec 0 ent 0.238 rollout 2.5s elapsed 475s frames/s 3455 restarts 0
it 178 steps 364544 games 168 recent30 647175 ballmean 224853 balllen 828 nudges/ball 55.03 tilts/ball 0.04 stuckdec 0 ent 0.241 rollout 2.3s elapsed 478s frames/s 3457 restarts 0
it 179 steps 366592 games 168 recent30 647175 ballmean 226744 balllen 831 nudges/ball 55.02 tilts/ball 0.04 stuckdec 0 ent 0.240 rollout 2.4s elapsed 480s frames/s 3459 restarts 0
it 180 steps 368640 games 169 recent30 583417 ballmean 230269 balllen 838 nudges/ball 55.10 tilts/ball 0.04 stuckdec 0 ent 0.239 rollout 2.4s elapsed 483s frames/s 3461 restarts 0
it 181 steps 370688 games 169 recent30 583417 ballmean 230557 balllen 840 nudges/ball 55.11 tilts/ball 0.04 stuckdec 0 ent 0.252 rollout 2.2s elapsed 485s frames/s 3462 restarts 0
it 182 steps 372736 games 170 recent30 630833 ballmean 230443 balllen 841 nudges/ball 55.01 tilts/ball 0.04 stuckdec 0 ent 0.232 rollout 2.4s elapsed 488s frames/s 3463 restarts 0
it 183 steps 374784 games 170 recent30 630833 ballmean 229923 balllen 840 nudges/ball 54.89 tilts/ball 0.04 stuckdec 0 ent 0.251 rollout 2.2s elapsed 490s frames/s 3465 restarts 0
it 184 steps 376832 games 170 recent30 630833 ballmean 229923 balllen 840 nudges/ball 54.89 tilts/ball 0.04 stuckdec 0 ent 0.268 rollout 2.3s elapsed 492s frames/s 3465 restarts 0
it 185 steps 378880 games 171 recent30 590208 ballmean 230896 balllen 839 nudges/ball 54.68 tilts/ball 0.04 stuckdec 0 ent 0.273 rollout 2.1s elapsed 495s frames/s 3469 restarts 0
it 186 steps 380928 games 171 recent30 590208 ballmean 230508 balllen 839 nudges/ball 54.60 tilts/ball 0.04 stuckdec 0 ent 0.279 rollout 2.3s elapsed 497s frames/s 3470 restarts 0
it 187 steps 382976 games 174 recent30 632467 ballmean 229445 balllen 839 nudges/ball 54.27 tilts/ball 0.04 stuckdec 0 ent 0.309 rollout 2.3s elapsed 500s frames/s 3475 restarts 0
it 188 steps 385024 games 176 recent30 669550 ballmean 229088 balllen 839 nudges/ball 54.01 tilts/ball 0.04 stuckdec 0 ent 0.331 rollout 2.9s elapsed 503s frames/s 3475 restarts 0
it 189 steps 387072 games 177 recent30 656458 ballmean 228243 balllen 836 nudges/ball 53.83 tilts/ball 0.04 stuckdec 0 ent 0.317 rollout 2.4s elapsed 505s frames/s 3475 restarts 0
it 190 steps 389120 games 180 recent30 691458 ballmean 228659 balllen 835 nudges/ball 53.55 tilts/ball 0.04 stuckdec 0 ent 0.355 rollout 2.1s elapsed 507s frames/s 3481 restarts 0
it 191 steps 391168 games 180 recent30 691458 ballmean 228401 balllen 835 nudges/ball 53.53 tilts/ball 0.04 stuckdec 0 ent 0.323 rollout 2.5s elapsed 510s frames/s 3480 restarts 0
it 192 steps 393216 games 180 recent30 691458 ballmean 228979 balllen 834 nudges/ball 53.45 tilts/ball 0.04 stuckdec 0 ent 0.321 rollout 2.3s elapsed 512s frames/s 3482 restarts 0
it 193 steps 395264 games 181 recent30 742433 ballmean 228248 balllen 831 nudges/ball 53.29 tilts/ball 0.04 stuckdec 0 ent 0.351 rollout 2.3s elapsed 515s frames/s 3483 restarts 0
it 194 steps 397312 games 181 recent30 742433 ballmean 227472 balllen 829 nudges/ball 53.12 tilts/ball 0.04 stuckdec 0 ent 0.335 rollout 2.6s elapsed 518s frames/s 3482 restarts 0
it 195 steps 399360 games 182 recent30 727883 ballmean 226362 balllen 826 nudges/ball 52.93 tilts/ball 0.04 stuckdec 0 ent 0.319 rollout 2.2s elapsed 520s frames/s 3485 restarts 0
it 196 steps 401408 games 183 recent30 723667 ballmean 228636 balllen 829 nudges/ball 52.99 tilts/ball 0.04 stuckdec 0 ent 0.331 rollout 2.7s elapsed 523s frames/s 3485 restarts 0
it 197 steps 403456 games 183 recent30 723667 ballmean 228031 balllen 830 nudges/ball 52.99 tilts/ball 0.04 stuckdec 0 ent 0.309 rollout 2.4s elapsed 525s frames/s 3487 restarts 0
it 198 steps 405504 games 183 recent30 723667 ballmean 227215 balllen 828 nudges/ball 52.87 tilts/ball 0.04 stuckdec 0 ent 0.314 rollout 2.5s elapsed 528s frames/s 3487 restarts 0
it 199 steps 407552 games 183 recent30 723667 ballmean 226867 balllen 827 nudges/ball 52.79 tilts/ball 0.04 stuckdec 0 ent 0.269 rollout 2.3s elapsed 530s frames/s 3487 restarts 0
it 200 steps 409600 games 184 recent30 714967 ballmean 226934 balllen 828 nudges/ball 52.83 tilts/ball 0.04 stuckdec 0 ent 0.270 rollout 2.5s elapsed 533s frames/s 3488 restarts 0
it 201 steps 411648 games 186 recent30 721525 ballmean 225948 balllen 825 nudges/ball 52.65 tilts/ball 0.04 stuckdec 0 ent 0.269 rollout 2.2s elapsed 535s frames/s 3491 restarts 0
it 202 steps 413696 games 186 recent30 721525 ballmean 225948 balllen 825 nudges/ball 52.65 tilts/ball 0.04 stuckdec 0 ent 0.252 rollout 2.2s elapsed 537s frames/s 3491 restarts 0
it 203 steps 415744 games 187 recent30 693875 ballmean 226888 balllen 828 nudges/ball 52.66 tilts/ball 0.04 stuckdec 0 ent 0.281 rollout 2.2s elapsed 540s frames/s 3494 restarts 0
it 204 steps 417792 games 188 recent30 692558 ballmean 226825 balllen 829 nudges/ball 52.66 tilts/ball 0.04 stuckdec 0 ent 0.285 rollout 2.2s elapsed 542s frames/s 3495 restarts 0
it 205 steps 419840 games 188 recent30 692558 ballmean 226329 balllen 826 nudges/ball 52.50 tilts/ball 0.04 stuckdec 0 ent 0.282 rollout 2.4s elapsed 545s frames/s 3496 restarts 0
it 206 steps 421888 games 189 recent30 707333 ballmean 226970 balllen 828 nudges/ball 52.47 tilts/ball 0.04 stuckdec 0 ent 0.291 rollout 2.4s elapsed 547s frames/s 3498 restarts 0
it 207 steps 423936 games 189 recent30 707333 ballmean 226755 balllen 828 nudges/ball 52.43 tilts/ball 0.04 stuckdec 0 ent 0.327 rollout 2.3s elapsed 549s frames/s 3498 restarts 0
it 208 steps 425984 games 191 recent30 667692 ballmean 226099 balllen 826 nudges/ball 52.30 tilts/ball 0.04 stuckdec 0 ent 0.282 rollout 2.4s elapsed 552s frames/s 3499 restarts 0
it 209 steps 428032 games 193 recent30 717683 ballmean 227110 balllen 830 nudges/ball 52.45 tilts/ball 0.04 stuckdec 0 ent 0.282 rollout 2.4s elapsed 555s frames/s 3500 restarts 0
it 210 steps 430080 games 194 recent30 716500 ballmean 227237 balllen 832 nudges/ball 52.51 tilts/ball 0.04 stuckdec 0 ent 0.249 rollout 2.7s elapsed 557s frames/s 3499 restarts 0
it 211 steps 432128 games 194 recent30 716500 ballmean 227237 balllen 832 nudges/ball 52.51 tilts/ball 0.04 stuckdec 0 ent 0.264 rollout 2.4s elapsed 560s frames/s 3498 restarts 0
it 212 steps 434176 games 194 recent30 716500 ballmean 230567 balllen 836 nudges/ball 52.61 tilts/ball 0.04 stuckdec 0 ent 0.290 rollout 2.3s elapsed 562s frames/s 3498 restarts 0
it 213 steps 436224 games 194 recent30 716500 ballmean 231929 balllen 839 nudges/ball 52.67 tilts/ball 0.04 stuckdec 0 ent 0.273 rollout 2.1s elapsed 564s frames/s 3501 restarts 0
it 214 steps 438272 games 195 recent30 717458 ballmean 235889 balllen 841 nudges/ball 52.59 tilts/ball 0.04 stuckdec 0 ent 0.324 rollout 2.6s elapsed 567s frames/s 3502 restarts 0
it 215 steps 440320 games 197 recent30 650625 ballmean 235340 balllen 841 nudges/ball 52.46 tilts/ball 0.04 stuckdec 0 ent 0.299 rollout 2.5s elapsed 570s frames/s 3503 restarts 0
it 216 steps 442368 games 198 recent30 700567 ballmean 234964 balllen 838 nudges/ball 52.25 tilts/ball 0.04 stuckdec 0 ent 0.289 rollout 2.7s elapsed 573s frames/s 3503 restarts 0
it 217 steps 444416 games 198 recent30 700567 ballmean 234690 balllen 841 nudges/ball 52.16 tilts/ball 0.04 stuckdec 0 ent 0.270 rollout 2.2s elapsed 575s frames/s 3505 restarts 0
it 218 steps 446464 games 200 recent30 729258 ballmean 234770 balllen 842 nudges/ball 52.09 tilts/ball 0.04 stuckdec 0 ent 0.275 rollout 2.4s elapsed 578s frames/s 3506 restarts 0
it 219 steps 448512 games 202 recent30 721092 ballmean 233785 balllen 840 nudges/ball 51.88 tilts/ball 0.04 stuckdec 0 ent 0.250 rollout 2.4s elapsed 580s frames/s 3508 restarts 0
it 220 steps 450560 games 203 recent30 686225 ballmean 233463 balllen 839 nudges/ball 51.81 tilts/ball 0.04 stuckdec 0 ent 0.261 rollout 2.4s elapsed 582s frames/s 3509 restarts 0
it 221 steps 452608 games 205 recent30 622708 ballmean 233066 balllen 838 nudges/ball 51.70 tilts/ball 0.04 stuckdec 0 ent 0.265 rollout 2.6s elapsed 585s frames/s 3508 restarts 0
it 222 steps 454656 games 206 recent30 609933 ballmean 232818 balllen 837 nudges/ball 51.64 tilts/ball 0.04 stuckdec 0 ent 0.287 rollout 2.2s elapsed 587s frames/s 3509 restarts 0
it 223 steps 456704 games 206 recent30 609933 ballmean 232604 balllen 837 nudges/ball 51.59 tilts/ball 0.04 stuckdec 0 ent 0.259 rollout 2.3s elapsed 590s frames/s 3511 restarts 0
it 224 steps 458752 games 206 recent30 609933 ballmean 232180 balllen 836 nudges/ball 51.51 tilts/ball 0.04 stuckdec 0 ent 0.252 rollout 2.3s elapsed 592s frames/s 3511 restarts 0
it 225 steps 460800 games 206 recent30 609933 ballmean 231918 balllen 835 nudges/ball 51.46 tilts/ball 0.04 stuckdec 0 ent 0.251 rollout 2.4s elapsed 595s frames/s 3511 restarts 0
it 226 steps 462848 games 206 recent30 609933 ballmean 231890 balllen 836 nudges/ball 51.45 tilts/ball 0.04 stuckdec 0 ent 0.230 rollout 2.6s elapsed 597s frames/s 3510 restarts 0
it 227 steps 464896 games 208 recent30 637142 ballmean 232653 balllen 836 nudges/ball 51.37 tilts/ball 0.04 stuckdec 0 ent 0.239 rollout 2.6s elapsed 600s frames/s 3510 restarts 0
it 228 steps 466944 games 208 recent30 637142 ballmean 232377 balllen 835 nudges/ball 51.31 tilts/ball 0.04 stuckdec 0 ent 0.265 rollout 2.1s elapsed 602s frames/s 3511 restarts 0
it 229 steps 468992 games 208 recent30 637142 ballmean 233699 balllen 837 nudges/ball 51.31 tilts/ball 0.04 stuckdec 0 ent 0.246 rollout 2.5s elapsed 605s frames/s 3510 restarts 0
it 230 steps 471040 games 208 recent30 637142 ballmean 234468 balllen 841 nudges/ball 51.43 tilts/ball 0.04 stuckdec 0 ent 0.256 rollout 2.3s elapsed 608s frames/s 3510 restarts 0
it 231 steps 473088 games 208 recent30 637142 ballmean 235032 balllen 847 nudges/ball 51.46 tilts/ball 0.03 stuckdec 0 ent 0.240 rollout 2.4s elapsed 610s frames/s 3511 restarts 0
it 232 steps 475136 games 208 recent30 637142 ballmean 234480 balllen 846 nudges/ball 51.37 tilts/ball 0.03 stuckdec 0 ent 0.269 rollout 2.7s elapsed 613s frames/s 3509 restarts 0
it 233 steps 477184 games 209 recent30 627742 ballmean 235092 balllen 847 nudges/ball 51.28 tilts/ball 0.03 stuckdec 0 ent 0.261 rollout 2.5s elapsed 615s frames/s 3510 restarts 0
it 234 steps 479232 games 210 recent30 574625 ballmean 234623 balllen 846 nudges/ball 51.15 tilts/ball 0.03 stuckdec 0 ent 0.227 rollout 2.3s elapsed 618s frames/s 3511 restarts 0
it 235 steps 481280 games 210 recent30 574625 ballmean 234623 balllen 846 nudges/ball 51.15 tilts/ball 0.03 stuckdec 0 ent 0.245 rollout 2.1s elapsed 620s frames/s 3512 restarts 0
it 236 steps 483328 games 211 recent30 648900 ballmean 234107 balllen 845 nudges/ball 51.06 tilts/ball 0.03 stuckdec 0 ent 0.249 rollout 2.3s elapsed 622s frames/s 3513 restarts 0
it 237 steps 485376 games 213 recent30 698558 ballmean 234542 balllen 846 nudges/ball 51.03 tilts/ball 0.03 stuckdec 0 ent 0.277 rollout 2.4s elapsed 625s frames/s 3514 restarts 0
it 238 steps 487424 games 214 recent30 723400 ballmean 235436 balllen 848 nudges/ball 50.93 tilts/ball 0.03 stuckdec 0 ent 0.281 rollout 2.5s elapsed 628s frames/s 3515 restarts 0
it 239 steps 489472 games 214 recent30 723400 ballmean 238072 balllen 851 nudges/ball 50.96 tilts/ball 0.03 stuckdec 0 ent 0.250 rollout 2.4s elapsed 630s frames/s 3515 restarts 0
it 240 steps 491520 games 214 recent30 723400 ballmean 237815 balllen 851 nudges/ball 50.87 tilts/ball 0.03 stuckdec 0 ent 0.246 rollout 2.4s elapsed 633s frames/s 3516 restarts 0
it 241 steps 493568 games 214 recent30 723400 ballmean 237815 balllen 851 nudges/ball 50.87 tilts/ball 0.03 stuckdec 0 ent 0.263 rollout 2.4s elapsed 635s frames/s 3515 restarts 0
it 242 steps 495616 games 214 recent30 723400 ballmean 240019 balllen 853 nudges/ball 50.89 tilts/ball 0.03 stuckdec 0 ent 0.269 rollout 2.3s elapsed 638s frames/s 3515 restarts 0
it 243 steps 497664 games 215 recent30 737500 ballmean 241227 balllen 857 nudges/ball 50.96 tilts/ball 0.03 stuckdec 0 ent 0.293 rollout 2.3s elapsed 640s frames/s 3516 restarts 0
it 244 steps 499712 games 216 recent30 782642 ballmean 242291 balllen 859 nudges/ball 50.97 tilts/ball 0.03 stuckdec 0 ent 0.285 rollout 2.3s elapsed 642s frames/s 3517 restarts 0
it 245 steps 501760 games 216 recent30 782642 ballmean 242291 balllen 859 nudges/ball 50.97 tilts/ball 0.03 stuckdec 0 ent 0.262 rollout 2.4s elapsed 645s frames/s 3516 restarts 0
it 246 steps 503808 games 219 recent30 793658 ballmean 241776 balllen 858 nudges/ball 50.84 tilts/ball 0.03 stuckdec 0 ent 0.278 rollout 2.4s elapsed 648s frames/s 3518 restarts 0
it 247 steps 505856 games 220 recent30 801733 ballmean 241146 balllen 857 nudges/ball 50.70 tilts/ball 0.03 stuckdec 0 ent 0.284 rollout 2.2s elapsed 650s frames/s 3520 restarts 0
it 248 steps 507904 games 221 recent30 806133 ballmean 242780 balllen 861 nudges/ball 50.77 tilts/ball 0.03 stuckdec 0 ent 0.308 rollout 2.4s elapsed 652s frames/s 3521 restarts 0
it 249 steps 509952 games 223 recent30 778642 ballmean 243063 balllen 861 nudges/ball 50.71 tilts/ball 0.03 stuckdec 0 ent 0.328 rollout 2.5s elapsed 655s frames/s 3522 restarts 0
it 250 steps 512000 games 224 recent30 797758 ballmean 242788 balllen 861 nudges/ball 50.68 tilts/ball 0.03 stuckdec 0 ent 0.271 rollout 2.5s elapsed 657s frames/s 3521 restarts 0
it 251 steps 514048 games 226 recent30 871717 ballmean 243821 balllen 863 nudges/ball 50.68 tilts/ball 0.03 stuckdec 0 ent 0.292 rollout 2.4s elapsed 660s frames/s 3522 restarts 0
it 252 steps 516096 games 226 recent30 871717 ballmean 243532 balllen 863 nudges/ball 50.66 tilts/ball 0.03 stuckdec 0 ent 0.313 rollout 2.5s elapsed 663s frames/s 3523 restarts 0
it 253 steps 518144 games 226 recent30 871717 ballmean 243532 balllen 863 nudges/ball 50.66 tilts/ball 0.03 stuckdec 0 ent 0.300 rollout 2.3s elapsed 665s frames/s 3523 restarts 0
it 254 steps 520192 games 226 recent30 871717 ballmean 245016 balllen 867 nudges/ball 50.73 tilts/ball 0.03 stuckdec 0 ent 0.292 rollout 2.4s elapsed 667s frames/s 3524 restarts 0
it 255 steps 522240 games 227 recent30 868558 ballmean 244366 balllen 865 nudges/ball 50.63 tilts/ball 0.03 stuckdec 0 ent 0.286 rollout 2.2s elapsed 670s frames/s 3526 restarts 0
it 256 steps 524288 games 227 recent30 868558 ballmean 243892 balllen 864 nudges/ball 50.54 tilts/ball 0.03 stuckdec 0 ent 0.281 rollout 2.5s elapsed 672s frames/s 3525 restarts 0
it 257 steps 526336 games 227 recent30 868558 ballmean 244789 balllen 864 nudges/ball 50.56 tilts/ball 0.03 stuckdec 0 ent 0.281 rollout 2.3s elapsed 675s frames/s 3526 restarts 0
it 258 steps 528384 games 228 recent30 806067 ballmean 243682 balllen 862 nudges/ball 50.40 tilts/ball 0.03 stuckdec 0 ent 0.301 rollout 2.5s elapsed 677s frames/s 3527 restarts 0
it 259 steps 530432 games 228 recent30 806067 ballmean 243695 balllen 863 nudges/ball 50.40 tilts/ball 0.03 stuckdec 0 ent 0.285 rollout 2.4s elapsed 680s frames/s 3527 restarts 0
it 260 steps 532480 games 231 recent30 791058 ballmean 244557 balllen 865 nudges/ball 50.42 tilts/ball 0.03 stuckdec 0 ent 0.310 rollout 2.8s elapsed 683s frames/s 3528 restarts 0
it 261 steps 534528 games 231 recent30 791058 ballmean 244410 balllen 865 nudges/ball 50.40 tilts/ball 0.03 stuckdec 0 ent 0.331 rollout 2.4s elapsed 685s frames/s 3527 restarts 0
it 262 steps 536576 games 232 recent30 796208 ballmean 244180 balllen 864 nudges/ball 50.36 tilts/ball 0.03 stuckdec 0 ent 0.308 rollout 2.5s elapsed 688s frames/s 3527 restarts 0
it 263 steps 538624 games 234 recent30 829500 ballmean 243861 balllen 864 nudges/ball 50.33 tilts/ball 0.03 stuckdec 0 ent 0.332 rollout 2.4s elapsed 690s frames/s 3528 restarts 0
it 264 steps 540672 games 235 recent30 798192 ballmean 243539 balllen 863 nudges/ball 50.24 tilts/ball 0.03 stuckdec 0 ent 0.324 rollout 2.5s elapsed 693s frames/s 3528 restarts 0
it 265 steps 542720 games 235 recent30 798192 ballmean 243539 balllen 863 nudges/ball 50.24 tilts/ball 0.03 stuckdec 0 ent 0.293 rollout 2.3s elapsed 695s frames/s 3528 restarts 0
it 266 steps 544768 games 237 recent30 829708 ballmean 243431 balllen 864 nudges/ball 50.30 tilts/ball 0.03 stuckdec 0 ent 0.282 rollout 2.3s elapsed 697s frames/s 3530 restarts 0
it 267 steps 546816 games 237 recent30 829708 ballmean 243292 balllen 864 nudges/ball 50.33 tilts/ball 0.03 stuckdec 0 ent 0.298 rollout 2.3s elapsed 700s frames/s 3530 restarts 0
it 268 steps 548864 games 239 recent30 897000 ballmean 243426 balllen 867 nudges/ball 50.40 tilts/ball 0.03 stuckdec 0 ent 0.311 rollout 2.3s elapsed 702s frames/s 3533 restarts 0
it 269 steps 550912 games 239 recent30 897000 ballmean 243063 balllen 866 nudges/ball 50.38 tilts/ball 0.03 stuckdec 0 ent 0.290 rollout 2.3s elapsed 705s frames/s 3534 restarts 0
it 270 steps 552960 games 241 recent30 808708 ballmean 244592 balllen 869 nudges/ball 50.45 tilts/ball 0.03 stuckdec 0 ent 0.236 rollout 2.3s elapsed 707s frames/s 3536 restarts 0
it 271 steps 555008 games 241 recent30 808708 ballmean 244126 balllen 868 nudges/ball 50.37 tilts/ball 0.03 stuckdec 0 ent 0.225 rollout 2.3s elapsed 709s frames/s 3536 restarts 0
it 272 steps 557056 games 241 recent30 808708 ballmean 244044 balllen 868 nudges/ball 50.36 tilts/ball 0.03 stuckdec 0 ent 0.219 rollout 2.2s elapsed 712s frames/s 3537 restarts 0
it 273 steps 559104 games 242 recent30 792658 ballmean 244324 balllen 870 nudges/ball 50.41 tilts/ball 0.03 stuckdec 0 ent 0.232 rollout 2.7s elapsed 714s frames/s 3536 restarts 0
it 274 steps 561152 games 243 recent30 781025 ballmean 244071 balllen 870 nudges/ball 50.40 tilts/ball 0.03 stuckdec 0 ent 0.230 rollout 2.4s elapsed 717s frames/s 3536 restarts 0
it 275 steps 563200 games 243 recent30 781025 ballmean 244417 balllen 872 nudges/ball 50.41 tilts/ball 0.03 stuckdec 0 ent 0.249 rollout 2.6s elapsed 720s frames/s 3535 restarts 0
it 276 steps 565248 games 243 recent30 781025 ballmean 244069 balllen 870 nudges/ball 50.33 tilts/ball 0.03 stuckdec 0 ent 0.213 rollout 2.4s elapsed 722s frames/s 3535 restarts 0
it 277 steps 567296 games 246 recent30 710900 ballmean 243593 balllen 870 nudges/ball 50.26 tilts/ball 0.03 stuckdec 0 ent 0.216 rollout 2.4s elapsed 725s frames/s 3536 restarts 0
it 278 steps 569344 games 246 recent30 710900 ballmean 244832 balllen 874 nudges/ball 50.29 tilts/ball 0.03 stuckdec 0 ent 0.187 rollout 2.4s elapsed 727s frames/s 3537 restarts 0
it 279 steps 571392 games 246 recent30 710900 ballmean 244938 balllen 874 nudges/ball 50.27 tilts/ball 0.03 stuckdec 0 ent 0.179 rollout 2.2s elapsed 729s frames/s 3538 restarts 0
it 280 steps 573440 games 248 recent30 863383 ballmean 244637 balllen 875 nudges/ball 50.17 tilts/ball 0.03 stuckdec 0 ent 0.198 rollout 2.4s elapsed 732s frames/s 3539 restarts 0
it 281 steps 575488 games 249 recent30 868325 ballmean 244628 balllen 875 nudges/ball 50.14 tilts/ball 0.03 stuckdec 0 ent 0.217 rollout 2.4s elapsed 735s frames/s 3539 restarts 0
it 282 steps 577536 games 249 recent30 868325 ballmean 244355 balllen 875 nudges/ball 50.11 tilts/ball 0.03 stuckdec 0 ent 0.237 rollout 2.3s elapsed 737s frames/s 3539 restarts 0
it 283 steps 579584 games 249 recent30 868325 ballmean 244137 balllen 875 nudges/ball 50.06 tilts/ball 0.03 stuckdec 0 ent 0.227 rollout 2.3s elapsed 739s frames/s 3540 restarts 0
it 284 steps 581632 games 249 recent30 868325 ballmean 244446 balllen 877 nudges/ball 50.14 tilts/ball 0.03 stuckdec 0 ent 0.201 rollout 2.4s elapsed 742s frames/s 3539 restarts 0
it 285 steps 583680 games 250 recent30 857017 ballmean 244175 balllen 877 nudges/ball 50.06 tilts/ball 0.03 stuckdec 0 ent 0.247 rollout 2.6s elapsed 744s frames/s 3539 restarts 0
it 286 steps 585728 games 250 recent30 857017 ballmean 243819 balllen 876 nudges/ball 49.96 tilts/ball 0.03 stuckdec 0 ent 0.266 rollout 2.3s elapsed 747s frames/s 3540 restarts 0
it 287 steps 587776 games 251 recent30 858775 ballmean 243887 balllen 877 nudges/ball 49.93 tilts/ball 0.03 stuckdec 0 ent 0.237 rollout 2.4s elapsed 749s frames/s 3540 restarts 0
it 288 steps 589824 games 251 recent30 858775 ballmean 243887 balllen 877 nudges/ball 49.93 tilts/ball 0.03 stuckdec 0 ent 0.252 rollout 2.4s elapsed 752s frames/s 3539 restarts 0
it 289 steps 591872 games 255 recent30 863792 ballmean 245545 balllen 880 nudges/ball 49.85 tilts/ball 0.03 stuckdec 0 ent 0.268 rollout 2.6s elapsed 755s frames/s 3540 restarts 0
it 290 steps 593920 games 256 recent30 840583 ballmean 246270 balllen 882 nudges/ball 49.81 tilts/ball 0.03 stuckdec 0 ent 0.289 rollout 2.1s elapsed 757s frames/s 3543 restarts 0
it 291 steps 595968 games 257 recent30 840983 ballmean 247061 balllen 882 nudges/ball 49.70 tilts/ball 0.03 stuckdec 0 ent 0.274 rollout 2.6s elapsed 759s frames/s 3542 restarts 0
it 292 steps 598016 games 257 recent30 840983 ballmean 246510 balllen 880 nudges/ball 49.59 tilts/ball 0.03 stuckdec 0 ent 0.314 rollout 2.3s elapsed 762s frames/s 3544 restarts 0
it 293 steps 600064 games 258 recent30 888608 ballmean 247463 balllen 881 nudges/ball 49.51 tilts/ball 0.03 stuckdec 0 ent 0.283 rollout 2.5s elapsed 764s frames/s 3545 restarts 0
it 294 steps 602112 games 261 recent30 827567 ballmean 246550 balllen 878 nudges/ball 49.34 tilts/ball 0.03 stuckdec 0 ent 0.331 rollout 2.5s elapsed 767s frames/s 3546 restarts 0
it 295 steps 604160 games 262 recent30 823000 ballmean 246548 balllen 880 nudges/ball 49.40 tilts/ball 0.03 stuckdec 0 ent 0.317 rollout 2.3s elapsed 769s frames/s 3547 restarts 0
it 296 steps 606208 games 262 recent30 823000 ballmean 246639 balllen 882 nudges/ball 49.42 tilts/ball 0.03 stuckdec 0 ent 0.336 rollout 2.2s elapsed 772s frames/s 3549 restarts 0
it 297 steps 608256 games 262 recent30 823000 ballmean 246782 balllen 882 nudges/ball 49.48 tilts/ball 0.03 stuckdec 0 ent 0.376 rollout 2.4s elapsed 774s frames/s 3549 restarts 0
it 298 steps 610304 games 262 recent30 823000 ballmean 246569 balllen 882 nudges/ball 49.46 tilts/ball 0.03 stuckdec 0 ent 0.371 rollout 2.4s elapsed 777s frames/s 3548 restarts 0
it 299 steps 612352 games 264 recent30 807325 ballmean 246034 balllen 881 nudges/ball 49.41 tilts/ball 0.03 stuckdec 0 ent 0.395 rollout 2.5s elapsed 779s frames/s 3549 restarts 0
it 300 steps 614400 games 265 recent30 798408 ballmean 245983 balllen 881 nudges/ball 49.45 tilts/ball 0.03 stuckdec 0 ent 0.348 rollout 2.4s elapsed 782s frames/s 3550 restarts 0
it 301 steps 616448 games 267 recent30 804917 ballmean 245642 balllen 880 nudges/ball 49.45 tilts/ball 0.03 stuckdec 0 ent 0.397 rollout 2.2s elapsed 784s frames/s 3551 restarts 0
it 302 steps 618496 games 269 recent30 715533 ballmean 245095 balllen 879 nudges/ball 49.50 tilts/ball 0.03 stuckdec 0 ent 0.367 rollout 2.4s elapsed 786s frames/s 3553 restarts 0
it 303 steps 620544 games 271 recent30 741575 ballmean 248399 balllen 881 nudges/ball 49.70 tilts/ball 0.03 stuckdec 0 ent 0.362 rollout 2.2s elapsed 789s frames/s 3555 restarts 0
it 304 steps 622592 games 272 recent30 735783 ballmean 247953 balllen 880 nudges/ball 49.71 tilts/ball 0.03 stuckdec 0 ent 0.363 rollout 2.5s elapsed 791s frames/s 3555 restarts 0
it 305 steps 624640 games 273 recent30 738325 ballmean 247435 balllen 880 nudges/ball 49.76 tilts/ball 0.03 stuckdec 0 ent 0.342 rollout 2.3s elapsed 794s frames/s 3556 restarts 0
it 306 steps 626688 games 273 recent30 738325 ballmean 248299 balllen 881 nudges/ball 49.85 tilts/ball 0.04 stuckdec 0 ent 0.306 rollout 2.3s elapsed 796s frames/s 3556 restarts 0
it 307 steps 628736 games 274 recent30 735933 ballmean 247990 balllen 880 nudges/ball 49.82 tilts/ball 0.04 stuckdec 0 ent 0.334 rollout 2.3s elapsed 798s frames/s 3557 restarts 0
it 308 steps 630784 games 275 recent30 770875 ballmean 249292 balllen 881 nudges/ball 49.98 tilts/ball 0.04 stuckdec 0 ent 0.298 rollout 2.7s elapsed 801s frames/s 3556 restarts 0
it 309 steps 632832 games 277 recent30 763683 ballmean 248868 balllen 880 nudges/ball 49.91 tilts/ball 0.04 stuckdec 0 ent 0.265 rollout 2.4s elapsed 804s frames/s 3556 restarts 0
it 310 steps 634880 games 277 recent30 763683 ballmean 248710 balllen 880 nudges/ball 49.93 tilts/ball 0.04 stuckdec 0 ent 0.285 rollout 2.2s elapsed 806s frames/s 3557 restarts 0
it 311 steps 636928 games 277 recent30 763683 ballmean 248491 balllen 880 nudges/ball 49.93 tilts/ball 0.04 stuckdec 0 ent 0.264 rollout 2.7s elapsed 809s frames/s 3555 restarts 0
it 312 steps 638976 games 280 recent30 693358 ballmean 248118 balllen 881 nudges/ball 49.93 tilts/ball 0.04 stuckdec 0 ent 0.262 rollout 2.4s elapsed 811s frames/s 3557 restarts 0
it 313 steps 641024 games 282 recent30 690700 ballmean 248795 balllen 885 nudges/ball 50.15 tilts/ball 0.04 stuckdec 0 ent 0.286 rollout 2.3s elapsed 814s frames/s 3559 restarts 0
it 314 steps 643072 games 282 recent30 690700 ballmean 248602 balllen 884 nudges/ball 50.13 tilts/ball 0.03 stuckdec 0 ent 0.248 rollout 2.4s elapsed 816s frames/s 3559 restarts 0
it 315 steps 645120 games 282 recent30 690700 ballmean 248399 balllen 884 nudges/ball 50.11 tilts/ball 0.03 stuckdec 0 ent 0.259 rollout 2.3s elapsed 819s frames/s 3559 restarts 0
it 316 steps 647168 games 282 recent30 690700 ballmean 248399 balllen 884 nudges/ball 50.11 tilts/ball 0.03 stuckdec 0 ent 0.279 rollout 2.4s elapsed 821s frames/s 3558 restarts 0
it 317 steps 649216 games 282 recent30 690700 ballmean 248438 balllen 884 nudges/ball 50.10 tilts/ball 0.03 stuckdec 0 ent 0.260 rollout 2.2s elapsed 823s frames/s 3559 restarts 0
it 318 steps 651264 games 283 recent30 658283 ballmean 247944 balllen 883 nudges/ball 49.99 tilts/ball 0.03 stuckdec 0 ent 0.256 rollout 2.5s elapsed 826s frames/s 3560 restarts 0
it 319 steps 653312 games 283 recent30 658283 ballmean 247944 balllen 883 nudges/ball 49.99 tilts/ball 0.03 stuckdec 0 ent 0.285 rollout 2.5s elapsed 829s frames/s 3559 restarts 0
it 320 steps 655360 games 283 recent30 658283 ballmean 247944 balllen 883 nudges/ball 49.99 tilts/ball 0.03 stuckdec 0 ent 0.280 rollout 2.1s elapsed 831s frames/s 3559 restarts 0
it 321 steps 657408 games 285 recent30 634900 ballmean 248795 balllen 884 nudges/ball 49.98 tilts/ball 0.03 stuckdec 0 ent 0.311 rollout 2.2s elapsed 833s frames/s 3561 restarts 0
it 322 steps 659456 games 286 recent30 650817 ballmean 249808 balllen 886 nudges/ball 50.04 tilts/ball 0.03 stuckdec 0 ent 0.301 rollout 2.1s elapsed 835s frames/s 3564 restarts 0
it 323 steps 661504 games 286 recent30 650817 ballmean 249808 balllen 886 nudges/ball 50.04 tilts/ball 0.03 stuckdec 0 ent 0.292 rollout 2.4s elapsed 838s frames/s 3563 restarts 0
it 324 steps 663552 games 288 recent30 620000 ballmean 250841 balllen 888 nudges/ball 50.14 tilts/ball 0.03 stuckdec 0 ent 0.339 rollout 2.4s elapsed 840s frames/s 3564 restarts 0
it 325 steps 665600 games 289 recent30 595008 ballmean 250541 balllen 888 nudges/ball 50.10 tilts/ball 0.03 stuckdec 0 ent 0.364 rollout 2.1s elapsed 843s frames/s 3565 restarts 0
it 326 steps 667648 games 290 recent30 608117 ballmean 250373 balllen 887 nudges/ball 50.06 tilts/ball 0.03 stuckdec 0 ent 0.324 rollout 2.3s elapsed 845s frames/s 3566 restarts 0
it 327 steps 669696 games 292 recent30 610033 ballmean 250675 balllen 889 nudges/ball 50.16 tilts/ball 0.03 stuckdec 0 ent 0.302 rollout 2.2s elapsed 847s frames/s 3568 restarts 0
it 328 steps 671744 games 294 recent30 596592 ballmean 250094 balllen 888 nudges/ball 50.08 tilts/ball 0.03 stuckdec 0 ent 0.376 rollout 2.4s elapsed 850s frames/s 3570 restarts 0
it 329 steps 673792 games 295 recent30 625508 ballmean 252864 balllen 892 nudges/ball 50.23 tilts/ball 0.03 stuckdec 0 ent 0.325 rollout 2.2s elapsed 852s frames/s 3571 restarts 0
it 330 steps 675840 games 297 recent30 617150 ballmean 252535 balllen 891 nudges/ball 50.17 tilts/ball 0.03 stuckdec 0 ent 0.326 rollout 2.3s elapsed 855s frames/s 3574 restarts 0
it 331 steps 677888 games 297 recent30 617150 ballmean 252535 balllen 891 nudges/ball 50.17 tilts/ball 0.03 stuckdec 0 ent 0.315 rollout 2.3s elapsed 857s frames/s 3573 restarts 0
it 332 steps 679936 games 297 recent30 617150 ballmean 252660 balllen 891 nudges/ball 50.20 tilts/ball 0.03 stuckdec 0 ent 0.311 rollout 2.2s elapsed 859s frames/s 3574 restarts 0
it 333 steps 681984 games 298 recent30 613542 ballmean 252414 balllen 891 nudges/ball 50.17 tilts/ball 0.03 stuckdec 0 ent 0.323 rollout 2.2s elapsed 862s frames/s 3575 restarts 0
it 334 steps 684032 games 299 recent30 605400 ballmean 252096 balllen 891 nudges/ball 50.20 tilts/ball 0.03 stuckdec 0 ent 0.336 rollout 2.2s elapsed 864s frames/s 3577 restarts 0
it 335 steps 686080 games 300 recent30 592767 ballmean 252681 balllen 891 nudges/ball 50.30 tilts/ball 0.03 stuckdec 0 ent 0.328 rollout 2.3s elapsed 866s frames/s 3578 restarts 0
it 336 steps 688128 games 301 recent30 579492 ballmean 252934 balllen 892 nudges/ball 50.33 tilts/ball 0.03 stuckdec 0 ent 0.316 rollout 2.3s elapsed 869s frames/s 3579 restarts 0
it 337 steps 690176 games 303 recent30 597367 ballmean 252509 balllen 890 nudges/ball 50.26 tilts/ball 0.03 stuckdec 0 ent 0.324 rollout 2.3s elapsed 871s frames/s 3580 restarts 0
it 338 steps 692224 games 305 recent30 620883 ballmean 251584 balllen 888 nudges/ball 50.13 tilts/ball 0.03 stuckdec 0 ent 0.322 rollout 2.3s elapsed 873s frames/s 3581 restarts 0
it 339 steps 694272 games 306 recent30 613658 ballmean 251763 balllen 887 nudges/ball 50.15 tilts/ball 0.03 stuckdec 0 ent 0.325 rollout 2.4s elapsed 876s frames/s 3581 restarts 0
it 340 steps 696320 games 307 recent30 609692 ballmean 251212 balllen 886 nudges/ball 50.06 tilts/ball 0.03 stuckdec 0 ent 0.330 rollout 2.3s elapsed 878s frames/s 3583 restarts 0
it 341 steps 698368 games 307 recent30 609692 ballmean 250897 balllen 886 nudges/ball 50.05 tilts/ball 0.03 stuckdec 0 ent 0.324 rollout 2.4s elapsed 881s frames/s 3582 restarts 0
it 342 steps 700416 games 308 recent30 500892 ballmean 250619 balllen 885 nudges/ball 50.00 tilts/ball 0.03 stuckdec 0 ent 0.330 rollout 2.5s elapsed 884s frames/s 3582 restarts 0
it 343 steps 702464 games 310 recent30 493533 ballmean 250201 balllen 882 nudges/ball 49.79 tilts/ball 0.03 stuckdec 0 ent 0.325 rollout 2.2s elapsed 886s frames/s 3584 restarts 0
it 344 steps 704512 games 311 recent30 549733 ballmean 251004 balllen 883 nudges/ball 49.87 tilts/ball 0.03 stuckdec 0 ent 0.286 rollout 2.6s elapsed 888s frames/s 3584 restarts 0
it 345 steps 706560 games 311 recent30 549733 ballmean 250800 balllen 881 nudges/ball 49.76 tilts/ball 0.03 stuckdec 0 ent 0.280 rollout 2.4s elapsed 891s frames/s 3583 restarts 0
it 346 steps 708608 games 312 recent30 552600 ballmean 250575 balllen 881 nudges/ball 49.69 tilts/ball 0.03 stuckdec 0 ent 0.330 rollout 2.4s elapsed 893s frames/s 3584 restarts 0
it 347 steps 710656 games 315 recent30 549775 ballmean 251335 balllen 883 nudges/ball 49.79 tilts/ball 0.03 stuckdec 0 ent 0.322 rollout 2.4s elapsed 896s frames/s 3585 restarts 0
it 348 steps 712704 games 315 recent30 549775 ballmean 251180 balllen 883 nudges/ball 49.77 tilts/ball 0.03 stuckdec 0 ent 0.359 rollout 2.6s elapsed 899s frames/s 3584 restarts 0
it 349 steps 714752 games 316 recent30 538142 ballmean 250771 balllen 882 nudges/ball 49.70 tilts/ball 0.03 stuckdec 0 ent 0.420 rollout 2.3s elapsed 901s frames/s 3586 restarts 0
it 350 steps 716800 games 317 recent30 532508 ballmean 249859 balllen 880 nudges/ball 49.56 tilts/ball 0.03 stuckdec 0 ent 0.347 rollout 2.4s elapsed 903s frames/s 3587 restarts 0
it 351 steps 718848 games 317 recent30 532508 ballmean 249361 balllen 878 nudges/ball 49.46 tilts/ball 0.03 stuckdec 0 ent 0.330 rollout 2.2s elapsed 906s frames/s 3587 restarts 0
it 352 steps 720896 games 318 recent30 530567 ballmean 249411 balllen 878 nudges/ball 49.49 tilts/ball 0.03 stuckdec 0 ent 0.309 rollout 2.3s elapsed 908s frames/s 3588 restarts 0
it 353 steps 722944 games 320 recent30 523517 ballmean 249312 balllen 879 nudges/ball 49.52 tilts/ball 0.03 stuckdec 0 ent 0.307 rollout 2.5s elapsed 911s frames/s 3588 restarts 0
it 354 steps 724992 games 320 recent30 523517 ballmean 249312 balllen 879 nudges/ball 49.52 tilts/ball 0.03 stuckdec 0 ent 0.275 rollout 2.3s elapsed 913s frames/s 3588 restarts 0
it 355 steps 727040 games 322 recent30 532958 ballmean 249216 balllen 879 nudges/ball 49.49 tilts/ball 0.03 stuckdec 0 ent 0.301 rollout 2.5s elapsed 916s frames/s 3588 restarts 0
it 356 steps 729088 games 322 recent30 532958 ballmean 249162 balllen 878 nudges/ball 49.48 tilts/ball 0.03 stuckdec 0 ent 0.252 rollout 2.1s elapsed 918s frames/s 3589 restarts 0
it 357 steps 731136 games 323 recent30 533808 ballmean 249108 balllen 878 nudges/ball 49.50 tilts/ball 0.03 stuckdec 0 ent 0.276 rollout 2.7s elapsed 921s frames/s 3588 restarts 0
it 358 steps 733184 games 325 recent30 513717 ballmean 249421 balllen 879 nudges/ball 49.51 tilts/ball 0.03 stuckdec 0 ent 0.320 rollout 2.8s elapsed 924s frames/s 3587 restarts 0
it 359 steps 735232 games 325 recent30 513717 ballmean 249332 balllen 879 nudges/ball 49.44 tilts/ball 0.03 stuckdec 0 ent 0.312 rollout 2.6s elapsed 926s frames/s 3586 restarts 0
it 360 steps 737280 games 328 recent30 487858 ballmean 249131 balllen 879 nudges/ball 49.37 tilts/ball 0.03 stuckdec 0 ent 0.353 rollout 2.5s elapsed 929s frames/s 3587 restarts 0
it 361 steps 739328 games 328 recent30 487858 ballmean 249764 balllen 879 nudges/ball 49.35 tilts/ball 0.03 stuckdec 0 ent 0.359 rollout 2.5s elapsed 932s frames/s 3587 restarts 0
it 362 steps 741376 games 330 recent30 458708 ballmean 249722 balllen 878 nudges/ball 49.17 tilts/ball 0.03 stuckdec 0 ent 0.346 rollout 2.6s elapsed 934s frames/s 3588 restarts 0
it 363 steps 743424 games 330 recent30 458708 ballmean 250081 balllen 880 nudges/ball 49.24 tilts/ball 0.03 stuckdec 0 ent 0.310 rollout 2.6s elapsed 937s frames/s 3588 restarts 0
it 364 steps 745472 games 330 recent30 458708 ballmean 250081 balllen 880 nudges/ball 49.24 tilts/ball 0.03 stuckdec 0 ent 0.251 rollout 2.3s elapsed 939s frames/s 3588 restarts 0
it 365 steps 747520 games 333 recent30 498233 ballmean 249622 balllen 878 nudges/ball 49.07 tilts/ball 0.03 stuckdec 0 ent 0.273 rollout 2.6s elapsed 942s frames/s 3588 restarts 0
it 366 steps 749568 games 333 recent30 498233 ballmean 249622 balllen 878 nudges/ball 49.07 tilts/ball 0.03 stuckdec 0 ent 0.312 rollout 2.7s elapsed 945s frames/s 3586 restarts 0
it 367 steps 751616 games 333 recent30 498233 ballmean 249741 balllen 879 nudges/ball 49.09 tilts/ball 0.03 stuckdec 0 ent 0.282 rollout 2.3s elapsed 947s frames/s 3587 restarts 0
it 368 steps 753664 games 334 recent30 498567 ballmean 249535 balllen 879 nudges/ball 49.08 tilts/ball 0.03 stuckdec 0 ent 0.348 rollout 2.7s elapsed 950s frames/s 3586 restarts 0
it 369 steps 755712 games 334 recent30 498567 ballmean 249535 balllen 879 nudges/ball 49.08 tilts/ball 0.03 stuckdec 0 ent 0.318 rollout 2.4s elapsed 952s frames/s 3585 restarts 0
it 370 steps 757760 games 334 recent30 498567 ballmean 250901 balllen 883 nudges/ball 49.25 tilts/ball 0.03 stuckdec 0 ent 0.407 rollout 2.3s elapsed 955s frames/s 3586 restarts 0
it 371 steps 759808 games 337 recent30 477642 ballmean 250652 balllen 882 nudges/ball 49.22 tilts/ball 0.03 stuckdec 0 ent 0.333 rollout 2.2s elapsed 957s frames/s 3588 restarts 0
it 372 steps 761856 games 337 recent30 477642 ballmean 250860 balllen 884 nudges/ball 49.29 tilts/ball 0.03 stuckdec 0 ent 0.316 rollout 2.2s elapsed 960s frames/s 3588 restarts 0
it 373 steps 763904 games 337 recent30 477642 ballmean 251036 balllen 885 nudges/ball 49.40 tilts/ball 0.03 stuckdec 0 ent 0.317 rollout 2.3s elapsed 962s frames/s 3589 restarts 0
it 374 steps 765952 games 338 recent30 483450 ballmean 250747 balllen 885 nudges/ball 49.30 tilts/ball 0.03 stuckdec 0 ent 0.301 rollout 2.3s elapsed 964s frames/s 3589 restarts 0
it 375 steps 768000 games 339 recent30 495617 ballmean 250817 balllen 885 nudges/ball 49.31 tilts/ball 0.03 stuckdec 0 ent 0.313 rollout 2.4s elapsed 967s frames/s 3589 restarts 0
it 376 steps 770048 games 340 recent30 495350 ballmean 250893 balllen 886 nudges/ball 49.39 tilts/ball 0.03 stuckdec 0 ent 0.319 rollout 2.6s elapsed 969s frames/s 3589 restarts 0
it 377 steps 772096 games 342 recent30 453867 ballmean 250930 balllen 886 nudges/ball 49.25 tilts/ball 0.03 stuckdec 0 ent 0.296 rollout 2.6s elapsed 972s frames/s 3589 restarts 0
it 378 steps 774144 games 343 recent30 435383 ballmean 250455 balllen 884 nudges/ball 49.12 tilts/ball 0.03 stuckdec 0 ent 0.330 rollout 2.6s elapsed 975s frames/s 3590 restarts 0
it 379 steps 776192 games 344 recent30 416933 ballmean 250998 balllen 886 nudges/ball 49.25 tilts/ball 0.03 stuckdec 0 ent 0.387 rollout 2.8s elapsed 978s frames/s 3589 restarts 0
it 380 steps 778240 games 345 recent30 421492 ballmean 251053 balllen 886 nudges/ball 49.25 tilts/ball 0.03 stuckdec 0 ent 0.321 rollout 2.6s elapsed 980s frames/s 3589 restarts 0
it 381 steps 780288 games 346 recent30 423950 ballmean 251193 balllen 886 nudges/ball 49.26 tilts/ball 0.03 stuckdec 0 ent 0.317 rollout 2.4s elapsed 983s frames/s 3589 restarts 0
it 382 steps 782336 games 347 recent30 432858 ballmean 250029 balllen 884 nudges/ball 49.06 tilts/ball 0.03 stuckdec 0 ent 0.337 rollout 2.5s elapsed 985s frames/s 3589 restarts 0
it 383 steps 784384 games 348 recent30 420133 ballmean 249555 balllen 883 nudges/ball 48.95 tilts/ball 0.03 stuckdec 0 ent 0.341 rollout 2.5s elapsed 988s frames/s 3589 restarts 0
it 384 steps 786432 games 349 recent30 439392 ballmean 249579 balllen 883 nudges/ball 49.00 tilts/ball 0.03 stuckdec 0 ent 0.357 rollout 2.4s elapsed 990s frames/s 3589 restarts 0
it 385 steps 788480 games 349 recent30 439392 ballmean 249579 balllen 883 nudges/ball 49.00 tilts/ball 0.03 stuckdec 0 ent 0.281 rollout 2.6s elapsed 993s frames/s 3587 restarts 0
it 386 steps 790528 games 349 recent30 439392 ballmean 250828 balllen 886 nudges/ball 49.18 tilts/ball 0.03 stuckdec 0 ent 0.315 rollout 2.3s elapsed 996s frames/s 3588 restarts 0
it 387 steps 792576 games 349 recent30 439392 ballmean 250828 balllen 886 nudges/ball 49.18 tilts/ball 0.03 stuckdec 0 ent 0.285 rollout 2.3s elapsed 998s frames/s 3588 restarts 0
it 388 steps 794624 games 350 recent30 431217 ballmean 250763 balllen 886 nudges/ball 49.20 tilts/ball 0.03 stuckdec 0 ent 0.287 rollout 2.3s elapsed 1000s frames/s 3589 restarts 0
it 389 steps 796672 games 350 recent30 431217 ballmean 253231 balllen 891 nudges/ball 49.46 tilts/ball 0.03 stuckdec 0 ent 0.269 rollout 2.4s elapsed 1003s frames/s 3588 restarts 0
it 390 steps 798720 games 351 recent30 431392 ballmean 251416 balllen 887 nudges/ball 49.18 tilts/ball 0.03 stuckdec 0 ent 0.260 rollout 2.4s elapsed 1005s frames/s 3589 restarts 0
it 391 steps 800768 games 354 recent30 515583 ballmean 251685 balllen 887 nudges/ball 49.17 tilts/ball 0.03 stuckdec 0 ent 0.312 rollout 2.6s elapsed 1008s frames/s 3590 restarts 0
it 392 steps 802816 games 354 recent30 515583 ballmean 251710 balllen 887 nudges/ball 49.18 tilts/ball 0.03 stuckdec 0 ent 0.318 rollout 2.6s elapsed 1011s frames/s 3589 restarts 0
it 393 steps 804864 games 355 recent30 524258 ballmean 252216 balllen 890 nudges/ball 49.29 tilts/ball 0.03 stuckdec 0 ent 0.301 rollout 2.2s elapsed 1013s frames/s 3589 restarts 0
it 394 steps 806912 games 356 recent30 518142 ballmean 252153 balllen 889 nudges/ball 49.22 tilts/ball 0.03 stuckdec 0 ent 0.337 rollout 2.5s elapsed 1016s frames/s 3589 restarts 0
it 395 steps 808960 games 357 recent30 586533 ballmean 252756 balllen 888 nudges/ball 49.10 tilts/ball 0.03 stuckdec 0 ent 0.365 rollout 2.3s elapsed 1018s frames/s 3590 restarts 0
it 396 steps 811008 games 357 recent30 586533 ballmean 253570 balllen 888 nudges/ball 49.10 tilts/ball 0.03 stuckdec 0 ent 0.413 rollout 2.4s elapsed 1020s frames/s 3590 restarts 0
it 397 steps 813056 games 360 recent30 660792 ballmean 253565 balllen 888 nudges/ball 49.11 tilts/ball 0.03 stuckdec 0 ent 0.390 rollout 2.3s elapsed 1023s frames/s 3591 restarts 0
it 398 steps 815104 games 360 recent30 660792 ballmean 252289 balllen 885 nudges/ball 48.79 tilts/ball 0.03 stuckdec 0 ent 0.413 rollout 2.2s elapsed 1025s frames/s 3591 restarts 0
it 399 steps 817152 games 361 recent30 574417 ballmean 251998 balllen 883 nudges/ball 48.77 tilts/ball 0.03 stuckdec 0 ent 0.443 rollout 2.4s elapsed 1028s frames/s 3592 restarts 0
it 400 steps 819200 games 361 recent30 574417 ballmean 252037 balllen 884 nudges/ball 48.84 tilts/ball 0.03 stuckdec 0 ent 0.441 rollout 2.6s elapsed 1031s frames/s 3591 restarts 0
it 401 steps 821248 games 361 recent30 574417 ballmean 252942 balllen 886 nudges/ball 49.02 tilts/ball 0.03 stuckdec 0 ent 0.435 rollout 2.3s elapsed 1033s frames/s 3591 restarts 0
it 402 steps 823296 games 363 recent30 578583 ballmean 255124 balllen 891 nudges/ball 49.57 tilts/ball 0.04 stuckdec 0 ent 0.467 rollout 2.3s elapsed 1035s frames/s 3594 restarts 0
it 403 steps 825344 games 363 recent30 578583 ballmean 254937 balllen 890 nudges/ball 49.59 tilts/ball 0.04 stuckdec 0 ent 0.395 rollout 2.3s elapsed 1038s frames/s 3594 restarts 0
it 404 steps 827392 games 363 recent30 578583 ballmean 254823 balllen 891 nudges/ball 49.63 tilts/ball 0.04 stuckdec 0 ent 0.347 rollout 2.3s elapsed 1040s frames/s 3594 restarts 0
it 405 steps 829440 games 364 recent30 571800 ballmean 257520 balllen 894 nudges/ball 49.88 tilts/ball 0.04 stuckdec 0 ent 0.378 rollout 2.4s elapsed 1043s frames/s 3595 restarts 0
it 406 steps 831488 games 365 recent30 577100 ballmean 257567 balllen 894 nudges/ball 49.91 tilts/ball 0.04 stuckdec 0 ent 0.347 rollout 2.3s elapsed 1045s frames/s 3595 restarts 0
it 407 steps 833536 games 365 recent30 577100 ballmean 258508 balllen 894 nudges/ball 50.02 tilts/ball 0.04 stuckdec 0 ent 0.364 rollout 2.4s elapsed 1048s frames/s 3596 restarts 0
it 408 steps 835584 games 366 recent30 578817 ballmean 258655 balllen 895 nudges/ball 50.12 tilts/ball 0.04 stuckdec 0 ent 0.382 rollout 2.6s elapsed 1050s frames/s 3595 restarts 0
it 409 steps 837632 games 367 recent30 535892 ballmean 262301 balllen 901 nudges/ball 50.57 tilts/ball 0.04 stuckdec 0 ent 0.308 rollout 2.4s elapsed 1053s frames/s 3596 restarts 0
it 410 steps 839680 games 367 recent30 535892 ballmean 262301 balllen 901 nudges/ball 50.57 tilts/ball 0.04 stuckdec 0 ent 0.307 rollout 2.4s elapsed 1055s frames/s 3595 restarts 0
it 411 steps 841728 games 369 recent30 576267 ballmean 263425 balllen 903 nudges/ball 50.68 tilts/ball 0.04 stuckdec 0 ent 0.308 rollout 2.5s elapsed 1058s frames/s 3596 restarts 0
it 412 steps 843776 games 370 recent30 627183 ballmean 263272 balllen 903 nudges/ball 50.69 tilts/ball 0.04 stuckdec 0 ent 0.315 rollout 2.4s elapsed 1060s frames/s 3596 restarts 0
it 413 steps 845824 games 370 recent30 627183 ballmean 262477 balllen 900 nudges/ball 50.46 tilts/ball 0.04 stuckdec 0 ent 0.338 rollout 2.2s elapsed 1063s frames/s 3597 restarts 0
it 414 steps 847872 games 373 recent30 749225 ballmean 264261 balllen 904 nudges/ball 50.81 tilts/ball 0.04 stuckdec 0 ent 0.366 rollout 2.5s elapsed 1065s frames/s 3598 restarts 0
it 415 steps 849920 games 374 recent30 755817 ballmean 264440 balllen 904 nudges/ball 50.79 tilts/ball 0.04 stuckdec 0 ent 0.358 rollout 2.5s elapsed 1068s frames/s 3598 restarts 0
it 416 steps 851968 games 374 recent30 755817 ballmean 264440 balllen 904 nudges/ball 50.79 tilts/ball 0.04 stuckdec 0 ent 0.311 rollout 2.5s elapsed 1070s frames/s 3597 restarts 0
it 417 steps 854016 games 375 recent30 784567 ballmean 264467 balllen 904 nudges/ball 50.84 tilts/ball 0.04 stuckdec 0 ent 0.311 rollout 2.3s elapsed 1073s frames/s 3597 restarts 0
it 418 steps 856064 games 375 recent30 784567 ballmean 264489 balllen 905 nudges/ball 50.88 tilts/ball 0.04 stuckdec 0 ent 0.321 rollout 2.3s elapsed 1075s frames/s 3598 restarts 0
it 419 steps 858112 games 375 recent30 784567 ballmean 264646 balllen 905 nudges/ball 50.93 tilts/ball 0.04 stuckdec 0 ent 0.332 rollout 2.3s elapsed 1078s frames/s 3598 restarts 0
it 420 steps 860160 games 376 recent30 859792 ballmean 263269 balllen 903 nudges/ball 50.75 tilts/ball 0.04 stuckdec 0 ent 0.346 rollout 2.4s elapsed 1080s frames/s 3598 restarts 0
it 421 steps 862208 games 378 recent30 853108 ballmean 262825 balllen 902 nudges/ball 50.70 tilts/ball 0.04 stuckdec 0 ent 0.310 rollout 2.4s elapsed 1083s frames/s 3598 restarts 0
it 422 steps 864256 games 378 recent30 853108 ballmean 262716 balllen 901 nudges/ball 50.67 tilts/ball 0.04 stuckdec 0 ent 0.296 rollout 2.2s elapsed 1085s frames/s 3599 restarts 0
it 423 steps 866304 games 380 recent30 881642 ballmean 261594 balllen 899 nudges/ball 50.44 tilts/ball 0.04 stuckdec 0 ent 0.320 rollout 2.4s elapsed 1088s frames/s 3600 restarts 0
it 424 steps 868352 games 382 recent30 1015433 ballmean 263806 balllen 907 nudges/ball 50.90 tilts/ball 0.04 stuckdec 0 ent 0.321 rollout 2.7s elapsed 1090s frames/s 3600 restarts 0
it 425 steps 870400 games 383 recent30 961058 ballmean 264015 balllen 908 nudges/ball 50.91 tilts/ball 0.04 stuckdec 0 ent 0.278 rollout 2.4s elapsed 1093s frames/s 3599 restarts 0
it 426 steps 872448 games 384 recent30 959583 ballmean 263631 balllen 905 nudges/ball 50.76 tilts/ball 0.04 stuckdec 0 ent 0.283 rollout 2.3s elapsed 1095s frames/s 3600 restarts 0
it 427 steps 874496 games 386 recent30 986392 ballmean 262120 balllen 905 nudges/ball 50.64 tilts/ball 0.04 stuckdec 0 ent 0.302 rollout 2.6s elapsed 1098s frames/s 3601 restarts 0
it 428 steps 876544 games 387 recent30 909558 ballmean 261948 balllen 903 nudges/ball 50.54 tilts/ball 0.04 stuckdec 0 ent 0.333 rollout 2.5s elapsed 1101s frames/s 3600 restarts 0
it 429 steps 878592 games 388 recent30 885275 ballmean 262427 balllen 903 nudges/ball 50.42 tilts/ball 0.04 stuckdec 0 ent 0.285 rollout 2.5s elapsed 1103s frames/s 3600 restarts 0
it 430 steps 880640 games 388 recent30 885275 ballmean 262418 balllen 904 nudges/ball 50.42 tilts/ball 0.04 stuckdec 0 ent 0.267 rollout 2.4s elapsed 1106s frames/s 3601 restarts 0
it 431 steps 882688 games 389 recent30 884392 ballmean 263332 balllen 904 nudges/ball 50.46 tilts/ball 0.04 stuckdec 0 ent 0.254 rollout 2.4s elapsed 1108s frames/s 3601 restarts 0
it 432 steps 884736 games 389 recent30 884392 ballmean 263332 balllen 904 nudges/ball 50.46 tilts/ball 0.04 stuckdec 0 ent 0.247 rollout 2.3s elapsed 1111s frames/s 3601 restarts 0
it 433 steps 886784 games 389 recent30 884392 ballmean 262381 balllen 903 nudges/ball 50.33 tilts/ball 0.04 stuckdec 0 ent 0.232 rollout 2.4s elapsed 1113s frames/s 3601 restarts 0
it 434 steps 888832 games 390 recent30 838433 ballmean 262328 balllen 902 nudges/ball 50.28 tilts/ball 0.04 stuckdec 0 ent 0.242 rollout 2.5s elapsed 1116s frames/s 3601 restarts 0
it 435 steps 890880 games 390 recent30 838433 ballmean 262994 balllen 904 nudges/ball 50.35 tilts/ball 0.04 stuckdec 0 ent 0.218 rollout 2.4s elapsed 1118s frames/s 3601 restarts 0
it 436 steps 892928 games 390 recent30 838433 ballmean 262994 balllen 904 nudges/ball 50.35 tilts/ball 0.04 stuckdec 0 ent 0.205 rollout 2.2s elapsed 1120s frames/s 3601 restarts 0
it 437 steps 894976 games 391 recent30 845633 ballmean 262668 balllen 902 nudges/ball 50.07 tilts/ball 0.04 stuckdec 0 ent 0.242 rollout 2.5s elapsed 1123s frames/s 3601 restarts 0
it 438 steps 897024 games 391 recent30 845633 ballmean 262668 balllen 902 nudges/ball 50.07 tilts/ball 0.04 stuckdec 0 ent 0.258 rollout 2.2s elapsed 1125s frames/s 3601 restarts 0
it 439 steps 899072 games 393 recent30 875875 ballmean 261660 balllen 905 nudges/ball 49.96 tilts/ball 0.04 stuckdec 0 ent 0.274 rollout 2.4s elapsed 1128s frames/s 3602 restarts 0
it 440 steps 901120 games 393 recent30 875875 ballmean 261284 balllen 903 nudges/ball 49.84 tilts/ball 0.04 stuckdec 0 ent 0.263 rollout 2.3s elapsed 1130s frames/s 3602 restarts 0
it 441 steps 903168 games 395 recent30 936767 ballmean 263134 balllen 904 nudges/ball 49.84 tilts/ball 0.04 stuckdec 0 ent 0.280 rollout 2.3s elapsed 1132s frames/s 3603 restarts 0
it 442 steps 905216 games 395 recent30 936767 ballmean 265559 balllen 907 nudges/ball 49.91 tilts/ball 0.03 stuckdec 0 ent 0.351 rollout 2.6s elapsed 1135s frames/s 3603 restarts 0
it 443 steps 907264 games 396 recent30 964183 ballmean 265026 balllen 907 nudges/ball 49.88 tilts/ball 0.03 stuckdec 0 ent 0.363 rollout 2.5s elapsed 1138s frames/s 3602 restarts 0
it 444 steps 909312 games 397 recent30 991183 ballmean 264349 balllen 904 nudges/ball 49.63 tilts/ball 0.03 stuckdec 0 ent 0.329 rollout 2.3s elapsed 1140s frames/s 3603 restarts 0
it 445 steps 911360 games 397 recent30 991183 ballmean 264231 balllen 904 nudges/ball 49.58 tilts/ball 0.03 stuckdec 0 ent 0.312 rollout 2.4s elapsed 1143s frames/s 3603 restarts 0
it 446 steps 913408 games 398 recent30 1006317 ballmean 264085 balllen 904 nudges/ball 49.61 tilts/ball 0.03 stuckdec 0 ent 0.302 rollout 2.6s elapsed 1145s frames/s 3603 restarts 0
it 447 steps 915456 games 398 recent30 1006317 ballmean 263984 balllen 904 nudges/ball 49.60 tilts/ball 0.03 stuckdec 0 ent 0.312 rollout 2.4s elapsed 1148s frames/s 3602 restarts 0
it 448 steps 917504 games 398 recent30 1006317 ballmean 263984 balllen 904 nudges/ball 49.60 tilts/ball 0.03 stuckdec 0 ent 0.291 rollout 2.5s elapsed 1150s frames/s 3601 restarts 0
it 449 steps 919552 games 398 recent30 1006317 ballmean 265682 balllen 907 nudges/ball 49.78 tilts/ball 0.03 stuckdec 0 ent 0.293 rollout 2.5s elapsed 1153s frames/s 3601 restarts 0
it 450 steps 921600 games 398 recent30 1006317 ballmean 266522 balllen 909 nudges/ball 49.84 tilts/ball 0.03 stuckdec 0 ent 0.315 rollout 2.8s elapsed 1156s frames/s 3600 restarts 0
it 451 steps 923648 games 400 recent30 901750 ballmean 266975 balllen 911 nudges/ball 49.98 tilts/ball 0.03 stuckdec 0 ent 0.299 rollout 2.1s elapsed 1158s frames/s 3601 restarts 0
it 452 steps 925696 games 401 recent30 891850 ballmean 267241 balllen 912 nudges/ball 50.08 tilts/ball 0.03 stuckdec 0 ent 0.294 rollout 2.3s elapsed 1160s frames/s 3602 restarts 0
it 453 steps 927744 games 402 recent30 923067 ballmean 267262 balllen 913 nudges/ball 50.15 tilts/ball 0.03 stuckdec 0 ent 0.333 rollout 2.2s elapsed 1163s frames/s 3602 restarts 0
it 454 steps 929792 games 403 recent30 803442 ballmean 267580 balllen 914 nudges/ball 50.21 tilts/ball 0.03 stuckdec 0 ent 0.298 rollout 2.5s elapsed 1165s frames/s 3602 restarts 0
it 455 steps 931840 games 404 recent30 802425 ballmean 265338 balllen 912 nudges/ball 49.97 tilts/ball 0.03 stuckdec 0 ent 0.312 rollout 2.3s elapsed 1168s frames/s 3602 restarts 0
it 456 steps 933888 games 404 recent30 802425 ballmean 265295 balllen 912 nudges/ball 49.99 tilts/ball 0.03 stuckdec 0 ent 0.377 rollout 2.2s elapsed 1170s frames/s 3603 restarts 0
it 457 steps 935936 games 404 recent30 802425 ballmean 265333 balllen 913 nudges/ball 50.01 tilts/ball 0.03 stuckdec 0 ent 0.303 rollout 2.3s elapsed 1173s frames/s 3603 restarts 0
it 458 steps 937984 games 408 recent30 758483 ballmean 265316 balllen 913 nudges/ball 50.01 tilts/ball 0.03 stuckdec 0 ent 0.330 rollout 2.5s elapsed 1175s frames/s 3604 restarts 0
it 459 steps 940032 games 409 recent30 733750 ballmean 265057 balllen 911 nudges/ball 49.96 tilts/ball 0.03 stuckdec 0 ent 0.293 rollout 2.4s elapsed 1178s frames/s 3605 restarts 0
it 460 steps 942080 games 410 recent30 751150 ballmean 263258 balllen 906 nudges/ball 49.63 tilts/ball 0.03 stuckdec 0 ent 0.329 rollout 2.4s elapsed 1180s frames/s 3605 restarts 0
it 461 steps 944128 games 412 recent30 600900 ballmean 262928 balllen 905 nudges/ball 49.56 tilts/ball 0.03 stuckdec 0 ent 0.279 rollout 2.5s elapsed 1183s frames/s 3605 restarts 0
it 462 steps 946176 games 412 recent30 600900 ballmean 265349 balllen 910 nudges/ball 49.78 tilts/ball 0.03 stuckdec 0 ent 0.338 rollout 2.4s elapsed 1185s frames/s 3606 restarts 0
it 463 steps 948224 games 413 recent30 639617 ballmean 264506 balllen 907 nudges/ball 49.64 tilts/ball 0.03 stuckdec 0 ent 0.296 rollout 2.3s elapsed 1188s frames/s 3606 restarts 0
it 464 steps 950272 games 413 recent30 639617 ballmean 264434 balllen 907 nudges/ball 49.63 tilts/ball 0.03 stuckdec 0 ent 0.271 rollout 2.2s elapsed 1190s frames/s 3607 restarts 0
it 465 steps 952320 games 413 recent30 639617 ballmean 263739 balllen 906 nudges/ball 49.61 tilts/ball 0.03 stuckdec 0 ent 0.286 rollout 2.6s elapsed 1193s frames/s 3606 restarts 0
it 466 steps 954368 games 414 recent30 640167 ballmean 262321 balllen 905 nudges/ball 49.56 tilts/ball 0.03 stuckdec 0 ent 0.329 rollout 2.2s elapsed 1195s frames/s 3606 restarts 0
it 467 steps 956416 games 414 recent30 640167 ballmean 262384 balllen 906 nudges/ball 49.60 tilts/ball 0.03 stuckdec 0 ent 0.246 rollout 2.4s elapsed 1197s frames/s 3606 restarts 0
it 468 steps 958464 games 415 recent30 677375 ballmean 262612 balllen 907 nudges/ball 49.69 tilts/ball 0.03 stuckdec 0 ent 0.271 rollout 2.2s elapsed 1200s frames/s 3607 restarts 0
it 469 steps 960512 games 416 recent30 704583 ballmean 262187 balllen 906 nudges/ball 49.55 tilts/ball 0.03 stuckdec 0 ent 0.308 rollout 2.4s elapsed 1202s frames/s 3607 restarts 0
it 470 steps 962560 games 416 recent30 704583 ballmean 262111 balllen 905 nudges/ball 49.53 tilts/ball 0.03 stuckdec 0 ent 0.290 rollout 2.2s elapsed 1205s frames/s 3607 restarts 0
it 471 steps 964608 games 418 recent30 709150 ballmean 261789 balllen 904 nudges/ball 49.46 tilts/ball 0.03 stuckdec 0 ent 0.307 rollout 2.4s elapsed 1207s frames/s 3608 restarts 0
it 472 steps 966656 games 419 recent30 707708 ballmean 261089 balllen 904 nudges/ball 49.47 tilts/ball 0.03 stuckdec 0 ent 0.310 rollout 2.8s elapsed 1210s frames/s 3607 restarts 0
it 473 steps 968704 games 419 recent30 707708 ballmean 261089 balllen 904 nudges/ball 49.47 tilts/ball 0.03 stuckdec 0 ent 0.280 rollout 2.3s elapsed 1212s frames/s 3607 restarts 0
it 474 steps 970752 games 423 recent30 741050 ballmean 263136 balllen 905 nudges/ball 49.69 tilts/ball 0.03 stuckdec 0 ent 0.298 rollout 2.4s elapsed 1215s frames/s 3610 restarts 0
it 475 steps 972800 games 424 recent30 750208 ballmean 263304 balllen 906 nudges/ball 49.75 tilts/ball 0.03 stuckdec 0 ent 0.281 rollout 2.4s elapsed 1217s frames/s 3610 restarts 0
it 476 steps 974848 games 425 recent30 715383 ballmean 264145 balllen 908 nudges/ball 49.81 tilts/ball 0.03 stuckdec 0 ent 0.261 rollout 2.3s elapsed 1220s frames/s 3610 restarts 0
it 477 steps 976896 games 425 recent30 715383 ballmean 265198 balllen 909 nudges/ball 49.91 tilts/ball 0.03 stuckdec 0 ent 0.281 rollout 2.2s elapsed 1222s frames/s 3610 restarts 0
it 478 steps 978944 games 427 recent30 656075 ballmean 265473 balllen 911 nudges/ball 50.06 tilts/ball 0.03 stuckdec 0 ent 0.308 rollout 2.2s elapsed 1224s frames/s 3611 restarts 0
it 479 steps 980992 games 428 recent30 672817 ballmean 265264 balllen 911 nudges/ball 50.08 tilts/ball 0.03 stuckdec 0 ent 0.261 rollout 2.1s elapsed 1227s frames/s 3612 restarts 0
it 480 steps 983040 games 428 recent30 672817 ballmean 266602 balllen 915 nudges/ball 50.39 tilts/ball 0.03 stuckdec 0 ent 0.291 rollout 2.4s elapsed 1229s frames/s 3612 restarts 0
it 481 steps 985088 games 430 recent30 768858 ballmean 266955 balllen 917 nudges/ball 50.50 tilts/ball 0.03 stuckdec 0 ent 0.282 rollout 2.2s elapsed 1231s frames/s 3614 restarts 0
it 482 steps 987136 games 430 recent30 768858 ballmean 266955 balllen 917 nudges/ball 50.50 tilts/ball 0.03 stuckdec 0 ent 0.343 rollout 2.3s elapsed 1234s frames/s 3613 restarts 0
it 483 steps 989184 games 431 recent30 784092 ballmean 266255 balllen 917 nudges/ball 50.50 tilts/ball 0.03 stuckdec 0 ent 0.337 rollout 2.6s elapsed 1236s frames/s 3613 restarts 0
it 484 steps 991232 games 432 recent30 759750 ballmean 266117 balllen 917 nudges/ball 50.53 tilts/ball 0.03 stuckdec 0 ent 0.288 rollout 2.3s elapsed 1239s frames/s 3613 restarts 0
it 485 steps 993280 games 434 recent30 740783 ballmean 265217 balllen 915 nudges/ball 50.47 tilts/ball 0.03 stuckdec 0 ent 0.320 rollout 2.3s elapsed 1241s frames/s 3614 restarts 0
it 486 steps 995328 games 434 recent30 740783 ballmean 265893 balllen 915 nudges/ball 50.45 tilts/ball 0.03 stuckdec 0 ent 0.332 rollout 2.5s elapsed 1244s frames/s 3614 restarts 0
it 487 steps 997376 games 435 recent30 735300 ballmean 266465 balllen 917 nudges/ball 50.59 tilts/ball 0.03 stuckdec 0 ent 0.276 rollout 2.3s elapsed 1246s frames/s 3614 restarts 0
it 488 steps 999424 games 436 recent30 735258 ballmean 267416 balllen 920 nudges/ball 50.83 tilts/ball 0.03 stuckdec 0 ent 0.331 rollout 2.2s elapsed 1249s frames/s 3615 restarts 0
it 489 steps 1001472 games 437 recent30 671992 ballmean 267142 balllen 920 nudges/ball 50.87 tilts/ball 0.03 stuckdec 0 ent 0.324 rollout 2.4s elapsed 1251s frames/s 3616 restarts 0
it 490 steps 1003520 games 437 recent30 671992 ballmean 267051 balllen 919 nudges/ball 50.87 tilts/ball 0.03 stuckdec 0 ent 0.315 rollout 2.4s elapsed 1254s frames/s 3616 restarts 0
it 491 steps 1005568 games 439 recent30 664375 ballmean 267197 balllen 920 nudges/ball 50.94 tilts/ball 0.03 stuckdec 0 ent 0.329 rollout 2.4s elapsed 1256s frames/s 3617 restarts 0
it 492 steps 1007616 games 439 recent30 664375 ballmean 266597 balllen 921 nudges/ball 50.97 tilts/ball 0.03 stuckdec 0 ent 0.268 rollout 2.1s elapsed 1258s frames/s 3617 restarts 0
it 493 steps 1009664 games 441 recent30 649250 ballmean 267025 balllen 922 nudges/ball 51.09 tilts/ball 0.03 stuckdec 0 ent 0.263 rollout 2.5s elapsed 1261s frames/s 3618 restarts 0
it 494 steps 1011712 games 443 recent30 616567 ballmean 267208 balllen 923 nudges/ball 51.18 tilts/ball 0.03 stuckdec 0 ent 0.309 rollout 2.4s elapsed 1264s frames/s 3618 restarts 0
it 495 steps 1013760 games 444 recent30 614667 ballmean 266266 balllen 919 nudges/ball 50.93 tilts/ball 0.03 stuckdec 0 ent 0.326 rollout 2.2s elapsed 1266s frames/s 3619 restarts 0
it 496 steps 1015808 games 448 recent30 574975 ballmean 266417 balllen 919 nudges/ball 50.99 tilts/ball 0.03 stuckdec 0 ent 0.335 rollout 2.5s elapsed 1268s frames/s 3619 restarts 0
it 497 steps 1017856 games 450 recent30 623742 ballmean 266057 balllen 916 nudges/ball 51.01 tilts/ball 0.04 stuckdec 0 ent 0.373 rollout 2.6s elapsed 1271s frames/s 3620 restarts 0
it 498 steps 1019904 games 450 recent30 623742 ballmean 265984 balllen 915 nudges/ball 50.99 tilts/ball 0.04 stuckdec 0 ent 0.306 rollout 2.7s elapsed 1274s frames/s 3618 restarts 0
it 499 steps 1021952 games 450 recent30 623742 ballmean 265984 balllen 915 nudges/ball 50.99 tilts/ball 0.04 stuckdec 0 ent 0.229 rollout 2.4s elapsed 1277s frames/s 3617 restarts 0
it 500 steps 1024000 games 450 recent30 623742 ballmean 266090 balllen 916 nudges/ball 51.07 tilts/ball 0.04 stuckdec 0 ent 0.297 rollout 2.3s elapsed 1279s frames/s 3618 restarts 0
it 501 steps 1026048 games 452 recent30 585525 ballmean 263582 balllen 912 nudges/ball 51.01 tilts/ball 0.04 stuckdec 0 ent 0.327 rollout 2.7s elapsed 1282s frames/s 3618 restarts 0
it 502 steps 1028096 games 453 recent30 555183 ballmean 263303 balllen 909 nudges/ball 51.00 tilts/ball 0.04 stuckdec 0 ent 0.308 rollout 2.5s elapsed 1284s frames/s 3619 restarts 0
it 503 steps 1030144 games 456 recent30 552242 ballmean 261889 balllen 905 nudges/ball 50.88 tilts/ball 0.04 stuckdec 0 ent 0.270 rollout 2.2s elapsed 1287s frames/s 3620 restarts 0
it 504 steps 1032192 games 457 recent30 548708 ballmean 260928 balllen 903 nudges/ball 50.82 tilts/ball 0.04 stuckdec 0 ent 0.302 rollout 2.2s elapsed 1289s frames/s 3621 restarts 0
it 505 steps 1034240 games 457 recent30 548708 ballmean 261060 balllen 905 nudges/ball 50.92 tilts/ball 0.04 stuckdec 0 ent 0.299 rollout 2.4s elapsed 1291s frames/s 3621 restarts 0
it 506 steps 1036288 games 459 recent30 425875 ballmean 260329 balllen 905 nudges/ball 50.86 tilts/ball 0.03 stuckdec 0 ent 0.279 rollout 2.3s elapsed 1294s frames/s 3622 restarts 0
it 507 steps 1038336 games 459 recent30 425875 ballmean 259812 balllen 903 nudges/ball 50.78 tilts/ball 0.03 stuckdec 0 ent 0.293 rollout 2.2s elapsed 1296s frames/s 3622 restarts 0
it 508 steps 1040384 games 460 recent30 447075 ballmean 260789 balllen 905 nudges/ball 50.93 tilts/ball 0.03 stuckdec 0 ent 0.291 rollout 2.4s elapsed 1299s frames/s 3622 restarts 0
it 509 steps 1042432 games 461 recent30 422508 ballmean 259630 balllen 904 nudges/ball 50.85 tilts/ball 0.04 stuckdec 0 ent 0.295 rollout 2.4s elapsed 1301s frames/s 3623 restarts 0
it 510 steps 1044480 games 462 recent30 418058 ballmean 259793 balllen 905 nudges/ball 50.91 tilts/ball 0.04 stuckdec 0 ent 0.221 rollout 2.3s elapsed 1304s frames/s 3623 restarts 0
it 511 steps 1046528 games 464 recent30 423608 ballmean 259268 balllen 905 nudges/ball 50.94 tilts/ball 0.04 stuckdec 0 ent 0.307 rollout 2.4s elapsed 1306s frames/s 3623 restarts 0
it 512 steps 1048576 games 464 recent30 423608 ballmean 259268 balllen 905 nudges/ball 50.94 tilts/ball 0.04 stuckdec 0 ent 0.256 rollout 2.4s elapsed 1308s frames/s 3623 restarts 0
it 513 steps 1050624 games 464 recent30 423608 ballmean 259732 balllen 906 nudges/ball 51.05 tilts/ball 0.04 stuckdec 0 ent 0.251 rollout 2.3s elapsed 1311s frames/s 3623 restarts 0
it 514 steps 1052672 games 466 recent30 440792 ballmean 259712 balllen 907 nudges/ball 51.10 tilts/ball 0.04 stuckdec 0 ent 0.291 rollout 2.5s elapsed 1313s frames/s 3623 restarts 0
it 515 steps 1054720 games 466 recent30 440792 ballmean 258509 balllen 904 nudges/ball 51.02 tilts/ball 0.04 stuckdec 0 ent 0.312 rollout 2.3s elapsed 1316s frames/s 3623 restarts 0
it 516 steps 1056768 games 466 recent30 440792 ballmean 258506 balllen 904 nudges/ball 51.03 tilts/ball 0.04 stuckdec 0 ent 0.324 rollout 2.4s elapsed 1318s frames/s 3623 restarts 0
it 517 steps 1058816 games 466 recent30 440792 ballmean 258695 balllen 906 nudges/ball 51.07 tilts/ball 0.04 stuckdec 0 ent 0.310 rollout 2.3s elapsed 1321s frames/s 3623 restarts 0
it 518 steps 1060864 games 468 recent30 441167 ballmean 258478 balllen 906 nudges/ball 51.07 tilts/ball 0.04 stuckdec 0 ent 0.311 rollout 2.5s elapsed 1323s frames/s 3624 restarts 0
it 519 steps 1062912 games 468 recent30 441167 ballmean 257894 balllen 907 nudges/ball 51.18 tilts/ball 0.04 stuckdec 0 ent 0.279 rollout 2.4s elapsed 1326s frames/s 3624 restarts 0
it 520 steps 1064960 games 468 recent30 441167 ballmean 258219 balllen 907 nudges/ball 51.25 tilts/ball 0.04 stuckdec 0 ent 0.326 rollout 2.3s elapsed 1328s frames/s 3624 restarts 0
it 521 steps 1067008 games 470 recent30 463033 ballmean 256964 balllen 903 nudges/ball 51.16 tilts/ball 0.04 stuckdec 0 ent 0.303 rollout 2.3s elapsed 1331s frames/s 3624 restarts 0
it 522 steps 1069056 games 470 recent30 463033 ballmean 255998 balllen 901 nudges/ball 50.99 tilts/ball 0.04 stuckdec 0 ent 0.281 rollout 2.5s elapsed 1333s frames/s 3624 restarts 0
it 523 steps 1071104 games 472 recent30 488025 ballmean 257439 balllen 904 nudges/ball 51.22 tilts/ball 0.04 stuckdec 0 ent 0.272 rollout 2.4s elapsed 1336s frames/s 3625 restarts 0
it 524 steps 1073152 games 472 recent30 488025 ballmean 256725 balllen 904 nudges/ball 51.19 tilts/ball 0.04 stuckdec 0 ent 0.344 rollout 2.3s elapsed 1338s frames/s 3625 restarts 0
it 525 steps 1075200 games 472 recent30 488025 ballmean 256826 balllen 904 nudges/ball 51.19 tilts/ball 0.04 stuckdec 0 ent 0.363 rollout 2.2s elapsed 1341s frames/s 3625 restarts 0
it 526 steps 1077248 games 474 recent30 482608 ballmean 257107 balllen 903 nudges/ball 51.28 tilts/ball 0.04 stuckdec 0 ent 0.376 rollout 2.5s elapsed 1343s frames/s 3626 restarts 0
it 527 steps 1079296 games 476 recent30 531833 ballmean 256866 balllen 903 nudges/ball 51.40 tilts/ball 0.04 stuckdec 0 ent 0.308 rollout 2.6s elapsed 1346s frames/s 3626 restarts 0
it 528 steps 1081344 games 477 recent30 560775 ballmean 257559 balllen 905 nudges/ball 51.55 tilts/ball 0.04 stuckdec 0 ent 0.328 rollout 2.4s elapsed 1348s frames/s 3626 restarts 0
it 529 steps 1083392 games 478 recent30 512592 ballmean 256820 balllen 903 nudges/ball 51.55 tilts/ball 0.04 stuckdec 0 ent 0.338 rollout 2.6s elapsed 1351s frames/s 3626 restarts 0
it 530 steps 1085440 games 478 recent30 512592 ballmean 258276 balllen 906 nudges/ball 51.84 tilts/ball 0.04 stuckdec 0 ent 0.362 rollout 2.5s elapsed 1354s frames/s 3626 restarts 0
it 531 steps 1087488 games 479 recent30 476492 ballmean 258405 balllen 905 nudges/ball 51.87 tilts/ball 0.04 stuckdec 0 ent 0.317 rollout 2.6s elapsed 1356s frames/s 3626 restarts 0
it 532 steps 1089536 games 479 recent30 476492 ballmean 258837 balllen 907 nudges/ball 52.03 tilts/ball 0.04 stuckdec 0 ent 0.321 rollout 2.3s elapsed 1359s frames/s 3626 restarts 0
it 533 steps 1091584 games 479 recent30 476492 ballmean 258561 balllen 906 nudges/ball 52.02 tilts/ball 0.04 stuckdec 0 ent 0.287 rollout 2.3s elapsed 1361s frames/s 3626 restarts 0
it 534 steps 1093632 games 479 recent30 476492 ballmean 258260 balllen 904 nudges/ball 52.04 tilts/ball 0.04 stuckdec 0 ent 0.313 rollout 2.6s elapsed 1364s frames/s 3625 restarts 0
it 535 steps 1095680 games 481 recent30 479642 ballmean 258232 balllen 904 nudges/ball 52.13 tilts/ball 0.04 stuckdec 0 ent 0.317 rollout 2.5s elapsed 1366s frames/s 3626 restarts 0
it 536 steps 1097728 games 482 recent30 499208 ballmean 256808 balllen 903 nudges/ball 52.11 tilts/ball 0.04 stuckdec 0 ent 0.257 rollout 2.4s elapsed 1369s frames/s 3626 restarts 0
it 537 steps 1099776 games 484 recent30 503575 ballmean 255419 balllen 900 nudges/ball 51.99 tilts/ball 0.04 stuckdec 0 ent 0.333 rollout 2.1s elapsed 1371s frames/s 3627 restarts 0
it 538 steps 1101824 games 486 recent30 481767 ballmean 255794 balllen 898 nudges/ball 51.92 tilts/ball 0.04 stuckdec 0 ent 0.278 rollout 2.4s elapsed 1374s frames/s 3628 restarts 0
it 539 steps 1103872 games 487 recent30 485750 ballmean 254797 balllen 897 nudges/ball 52.01 tilts/ball 0.04 stuckdec 0 ent 0.298 rollout 2.7s elapsed 1377s frames/s 3627 restarts 0
it 540 steps 1105920 games 488 recent30 529833 ballmean 254602 balllen 896 nudges/ball 52.00 tilts/ball 0.04 stuckdec 0 ent 0.269 rollout 2.3s elapsed 1379s frames/s 3627 restarts 0
it 541 steps 1107968 games 490 recent30 521025 ballmean 255185 balllen 897 nudges/ball 52.07 tilts/ball 0.04 stuckdec 0 ent 0.254 rollout 2.2s elapsed 1381s frames/s 3628 restarts 0
it 542 steps 1110016 games 492 recent30 598792 ballmean 255741 balllen 895 nudges/ball 52.05 tilts/ball 0.04 stuckdec 0 ent 0.278 rollout 2.4s elapsed 1384s frames/s 3629 restarts 0
it 543 steps 1112064 games 492 recent30 598792 ballmean 255655 balllen 895 nudges/ball 52.05 tilts/ball 0.04 stuckdec 0 ent 0.261 rollout 2.4s elapsed 1386s frames/s 3628 restarts 0
it 544 steps 1114112 games 492 recent30 598792 ballmean 255655 balllen 895 nudges/ball 52.05 tilts/ball 0.04 stuckdec 0 ent 0.235 rollout 2.6s elapsed 1389s frames/s 3627 restarts 0
