t    0.0m it 1 eps 72 ret   -3.97 len    39.2 score/decision  0.056 deaths/1k   0.55 behind%   0.0
t    0.6m it 16 eps 584 ret   -3.10 len   440.6 score/decision  0.107 deaths/1k   0.30 behind%   0.4
t    1.1m it 30 eps 2013 ret    5.55 len  1376.8 score/decision  0.139 deaths/1k   0.27 behind%   1.1
t    1.6m it 43 eps 752 ret    1.31 len   991.5 score/decision  0.130 deaths/1k   0.27 behind%   0.7
t    2.1m it 55 eps 1726 ret    5.20 len  1356.8 score/decision  0.129 deaths/1k   0.28 behind%   1.0
t    2.7m it 67 eps 853 ret    2.37 len  1120.2 score/decision  0.124 deaths/1k   0.26 behind%   0.7
t    3.2m it 78 eps 1428 ret    4.92 len  1369.7 score/decision  0.138 deaths/1k   0.25 behind%   0.9
t    3.7m it 90 eps 1075 ret    3.29 len  1147.0 score/decision  0.122 deaths/1k   0.30 behind%   0.7
t    4.3m it 103 eps 1415 ret    4.65 len  1331.6 score/decision  0.135 deaths/1k   0.24 behind%   1.0
t    4.8m it 117 eps 1250 ret    4.57 len  1265.4 score/decision  0.128 deaths/1k   0.23 behind%   0.9
t    5.3m it 128 eps 1215 ret    4.97 len  1354.0 score/decision  0.135 deaths/1k   0.22 behind%   1.0
t    5.8m it 139 eps 1019 ret    4.43 len  1287.4 score/decision  0.124 deaths/1k   0.22 behind%   0.8
t    6.3m it 149 eps 825 ret    4.71 len  1322.8 score/decision  0.136 deaths/1k   0.20 behind%   0.9
t    6.9m it 159 eps 1116 ret    5.30 len  1392.3 score/decision  0.131 deaths/1k   0.19 behind%   0.8
t    7.4m it 169 eps 892 ret    5.33 len  1361.4 score/decision  0.137 deaths/1k   0.18 behind%   0.9
t    7.9m it 179 eps 1024 ret    5.87 len  1396.1 score/decision  0.139 deaths/1k   0.17 behind%   0.9
t    8.4m it 189 eps 916 ret    5.38 len  1348.7 score/decision  0.138 deaths/1k   0.17 behind%   0.9
t    9.0m it 199 eps 910 ret    5.19 len  1329.7 score/decision  0.134 deaths/1k   0.21 behind%   0.9
t    9.5m it 210 eps 1139 ret    5.48 len  1381.8 score/decision  0.132 deaths/1k   0.18 behind%   0.8
t   10.0m it 220 eps 925 ret    5.51 len  1379.8 score/decision  0.136 deaths/1k   0.18 behind%   0.8
t   10.6m it 230 eps 982 ret    5.63 len  1377.8 score/decision  0.139 deaths/1k   0.17 behind%   0.8
t   11.1m it 241 eps 1025 ret    5.66 len  1377.7 score/decision  0.136 deaths/1k   0.17 behind%   0.9
t   11.6m it 251 eps 937 ret    5.87 len  1398.5 score/decision  0.145 deaths/1k   0.16 behind%   1.0
t   12.1m it 261 eps 907 ret    6.19 len  1407.4 score/decision  0.137 deaths/1k   0.14 behind%   1.0
t   12.6m it 273 eps 1105 ret    6.18 len  1400.1 score/decision  0.138 deaths/1k   0.16 behind%   0.9
t   13.2m it 287 eps 1303 ret    5.92 len  1416.7 score/decision  0.136 deaths/1k   0.14 behind%   0.9
t   13.7m it 301 eps 1319 ret    6.04 len  1427.4 score/decision  0.136 deaths/1k   0.14 behind%   0.9
t   14.2m it 315 eps 1273 ret    5.71 len  1413.2 score/decision  0.135 deaths/1k   0.14 behind%   0.8
t   14.8m it 329 eps 1325 ret    6.08 len  1417.2 score/decision  0.136 deaths/1k   0.14 behind%   0.8
t   15.3m it 343 eps 1277 ret    5.83 len  1411.2 score/decision  0.138 deaths/1k   0.14 behind%   0.8
t   15.8m it 356 eps 1234 ret    5.74 len  1401.6 score/decision  0.137 deaths/1k   0.16 behind%   0.8
