t    0.0m it 1 eps 29 ret   -3.75 len    41.7 score/decision  0.060 deaths/1k   0.22 behind%   0.3
t    0.6m it 10 eps 188 ret   -2.54 len   333.0 score/decision  0.103 deaths/1k   0.16 behind%   1.5
t    1.1m it 19 eps 167 ret    2.60 len   816.3 score/decision  0.196 deaths/1k   0.14 behind%   2.5
t    1.6m it 31 eps 2003 ret   12.78 len  1472.4 score/decision  0.152 deaths/1k   0.16 behind%   2.1
t    2.1m it 43 eps 381 ret    6.38 len  1108.5 score/decision  0.159 deaths/1k   0.13 behind%   2.1
t    2.7m it 56 eps 1831 ret   11.94 len  1489.2 score/decision  0.152 deaths/1k   0.13 behind%   2.1
t    3.2m it 67 eps 473 ret    8.42 len  1240.9 score/decision  0.154 deaths/1k   0.13 behind%   2.1
t    3.7m it 78 eps 1588 ret   11.58 len  1493.9 score/decision  0.163 deaths/1k   0.13 behind%   2.4
t    4.2m it 88 eps 555 ret    9.60 len  1277.2 score/decision  0.139 deaths/1k   0.13 behind%   2.1
t    4.8m it 98 eps 447 ret   10.63 len  1379.8 score/decision  0.175 deaths/1k   0.10 behind%   2.5
t    5.3m it 108 eps 1548 ret   11.77 len  1466.9 score/decision  0.133 deaths/1k   0.15 behind%   2.2
t    5.8m it 118 eps 606 ret    9.74 len  1326.1 score/decision  0.147 deaths/1k   0.15 behind%   2.3
t    6.4m it 129 eps 1338 ret   10.93 len  1502.1 score/decision  0.149 deaths/1k   0.10 behind%   2.5
t    6.9m it 141 eps 800 ret   10.32 len  1367.2 score/decision  0.147 deaths/1k   0.12 behind%   2.2
t    7.4m it 153 eps 1343 ret   12.26 len  1498.2 score/decision  0.163 deaths/1k   0.11 behind%   2.4
t    7.9m it 164 eps 831 ret   10.66 len  1371.4 score/decision  0.140 deaths/1k   0.13 behind%   2.0
t    8.5m it 176 eps 1262 ret   10.50 len  1472.7 score/decision  0.157 deaths/1k   0.13 behind%   2.5
t    9.0m it 188 eps 939 ret   10.82 len  1393.1 score/decision  0.142 deaths/1k   0.13 behind%   2.0
t    9.5m it 199 eps 754 ret   10.13 len  1404.7 score/decision  0.163 deaths/1k   0.12 behind%   2.2
t   10.1m it 211 eps 1368 ret   11.64 len  1454.5 score/decision  0.144 deaths/1k   0.13 behind%   2.3
t   10.6m it 222 eps 812 ret   10.91 len  1415.6 score/decision  0.159 deaths/1k   0.12 behind%   2.2
t   11.1m it 234 eps 1304 ret   11.40 len  1462.8 score/decision  0.147 deaths/1k   0.12 behind%   2.1
t   11.6m it 245 eps 869 ret   10.37 len  1400.2 score/decision  0.155 deaths/1k   0.12 behind%   2.1
t   12.1m it 256 eps 1125 ret   11.27 len  1480.9 score/decision  0.152 deaths/1k   0.11 behind%   2.1
t   12.6m it 268 eps 993 ret   10.86 len  1416.4 score/decision  0.155 deaths/1k   0.13 behind%   2.4
