t    0.1m it 1 eps 0 ret    0.00 len     0.0 score/decision  0.066 deaths/1k   0.00 behind%   2.0
t    0.6m it 8 eps 0 ret    0.00 len     0.0 score/decision  0.143 deaths/1k   0.00 behind%   3.7
t    1.1m it 13 eps 2048 ret   15.90 len  1600.0 score/decision  0.199 deaths/1k   0.00 behind%   3.9
t    1.7m it 20 eps 0 ret    0.00 len     0.0 score/decision  0.137 deaths/1k   0.00 behind%   4.2
t    2.2m it 25 eps 2048 ret   18.34 len  1600.0 score/decision  0.206 deaths/1k   0.00 behind%   7.1
t    2.8m it 31 eps 0 ret    0.00 len     0.0 score/decision  0.116 deaths/1k   0.00 behind%   5.2
t    3.3m it 38 eps 2048 ret   21.93 len  1600.0 score/decision  0.184 deaths/1k   0.00 behind%   9.3
t    3.8m it 47 eps 0 ret    0.00 len     0.0 score/decision  0.158 deaths/1k   0.00 behind%   9.4
t    4.4m it 56 eps 2048 ret   27.29 len  1600.0 score/decision  0.186 deaths/1k   0.00 behind%  10.6
t    4.9m it 62 eps 0 ret    0.00 len     0.0 score/decision  0.261 deaths/1k   0.00 behind%  14.8
t    5.4m it 71 eps 2048 ret   33.20 len  1600.0 score/decision  0.172 deaths/1k   0.00 behind%  11.2
t    5.9m it 80 eps 2048 ret   32.67 len  1600.0 score/decision  0.195 deaths/1k   0.00 behind%  12.3
t    6.5m it 87 eps 0 ret    0.00 len     0.0 score/decision  0.287 deaths/1k   0.00 behind%  16.4
t    7.0m it 95 eps 2048 ret   37.41 len  1600.0 score/decision  0.168 deaths/1k   0.00 behind%  12.1
t    7.5m it 105 eps 2048 ret   35.84 len  1600.0 score/decision  0.205 deaths/1k   0.00 behind%  13.9
t    8.1m it 112 eps 0 ret    0.00 len     0.0 score/decision  0.309 deaths/1k   0.00 behind%  17.5
t    8.6m it 121 eps 2048 ret   39.84 len  1600.0 score/decision  0.220 deaths/1k   0.00 behind%  13.9
t    9.1m it 128 eps 2048 ret   40.85 len  1600.0 score/decision  0.220 deaths/1k   0.00 behind%  12.6
t    9.7m it 137 eps 0 ret    0.00 len     0.0 score/decision  0.245 deaths/1k   0.00 behind%  18.9
t   10.2m it 146 eps 2048 ret   39.35 len  1600.0 score/decision  0.247 deaths/1k   0.00 behind%  14.8
t   10.7m it 151 eps 2048 ret   43.33 len  1600.0 score/decision  0.288 deaths/1k   0.00 behind%  13.8
t   11.3m it 160 eps 0 ret    0.00 len     0.0 score/decision  0.214 deaths/1k   0.00 behind%  17.1
t   11.8m it 168 eps 2048 ret   40.98 len  1600.0 score/decision  0.194 deaths/1k   0.00 behind%  14.5
t   12.3m it 176 eps 2048 ret   41.79 len  1600.0 score/decision  0.262 deaths/1k   0.00 behind%  17.9
t   12.8m it 185 eps 0 ret    0.00 len     0.0 score/decision  0.246 deaths/1k   0.00 behind%  16.9
t   13.4m it 193 eps 2048 ret   42.55 len  1600.0 score/decision  0.214 deaths/1k   0.00 behind%  14.0
t   13.9m it 200 eps 2048 ret   42.19 len  1600.0 score/decision  0.290 deaths/1k   0.00 behind%  20.0
t   14.4m it 210 eps 0 ret    0.00 len     0.0 score/decision  0.203 deaths/1k   0.00 behind%  16.4
t   14.9m it 219 eps 2048 ret   42.54 len  1600.0 score/decision  0.223 deaths/1k   0.00 behind%  16.2
t   15.4m it 226 eps 2048 ret   44.09 len  1600.0 score/decision  0.285 deaths/1k   0.00 behind%  16.9
t   16.0m it 236 eps 0 ret    0.00 len     0.0 score/decision  0.247 deaths/1k   0.00 behind%  18.7
t   16.6m it 245 eps 2048 ret   44.62 len  1600.0 score/decision  0.224 deaths/1k   0.00 behind%  16.0
t   17.1m it 251 eps 2048 ret   43.84 len  1600.0 score/decision  0.269 deaths/1k   0.00 behind%  16.8
t   17.7m it 260 eps 0 ret    0.00 len     0.0 score/decision  0.281 deaths/1k   0.00 behind%  18.0
t   18.2m it 267 eps 2048 ret   45.76 len  1600.0 score/decision  0.209 deaths/1k   0.00 behind%  13.2
t   18.8m it 275 eps 2048 ret   44.31 len  1600.0 score/decision  0.271 deaths/1k   0.00 behind%  22.4
t   19.3m it 284 eps 0 ret    0.00 len     0.0 score/decision  0.231 deaths/1k   0.00 behind%  16.7
t   19.9m it 290 eps 2048 ret   45.79 len  1600.0 score/decision  0.228 deaths/1k   0.00 behind%  14.2
t   20.4m it 299 eps 0 ret    0.00 len     0.0 score/decision  0.264 deaths/1k   0.00 behind%  21.0
t   21.0m it 308 eps 2048 ret   44.56 len  1600.0 score/decision  0.268 deaths/1k   0.00 behind%  16.7
t   21.5m it 314 eps 2048 ret   47.88 len  1600.0 score/decision  0.286 deaths/1k   0.00 behind%  14.7
t   22.0m it 323 eps 0 ret    0.00 len     0.0 score/decision  0.258 deaths/1k   0.00 behind%  19.8
t   22.6m it 331 eps 2048 ret   45.44 len  1600.0 score/decision  0.231 deaths/1k   0.00 behind%  16.2
t   23.1m it 337 eps 0 ret    0.00 len     0.0 score/decision  0.330 deaths/1k   0.00 behind%  21.2
t   23.7m it 345 eps 2048 ret   47.51 len  1600.0 score/decision  0.241 deaths/1k   0.00 behind%  16.3
t   24.2m it 350 eps 2048 ret   46.95 len  1600.0 score/decision  0.337 deaths/1k   0.00 behind%  19.3
t   24.7m it 358 eps 0 ret    0.00 len     0.0 score/decision  0.240 deaths/1k   0.00 behind%  16.5
t   25.3m it 363 eps 2048 ret   47.25 len  1600.0 score/decision  0.309 deaths/1k   0.00 behind%  17.8
t   25.8m it 372 eps 0 ret    0.00 len     0.0 score/decision  0.225 deaths/1k   0.00 behind%  18.8
t   26.4m it 380 eps 2048 ret   45.99 len  1600.0 score/decision  0.221 deaths/1k   0.00 behind%  16.6
t   27.0m it 387 eps 0 ret    0.00 len     0.0 score/decision  0.316 deaths/1k   0.00 behind%  21.8
t   27.5m it 395 eps 2048 ret   47.29 len  1600.0 score/decision  0.248 deaths/1k   0.00 behind%  16.7
t   28.1m it 400 eps 2048 ret   48.33 len  1600.0 score/decision  0.350 deaths/1k   0.00 behind%  19.8
t   28.6m it 409 eps 0 ret    0.00 len     0.0 score/decision  0.220 deaths/1k   0.00 behind%  17.4
t   29.1m it 416 eps 2048 ret   46.17 len  1600.0 score/decision  0.220 deaths/1k   0.00 behind%  15.2
t   29.7m it 423 eps 0 ret    0.00 len     0.0 score/decision  0.315 deaths/1k   0.00 behind%  22.0
t   30.2m it 430 eps 2048 ret   47.18 len  1600.0 score/decision  0.214 deaths/1k   0.00 behind%  14.9
t   30.8m it 437 eps 0 ret    0.00 len     0.0 score/decision  0.307 deaths/1k   0.00 behind%  22.0
t   31.3m it 446 eps 2048 ret   46.55 len  1600.0 score/decision  0.215 deaths/1k   0.00 behind%  17.5
t   31.8m it 453 eps 2048 ret   46.63 len  1600.0 score/decision  0.232 deaths/1k   0.00 behind%  16.3
t   32.4m it 460 eps 0 ret    0.00 len     0.0 score/decision  0.351 deaths/1k   0.00 behind%  21.5
t   33.0m it 466 eps 2048 ret   49.18 len  1600.0 score/decision  0.237 deaths/1k   0.00 behind%  13.3
t   33.6m it 473 eps 0 ret    0.00 len     0.0 score/decision  0.343 deaths/1k   0.00 behind%  22.1
t   34.1m it 480 eps 2048 ret   49.29 len  1600.0 score/decision  0.226 deaths/1k   0.00 behind%  15.3
t   34.7m it 487 eps 0 ret    0.00 len     0.0 score/decision  0.320 deaths/1k   0.00 behind%  22.4
t   35.2m it 496 eps 2048 ret   48.38 len  1600.0 score/decision  0.228 deaths/1k   0.00 behind%  17.7
t   35.8m it 503 eps 2048 ret   47.61 len  1600.0 score/decision  0.236 deaths/1k   0.00 behind%  15.9
t   36.3m it 511 eps 0 ret    0.00 len     0.0 score/decision  0.316 deaths/1k   0.00 behind%  22.3
t   36.8m it 521 eps 2048 ret   48.44 len  1600.0 score/decision  0.237 deaths/1k   0.00 behind%  18.0
t   37.4m it 530 eps 2048 ret   47.31 len  1600.0 score/decision  0.224 deaths/1k   0.00 behind%  16.9
t   37.9m it 540 eps 2048 ret   47.56 len  1600.0 score/decision  0.249 deaths/1k   0.00 behind%  19.6
t   38.4m it 548 eps 0 ret    0.00 len     0.0 score/decision  0.336 deaths/1k   0.00 behind%  21.5
t   39.0m it 557 eps 2048 ret   49.41 len  1600.0 score/decision  0.256 deaths/1k   0.00 behind%  17.1
t   39.5m it 563 eps 2048 ret   48.95 len  1600.0 score/decision  0.321 deaths/1k   0.00 behind%  19.1
t   40.1m it 572 eps 0 ret    0.00 len     0.0 score/decision  0.307 deaths/1k   0.00 behind%  19.1
t   40.6m it 580 eps 2048 ret   50.62 len  1600.0 score/decision  0.238 deaths/1k   0.00 behind%  15.3
t   41.1m it 586 eps 0 ret    0.00 len     0.0 score/decision  0.323 deaths/1k   0.00 behind%  22.4
t   41.6m it 594 eps 2048 ret   47.72 len  1600.0 score/decision  0.262 deaths/1k   0.00 behind%  17.0
t   42.3m it 600 eps 2048 ret   50.08 len  1600.0 score/decision  0.365 deaths/1k   0.00 behind%  19.9
t   42.8m it 610 eps 0 ret    0.00 len     0.0 score/decision  0.249 deaths/1k   0.00 behind%  18.4
t   43.4m it 619 eps 2048 ret   48.23 len  1600.0 score/decision  0.267 deaths/1k   0.00 behind%  17.5
t   43.9m it 625 eps 2048 ret   50.28 len  1600.0 score/decision  0.363 deaths/1k   0.00 behind%  20.3
t   44.5m it 634 eps 0 ret    0.00 len     0.0 score/decision  0.285 deaths/1k   0.00 behind%  18.1
t   45.0m it 640 eps 2048 ret   50.65 len  1600.0 score/decision  0.250 deaths/1k   0.00 behind%  13.5
t   45.5m it 649 eps 0 ret    0.00 len     0.0 score/decision  0.279 deaths/1k   0.00 behind%  23.0
t   46.1m it 658 eps 2048 ret   48.02 len  1600.0 score/decision  0.283 deaths/1k   0.00 behind%  18.3
t   46.6m it 664 eps 2048 ret   51.21 len  1600.0 score/decision  0.289 deaths/1k   0.00 behind%  15.6
t   47.1m it 673 eps 0 ret    0.00 len     0.0 score/decision  0.269 deaths/1k   0.00 behind%  21.4
t   47.7m it 681 eps 2048 ret   48.44 len  1600.0 score/decision  0.233 deaths/1k   0.00 behind%  17.1
t   48.2m it 688 eps 2048 ret   48.77 len  1600.0 score/decision  0.307 deaths/1k   0.00 behind%  20.6
t   48.8m it 698 eps 0 ret    0.00 len     0.0 score/decision  0.262 deaths/1k   0.00 behind%  19.6
t   49.3m it 707 eps 2048 ret   48.63 len  1600.0 score/decision  0.255 deaths/1k   0.00 behind%  17.7
t   49.8m it 713 eps 2048 ret   49.96 len  1600.0 score/decision  0.325 deaths/1k   0.00 behind%  19.7
t   50.3m it 722 eps 0 ret    0.00 len     0.0 score/decision  0.290 deaths/1k   0.00 behind%  19.1
t   50.8m it 729 eps 2048 ret   50.23 len  1600.0 score/decision  0.242 deaths/1k   0.00 behind%  14.9
t   51.4m it 737 eps 0 ret    0.00 len     0.0 score/decision  0.318 deaths/1k   0.00 behind%  22.6
t   51.9m it 746 eps 2048 ret   48.83 len  1600.0 score/decision  0.243 deaths/1k   0.00 behind%  18.4
t   52.5m it 754 eps 2048 ret   49.40 len  1600.0 score/decision  0.256 deaths/1k   0.00 behind%  16.9
t   53.0m it 760 eps 0 ret    0.00 len     0.0 score/decision  0.365 deaths/1k   0.00 behind%  22.5
t   53.5m it 766 eps 2048 ret   51.02 len  1600.0 score/decision  0.241 deaths/1k   0.00 behind%  14.1
t   54.1m it 773 eps 0 ret    0.00 len     0.0 score/decision  0.337 deaths/1k   0.00 behind%  22.3
t   54.6m it 782 eps 2048 ret   49.50 len  1600.0 score/decision  0.235 deaths/1k   0.00 behind%  17.7
t   55.1m it 790 eps 2048 ret   48.97 len  1600.0 score/decision  0.250 deaths/1k   0.00 behind%  18.1
t   55.6m it 798 eps 0 ret    0.00 len     0.0 score/decision  0.342 deaths/1k   0.00 behind%  21.9
t   56.1m it 806 eps 2048 ret   50.58 len  1600.0 score/decision  0.247 deaths/1k   0.00 behind%  16.7
t   56.6m it 812 eps 0 ret    0.00 len     0.0 score/decision  0.345 deaths/1k   0.00 behind%  21.5
t   57.2m it 822 eps 2048 ret   49.28 len  1600.0 score/decision  0.255 deaths/1k   0.00 behind%  18.5
t   57.7m it 830 eps 2048 ret   49.11 len  1600.0 score/decision  0.234 deaths/1k   0.00 behind%  16.5
t   58.2m it 837 eps 0 ret    0.00 len     0.0 score/decision  0.315 deaths/1k   0.00 behind%  22.8
t   58.8m it 847 eps 2048 ret   48.54 len  1600.0 score/decision  0.244 deaths/1k   0.00 behind%  19.1
t   59.3m it 855 eps 2048 ret   49.18 len  1600.0 score/decision  0.222 deaths/1k   0.00 behind%  16.8
t   59.8m it 863 eps 2048 ret   47.96 len  1600.0 score/decision  0.278 deaths/1k   0.00 behind%  22.2
t   60.4m it 872 eps 0 ret    0.00 len     0.0 score/decision  0.299 deaths/1k   0.00 behind%  19.6
t   60.9m it 877 eps 2048 ret   51.35 len  1600.0 score/decision  0.257 deaths/1k   0.00 behind%  13.6
t   61.5m it 885 eps 0 ret    0.00 len     0.0 score/decision  0.325 deaths/1k   0.00 behind%  22.0
t   62.0m it 892 eps 2048 ret   50.56 len  1600.0 score/decision  0.233 deaths/1k   0.00 behind%  15.6
t   62.6m it 899 eps 0 ret    0.00 len     0.0 score/decision  0.326 deaths/1k   0.00 behind%  22.7
t   63.2m it 908 eps 2048 ret   49.37 len  1600.0 score/decision  0.229 deaths/1k   0.00 behind%  18.2
t   63.7m it 915 eps 2048 ret   48.71 len  1600.0 score/decision  0.238 deaths/1k   0.00 behind%  17.0
t   64.3m it 924 eps 0 ret    0.00 len     0.0 score/decision  0.303 deaths/1k   0.00 behind%  22.1
t   64.8m it 933 eps 2048 ret   48.46 len  1600.0 score/decision  0.247 deaths/1k   0.00 behind%  18.0
t   65.3m it 938 eps 2048 ret   49.26 len  1600.0 score/decision  0.305 deaths/1k   0.00 behind%  19.5
t   65.9m it 948 eps 0 ret    0.00 len     0.0 score/decision  0.244 deaths/1k   0.00 behind%  20.5
t   66.4m it 958 eps 2048 ret   48.94 len  1600.0 score/decision  0.241 deaths/1k   0.00 behind%  19.2
t   67.0m it 966 eps 2048 ret   49.23 len  1600.0 score/decision  0.246 deaths/1k   0.00 behind%  17.1
t   67.6m it 974 eps 0 ret    0.00 len     0.0 score/decision  0.345 deaths/1k   0.00 behind%  22.3
t   68.1m it 982 eps 2048 ret   50.31 len  1600.0 score/decision  0.245 deaths/1k   0.00 behind%  17.5
t   68.6m it 987 eps 0 ret    0.00 len     0.0 score/decision  0.341 deaths/1k   0.00 behind%  21.2
t   69.1m it 996 eps 2048 ret   49.70 len  1600.0 score/decision  0.225 deaths/1k   0.00 behind%  18.9
t   69.6m it 1003 eps 2048 ret   49.06 len  1600.0 score/decision  0.227 deaths/1k   0.00 behind%  17.0
t   70.1m it 1010 eps 0 ret    0.00 len     0.0 score/decision  0.328 deaths/1k   0.00 behind%  23.0
t   70.6m it 1016 eps 2048 ret   50.02 len  1600.0 score/decision  0.239 deaths/1k   0.00 behind%  14.6
t   71.3m it 1023 eps 0 ret    0.00 len     0.0 score/decision  0.361 deaths/1k   0.00 behind%  22.7
t   71.8m it 1030 eps 2048 ret   51.27 len  1600.0 score/decision  0.257 deaths/1k   0.00 behind%  16.1
t   72.3m it 1035 eps 0 ret    0.00 len     0.0 score/decision  0.382 deaths/1k   0.00 behind%  22.0
t   72.8m it 1041 eps 2048 ret   51.46 len  1600.0 score/decision  0.234 deaths/1k   0.00 behind%  13.8
t   73.3m it 1049 eps 0 ret    0.00 len     0.0 score/decision  0.329 deaths/1k   0.00 behind%  22.5
t   73.9m it 1059 eps 2048 ret   49.61 len  1600.0 score/decision  0.249 deaths/1k   0.00 behind%  19.1
t   74.4m it 1066 eps 2048 ret   50.03 len  1600.0 score/decision  0.231 deaths/1k   0.00 behind%  16.2
t   75.0m it 1074 eps 0 ret    0.00 len     0.0 score/decision  0.298 deaths/1k   0.00 behind%  24.8
t   75.5m it 1083 eps 2048 ret   50.03 len  1600.0 score/decision  0.233 deaths/1k   0.00 behind%  18.9
t   76.0m it 1089 eps 2048 ret   49.94 len  1600.0 score/decision  0.262 deaths/1k   0.00 behind%  18.3
t   76.6m it 1098 eps 0 ret    0.00 len     0.0 score/decision  0.277 deaths/1k   0.00 behind%  21.7
t   77.1m it 1106 eps 2048 ret   49.17 len  1600.0 score/decision  0.226 deaths/1k   0.00 behind%  17.4
t   77.7m it 1113 eps 2048 ret   49.43 len  1600.0 score/decision  0.296 deaths/1k   0.00 behind%  21.9
t   78.3m it 1123 eps 0 ret    0.00 len     0.0 score/decision  0.260 deaths/1k   0.00 behind%  20.4
t   78.8m it 1131 eps 2048 ret   49.66 len  1600.0 score/decision  0.260 deaths/1k   0.00 behind%  17.6
t   79.3m it 1136 eps 0 ret    0.00 len     0.0 score/decision  0.381 deaths/1k   0.00 behind%  20.9
t   79.9m it 1144 eps 2048 ret   51.15 len  1600.0 score/decision  0.277 deaths/1k   0.00 behind%  17.4
