t    0.1m it 1 eps 0 ret    0.00 len     0.0 score/decision  0.078 deaths/1k   0.00 behind%   3.0
t    0.6m it 9 eps 0 ret    0.00 len     0.0 score/decision  0.304 deaths/1k   0.00 behind%  20.2
t    1.1m it 13 eps 2048 ret   50.73 len  1600.0 score/decision  0.321 deaths/1k   0.00 behind%  17.0
t    1.7m it 21 eps 0 ret    0.00 len     0.0 score/decision  0.305 deaths/1k   0.00 behind%  19.5
t    2.3m it 25 eps 2048 ret   52.02 len  1600.0 score/decision  0.364 deaths/1k   0.00 behind%  19.4
t    2.8m it 34 eps 0 ret    0.00 len     0.0 score/decision  0.233 deaths/1k   0.00 behind%  18.2
t    3.3m it 40 eps 2048 ret   48.53 len  1600.0 score/decision  0.236 deaths/1k   0.00 behind%  15.3
t    3.9m it 48 eps 0 ret    0.00 len     0.0 score/decision  0.311 deaths/1k   0.00 behind%  22.2
t    4.4m it 57 eps 2048 ret   48.76 len  1600.0 score/decision  0.252 deaths/1k   0.00 behind%  17.7
t    4.9m it 64 eps 2048 ret   49.92 len  1600.0 score/decision  0.291 deaths/1k   0.00 behind%  17.8
t    5.5m it 73 eps 0 ret    0.00 len     0.0 score/decision  0.328 deaths/1k   0.00 behind%  21.1
t    6.0m it 81 eps 2048 ret   51.33 len  1600.0 score/decision  0.230 deaths/1k   0.00 behind%  16.5
t    6.6m it 89 eps 2048 ret   48.74 len  1600.0 score/decision  0.267 deaths/1k   0.00 behind%  19.9
t    7.1m it 99 eps 0 ret    0.00 len     0.0 score/decision  0.270 deaths/1k   0.00 behind%  21.8
t    7.7m it 108 eps 2048 ret   48.75 len  1600.0 score/decision  0.276 deaths/1k   0.00 behind%  18.0
t    8.2m it 114 eps 2048 ret   50.25 len  1600.0 score/decision  0.292 deaths/1k   0.00 behind%  15.6
t    8.8m it 124 eps 0 ret    0.00 len     0.0 score/decision  0.269 deaths/1k   0.00 behind%  22.3
t    9.3m it 132 eps 2048 ret   49.29 len  1600.0 score/decision  0.270 deaths/1k   0.00 behind%  17.9
t    9.8m it 136 eps 0 ret    0.00 len     0.0 score/decision  0.378 deaths/1k   0.00 behind%  20.3
t   10.3m it 143 eps 2048 ret   51.16 len  1600.0 score/decision  0.217 deaths/1k   0.00 behind%  15.8
t   10.8m it 150 eps 2048 ret   49.47 len  1600.0 score/decision  0.314 deaths/1k   0.00 behind%  23.6
t   11.4m it 159 eps 0 ret    0.00 len     0.0 score/decision  0.291 deaths/1k   0.00 behind%  18.3
t   11.9m it 166 eps 2048 ret   51.47 len  1600.0 score/decision  0.247 deaths/1k   0.00 behind%  14.8
t   12.4m it 174 eps 0 ret    0.00 len     0.0 score/decision  0.293 deaths/1k   0.00 behind%  23.8
t   12.9m it 183 eps 2048 ret   49.04 len  1600.0 score/decision  0.222 deaths/1k   0.00 behind%  18.6
t   13.5m it 190 eps 2048 ret   48.57 len  1600.0 score/decision  0.235 deaths/1k   0.00 behind%  17.7
t   14.0m it 197 eps 0 ret    0.00 len     0.0 score/decision  0.318 deaths/1k   0.00 behind%  23.0
t   14.5m it 203 eps 2048 ret   50.85 len  1600.0 score/decision  0.244 deaths/1k   0.00 behind%  14.9
t   15.1m it 211 eps 0 ret    0.00 len     0.0 score/decision  0.328 deaths/1k   0.00 behind%  23.1
t   15.6m it 220 eps 2048 ret   50.79 len  1600.0 score/decision  0.275 deaths/1k   0.00 behind%  18.5
t   16.1m it 225 eps 2048 ret   51.70 len  1600.0 score/decision  0.355 deaths/1k   0.00 behind%  20.9
t   16.7m it 235 eps 0 ret    0.00 len     0.0 score/decision  0.239 deaths/1k   0.00 behind%  19.5
t   17.2m it 245 eps 2048 ret   49.65 len  1600.0 score/decision  0.235 deaths/1k   0.00 behind%  19.2
t   17.7m it 253 eps 2048 ret   49.90 len  1600.0 score/decision  0.239 deaths/1k   0.00 behind%  18.5
t   18.2m it 261 eps 0 ret    0.00 len     0.0 score/decision  0.309 deaths/1k   0.00 behind%  23.2
t   18.8m it 270 eps 2048 ret   49.76 len  1600.0 score/decision  0.271 deaths/1k   0.00 behind%  18.1
t   19.4m it 275 eps 2048 ret   50.94 len  1600.0 score/decision  0.369 deaths/1k   0.00 behind%  20.1
t   19.9m it 285 eps 0 ret    0.00 len     0.0 score/decision  0.240 deaths/1k   0.00 behind%  19.9
t   20.5m it 294 eps 2048 ret   50.33 len  1600.0 score/decision  0.240 deaths/1k   0.00 behind%  18.7
t   21.0m it 300 eps 2048 ret   50.17 len  1600.0 score/decision  0.330 deaths/1k   0.00 behind%  22.6
t   21.5m it 310 eps 0 ret    0.00 len     0.0 score/decision  0.235 deaths/1k   0.00 behind%  19.6
t   22.0m it 318 eps 2048 ret   49.52 len  1600.0 score/decision  0.246 deaths/1k   0.00 behind%  18.2
t   22.7m it 324 eps 0 ret    0.00 len     0.0 score/decision  0.367 deaths/1k   0.00 behind%  22.1
t   23.2m it 333 eps 2048 ret   51.62 len  1600.0 score/decision  0.294 deaths/1k   0.00 behind%  18.3
t   23.7m it 338 eps 2048 ret   52.51 len  1600.0 score/decision  0.345 deaths/1k   0.00 behind%  18.0
t   24.3m it 348 eps 0 ret    0.00 len     0.0 score/decision  0.247 deaths/1k   0.00 behind%  21.0
t   24.8m it 357 eps 2048 ret   50.01 len  1600.0 score/decision  0.252 deaths/1k   0.00 behind%  18.6
t   25.3m it 363 eps 2048 ret   50.68 len  1600.0 score/decision  0.328 deaths/1k   0.00 behind%  20.0
t   25.9m it 372 eps 0 ret    0.00 len     0.0 score/decision  0.320 deaths/1k   0.00 behind%  19.8
t   26.4m it 380 eps 2048 ret   52.78 len  1600.0 score/decision  0.280 deaths/1k   0.00 behind%  16.6
t   27.0m it 386 eps 0 ret    0.00 len     0.0 score/decision  0.387 deaths/1k   0.00 behind%  22.0
t   27.5m it 395 eps 2048 ret   52.94 len  1600.0 score/decision  0.290 deaths/1k   0.00 behind%  18.4
t   28.0m it 401 eps 2048 ret   52.50 len  1600.0 score/decision  0.322 deaths/1k   0.00 behind%  17.5
t   28.6m it 410 eps 0 ret    0.00 len     0.0 score/decision  0.324 deaths/1k   0.00 behind%  20.8
t   29.2m it 419 eps 2048 ret   52.23 len  1600.0 score/decision  0.247 deaths/1k   0.00 behind%  17.5
t   29.7m it 427 eps 2048 ret   50.21 len  1600.0 score/decision  0.272 deaths/1k   0.00 behind%  18.9
t   30.3m it 437 eps 0 ret    0.00 len     0.0 score/decision  0.278 deaths/1k   0.00 behind%  23.3
t   30.8m it 447 eps 2048 ret   50.03 len  1600.0 score/decision  0.249 deaths/1k   0.00 behind%  19.5
t   31.3m it 456 eps 2048 ret   50.39 len  1600.0 score/decision  0.250 deaths/1k   0.00 behind%  18.2
t   31.8m it 463 eps 2048 ret   50.24 len  1600.0 score/decision  0.318 deaths/1k   0.00 behind%  21.0
t   32.4m it 474 eps 0 ret    0.00 len     0.0 score/decision  0.258 deaths/1k   0.00 behind%  21.2
t   33.0m it 484 eps 2048 ret   50.47 len  1600.0 score/decision  0.277 deaths/1k   0.00 behind%  18.9
t   33.5m it 492 eps 2048 ret   50.97 len  1600.0 score/decision  0.282 deaths/1k   0.00 behind%  17.0
t   34.1m it 499 eps 0 ret    0.00 len     0.0 score/decision  0.394 deaths/1k   0.00 behind%  22.3
t   34.6m it 509 eps 2048 ret   54.09 len  1600.0 score/decision  0.244 deaths/1k   0.00 behind%  19.4
t   35.1m it 518 eps 2048 ret   50.34 len  1600.0 score/decision  0.232 deaths/1k   0.00 behind%  18.9
t   35.6m it 527 eps 2048 ret   51.42 len  1600.0 score/decision  0.267 deaths/1k   0.00 behind%  20.9
t   36.2m it 536 eps 0 ret    0.00 len     0.0 score/decision  0.326 deaths/1k   0.00 behind%  22.2
t   36.7m it 546 eps 2048 ret   51.30 len  1600.0 score/decision  0.251 deaths/1k   0.00 behind%  19.5
t   37.2m it 554 eps 2048 ret   51.04 len  1600.0 score/decision  0.254 deaths/1k   0.00 behind%  17.9
t   37.7m it 561 eps 0 ret    0.00 len     0.0 score/decision  0.375 deaths/1k   0.00 behind%  22.6
t   38.3m it 570 eps 2048 ret   52.44 len  1600.0 score/decision  0.239 deaths/1k   0.00 behind%  18.8
t   38.8m it 578 eps 2048 ret   51.12 len  1600.0 score/decision  0.250 deaths/1k   0.00 behind%  18.9
t   39.3m it 586 eps 0 ret    0.00 len     0.0 score/decision  0.329 deaths/1k   0.00 behind%  23.3
t   39.8m it 595 eps 2048 ret   51.59 len  1600.0 score/decision  0.291 deaths/1k   0.00 behind%  18.7
t   40.4m it 600 eps 2048 ret   53.37 len  1600.0 score/decision  0.387 deaths/1k   0.00 behind%  20.6
t   41.0m it 609 eps 0 ret    0.00 len     0.0 score/decision  0.270 deaths/1k   0.00 behind%  19.1
t   41.5m it 614 eps 2048 ret   51.94 len  1600.0 score/decision  0.276 deaths/1k   0.00 behind%  16.6
t   42.1m it 623 eps 0 ret    0.00 len     0.0 score/decision  0.304 deaths/1k   0.00 behind%  22.1
t   42.6m it 631 eps 2048 ret   51.57 len  1600.0 score/decision  0.234 deaths/1k   0.00 behind%  18.0
t   43.1m it 639 eps 2048 ret   51.26 len  1600.0 score/decision  0.271 deaths/1k   0.00 behind%  20.7
t   43.6m it 648 eps 0 ret    0.00 len     0.0 score/decision  0.290 deaths/1k   0.00 behind%  22.4
t   44.2m it 657 eps 2048 ret   51.39 len  1600.0 score/decision  0.267 deaths/1k   0.00 behind%  19.1
t   44.7m it 662 eps 0 ret    0.00 len     0.0 score/decision  0.353 deaths/1k   0.00 behind%  22.0
t   45.2m it 670 eps 2048 ret   52.07 len  1600.0 score/decision  0.287 deaths/1k   0.00 behind%  18.7
t   45.8m it 675 eps 2048 ret   53.88 len  1600.0 score/decision  0.387 deaths/1k   0.00 behind%  20.4
t   46.3m it 684 eps 0 ret    0.00 len     0.0 score/decision  0.282 deaths/1k   0.00 behind%  19.3
t   46.8m it 691 eps 2048 ret   52.85 len  1600.0 score/decision  0.264 deaths/1k   0.00 behind%  16.5
t   47.4m it 698 eps 0 ret    0.00 len     0.0 score/decision  0.370 deaths/1k   0.00 behind%  23.4
t   48.0m it 707 eps 2048 ret   53.35 len  1600.0 score/decision  0.246 deaths/1k   0.00 behind%  18.3
t   48.5m it 715 eps 2048 ret   51.12 len  1600.0 score/decision  0.261 deaths/1k   0.00 behind%  18.8
t   49.1m it 724 eps 0 ret    0.00 len     0.0 score/decision  0.287 deaths/1k   0.00 behind%  24.4
t   49.6m it 733 eps 2048 ret   50.98 len  1600.0 score/decision  0.255 deaths/1k   0.00 behind%  19.6
t   50.1m it 741 eps 2048 ret   52.50 len  1600.0 score/decision  0.262 deaths/1k   0.00 behind%  18.0
t   50.7m it 750 eps 2048 ret   52.44 len  1600.0 score/decision  0.308 deaths/1k   0.00 behind%  25.1
t   51.3m it 761 eps 0 ret    0.00 len     0.0 score/decision  0.251 deaths/1k   0.00 behind%  20.6
t   51.8m it 770 eps 2048 ret   51.38 len  1600.0 score/decision  0.295 deaths/1k   0.00 behind%  19.4
t   52.3m it 775 eps 2048 ret   54.47 len  1600.0 score/decision  0.388 deaths/1k   0.00 behind%  20.7
t   52.8m it 784 eps 0 ret    0.00 len     0.0 score/decision  0.299 deaths/1k   0.00 behind%  19.2
t   53.4m it 791 eps 2048 ret   53.71 len  1600.0 score/decision  0.263 deaths/1k   0.00 behind%  16.3
t   53.9m it 799 eps 0 ret    0.00 len     0.0 score/decision  0.345 deaths/1k   0.00 behind%  24.0
t   54.5m it 808 eps 2048 ret   53.13 len  1600.0 score/decision  0.292 deaths/1k   0.00 behind%  19.3
t   55.1m it 812 eps 0 ret    0.00 len     0.0 score/decision  0.371 deaths/1k   0.00 behind%  20.8
t   55.6m it 821 eps 2048 ret   53.75 len  1600.0 score/decision  0.245 deaths/1k   0.00 behind%  19.5
t   56.1m it 827 eps 2048 ret   51.85 len  1600.0 score/decision  0.263 deaths/1k   0.00 behind%  18.0
t   56.7m it 835 eps 0 ret    0.00 len     0.0 score/decision  0.334 deaths/1k   0.00 behind%  22.7
t   57.2m it 844 eps 2048 ret   52.91 len  1600.0 score/decision  0.271 deaths/1k   0.00 behind%  18.8
t   57.7m it 850 eps 2048 ret   53.58 len  1600.0 score/decision  0.370 deaths/1k   0.00 behind%  22.6
t   58.3m it 859 eps 0 ret    0.00 len     0.0 score/decision  0.294 deaths/1k   0.00 behind%  19.2
t   58.8m it 865 eps 2048 ret   53.26 len  1600.0 score/decision  0.271 deaths/1k   0.00 behind%  15.5
t   59.4m it 873 eps 0 ret    0.00 len     0.0 score/decision  0.341 deaths/1k   0.00 behind%  23.4
t   60.0m it 882 eps 2048 ret   53.47 len  1600.0 score/decision  0.255 deaths/1k   0.00 behind%  19.0
t   60.5m it 889 eps 2048 ret   52.25 len  1600.0 score/decision  0.281 deaths/1k   0.00 behind%  20.0
t   61.1m it 899 eps 0 ret    0.00 len     0.0 score/decision  0.302 deaths/1k   0.00 behind%  22.9
t   61.6m it 908 eps 2048 ret   52.61 len  1600.0 score/decision  0.258 deaths/1k   0.00 behind%  19.7
t   62.1m it 913 eps 2048 ret   52.89 len  1600.0 score/decision  0.319 deaths/1k   0.00 behind%  20.8
t   62.7m it 922 eps 0 ret    0.00 len     0.0 score/decision  0.316 deaths/1k   0.00 behind%  20.5
t   63.2m it 929 eps 2048 ret   53.92 len  1600.0 score/decision  0.274 deaths/1k   0.00 behind%  16.5
t   63.7m it 936 eps 0 ret    0.00 len     0.0 score/decision  0.389 deaths/1k   0.00 behind%  23.3
t   64.2m it 945 eps 2048 ret   54.68 len  1600.0 score/decision  0.278 deaths/1k   0.00 behind%  19.1
t   64.8m it 951 eps 2048 ret   53.49 len  1600.0 score/decision  0.318 deaths/1k   0.00 behind%  19.1
t   65.3m it 960 eps 0 ret    0.00 len     0.0 score/decision  0.311 deaths/1k   0.00 behind%  21.7
t   65.8m it 968 eps 2048 ret   53.36 len  1600.0 score/decision  0.269 deaths/1k   0.00 behind%  18.2
t   66.3m it 974 eps 0 ret    0.00 len     0.0 score/decision  0.365 deaths/1k   0.00 behind%  23.0
t   66.9m it 984 eps 2048 ret   53.64 len  1600.0 score/decision  0.274 deaths/1k   0.00 behind%  19.9
t   67.4m it 991 eps 2048 ret   52.75 len  1600.0 score/decision  0.264 deaths/1k   0.00 behind%  17.1
t   68.0m it 998 eps 0 ret    0.00 len     0.0 score/decision  0.372 deaths/1k   0.00 behind%  23.9
t   68.5m it 1005 eps 2048 ret   54.42 len  1600.0 score/decision  0.250 deaths/1k   0.00 behind%  17.5
t   69.1m it 1011 eps 0 ret    0.00 len     0.0 score/decision  0.356 deaths/1k   0.00 behind%  24.0
t   69.6m it 1019 eps 2048 ret   53.44 len  1600.0 score/decision  0.261 deaths/1k   0.00 behind%  18.6
t   70.2m it 1024 eps 0 ret    0.00 len     0.0 score/decision  0.380 deaths/1k   0.00 behind%  23.0
t   70.7m it 1033 eps 2048 ret   53.81 len  1600.0 score/decision  0.301 deaths/1k   0.00 behind%  19.5
t   71.2m it 1038 eps 2048 ret   55.10 len  1600.0 score/decision  0.359 deaths/1k   0.00 behind%  18.9
t   71.8m it 1047 eps 0 ret    0.00 len     0.0 score/decision  0.342 deaths/1k   0.00 behind%  21.0
t   72.3m it 1054 eps 2048 ret   56.08 len  1600.0 score/decision  0.257 deaths/1k   0.00 behind%  16.5
t   72.9m it 1062 eps 0 ret    0.00 len     0.0 score/decision  0.333 deaths/1k   0.00 behind%  25.0
t   73.4m it 1070 eps 2048 ret   53.61 len  1600.0 score/decision  0.274 deaths/1k   0.00 behind%  19.2
t   74.0m it 1075 eps 2048 ret   54.27 len  1600.0 score/decision  0.384 deaths/1k   0.00 behind%  21.7
t   74.5m it 1085 eps 0 ret    0.00 len     0.0 score/decision  0.250 deaths/1k   0.00 behind%  20.6
t   75.0m it 1093 eps 2048 ret   52.52 len  1600.0 score/decision  0.281 deaths/1k   0.00 behind%  19.3
t   75.6m it 1098 eps 0 ret    0.00 len     0.0 score/decision  0.402 deaths/1k   0.00 behind%  22.4
t   76.2m it 1105 eps 2048 ret   54.97 len  1600.0 score/decision  0.266 deaths/1k   0.00 behind%  17.5
t   76.7m it 1111 eps 0 ret    0.00 len     0.0 score/decision  0.390 deaths/1k   0.00 behind%  23.1
t   77.2m it 1119 eps 2048 ret   55.10 len  1600.0 score/decision  0.290 deaths/1k   0.00 behind%  18.6
t   77.7m it 1124 eps 0 ret    0.00 len     0.0 score/decision  0.399 deaths/1k   0.00 behind%  22.1
t   78.3m it 1133 eps 2048 ret   55.00 len  1600.0 score/decision  0.249 deaths/1k   0.00 behind%  19.8
t   78.8m it 1141 eps 2048 ret   53.29 len  1600.0 score/decision  0.275 deaths/1k   0.00 behind%  19.2
t   79.3m it 1148 eps 0 ret    0.00 len     0.0 score/decision  0.388 deaths/1k   0.00 behind%  23.9
t   79.8m it 1156 eps 2048 ret   55.30 len  1600.0 score/decision  0.279 deaths/1k   0.00 behind%  18.2
t   80.4m it 1162 eps 0 ret    0.00 len     0.0 score/decision  0.387 deaths/1k   0.00 behind%  22.4
t   81.0m it 1171 eps 2048 ret   54.49 len  1600.0 score/decision  0.315 deaths/1k   0.00 behind%  19.8
t   81.5m it 1176 eps 2048 ret   55.70 len  1600.0 score/decision  0.327 deaths/1k   0.00 behind%  17.3
t   82.0m it 1185 eps 0 ret    0.00 len     0.0 score/decision  0.288 deaths/1k   0.00 behind%  22.1
t   82.5m it 1192 eps 2048 ret   52.80 len  1600.0 score/decision  0.242 deaths/1k   0.00 behind%  18.2
t   83.0m it 1199 eps 0 ret    0.00 len     0.0 score/decision  0.344 deaths/1k   0.00 behind%  24.6
t   83.6m it 1208 eps 2048 ret   53.89 len  1600.0 score/decision  0.273 deaths/1k   0.00 behind%  20.2
t   84.1m it 1214 eps 2048 ret   54.49 len  1600.0 score/decision  0.300 deaths/1k   0.00 behind%  18.2
t   84.7m it 1222 eps 0 ret    0.00 len     0.0 score/decision  0.356 deaths/1k   0.00 behind%  22.4
t   85.2m it 1227 eps 2048 ret   54.95 len  1600.0 score/decision  0.268 deaths/1k   0.00 behind%  15.3
t   85.7m it 1235 eps 0 ret    0.00 len     0.0 score/decision  0.343 deaths/1k   0.00 behind%  23.5
t   86.2m it 1243 eps 2048 ret   54.63 len  1600.0 score/decision  0.278 deaths/1k   0.00 behind%  18.3
t   86.8m it 1249 eps 0 ret    0.00 len     0.0 score/decision  0.384 deaths/1k   0.00 behind%  23.0
t   87.3m it 1258 eps 2048 ret   54.57 len  1600.0 score/decision  0.315 deaths/1k   0.00 behind%  19.8
t   87.8m it 1263 eps 2048 ret   56.18 len  1600.0 score/decision  0.360 deaths/1k   0.00 behind%  18.9
t   88.4m it 1272 eps 0 ret    0.00 len     0.0 score/decision  0.342 deaths/1k   0.00 behind%  21.1
t   89.0m it 1277 eps 2048 ret   56.61 len  1600.0 score/decision  0.278 deaths/1k   0.00 behind%  15.2
t   89.5m it 1285 eps 0 ret    0.00 len     0.0 score/decision  0.295 deaths/1k   0.00 behind%  24.2
t   90.0m it 1292 eps 2048 ret   53.14 len  1600.0 score/decision  0.235 deaths/1k   0.00 behind%  18.0
t   90.6m it 1299 eps 0 ret    0.00 len     0.0 score/decision  0.341 deaths/1k   0.00 behind%  24.5
t   91.1m it 1307 eps 2048 ret   53.25 len  1600.0 score/decision  0.255 deaths/1k   0.00 behind%  19.5
t   91.7m it 1312 eps 0 ret    0.00 len     0.0 score/decision  0.359 deaths/1k   0.00 behind%  23.2
t   92.2m it 1320 eps 2048 ret   53.59 len  1600.0 score/decision  0.300 deaths/1k   0.00 behind%  19.2
t   92.7m it 1324 eps 0 ret    0.00 len     0.0 score/decision  0.417 deaths/1k   0.00 behind%  20.9
t   93.2m it 1332 eps 2048 ret   55.77 len  1600.0 score/decision  0.285 deaths/1k   0.00 behind%  19.3
t   93.9m it 1337 eps 0 ret    0.00 len     0.0 score/decision  0.389 deaths/1k   0.00 behind%  22.3
t   94.4m it 1346 eps 2048 ret   55.60 len  1600.0 score/decision  0.323 deaths/1k   0.00 behind%  19.8
t   95.0m it 1352 eps 2048 ret   56.18 len  1600.0 score/decision  0.301 deaths/1k   0.00 behind%  15.9
t   95.6m it 1360 eps 0 ret    0.00 len     0.0 score/decision  0.383 deaths/1k   0.00 behind%  23.3
t   96.1m it 1366 eps 2048 ret   56.20 len  1600.0 score/decision  0.252 deaths/1k   0.00 behind%  15.9
t   96.7m it 1373 eps 0 ret    0.00 len     0.0 score/decision  0.355 deaths/1k   0.00 behind%  24.5
t   97.2m it 1380 eps 2048 ret   54.37 len  1600.0 score/decision  0.278 deaths/1k   0.00 behind%  18.0
t   97.8m it 1385 eps 0 ret    0.00 len     0.0 score/decision  0.415 deaths/1k   0.00 behind%  23.2
t   98.3m it 1392 eps 2048 ret   55.85 len  1600.0 score/decision  0.272 deaths/1k   0.00 behind%  17.2
t   98.8m it 1398 eps 0 ret    0.00 len     0.0 score/decision  0.386 deaths/1k   0.00 behind%  23.9
t   99.4m it 1405 eps 2048 ret   55.45 len  1600.0 score/decision  0.253 deaths/1k   0.00 behind%  18.0
t   99.9m it 1412 eps 0 ret    0.00 len     0.0 score/decision  0.353 deaths/1k   0.00 behind%  24.4
t  100.5m it 1421 eps 2048 ret   54.70 len  1600.0 score/decision  0.286 deaths/1k   0.00 behind%  20.2
t  101.0m it 1428 eps 2048 ret   54.90 len  1600.0 score/decision  0.285 deaths/1k   0.00 behind%  17.2
t  101.6m it 1436 eps 0 ret    0.00 len     0.0 score/decision  0.373 deaths/1k   0.00 behind%  23.7
t  102.2m it 1445 eps 2048 ret   55.27 len  1600.0 score/decision  0.305 deaths/1k   0.00 behind%  19.5
t  102.8m it 1450 eps 2048 ret   55.56 len  1600.0 score/decision  0.400 deaths/1k   0.00 behind%  21.0
t  103.3m it 1459 eps 0 ret    0.00 len     0.0 score/decision  0.269 deaths/1k   0.00 behind%  20.4
t  103.8m it 1466 eps 2048 ret   53.85 len  1600.0 score/decision  0.263 deaths/1k   0.00 behind%  18.0
t  104.4m it 1473 eps 0 ret    0.00 len     0.0 score/decision  0.380 deaths/1k   0.00 behind%  23.8
t  104.9m it 1481 eps 2048 ret   55.39 len  1600.0 score/decision  0.307 deaths/1k   0.00 behind%  18.9
t  105.4m it 1486 eps 0 ret    0.00 len     0.0 score/decision  0.417 deaths/1k   0.00 behind%  22.0
t  105.9m it 1495 eps 2048 ret   56.40 len  1600.0 score/decision  0.262 deaths/1k   0.00 behind%  19.8
t  106.5m it 1502 eps 2048 ret   54.64 len  1600.0 score/decision  0.289 deaths/1k   0.00 behind%  19.5
t  107.0m it 1510 eps 0 ret    0.00 len     0.0 score/decision  0.345 deaths/1k   0.00 behind%  24.0
t  107.5m it 1517 eps 2048 ret   55.77 len  1600.0 score/decision  0.274 deaths/1k   0.00 behind%  17.7
t  108.1m it 1523 eps 0 ret    0.00 len     0.0 score/decision  0.405 deaths/1k   0.00 behind%  23.4
t  108.6m it 1531 eps 2048 ret   55.76 len  1600.0 score/decision  0.278 deaths/1k   0.00 behind%  18.8
t  109.2m it 1537 eps 0 ret    0.00 len     0.0 score/decision  0.379 deaths/1k   0.00 behind%  23.1
t  109.7m it 1547 eps 2048 ret   55.22 len  1600.0 score/decision  0.259 deaths/1k   0.00 behind%  21.1
t  110.3m it 1556 eps 2048 ret   53.60 len  1600.0 score/decision  0.289 deaths/1k   0.00 behind%  20.2
t  110.8m it 1562 eps 0 ret    0.00 len     0.0 score/decision  0.399 deaths/1k   0.00 behind%  22.3
t  111.3m it 1571 eps 2048 ret   56.26 len  1600.0 score/decision  0.289 deaths/1k   0.00 behind%  20.3
t  111.9m it 1577 eps 2048 ret   55.02 len  1600.0 score/decision  0.291 deaths/1k   0.00 behind%  17.0
t  112.4m it 1586 eps 0 ret    0.00 len     0.0 score/decision  0.304 deaths/1k   0.00 behind%  24.9
t  112.9m it 1595 eps 2048 ret   54.68 len  1600.0 score/decision  0.295 deaths/1k   0.00 behind%  20.2
t  113.4m it 1600 eps 2048 ret   55.58 len  1600.0 score/decision  0.383 deaths/1k   0.00 behind%  21.7
t  114.0m it 1609 eps 0 ret    0.00 len     0.0 score/decision  0.311 deaths/1k   0.00 behind%  20.1
t  114.5m it 1616 eps 2048 ret   55.72 len  1600.0 score/decision  0.272 deaths/1k   0.00 behind%  17.2
t  115.0m it 1624 eps 0 ret    0.00 len     0.0 score/decision  0.332 deaths/1k   0.00 behind%  25.2
t  115.6m it 1633 eps 2048 ret   54.78 len  1600.0 score/decision  0.311 deaths/1k   0.00 behind%  20.2
t  116.1m it 1638 eps 2048 ret   56.60 len  1600.0 score/decision  0.361 deaths/1k   0.00 behind%  19.4
t  116.6m it 1646 eps 0 ret    0.00 len     0.0 score/decision  0.345 deaths/1k   0.00 behind%  21.5
t  117.2m it 1650 eps 2048 ret   57.52 len  1600.0 score/decision  0.400 deaths/1k   0.00 behind%  20.4
t  117.7m it 1660 eps 0 ret    0.00 len     0.0 score/decision  0.272 deaths/1k   0.00 behind%  21.5
t  118.2m it 1668 eps 2048 ret   54.95 len  1600.0 score/decision  0.267 deaths/1k   0.00 behind%  19.1
t  118.7m it 1673 eps 0 ret    0.00 len     0.0 score/decision  0.379 deaths/1k   0.00 behind%  23.8
t  119.3m it 1681 eps 2048 ret   54.81 len  1600.0 score/decision  0.290 deaths/1k   0.00 behind%  19.3
t  119.8m it 1687 eps 0 ret    0.00 len     0.0 score/decision  0.399 deaths/1k   0.00 behind%  22.2
t  120.4m it 1696 eps 2048 ret   56.21 len  1600.0 score/decision  0.257 deaths/1k   0.00 behind%  20.4
t  120.9m it 1703 eps 2048 ret   54.17 len  1600.0 score/decision  0.266 deaths/1k   0.00 behind%  18.7
t  121.5m it 1712 eps 0 ret    0.00 len     0.0 score/decision  0.327 deaths/1k   0.00 behind%  24.6
t  122.1m it 1722 eps 2048 ret   54.08 len  1600.0 score/decision  0.309 deaths/1k   0.00 behind%  20.3
t  122.6m it 1729 eps 2048 ret   55.55 len  1600.0 score/decision  0.265 deaths/1k   0.00 behind%  17.3
t  123.2m it 1737 eps 0 ret    0.00 len     0.0 score/decision  0.334 deaths/1k   0.00 behind%  24.7
t  123.7m it 1745 eps 2048 ret   53.99 len  1600.0 score/decision  0.319 deaths/1k   0.00 behind%  20.2
t  124.3m it 1750 eps 2048 ret   57.43 len  1600.0 score/decision  0.400 deaths/1k   0.00 behind%  20.9
t  124.9m it 1759 eps 0 ret    0.00 len     0.0 score/decision  0.295 deaths/1k   0.00 behind%  20.3
t  125.4m it 1764 eps 2048 ret   55.35 len  1600.0 score/decision  0.290 deaths/1k   0.00 behind%  16.9
t  126.0m it 1772 eps 0 ret    0.00 len     0.0 score/decision  0.320 deaths/1k   0.00 behind%  23.3
t  126.5m it 1778 eps 2048 ret   54.83 len  1600.0 score/decision  0.266 deaths/1k   0.00 behind%  17.0
t  127.1m it 1785 eps 0 ret    0.00 len     0.0 score/decision  0.380 deaths/1k   0.00 behind%  24.4
t  127.6m it 1793 eps 2048 ret   56.28 len  1600.0 score/decision  0.267 deaths/1k   0.00 behind%  19.0
t  128.1m it 1799 eps 0 ret    0.00 len     0.0 score/decision  0.364 deaths/1k   0.00 behind%  24.4
t  128.7m it 1808 eps 2048 ret   55.14 len  1600.0 score/decision  0.313 deaths/1k   0.00 behind%  20.0
t  129.2m it 1813 eps 2048 ret   56.21 len  1600.0 score/decision  0.361 deaths/1k   0.00 behind%  18.9
t  129.7m it 1822 eps 0 ret    0.00 len     0.0 score/decision  0.299 deaths/1k   0.00 behind%  21.6
t  130.3m it 1830 eps 2048 ret   54.88 len  1600.0 score/decision  0.293 deaths/1k   0.00 behind%  19.0
t  130.8m it 1836 eps 0 ret    0.00 len     0.0 score/decision  0.407 deaths/1k   0.00 behind%  22.9
t  131.4m it 1845 eps 2048 ret   56.39 len  1600.0 score/decision  0.276 deaths/1k   0.00 behind%  20.3
t  131.9m it 1851 eps 2048 ret   55.81 len  1600.0 score/decision  0.323 deaths/1k   0.00 behind%  20.5
t  132.5m it 1860 eps 0 ret    0.00 len     0.0 score/decision  0.358 deaths/1k   0.00 behind%  22.2
t  133.0m it 1868 eps 2048 ret   57.06 len  1600.0 score/decision  0.295 deaths/1k   0.00 behind%  18.8
t  133.5m it 1874 eps 0 ret    0.00 len     0.0 score/decision  0.412 deaths/1k   0.00 behind%  22.6
t  134.1m it 1883 eps 2048 ret   56.60 len  1600.0 score/decision  0.317 deaths/1k   0.00 behind%  20.4
t  134.6m it 1888 eps 2048 ret   57.15 len  1600.0 score/decision  0.365 deaths/1k   0.00 behind%  19.0
t  135.1m it 1897 eps 0 ret    0.00 len     0.0 score/decision  0.301 deaths/1k   0.00 behind%  22.1
t  135.6m it 1904 eps 2048 ret   55.88 len  1600.0 score/decision  0.275 deaths/1k   0.00 behind%  18.1
t  136.2m it 1911 eps 0 ret    0.00 len     0.0 score/decision  0.394 deaths/1k   0.00 behind%  23.5
t  136.7m it 1919 eps 2048 ret   55.79 len  1600.0 score/decision  0.273 deaths/1k   0.00 behind%  19.4
t  137.3m it 1925 eps 2048 ret   55.88 len  1600.0 score/decision  0.376 deaths/1k   0.00 behind%  23.5
t  137.9m it 1934 eps 0 ret    0.00 len     0.0 score/decision  0.283 deaths/1k   0.00 behind%  20.4
t  138.4m it 1941 eps 2048 ret   55.15 len  1600.0 score/decision  0.287 deaths/1k   0.00 behind%  18.0
t  139.0m it 1948 eps 0 ret    0.00 len     0.0 score/decision  0.423 deaths/1k   0.00 behind%  23.5
t  139.5m it 1956 eps 2048 ret   57.56 len  1600.0 score/decision  0.299 deaths/1k   0.00 behind%  19.2
t  140.1m it 1962 eps 0 ret    0.00 len     0.0 score/decision  0.401 deaths/1k   0.00 behind%  22.7
t  140.7m it 1971 eps 2048 ret   57.02 len  1600.0 score/decision  0.329 deaths/1k   0.00 behind%  20.4
t  141.3m it 1976 eps 2048 ret   57.40 len  1600.0 score/decision  0.328 deaths/1k   0.00 behind%  17.6
t  141.8m it 1985 eps 0 ret    0.00 len     0.0 score/decision  0.287 deaths/1k   0.00 behind%  23.8
t  142.3m it 1993 eps 2048 ret   55.45 len  1600.0 score/decision  0.278 deaths/1k   0.00 behind%  20.1
t  142.9m it 1999 eps 0 ret    0.00 len     0.0 score/decision  0.395 deaths/1k   0.00 behind%  23.4
t  143.5m it 2008 eps 2048 ret   56.35 len  1600.0 score/decision  0.294 deaths/1k   0.00 behind%  19.7
t  144.0m it 2014 eps 2048 ret   55.42 len  1600.0 score/decision  0.319 deaths/1k   0.00 behind%  17.9
t  144.5m it 2023 eps 0 ret    0.00 len     0.0 score/decision  0.339 deaths/1k   0.00 behind%  23.0
t  145.1m it 2032 eps 2048 ret   55.74 len  1600.0 score/decision  0.315 deaths/1k   0.00 behind%  20.0
t  145.6m it 2037 eps 0 ret    0.00 len     0.0 score/decision  0.403 deaths/1k   0.00 behind%  21.5
t  146.1m it 2046 eps 2048 ret   56.75 len  1600.0 score/decision  0.306 deaths/1k   0.00 behind%  20.3
t  146.6m it 2051 eps 2048 ret   56.01 len  1600.0 score/decision  0.327 deaths/1k   0.00 behind%  18.0
t  147.2m it 2060 eps 0 ret    0.00 len     0.0 score/decision  0.287 deaths/1k   0.00 behind%  23.9
t  147.7m it 2067 eps 2048 ret   55.74 len  1600.0 score/decision  0.270 deaths/1k   0.00 behind%  19.1
t  148.2m it 2073 eps 0 ret    0.00 len     0.0 score/decision  0.405 deaths/1k   0.00 behind%  23.7
t  148.8m it 2082 eps 2048 ret   56.42 len  1600.0 score/decision  0.270 deaths/1k   0.00 behind%  19.9
t  149.3m it 2090 eps 2048 ret   55.20 len  1600.0 score/decision  0.290 deaths/1k   0.00 behind%  19.9
t  149.9m it 2098 eps 0 ret    0.00 len     0.0 score/decision  0.379 deaths/1k   0.00 behind%  24.0
t  150.4m it 2107 eps 2048 ret   56.55 len  1600.0 score/decision  0.284 deaths/1k   0.00 behind%  20.1
t  150.9m it 2113 eps 2048 ret   56.47 len  1600.0 score/decision  0.355 deaths/1k   0.00 behind%  21.8
t  151.5m it 2123 eps 0 ret    0.00 len     0.0 score/decision  0.298 deaths/1k   0.00 behind%  22.4
t  152.0m it 2132 eps 2048 ret   55.51 len  1600.0 score/decision  0.287 deaths/1k   0.00 behind%  20.1
t  152.6m it 2138 eps 2048 ret   55.45 len  1600.0 score/decision  0.359 deaths/1k   0.00 behind%  20.7
t  153.1m it 2147 eps 0 ret    0.00 len     0.0 score/decision  0.349 deaths/1k   0.00 behind%  21.9
t  153.6m it 2154 eps 2048 ret   57.95 len  1600.0 score/decision  0.265 deaths/1k   0.00 behind%  17.7
t  154.2m it 2162 eps 0 ret    0.00 len     0.0 score/decision  0.339 deaths/1k   0.00 behind%  26.0
t  154.7m it 2171 eps 2048 ret   55.86 len  1600.0 score/decision  0.306 deaths/1k   0.00 behind%  20.9
t  155.2m it 2177 eps 2048 ret   57.32 len  1600.0 score/decision  0.306 deaths/1k   0.00 behind%  17.4
t  155.8m it 2185 eps 0 ret    0.00 len     0.0 score/decision  0.354 deaths/1k   0.00 behind%  24.2
t  156.3m it 2193 eps 2048 ret   56.54 len  1600.0 score/decision  0.284 deaths/1k   0.00 behind%  19.1
t  156.8m it 2199 eps 0 ret    0.00 len     0.0 score/decision  0.400 deaths/1k   0.00 behind%  23.2
t  157.4m it 2208 eps 2048 ret   56.34 len  1600.0 score/decision  0.284 deaths/1k   0.00 behind%  20.4
t  157.9m it 2214 eps 2048 ret   55.97 len  1600.0 score/decision  0.313 deaths/1k   0.00 behind%  18.8
t  158.4m it 2222 eps 0 ret    0.00 len     0.0 score/decision  0.318 deaths/1k   0.00 behind%  24.0
t  158.9m it 2230 eps 2048 ret   55.97 len  1600.0 score/decision  0.285 deaths/1k   0.00 behind%  19.5
t  159.4m it 2236 eps 0 ret    0.00 len     0.0 score/decision  0.402 deaths/1k   0.00 behind%  23.5
t  160.0m it 2245 eps 2048 ret   56.70 len  1600.0 score/decision  0.278 deaths/1k   0.00 behind%  20.4
t  160.5m it 2251 eps 2048 ret   55.43 len  1600.0 score/decision  0.322 deaths/1k   0.00 behind%  20.2
t  161.0m it 2259 eps 0 ret    0.00 len     0.0 score/decision  0.355 deaths/1k   0.00 behind%  22.3
t  161.6m it 2264 eps 2048 ret   57.07 len  1600.0 score/decision  0.309 deaths/1k   0.00 behind%  16.3
t  162.1m it 2271 eps 0 ret    0.00 len     0.0 score/decision  0.366 deaths/1k   0.00 behind%  23.4
t  162.7m it 2275 eps 2048 ret   57.26 len  1600.0 score/decision  0.393 deaths/1k   0.00 behind%  20.7
t  163.2m it 2284 eps 0 ret    0.00 len     0.0 score/decision  0.258 deaths/1k   0.00 behind%  21.4
t  163.7m it 2290 eps 2048 ret   55.17 len  1600.0 score/decision  0.260 deaths/1k   0.00 behind%  18.7
t  164.3m it 2297 eps 0 ret    0.00 len     0.0 score/decision  0.347 deaths/1k   0.00 behind%  25.0
t  164.8m it 2302 eps 2048 ret   56.48 len  1600.0 score/decision  0.276 deaths/1k   0.00 behind%  17.2
t  165.3m it 2310 eps 0 ret    0.00 len     0.0 score/decision  0.314 deaths/1k   0.00 behind%  24.5
t  165.8m it 2317 eps 2048 ret   55.11 len  1600.0 score/decision  0.245 deaths/1k   0.00 behind%  18.6
t  166.4m it 2324 eps 0 ret    0.00 len     0.0 score/decision  0.349 deaths/1k   0.00 behind%  25.4
t  166.9m it 2333 eps 2048 ret   55.26 len  1600.0 score/decision  0.263 deaths/1k   0.00 behind%  21.8
t  167.4m it 2338 eps 2048 ret   56.48 len  1600.0 score/decision  0.322 deaths/1k   0.00 behind%  22.5
t  168.0m it 2347 eps 0 ret    0.00 len     0.0 score/decision  0.294 deaths/1k   0.00 behind%  22.3
t  168.5m it 2353 eps 2048 ret   55.94 len  1600.0 score/decision  0.267 deaths/1k   0.00 behind%  17.9
t  169.1m it 2360 eps 0 ret    0.00 len     0.0 score/decision  0.362 deaths/1k   0.00 behind%  24.9
t  169.6m it 2366 eps 2048 ret   56.52 len  1600.0 score/decision  0.269 deaths/1k   0.00 behind%  17.4
t  170.2m it 2373 eps 0 ret    0.00 len     0.0 score/decision  0.389 deaths/1k   0.00 behind%  24.4
t  170.7m it 2381 eps 2048 ret   57.03 len  1600.0 score/decision  0.307 deaths/1k   0.00 behind%  19.4
t  171.4m it 2386 eps 0 ret    0.00 len     0.0 score/decision  0.419 deaths/1k   0.00 behind%  22.3
t  171.9m it 2394 eps 2048 ret   57.36 len  1600.0 score/decision  0.264 deaths/1k   0.00 behind%  19.4
t  172.4m it 2399 eps 0 ret    0.00 len     0.0 score/decision  0.369 deaths/1k   0.00 behind%  24.5
t  172.9m it 2407 eps 2048 ret   55.51 len  1600.0 score/decision  0.269 deaths/1k   0.00 behind%  20.1
t  173.5m it 2412 eps 0 ret    0.00 len     0.0 score/decision  0.387 deaths/1k   0.00 behind%  23.3
t  174.1m it 2421 eps 2048 ret   55.91 len  1600.0 score/decision  0.271 deaths/1k   0.00 behind%  20.7
t  174.6m it 2426 eps 2048 ret   55.43 len  1600.0 score/decision  0.314 deaths/1k   0.00 behind%  19.8
t  175.2m it 2435 eps 0 ret    0.00 len     0.0 score/decision  0.300 deaths/1k   0.00 behind%  23.8
t  175.8m it 2442 eps 2048 ret   56.24 len  1600.0 score/decision  0.281 deaths/1k   0.00 behind%  19.2
t  176.3m it 2448 eps 0 ret    0.00 len     0.0 score/decision  0.422 deaths/1k   0.00 behind%  23.7
t  176.9m it 2455 eps 2048 ret   57.82 len  1600.0 score/decision  0.294 deaths/1k   0.00 behind%  18.5
t  177.4m it 2460 eps 0 ret    0.00 len     0.0 score/decision  0.427 deaths/1k   0.00 behind%  23.2
t  177.9m it 2468 eps 2048 ret   57.76 len  1600.0 score/decision  0.266 deaths/1k   0.00 behind%  19.1
t  178.5m it 2475 eps 2048 ret   56.21 len  1600.0 score/decision  0.355 deaths/1k   0.00 behind%  25.4
t  179.0m it 2484 eps 0 ret    0.00 len     0.0 score/decision  0.299 deaths/1k   0.00 behind%  20.9
t  179.5m it 2491 eps 2048 ret   56.95 len  1600.0 score/decision  0.274 deaths/1k   0.00 behind%  18.1
t  180.1m it 2499 eps 0 ret    0.00 len     0.0 score/decision  0.332 deaths/1k   0.00 behind%  26.3
t  180.7m it 2508 eps 2048 ret   55.93 len  1600.0 score/decision  0.276 deaths/1k   0.00 behind%  20.7
t  181.3m it 2513 eps 2048 ret   55.62 len  1600.0 score/decision  0.354 deaths/1k   0.00 behind%  20.5
t  181.8m it 2521 eps 0 ret    0.00 len     0.0 score/decision  0.340 deaths/1k   0.00 behind%  22.0
t  182.4m it 2525 eps 2048 ret   57.71 len  1600.0 score/decision  0.392 deaths/1k   0.00 behind%  20.6
t  182.9m it 2534 eps 0 ret    0.00 len     0.0 score/decision  0.273 deaths/1k   0.00 behind%  21.3
t  183.4m it 2541 eps 2048 ret   55.79 len  1600.0 score/decision  0.270 deaths/1k   0.00 behind%  18.5
t  183.9m it 2547 eps 0 ret    0.00 len     0.0 score/decision  0.379 deaths/1k   0.00 behind%  24.8
t  184.4m it 2552 eps 2048 ret   56.37 len  1600.0 score/decision  0.279 deaths/1k   0.00 behind%  16.5
t  185.0m it 2560 eps 0 ret    0.00 len     0.0 score/decision  0.315 deaths/1k   0.00 behind%  24.5
t  185.5m it 2568 eps 2048 ret   55.52 len  1600.0 score/decision  0.259 deaths/1k   0.00 behind%  20.1
t  186.1m it 2575 eps 2048 ret   56.03 len  1600.0 score/decision  0.348 deaths/1k   0.00 behind%  25.8
t  186.7m it 2584 eps 0 ret    0.00 len     0.0 score/decision  0.291 deaths/1k   0.00 behind%  21.1
t  187.3m it 2589 eps 2048 ret   56.88 len  1600.0 score/decision  0.304 deaths/1k   0.00 behind%  18.0
t  187.9m it 2597 eps 0 ret    0.00 len     0.0 score/decision  0.356 deaths/1k   0.00 behind%  23.3
t  188.4m it 2602 eps 2048 ret   56.77 len  1600.0 score/decision  0.273 deaths/1k   0.00 behind%  16.3
t  189.0m it 2610 eps 0 ret    0.00 len     0.0 score/decision  0.313 deaths/1k   0.00 behind%  25.1
t  189.5m it 2617 eps 2048 ret   55.92 len  1600.0 score/decision  0.268 deaths/1k   0.00 behind%  19.4
t  190.1m it 2623 eps 0 ret    0.00 len     0.0 score/decision  0.390 deaths/1k   0.00 behind%  24.5
t  190.6m it 2630 eps 2048 ret   56.89 len  1600.0 score/decision  0.252 deaths/1k   0.00 behind%  18.7
t  191.1m it 2636 eps 0 ret    0.00 len     0.0 score/decision  0.354 deaths/1k   0.00 behind%  25.7
t  191.7m it 2644 eps 2048 ret   56.14 len  1600.0 score/decision  0.272 deaths/1k   0.00 behind%  20.3
t  192.2m it 2649 eps 0 ret    0.00 len     0.0 score/decision  0.388 deaths/1k   0.00 behind%  23.9
t  192.8m it 2657 eps 2048 ret   56.62 len  1600.0 score/decision  0.317 deaths/1k   0.00 behind%  20.3
t  193.3m it 2661 eps 0 ret    0.00 len     0.0 score/decision  0.425 deaths/1k   0.00 behind%  21.7
t  193.8m it 2669 eps 2048 ret   58.30 len  1600.0 score/decision  0.321 deaths/1k   0.00 behind%  20.1
t  194.4m it 2674 eps 0 ret    0.00 len     0.0 score/decision  0.421 deaths/1k   0.00 behind%  22.2
t  194.9m it 2683 eps 2048 ret   58.97 len  1600.0 score/decision  0.318 deaths/1k   0.00 behind%  20.3
t  195.4m it 2688 eps 2048 ret   57.52 len  1600.0 score/decision  0.371 deaths/1k   0.00 behind%  19.2
t  195.9m it 2696 eps 0 ret    0.00 len     0.0 score/decision  0.337 deaths/1k   0.00 behind%  21.7
t  196.5m it 2702 eps 2048 ret   57.76 len  1600.0 score/decision  0.309 deaths/1k   0.00 behind%  17.1
t  197.0m it 2710 eps 0 ret    0.00 len     0.0 score/decision  0.343 deaths/1k   0.00 behind%  24.5
t  197.5m it 2718 eps 2048 ret   56.86 len  1600.0 score/decision  0.270 deaths/1k   0.00 behind%  19.5
t  198.1m it 2725 eps 2048 ret   55.71 len  1600.0 score/decision  0.366 deaths/1k   0.00 behind%  24.3
t  198.6m it 2734 eps 0 ret    0.00 len     0.0 score/decision  0.287 deaths/1k   0.00 behind%  21.0
t  199.1m it 2739 eps 2048 ret   56.24 len  1600.0 score/decision  0.294 deaths/1k   0.00 behind%  18.3
t  199.7m it 2748 eps 0 ret    0.00 len     0.0 score/decision  0.305 deaths/1k   0.00 behind%  24.7
t  200.3m it 2756 eps 2048 ret   56.36 len  1600.0 score/decision  0.265 deaths/1k   0.00 behind%  20.6
t  200.8m it 2762 eps 0 ret    0.00 len     0.0 score/decision  0.371 deaths/1k   0.00 behind%  24.5
t  201.3m it 2772 eps 2048 ret   56.55 len  1600.0 score/decision  0.270 deaths/1k   0.00 behind%  22.2
t  201.8m it 2780 eps 2048 ret   56.34 len  1600.0 score/decision  0.255 deaths/1k   0.00 behind%  20.3
t  202.3m it 2787 eps 0 ret    0.00 len     0.0 score/decision  0.344 deaths/1k   0.00 behind%  25.8
t  202.9m it 2797 eps 2048 ret   55.93 len  1600.0 score/decision  0.279 deaths/1k   0.00 behind%  22.1
t  203.4m it 2805 eps 2048 ret   56.62 len  1600.0 score/decision  0.257 deaths/1k   0.00 behind%  19.7
t  204.0m it 2813 eps 2048 ret   55.95 len  1600.0 score/decision  0.328 deaths/1k   0.00 behind%  24.4
t  204.5m it 2822 eps 0 ret    0.00 len     0.0 score/decision  0.289 deaths/1k   0.00 behind%  22.1
t  205.0m it 2830 eps 2048 ret   55.21 len  1600.0 score/decision  0.267 deaths/1k   0.00 behind%  19.5
t  205.6m it 2837 eps 0 ret    0.00 len     0.0 score/decision  0.379 deaths/1k   0.00 behind%  24.3
t  206.1m it 2847 eps 2048 ret   56.18 len  1600.0 score/decision  0.272 deaths/1k   0.00 behind%  22.0
t  206.7m it 2856 eps 2048 ret   56.23 len  1600.0 score/decision  0.267 deaths/1k   0.00 behind%  20.8
t  207.2m it 2863 eps 2048 ret   56.08 len  1600.0 score/decision  0.340 deaths/1k   0.00 behind%  23.4
t  207.7m it 2872 eps 0 ret    0.00 len     0.0 score/decision  0.295 deaths/1k   0.00 behind%  22.5
t  208.3m it 2880 eps 2048 ret   56.31 len  1600.0 score/decision  0.282 deaths/1k   0.00 behind%  19.9
t  208.8m it 2886 eps 0 ret    0.00 len     0.0 score/decision  0.394 deaths/1k   0.00 behind%  24.0
t  209.4m it 2894 eps 2048 ret   56.83 len  1600.0 score/decision  0.257 deaths/1k   0.00 behind%  19.9
t  209.9m it 2900 eps 2048 ret   55.78 len  1600.0 score/decision  0.355 deaths/1k   0.00 behind%  24.9
t  210.5m it 2909 eps 0 ret    0.00 len     0.0 score/decision  0.299 deaths/1k   0.00 behind%  20.9
t  211.0m it 2915 eps 2048 ret   56.73 len  1600.0 score/decision  0.291 deaths/1k   0.00 behind%  17.1
t  211.6m it 2923 eps 0 ret    0.00 len     0.0 score/decision  0.386 deaths/1k   0.00 behind%  24.2
t  212.1m it 2931 eps 2048 ret   57.85 len  1600.0 score/decision  0.262 deaths/1k   0.00 behind%  19.8
t  212.6m it 2938 eps 2048 ret   55.96 len  1600.0 score/decision  0.324 deaths/1k   0.00 behind%  24.1
t  213.2m it 2947 eps 0 ret    0.00 len     0.0 score/decision  0.327 deaths/1k   0.00 behind%  22.0
t  213.7m it 2955 eps 2048 ret   57.19 len  1600.0 score/decision  0.309 deaths/1k   0.00 behind%  19.3
t  214.3m it 2961 eps 0 ret    0.00 len     0.0 score/decision  0.426 deaths/1k   0.00 behind%  22.9
t  214.8m it 2970 eps 2048 ret   58.26 len  1600.0 score/decision  0.298 deaths/1k   0.00 behind%  20.3
t  215.3m it 2975 eps 2048 ret   57.15 len  1600.0 score/decision  0.399 deaths/1k   0.00 behind%  22.7
t  215.9m it 2984 eps 0 ret    0.00 len     0.0 score/decision  0.305 deaths/1k   0.00 behind%  21.2
t  216.4m it 2988 eps 2048 ret   57.22 len  1600.0 score/decision  0.346 deaths/1k   0.00 behind%  19.2
t  217.0m it 2996 eps 0 ret    0.00 len     0.0 score/decision  0.354 deaths/1k   0.00 behind%  22.1
t  217.6m it 3000 eps 2048 ret   58.73 len  1600.0 score/decision  0.398 deaths/1k   0.00 behind%  20.8
t  218.1m it 3008 eps 0 ret    0.00 len     0.0 score/decision  0.329 deaths/1k   0.00 behind%  20.7
t  218.6m it 3013 eps 2048 ret   58.37 len  1600.0 score/decision  0.365 deaths/1k   0.00 behind%  18.9
t  219.2m it 3022 eps 0 ret    0.00 len     0.0 score/decision  0.345 deaths/1k   0.00 behind%  21.8
t  219.7m it 3029 eps 2048 ret   57.90 len  1600.0 score/decision  0.272 deaths/1k   0.00 behind%  17.7
t  220.3m it 3037 eps 0 ret    0.00 len     0.0 score/decision  0.351 deaths/1k   0.00 behind%  25.5
t  220.8m it 3046 eps 2048 ret   56.07 len  1600.0 score/decision  0.298 deaths/1k   0.00 behind%  21.0
t  221.3m it 3052 eps 2048 ret   57.10 len  1600.0 score/decision  0.308 deaths/1k   0.00 behind%  17.6
t  221.9m it 3059 eps 0 ret    0.00 len     0.0 score/decision  0.396 deaths/1k   0.00 behind%  24.2
t  222.4m it 3065 eps 2048 ret   58.54 len  1600.0 score/decision  0.284 deaths/1k   0.00 behind%  16.9
t  223.0m it 3074 eps 0 ret    0.00 len     0.0 score/decision  0.329 deaths/1k   0.00 behind%  25.7
t  223.5m it 3084 eps 2048 ret   56.51 len  1600.0 score/decision  0.276 deaths/1k   0.00 behind%  21.9
t  224.1m it 3091 eps 2048 ret   56.53 len  1600.0 score/decision  0.269 deaths/1k   0.00 behind%  19.3
t  224.7m it 3099 eps 0 ret    0.00 len     0.0 score/decision  0.375 deaths/1k   0.00 behind%  24.7
t  225.2m it 3108 eps 2048 ret   56.97 len  1600.0 score/decision  0.321 deaths/1k   0.00 behind%  20.4
t  225.7m it 3113 eps 2048 ret   57.70 len  1600.0 score/decision  0.369 deaths/1k   0.00 behind%  19.4
t  226.3m it 3122 eps 0 ret    0.00 len     0.0 score/decision  0.296 deaths/1k   0.00 behind%  22.5
t  226.9m it 3129 eps 2048 ret   56.07 len  1600.0 score/decision  0.272 deaths/1k   0.00 behind%  18.9
t  227.4m it 3136 eps 0 ret    0.00 len     0.0 score/decision  0.388 deaths/1k   0.00 behind%  24.3
t  228.0m it 3145 eps 2048 ret   57.11 len  1600.0 score/decision  0.292 deaths/1k   0.00 behind%  20.8
t  228.5m it 3150 eps 2048 ret   57.22 len  1600.0 score/decision  0.384 deaths/1k   0.00 behind%  23.4
t  229.1m it 3160 eps 0 ret    0.00 len     0.0 score/decision  0.272 deaths/1k   0.00 behind%  22.4
t  229.6m it 3169 eps 2048 ret   56.71 len  1600.0 score/decision  0.298 deaths/1k   0.00 behind%  20.9
t  230.2m it 3174 eps 0 ret    0.00 len     0.0 score/decision  0.414 deaths/1k   0.00 behind%  22.7
t  230.7m it 3182 eps 2048 ret   57.48 len  1600.0 score/decision  0.275 deaths/1k   0.00 behind%  20.5
t  231.2m it 3188 eps 2048 ret   56.76 len  1600.0 score/decision  0.342 deaths/1k   0.00 behind%  22.3
t  231.8m it 3197 eps 0 ret    0.00 len     0.0 score/decision  0.300 deaths/1k   0.00 behind%  23.0
t  232.3m it 3203 eps 2048 ret   56.94 len  1600.0 score/decision  0.277 deaths/1k   0.00 behind%  18.1
t  232.9m it 3210 eps 0 ret    0.00 len     0.0 score/decision  0.419 deaths/1k   0.00 behind%  24.0
t  233.5m it 3217 eps 2048 ret   58.97 len  1600.0 score/decision  0.307 deaths/1k   0.00 behind%  18.7
t  234.0m it 3223 eps 0 ret    0.00 len     0.0 score/decision  0.438 deaths/1k   0.00 behind%  23.7
t  234.5m it 3232 eps 2048 ret   59.46 len  1600.0 score/decision  0.276 deaths/1k   0.00 behind%  20.2
t  235.1m it 3239 eps 2048 ret   56.24 len  1600.0 score/decision  0.318 deaths/1k   0.00 behind%  20.6
t  235.7m it 3247 eps 0 ret    0.00 len     0.0 score/decision  0.362 deaths/1k   0.00 behind%  23.6
t  236.2m it 3252 eps 2048 ret   57.74 len  1600.0 score/decision  0.289 deaths/1k   0.00 behind%  16.5
t  236.7m it 3259 eps 0 ret    0.00 len     0.0 score/decision  0.387 deaths/1k   0.00 behind%  24.2
t  237.3m it 3265 eps 2048 ret   58.75 len  1600.0 score/decision  0.290 deaths/1k   0.00 behind%  17.1
t  237.8m it 3274 eps 0 ret    0.00 len     0.0 score/decision  0.334 deaths/1k   0.00 behind%  25.2
t  238.4m it 3283 eps 2048 ret   56.12 len  1600.0 score/decision  0.319 deaths/1k   0.00 behind%  21.0
t  238.9m it 3288 eps 2048 ret   57.98 len  1600.0 score/decision  0.365 deaths/1k   0.00 behind%  19.2
t  239.5m it 3296 eps 0 ret    0.00 len     0.0 score/decision  0.356 deaths/1k   0.00 behind%  21.8
t  240.0m it 3300 eps 2048 ret   58.57 len  1600.0 score/decision  0.396 deaths/1k   0.00 behind%  20.8
