t    0.1m it 1 eps 226 ret   -3.93 len    35.5 score/decision  0.095 deaths/1k   3.45 behind%   0.0
t    0.6m it 10 eps 898 ret   -3.52 len   183.5 score/decision  0.105 deaths/1k   1.52 behind%   0.1
t    1.1m it 21 eps 361 ret   -2.39 len   542.0 score/decision  0.111 deaths/1k   0.50 behind%   0.1
t    1.7m it 30 eps 846 ret    2.76 len  1256.6 score/decision  0.115 deaths/1k   0.43 behind%   0.1
t    2.2m it 39 eps 444 ret    0.78 len   955.1 score/decision  0.111 deaths/1k   0.42 behind%   0.1
t    2.7m it 48 eps 308 ret    0.87 len  1052.8 score/decision  0.116 deaths/1k   0.32 behind%   0.1
t    3.3m it 57 eps 676 ret    3.41 len  1324.3 score/decision  0.114 deaths/1k   0.30 behind%   0.1
t    3.8m it 67 eps 440 ret    2.36 len  1187.6 score/decision  0.114 deaths/1k   0.26 behind%   0.1
t    4.3m it 75 eps 403 ret    2.90 len  1284.2 score/decision  0.116 deaths/1k   0.26 behind%   0.1
t    4.9m it 84 eps 516 ret    3.25 len  1305.1 score/decision  0.112 deaths/1k   0.22 behind%   0.1
t    5.4m it 96 eps 543 ret    2.57 len  1246.0 score/decision  0.115 deaths/1k   0.24 behind%   0.1
t    5.9m it 107 eps 637 ret    3.17 len  1296.5 score/decision  0.117 deaths/1k   0.25 behind%   0.1
t    6.4m it 118 eps 502 ret    3.04 len  1281.4 score/decision  0.115 deaths/1k   0.21 behind%   0.1
t    7.0m it 130 eps 617 ret    3.33 len  1324.9 score/decision  0.117 deaths/1k   0.22 behind%   0.1
t    7.5m it 142 eps 572 ret    3.34 len  1321.1 score/decision  0.115 deaths/1k   0.19 behind%   0.1
t    8.0m it 153 eps 572 ret    3.53 len  1341.9 score/decision  0.116 deaths/1k   0.20 behind%   0.1
t    8.5m it 163 eps 460 ret    3.52 len  1365.8 score/decision  0.117 deaths/1k   0.16 behind%   0.2
t    9.0m it 173 eps 467 ret    3.84 len  1342.8 score/decision  0.116 deaths/1k   0.18 behind%   0.1
t    9.6m it 183 eps 518 ret    3.81 len  1390.8 score/decision  0.117 deaths/1k   0.16 behind%   0.1
t   10.1m it 194 eps 505 ret    3.33 len  1315.3 score/decision  0.116 deaths/1k   0.19 behind%   0.1
t   10.6m it 205 eps 528 ret    3.88 len  1391.0 score/decision  0.114 deaths/1k   0.16 behind%   0.1
t   11.1m it 216 eps 514 ret    3.61 len  1379.5 score/decision  0.114 deaths/1k   0.15 behind%   0.1
t   11.7m it 227 eps 521 ret    3.79 len  1391.0 score/decision  0.115 deaths/1k   0.14 behind%   0.1
t   12.2m it 238 eps 549 ret    3.61 len  1347.4 score/decision  0.116 deaths/1k   0.18 behind%   0.1
t   12.7m it 245 eps 324 ret    3.53 len  1335.8 score/decision  0.117 deaths/1k   0.17 behind%   0.1
t   13.3m it 253 eps 413 ret    3.37 len  1344.6 score/decision  0.119 deaths/1k   0.19 behind%   0.1
t   13.8m it 261 eps 375 ret    4.12 len  1384.4 score/decision  0.118 deaths/1k   0.15 behind%   0.1
t   14.4m it 270 eps 430 ret    3.47 len  1324.6 score/decision  0.115 deaths/1k   0.19 behind%   0.1
t   14.9m it 279 eps 441 ret    3.68 len  1360.6 score/decision  0.115 deaths/1k   0.16 behind%   0.1
t   15.4m it 286 eps 341 ret    3.71 len  1381.8 score/decision  0.118 deaths/1k   0.15 behind%   0.1
