t    0.0m it 1 eps 19 ret   -3.92 len    37.7 score/decision  0.104 deaths/1k   0.29 behind%   0.0
t    0.6m it 11 eps 107 ret   -2.69 len   323.8 score/decision  0.116 deaths/1k   0.16 behind%   0.2
t    1.1m it 23 eps 67 ret    0.71 len   984.7 score/decision  0.120 deaths/1k   0.09 behind%   0.3
t    1.6m it 38 eps 1121 ret    5.97 len  1422.9 score/decision  0.117 deaths/1k   0.16 behind%   0.2
t    2.2m it 51 eps 842 ret    6.51 len  1526.9 score/decision  0.121 deaths/1k   0.09 behind%   0.2
t    2.7m it 65 eps 311 ret    4.76 len  1253.8 score/decision  0.117 deaths/1k   0.10 behind%   0.2
t    3.2m it 76 eps 776 ret    6.68 len  1519.7 score/decision  0.125 deaths/1k   0.09 behind%   0.3
t    3.7m it 85 eps 327 ret    3.66 len  1125.1 score/decision  0.116 deaths/1k   0.20 behind%   0.2
t    4.3m it 98 eps 241 ret    4.40 len  1279.7 score/decision  0.118 deaths/1k   0.10 behind%   0.2
t    4.8m it 110 eps 884 ret    6.29 len  1477.9 score/decision  0.118 deaths/1k   0.12 behind%   0.2
t    5.3m it 121 eps 249 ret    5.02 len  1345.6 score/decision  0.122 deaths/1k   0.09 behind%   0.2
t    5.8m it 132 eps 768 ret    6.98 len  1518.4 score/decision  0.121 deaths/1k   0.08 behind%   0.3
t    6.4m it 144 eps 319 ret    5.54 len  1368.1 score/decision  0.120 deaths/1k   0.09 behind%   0.2
t    6.9m it 153 eps 651 ret    6.76 len  1497.9 score/decision  0.125 deaths/1k   0.11 behind%   0.3
t    7.4m it 165 eps 386 ret    5.88 len  1400.0 score/decision  0.118 deaths/1k   0.09 behind%   0.2
t    7.9m it 175 eps 541 ret    6.95 len  1537.8 score/decision  0.124 deaths/1k   0.07 behind%   0.3
t    8.5m it 186 eps 452 ret    5.97 len  1400.6 score/decision  0.118 deaths/1k   0.10 behind%   0.2
t    9.0m it 198 eps 311 ret    6.26 len  1478.2 score/decision  0.122 deaths/1k   0.05 behind%   0.2
t    9.5m it 208 eps 693 ret    6.92 len  1510.6 score/decision  0.121 deaths/1k   0.08 behind%   0.2
t   10.0m it 220 eps 350 ret    6.33 len  1481.1 score/decision  0.122 deaths/1k   0.06 behind%   0.3
t   10.6m it 231 eps 679 ret    6.69 len  1478.6 score/decision  0.124 deaths/1k   0.10 behind%   0.3
t   11.1m it 243 eps 393 ret    6.04 len  1431.4 score/decision  0.120 deaths/1k   0.08 behind%   0.2
t   11.6m it 254 eps 621 ret    6.91 len  1522.1 score/decision  0.121 deaths/1k   0.07 behind%   0.2
t   12.1m it 264 eps 353 ret    6.40 len  1469.2 score/decision  0.120 deaths/1k   0.07 behind%   0.3
t   12.6m it 274 eps 293 ret    6.23 len  1441.7 score/decision  0.121 deaths/1k   0.07 behind%   0.3
