t    0.1m it 1 eps 0 ret    0.00 len     0.0 score/decision  0.110 deaths/1k   0.00 behind%   0.2
t    0.6m it 7 eps 0 ret    0.00 len     0.0 score/decision  0.118 deaths/1k   0.00 behind%   0.4
t    1.1m it 11 eps 0 ret    0.00 len     0.0 score/decision  0.128 deaths/1k   0.00 behind%   0.4
t    1.7m it 17 eps 1024 ret    7.37 len  1600.0 score/decision  0.121 deaths/1k   0.00 behind%   0.3
t    2.3m it 23 eps 0 ret    0.00 len     0.0 score/decision  0.128 deaths/1k   0.00 behind%   0.3
t    2.9m it 27 eps 1024 ret    7.65 len  1600.0 score/decision  0.133 deaths/1k   0.00 behind%   0.2
t    3.5m it 34 eps 0 ret    0.00 len     0.0 score/decision  0.123 deaths/1k   0.00 behind%   0.3
t    4.0m it 38 eps 1024 ret    7.59 len  1600.0 score/decision  0.141 deaths/1k   0.00 behind%   0.2
t    4.5m it 45 eps 0 ret    0.00 len     0.0 score/decision  0.118 deaths/1k   0.00 behind%   0.4
t    5.1m it 49 eps 0 ret    0.00 len     0.0 score/decision  0.137 deaths/1k   0.00 behind%   0.3
t    5.7m it 56 eps 1024 ret    7.67 len  1600.0 score/decision  0.123 deaths/1k   0.00 behind%   0.3
t    6.2m it 62 eps 0 ret    0.00 len     0.0 score/decision  0.130 deaths/1k   0.00 behind%   0.3
t    6.7m it 71 eps 1024 ret    7.45 len  1600.0 score/decision  0.120 deaths/1k   0.00 behind%   0.3
t    7.3m it 77 eps 1024 ret    7.29 len  1600.0 score/decision  0.124 deaths/1k   0.00 behind%   0.4
t    7.8m it 86 eps 0 ret    0.00 len     0.0 score/decision  0.122 deaths/1k   0.00 behind%   0.4
t    8.4m it 94 eps 1024 ret    7.30 len  1600.0 score/decision  0.122 deaths/1k   0.00 behind%   0.3
t    8.9m it 100 eps 1024 ret    7.44 len  1600.0 score/decision  0.129 deaths/1k   0.00 behind%   0.4
t    9.4m it 110 eps 0 ret    0.00 len     0.0 score/decision  0.121 deaths/1k   0.00 behind%   0.4
t   10.0m it 118 eps 1024 ret    7.54 len  1600.0 score/decision  0.121 deaths/1k   0.00 behind%   0.3
t   10.5m it 124 eps 0 ret    0.00 len     0.0 score/decision  0.128 deaths/1k   0.00 behind%   0.5
t   11.0m it 132 eps 1024 ret    7.76 len  1600.0 score/decision  0.124 deaths/1k   0.00 behind%   0.4
t   11.5m it 140 eps 1024 ret    7.80 len  1600.0 score/decision  0.123 deaths/1k   0.00 behind%   0.6
t   12.1m it 148 eps 0 ret    0.00 len     0.0 score/decision  0.127 deaths/1k   0.00 behind%   0.7
t   12.6m it 155 eps 1024 ret    8.07 len  1600.0 score/decision  0.122 deaths/1k   0.00 behind%   0.5
t   13.1m it 162 eps 0 ret    0.00 len     0.0 score/decision  0.122 deaths/1k   0.00 behind%   0.6
t   13.7m it 170 eps 1024 ret    7.83 len  1600.0 score/decision  0.126 deaths/1k   0.00 behind%   0.6
t   14.2m it 178 eps 1024 ret    8.21 len  1600.0 score/decision  0.125 deaths/1k   0.00 behind%   0.7
t   14.7m it 187 eps 0 ret    0.00 len     0.0 score/decision  0.126 deaths/1k   0.00 behind%   0.9
t   15.2m it 195 eps 1024 ret    8.53 len  1600.0 score/decision  0.129 deaths/1k   0.00 behind%   0.7
t   15.7m it 201 eps 1024 ret    8.59 len  1600.0 score/decision  0.124 deaths/1k   0.00 behind%   0.8
t   16.2m it 209 eps 0 ret    0.00 len     0.0 score/decision  0.131 deaths/1k   0.00 behind%   0.7
t   16.7m it 216 eps 1024 ret    8.56 len  1600.0 score/decision  0.125 deaths/1k   0.00 behind%   0.8
t   17.3m it 224 eps 0 ret    0.00 len     0.0 score/decision  0.129 deaths/1k   0.00 behind%   0.9
t   17.8m it 232 eps 1024 ret    8.71 len  1600.0 score/decision  0.127 deaths/1k   0.00 behind%   0.6
t   18.3m it 239 eps 1024 ret    8.09 len  1600.0 score/decision  0.122 deaths/1k   0.00 behind%   0.7
t   18.9m it 248 eps 0 ret    0.00 len     0.0 score/decision  0.128 deaths/1k   0.00 behind%   0.8
t   19.4m it 257 eps 1024 ret    8.43 len  1600.0 score/decision  0.128 deaths/1k   0.00 behind%   0.7
t   19.9m it 266 eps 1024 ret    8.56 len  1600.0 score/decision  0.125 deaths/1k   0.00 behind%   0.7
t   20.5m it 275 eps 1024 ret    8.45 len  1600.0 score/decision  0.128 deaths/1k   0.00 behind%   0.9
t   21.0m it 283 eps 0 ret    0.00 len     0.0 score/decision  0.130 deaths/1k   0.00 behind%   0.7
t   21.6m it 290 eps 1024 ret    8.78 len  1600.0 score/decision  0.127 deaths/1k   0.00 behind%   0.9
t   22.1m it 298 eps 0 ret    0.00 len     0.0 score/decision  0.131 deaths/1k   0.00 behind%   0.9
t   22.7m it 306 eps 1024 ret    8.85 len  1600.0 score/decision  0.130 deaths/1k   0.00 behind%   0.8
t   23.2m it 314 eps 1024 ret    9.01 len  1600.0 score/decision  0.125 deaths/1k   0.00 behind%   1.1
t   23.8m it 323 eps 0 ret    0.00 len     0.0 score/decision  0.133 deaths/1k   0.00 behind%   0.9
t   24.3m it 331 eps 1024 ret    8.89 len  1600.0 score/decision  0.131 deaths/1k   0.00 behind%   0.8
t   24.8m it 339 eps 1024 ret    9.01 len  1600.0 score/decision  0.125 deaths/1k   0.00 behind%   1.1
t   25.4m it 348 eps 0 ret    0.00 len     0.0 score/decision  0.132 deaths/1k   0.00 behind%   1.0
t   26.0m it 356 eps 1024 ret    9.10 len  1600.0 score/decision  0.131 deaths/1k   0.00 behind%   0.8
t   26.5m it 363 eps 1024 ret    9.03 len  1600.0 score/decision  0.127 deaths/1k   0.00 behind%   1.1
t   27.0m it 371 eps 0 ret    0.00 len     0.0 score/decision  0.135 deaths/1k   0.00 behind%   0.8
t   27.5m it 379 eps 1024 ret    9.10 len  1600.0 score/decision  0.128 deaths/1k   0.00 behind%   0.9
t   28.0m it 387 eps 0 ret    0.00 len     0.0 score/decision  0.130 deaths/1k   0.00 behind%   1.2
t   28.6m it 396 eps 1024 ret    9.21 len  1600.0 score/decision  0.132 deaths/1k   0.00 behind%   0.8
t   29.1m it 404 eps 1024 ret    8.88 len  1600.0 score/decision  0.127 deaths/1k   0.00 behind%   0.8
t   29.7m it 412 eps 0 ret    0.00 len     0.0 score/decision  0.132 deaths/1k   0.00 behind%   1.2
t   30.2m it 422 eps 1024 ret    9.20 len  1600.0 score/decision  0.130 deaths/1k   0.00 behind%   0.8
t   30.7m it 432 eps 1024 ret    8.87 len  1600.0 score/decision  0.131 deaths/1k   0.00 behind%   0.9
t   31.2m it 442 eps 1024 ret    9.15 len  1600.0 score/decision  0.129 deaths/1k   0.00 behind%   1.0
t   31.7m it 452 eps 1024 ret    9.08 len  1600.0 score/decision  0.127 deaths/1k   0.00 behind%   1.0
t   32.2m it 462 eps 0 ret    0.00 len     0.0 score/decision  0.131 deaths/1k   0.00 behind%   1.1
t   32.8m it 473 eps 1024 ret    9.13 len  1600.0 score/decision  0.130 deaths/1k   0.00 behind%   0.9
t   33.3m it 483 eps 1024 ret    9.11 len  1600.0 score/decision  0.131 deaths/1k   0.00 behind%   0.9
t   33.8m it 492 eps 1024 ret    8.95 len  1600.0 score/decision  0.128 deaths/1k   0.00 behind%   0.9
t   34.3m it 500 eps 1024 ret    9.22 len  1600.0 score/decision  0.129 deaths/1k   0.00 behind%   1.3
t   34.9m it 509 eps 0 ret    0.00 len     0.0 score/decision  0.133 deaths/1k   0.00 behind%   0.8
t   35.4m it 517 eps 1024 ret    9.15 len  1600.0 score/decision  0.130 deaths/1k   0.00 behind%   1.0
t   35.9m it 525 eps 1024 ret    9.23 len  1600.0 score/decision  0.128 deaths/1k   0.00 behind%   1.3
t   36.5m it 534 eps 0 ret    0.00 len     0.0 score/decision  0.134 deaths/1k   0.00 behind%   0.9
t   37.0m it 541 eps 1024 ret    9.35 len  1600.0 score/decision  0.129 deaths/1k   0.00 behind%   1.0
t   37.6m it 550 eps 1024 ret    9.29 len  1600.0 score/decision  0.131 deaths/1k   0.00 behind%   1.2
t   38.1m it 559 eps 0 ret    0.00 len     0.0 score/decision  0.134 deaths/1k   0.00 behind%   0.9
t   38.6m it 567 eps 1024 ret    9.18 len  1600.0 score/decision  0.129 deaths/1k   0.00 behind%   0.9
t   39.2m it 577 eps 1024 ret    9.34 len  1600.0 score/decision  0.130 deaths/1k   0.00 behind%   1.1
t   39.7m it 587 eps 0 ret    0.00 len     0.0 score/decision  0.133 deaths/1k   0.00 behind%   1.2
t   40.3m it 597 eps 1024 ret    9.38 len  1600.0 score/decision  0.132 deaths/1k   0.00 behind%   1.0
t   40.8m it 606 eps 1024 ret    9.35 len  1600.0 score/decision  0.132 deaths/1k   0.00 behind%   1.0
t   41.3m it 616 eps 1024 ret    9.30 len  1600.0 score/decision  0.130 deaths/1k   0.00 behind%   1.0
t   41.8m it 625 eps 1024 ret    9.52 len  1600.0 score/decision  0.134 deaths/1k   0.00 behind%   1.3
t   42.4m it 635 eps 0 ret    0.00 len     0.0 score/decision  0.136 deaths/1k   0.00 behind%   1.0
t   42.9m it 644 eps 1024 ret    9.55 len  1600.0 score/decision  0.133 deaths/1k   0.00 behind%   0.9
t   43.5m it 652 eps 1024 ret    9.63 len  1600.0 score/decision  0.131 deaths/1k   0.00 behind%   1.3
t   44.0m it 662 eps 0 ret    0.00 len     0.0 score/decision  0.133 deaths/1k   0.00 behind%   1.2
t   44.5m it 672 eps 1024 ret    9.42 len  1600.0 score/decision  0.135 deaths/1k   0.00 behind%   1.1
t   45.1m it 682 eps 1024 ret    9.85 len  1600.0 score/decision  0.134 deaths/1k   0.00 behind%   1.1
t   45.6m it 691 eps 1024 ret    9.61 len  1600.0 score/decision  0.132 deaths/1k   0.00 behind%   1.1
t   46.1m it 700 eps 1024 ret    9.94 len  1600.0 score/decision  0.134 deaths/1k   0.00 behind%   1.5
t   46.6m it 709 eps 0 ret    0.00 len     0.0 score/decision  0.135 deaths/1k   0.00 behind%   1.0
t   47.2m it 717 eps 1024 ret    9.87 len  1600.0 score/decision  0.132 deaths/1k   0.00 behind%   1.1
t   47.7m it 727 eps 1024 ret    9.78 len  1600.0 score/decision  0.131 deaths/1k   0.00 behind%   1.4
t   48.3m it 737 eps 0 ret    0.00 len     0.0 score/decision  0.136 deaths/1k   0.00 behind%   1.4
t   48.8m it 747 eps 1024 ret    9.93 len  1600.0 score/decision  0.136 deaths/1k   0.00 behind%   1.1
t   49.4m it 757 eps 1024 ret    9.84 len  1600.0 score/decision  0.134 deaths/1k   0.00 behind%   1.3
t   49.9m it 766 eps 1024 ret   10.07 len  1600.0 score/decision  0.131 deaths/1k   0.00 behind%   1.3
t   50.4m it 775 eps 1024 ret    9.68 len  1600.0 score/decision  0.134 deaths/1k   0.00 behind%   1.4
t   50.9m it 785 eps 0 ret    0.00 len     0.0 score/decision  0.135 deaths/1k   0.00 behind%   1.3
t   51.5m it 794 eps 1024 ret   10.03 len  1600.0 score/decision  0.134 deaths/1k   0.00 behind%   1.2
t   52.0m it 804 eps 1024 ret   10.04 len  1600.0 score/decision  0.134 deaths/1k   0.00 behind%   1.4
t   52.5m it 813 eps 1024 ret   10.12 len  1600.0 score/decision  0.133 deaths/1k   0.00 behind%   1.6
t   53.0m it 823 eps 0 ret    0.00 len     0.0 score/decision  0.137 deaths/1k   0.00 behind%   1.2
t   53.6m it 833 eps 1024 ret    9.86 len  1600.0 score/decision  0.137 deaths/1k   0.00 behind%   1.4
t   54.1m it 842 eps 1024 ret   10.35 len  1600.0 score/decision  0.131 deaths/1k   0.00 behind%   1.3
t   54.6m it 850 eps 1024 ret    9.97 len  1600.0 score/decision  0.133 deaths/1k   0.00 behind%   1.7
t   55.1m it 860 eps 0 ret    0.00 len     0.0 score/decision  0.136 deaths/1k   0.00 behind%   1.1
t   55.7m it 869 eps 1024 ret    9.91 len  1600.0 score/decision  0.137 deaths/1k   0.00 behind%   1.2
t   56.2m it 879 eps 1024 ret   10.16 len  1600.0 score/decision  0.134 deaths/1k   0.00 behind%   1.3
t   56.7m it 888 eps 1024 ret   10.06 len  1600.0 score/decision  0.134 deaths/1k   0.00 behind%   1.5
t   57.3m it 898 eps 0 ret    0.00 len     0.0 score/decision  0.139 deaths/1k   0.00 behind%   1.3
t   57.8m it 907 eps 1024 ret   10.19 len  1600.0 score/decision  0.135 deaths/1k   0.00 behind%   1.3
t   58.3m it 916 eps 1024 ret   10.30 len  1600.0 score/decision  0.134 deaths/1k   0.00 behind%   1.4
t   58.9m it 926 eps 1024 ret   10.22 len  1600.0 score/decision  0.134 deaths/1k   0.00 behind%   1.6
t   59.4m it 936 eps 0 ret    0.00 len     0.0 score/decision  0.138 deaths/1k   0.00 behind%   1.3
t   59.9m it 946 eps 1024 ret   10.11 len  1600.0 score/decision  0.137 deaths/1k   0.00 behind%   1.4
t   60.4m it 955 eps 1024 ret   10.45 len  1600.0 score/decision  0.134 deaths/1k   0.00 behind%   1.4
t   60.9m it 965 eps 1024 ret   10.42 len  1600.0 score/decision  0.134 deaths/1k   0.00 behind%   1.6
t   61.5m it 974 eps 0 ret    0.00 len     0.0 score/decision  0.139 deaths/1k   0.00 behind%   1.7
t   62.1m it 983 eps 1024 ret   10.41 len  1600.0 score/decision  0.136 deaths/1k   0.00 behind%   1.2
t   62.6m it 991 eps 1024 ret   10.20 len  1600.0 score/decision  0.131 deaths/1k   0.00 behind%   1.4
t   63.1m it 1000 eps 1024 ret   10.51 len  1600.0 score/decision  0.138 deaths/1k   0.00 behind%   1.9
t   63.6m it 1010 eps 0 ret    0.00 len     0.0 score/decision  0.140 deaths/1k   0.00 behind%   1.4
t   64.2m it 1018 eps 1024 ret   10.72 len  1600.0 score/decision  0.136 deaths/1k   0.00 behind%   1.3
t   64.7m it 1027 eps 1024 ret   10.29 len  1600.0 score/decision  0.133 deaths/1k   0.00 behind%   1.5
t   65.2m it 1037 eps 0 ret    0.00 len     0.0 score/decision  0.139 deaths/1k   0.00 behind%   1.8
t   65.7m it 1047 eps 1024 ret   10.53 len  1600.0 score/decision  0.138 deaths/1k   0.00 behind%   1.3
t   66.2m it 1055 eps 1024 ret   10.23 len  1600.0 score/decision  0.134 deaths/1k   0.00 behind%   1.3
t   66.8m it 1064 eps 1024 ret   10.35 len  1600.0 score/decision  0.133 deaths/1k   0.00 behind%   1.7
t   67.3m it 1074 eps 0 ret    0.00 len     0.0 score/decision  0.137 deaths/1k   0.00 behind%   1.5
t   67.8m it 1084 eps 1024 ret   10.17 len  1600.0 score/decision  0.141 deaths/1k   0.00 behind%   1.4
t   68.4m it 1093 eps 1024 ret   10.84 len  1600.0 score/decision  0.135 deaths/1k   0.00 behind%   1.5
t   68.9m it 1101 eps 1024 ret   10.56 len  1600.0 score/decision  0.134 deaths/1k   0.00 behind%   1.8
t   69.4m it 1110 eps 0 ret    0.00 len     0.0 score/decision  0.142 deaths/1k   0.00 behind%   1.6
t   70.0m it 1119 eps 1024 ret   10.91 len  1600.0 score/decision  0.138 deaths/1k   0.00 behind%   1.4
t   70.5m it 1126 eps 1024 ret   10.57 len  1600.0 score/decision  0.133 deaths/1k   0.00 behind%   1.9
t   71.0m it 1134 eps 0 ret    0.00 len     0.0 score/decision  0.142 deaths/1k   0.00 behind%   1.5
t   71.6m it 1143 eps 1024 ret   10.66 len  1600.0 score/decision  0.136 deaths/1k   0.00 behind%   1.4
t   72.1m it 1152 eps 1024 ret   10.88 len  1600.0 score/decision  0.134 deaths/1k   0.00 behind%   1.8
t   72.6m it 1162 eps 0 ret    0.00 len     0.0 score/decision  0.140 deaths/1k   0.00 behind%   1.8
t   73.1m it 1171 eps 1024 ret   10.68 len  1600.0 score/decision  0.142 deaths/1k   0.00 behind%   1.4
t   73.7m it 1178 eps 1024 ret   10.97 len  1600.0 score/decision  0.134 deaths/1k   0.00 behind%   1.6
t   74.2m it 1186 eps 0 ret    0.00 len     0.0 score/decision  0.143 deaths/1k   0.00 behind%   2.1
t   74.8m it 1195 eps 1024 ret   11.29 len  1600.0 score/decision  0.140 deaths/1k   0.00 behind%   1.3
t   75.3m it 1203 eps 1024 ret   10.81 len  1600.0 score/decision  0.136 deaths/1k   0.00 behind%   1.7
t   75.8m it 1212 eps 0 ret    0.00 len     0.0 score/decision  0.143 deaths/1k   0.00 behind%   2.1
t   76.4m it 1221 eps 1024 ret   11.19 len  1600.0 score/decision  0.144 deaths/1k   0.00 behind%   1.5
t   76.9m it 1230 eps 1024 ret   11.24 len  1600.0 score/decision  0.136 deaths/1k   0.00 behind%   1.6
t   77.5m it 1238 eps 1024 ret   11.17 len  1600.0 score/decision  0.136 deaths/1k   0.00 behind%   2.2
t   78.0m it 1247 eps 0 ret    0.00 len     0.0 score/decision  0.144 deaths/1k   0.00 behind%   1.6
t   78.5m it 1255 eps 1024 ret   11.08 len  1600.0 score/decision  0.137 deaths/1k   0.00 behind%   1.6
t   79.0m it 1263 eps 1024 ret   10.93 len  1600.0 score/decision  0.135 deaths/1k   0.00 behind%   2.1
t   79.6m it 1272 eps 0 ret    0.00 len     0.0 score/decision  0.143 deaths/1k   0.00 behind%   1.5
