t    0.1m it 1 eps 0 ret    0.00 len     0.0 score/decision  0.116 deaths/1k   0.00 behind%   0.2
t    0.6m it 10 eps 0 ret    0.00 len     0.0 score/decision  0.144 deaths/1k   0.00 behind%   1.7
t    1.1m it 17 eps 2048 ret   11.26 len  1600.0 score/decision  0.136 deaths/1k   0.00 behind%   1.5
t    1.7m it 24 eps 0 ret    0.00 len     0.0 score/decision  0.139 deaths/1k   0.00 behind%   2.1
t    2.2m it 32 eps 2048 ret   10.73 len  1600.0 score/decision  0.140 deaths/1k   0.00 behind%   1.3
t    2.7m it 40 eps 2048 ret   11.08 len  1600.0 score/decision  0.136 deaths/1k   0.00 behind%   1.9
t    3.2m it 49 eps 0 ret    0.00 len     0.0 score/decision  0.144 deaths/1k   0.00 behind%   2.1
t    3.7m it 58 eps 2048 ret   11.36 len  1600.0 score/decision  0.141 deaths/1k   0.00 behind%   1.5
t    4.3m it 65 eps 2048 ret   11.30 len  1600.0 score/decision  0.134 deaths/1k   0.00 behind%   1.9
t    4.8m it 72 eps 0 ret    0.00 len     0.0 score/decision  0.147 deaths/1k   0.00 behind%   1.7
t    5.3m it 78 eps 2048 ret   11.02 len  1600.0 score/decision  0.133 deaths/1k   0.00 behind%   1.5
t    5.8m it 86 eps 0 ret    0.00 len     0.0 score/decision  0.147 deaths/1k   0.00 behind%   2.0
t    6.4m it 94 eps 2048 ret   11.21 len  1600.0 score/decision  0.140 deaths/1k   0.00 behind%   1.4
t    6.9m it 100 eps 2048 ret   11.14 len  1600.0 score/decision  0.138 deaths/1k   0.00 behind%   2.5
t    7.4m it 108 eps 0 ret    0.00 len     0.0 score/decision  0.144 deaths/1k   0.00 behind%   1.3
t    8.0m it 115 eps 2048 ret   11.33 len  1600.0 score/decision  0.134 deaths/1k   0.00 behind%   1.9
t    8.6m it 123 eps 0 ret    0.00 len     0.0 score/decision  0.147 deaths/1k   0.00 behind%   2.1
t    9.1m it 131 eps 2048 ret   11.42 len  1600.0 score/decision  0.140 deaths/1k   0.00 behind%   1.5
t    9.6m it 140 eps 2048 ret   11.41 len  1600.0 score/decision  0.138 deaths/1k   0.00 behind%   1.9
t   10.1m it 149 eps 0 ret    0.00 len     0.0 score/decision  0.145 deaths/1k   0.00 behind%   2.0
t   10.6m it 158 eps 2048 ret   11.18 len  1600.0 score/decision  0.143 deaths/1k   0.00 behind%   1.4
t   11.2m it 167 eps 2048 ret   11.16 len  1600.0 score/decision  0.137 deaths/1k   0.00 behind%   1.7
t   11.7m it 175 eps 2048 ret   11.84 len  1600.0 score/decision  0.145 deaths/1k   0.00 behind%   2.6
t   12.2m it 184 eps 0 ret    0.00 len     0.0 score/decision  0.146 deaths/1k   0.00 behind%   1.7
t   12.7m it 193 eps 2048 ret   11.92 len  1600.0 score/decision  0.139 deaths/1k   0.00 behind%   1.7
t   13.2m it 202 eps 2048 ret   11.12 len  1600.0 score/decision  0.138 deaths/1k   0.00 behind%   1.9
t   13.7m it 211 eps 0 ret    0.00 len     0.0 score/decision  0.147 deaths/1k   0.00 behind%   2.2
t   14.3m it 221 eps 2048 ret   11.73 len  1600.0 score/decision  0.143 deaths/1k   0.00 behind%   1.7
t   14.9m it 230 eps 2048 ret   11.77 len  1600.0 score/decision  0.142 deaths/1k   0.00 behind%   1.9
t   15.4m it 238 eps 2048 ret   12.12 len  1600.0 score/decision  0.140 deaths/1k   0.00 behind%   2.7
t   16.0m it 248 eps 0 ret    0.00 len     0.0 score/decision  0.148 deaths/1k   0.00 behind%   2.0
t   16.5m it 257 eps 2048 ret   11.90 len  1600.0 score/decision  0.142 deaths/1k   0.00 behind%   1.7
t   17.0m it 265 eps 2048 ret   11.95 len  1600.0 score/decision  0.138 deaths/1k   0.00 behind%   2.3
t   17.6m it 274 eps 0 ret    0.00 len     0.0 score/decision  0.147 deaths/1k   0.00 behind%   2.5
t   18.1m it 283 eps 2048 ret   12.00 len  1600.0 score/decision  0.144 deaths/1k   0.00 behind%   1.9
t   18.6m it 291 eps 2048 ret   12.24 len  1600.0 score/decision  0.137 deaths/1k   0.00 behind%   2.1
t   19.2m it 300 eps 2048 ret   11.98 len  1600.0 score/decision  0.146 deaths/1k   0.00 behind%   2.7
t   19.7m it 310 eps 0 ret    0.00 len     0.0 score/decision  0.148 deaths/1k   0.00 behind%   1.8
t   20.3m it 319 eps 2048 ret   12.26 len  1600.0 score/decision  0.143 deaths/1k   0.00 behind%   1.9
t   20.8m it 329 eps 2048 ret   12.20 len  1600.0 score/decision  0.142 deaths/1k   0.00 behind%   2.2
t   21.3m it 338 eps 2048 ret   12.61 len  1600.0 score/decision  0.146 deaths/1k   0.00 behind%   2.8
t   21.9m it 347 eps 0 ret    0.00 len     0.0 score/decision  0.151 deaths/1k   0.00 behind%   2.0
t   22.4m it 355 eps 2048 ret   12.07 len  1600.0 score/decision  0.137 deaths/1k   0.00 behind%   1.9
t   22.9m it 364 eps 2048 ret   12.37 len  1600.0 score/decision  0.142 deaths/1k   0.00 behind%   2.6
t   23.5m it 374 eps 0 ret    0.00 len     0.0 score/decision  0.152 deaths/1k   0.00 behind%   2.5
t   24.0m it 384 eps 2048 ret   12.59 len  1600.0 score/decision  0.148 deaths/1k   0.00 behind%   2.1
t   24.6m it 393 eps 2048 ret   12.53 len  1600.0 score/decision  0.140 deaths/1k   0.00 behind%   2.0
t   25.1m it 403 eps 2048 ret   12.34 len  1600.0 score/decision  0.141 deaths/1k   0.00 behind%   2.4
t   25.6m it 412 eps 0 ret    0.00 len     0.0 score/decision  0.149 deaths/1k   0.00 behind%   2.8
t   26.2m it 421 eps 2048 ret   12.44 len  1600.0 score/decision  0.150 deaths/1k   0.00 behind%   1.8
t   26.7m it 429 eps 2048 ret   12.48 len  1600.0 score/decision  0.138 deaths/1k   0.00 behind%   2.1
t   27.2m it 437 eps 0 ret    0.00 len     0.0 score/decision  0.147 deaths/1k   0.00 behind%   2.9
t   27.8m it 445 eps 2048 ret   12.31 len  1600.0 score/decision  0.150 deaths/1k   0.00 behind%   1.7
t   28.3m it 453 eps 2048 ret   12.43 len  1600.0 score/decision  0.134 deaths/1k   0.00 behind%   2.3
t   28.8m it 461 eps 0 ret    0.00 len     0.0 score/decision  0.151 deaths/1k   0.00 behind%   2.8
t   29.4m it 469 eps 2048 ret   12.49 len  1600.0 score/decision  0.149 deaths/1k   0.00 behind%   1.9
t   29.9m it 477 eps 2048 ret   12.78 len  1600.0 score/decision  0.136 deaths/1k   0.00 behind%   2.8
t   30.5m it 485 eps 0 ret    0.00 len     0.0 score/decision  0.155 deaths/1k   0.00 behind%   2.4
t   31.0m it 494 eps 2048 ret   12.59 len  1600.0 score/decision  0.146 deaths/1k   0.00 behind%   2.0
t   31.6m it 502 eps 2048 ret   12.75 len  1600.0 score/decision  0.138 deaths/1k   0.00 behind%   2.7
t   32.1m it 510 eps 0 ret    0.00 len     0.0 score/decision  0.157 deaths/1k   0.00 behind%   2.6
t   32.6m it 518 eps 2048 ret   12.96 len  1600.0 score/decision  0.146 deaths/1k   0.00 behind%   2.1
t   33.2m it 526 eps 2048 ret   13.05 len  1600.0 score/decision  0.139 deaths/1k   0.00 behind%   3.2
t   33.7m it 534 eps 0 ret    0.00 len     0.0 score/decision  0.158 deaths/1k   0.00 behind%   2.3
t   34.3m it 542 eps 2048 ret   13.03 len  1600.0 score/decision  0.141 deaths/1k   0.00 behind%   2.2
t   34.8m it 550 eps 2048 ret   13.28 len  1600.0 score/decision  0.150 deaths/1k   0.00 behind%   3.5
t   35.4m it 558 eps 0 ret    0.00 len     0.0 score/decision  0.155 deaths/1k   0.00 behind%   1.7
t   35.9m it 565 eps 2048 ret   12.70 len  1600.0 score/decision  0.136 deaths/1k   0.00 behind%   2.5
t   36.4m it 573 eps 0 ret    0.00 len     0.0 score/decision  0.160 deaths/1k   0.00 behind%   2.9
t   37.0m it 581 eps 2048 ret   13.44 len  1600.0 score/decision  0.149 deaths/1k   0.00 behind%   2.1
t   37.5m it 589 eps 2048 ret   13.30 len  1600.0 score/decision  0.141 deaths/1k   0.00 behind%   2.9
t   38.0m it 598 eps 0 ret    0.00 len     0.0 score/decision  0.159 deaths/1k   0.00 behind%   2.8
t   38.6m it 608 eps 2048 ret   13.61 len  1600.0 score/decision  0.152 deaths/1k   0.00 behind%   2.2
t   39.1m it 618 eps 2048 ret   13.16 len  1600.0 score/decision  0.146 deaths/1k   0.00 behind%   2.4
t   39.6m it 627 eps 2048 ret   12.79 len  1600.0 score/decision  0.140 deaths/1k   0.00 behind%   2.8
t   40.2m it 636 eps 0 ret    0.00 len     0.0 score/decision  0.158 deaths/1k   0.00 behind%   2.9
t   40.7m it 646 eps 2048 ret   13.40 len  1600.0 score/decision  0.153 deaths/1k   0.00 behind%   2.3
t   41.2m it 655 eps 2048 ret   13.43 len  1600.0 score/decision  0.144 deaths/1k   0.00 behind%   2.4
t   41.8m it 664 eps 2048 ret   13.15 len  1600.0 score/decision  0.143 deaths/1k   0.00 behind%   3.0
t   42.3m it 674 eps 0 ret    0.00 len     0.0 score/decision  0.157 deaths/1k   0.00 behind%   2.7
t   42.8m it 683 eps 2048 ret   13.31 len  1600.0 score/decision  0.155 deaths/1k   0.00 behind%   2.1
t   43.4m it 692 eps 2048 ret   13.28 len  1600.0 score/decision  0.145 deaths/1k   0.00 behind%   2.4
t   43.9m it 700 eps 2048 ret   13.40 len  1600.0 score/decision  0.151 deaths/1k   0.00 behind%   3.4
t   44.5m it 710 eps 0 ret    0.00 len     0.0 score/decision  0.155 deaths/1k   0.00 behind%   2.1
t   45.0m it 720 eps 2048 ret   13.02 len  1600.0 score/decision  0.151 deaths/1k   0.00 behind%   2.2
t   45.5m it 729 eps 2048 ret   13.56 len  1600.0 score/decision  0.147 deaths/1k   0.00 behind%   2.6
t   46.0m it 737 eps 0 ret    0.00 len     0.0 score/decision  0.157 deaths/1k   0.00 behind%   3.3
t   46.5m it 746 eps 2048 ret   13.52 len  1600.0 score/decision  0.157 deaths/1k   0.00 behind%   2.1
t   47.1m it 755 eps 2048 ret   13.23 len  1600.0 score/decision  0.144 deaths/1k   0.00 behind%   2.3
t   47.6m it 764 eps 2048 ret   13.56 len  1600.0 score/decision  0.149 deaths/1k   0.00 behind%   3.0
t   48.1m it 773 eps 0 ret    0.00 len     0.0 score/decision  0.161 deaths/1k   0.00 behind%   2.7
t   48.6m it 782 eps 2048 ret   13.57 len  1600.0 score/decision  0.152 deaths/1k   0.00 behind%   2.2
t   49.2m it 791 eps 2048 ret   13.52 len  1600.0 score/decision  0.146 deaths/1k   0.00 behind%   2.7
t   49.7m it 799 eps 0 ret    0.00 len     0.0 score/decision  0.155 deaths/1k   0.00 behind%   3.1
t   50.2m it 807 eps 2048 ret   13.33 len  1600.0 score/decision  0.153 deaths/1k   0.00 behind%   2.0
t   50.7m it 815 eps 2048 ret   13.22 len  1600.0 score/decision  0.138 deaths/1k   0.00 behind%   2.8
t   51.3m it 823 eps 0 ret    0.00 len     0.0 score/decision  0.161 deaths/1k   0.00 behind%   2.9
t   51.8m it 831 eps 2048 ret   13.51 len  1600.0 score/decision  0.151 deaths/1k   0.00 behind%   2.2
t   52.3m it 839 eps 2048 ret   13.48 len  1600.0 score/decision  0.140 deaths/1k   0.00 behind%   3.1
t   52.9m it 847 eps 0 ret    0.00 len     0.0 score/decision  0.163 deaths/1k   0.00 behind%   2.7
t   53.4m it 855 eps 2048 ret   13.79 len  1600.0 score/decision  0.150 deaths/1k   0.00 behind%   2.3
t   53.9m it 864 eps 2048 ret   13.87 len  1600.0 score/decision  0.146 deaths/1k   0.00 behind%   3.2
t   54.4m it 872 eps 0 ret    0.00 len     0.0 score/decision  0.163 deaths/1k   0.00 behind%   2.7
t   54.9m it 880 eps 2048 ret   13.72 len  1600.0 score/decision  0.145 deaths/1k   0.00 behind%   2.3
t   55.5m it 888 eps 2048 ret   13.43 len  1600.0 score/decision  0.144 deaths/1k   0.00 behind%   3.5
t   56.0m it 897 eps 0 ret    0.00 len     0.0 score/decision  0.162 deaths/1k   0.00 behind%   2.5
t   56.5m it 906 eps 2048 ret   13.90 len  1600.0 score/decision  0.148 deaths/1k   0.00 behind%   2.4
t   57.1m it 914 eps 2048 ret   13.67 len  1600.0 score/decision  0.146 deaths/1k   0.00 behind%   3.2
t   57.6m it 922 eps 0 ret    0.00 len     0.0 score/decision  0.167 deaths/1k   0.00 behind%   2.9
t   58.1m it 930 eps 2048 ret   14.27 len  1600.0 score/decision  0.149 deaths/1k   0.00 behind%   2.4
t   58.6m it 938 eps 2048 ret   14.08 len  1600.0 score/decision  0.149 deaths/1k   0.00 behind%   3.7
t   59.2m it 947 eps 0 ret    0.00 len     0.0 score/decision  0.159 deaths/1k   0.00 behind%   2.7
t   59.7m it 956 eps 2048 ret   13.80 len  1600.0 score/decision  0.150 deaths/1k   0.00 behind%   2.5
t   60.2m it 964 eps 2048 ret   13.94 len  1600.0 score/decision  0.141 deaths/1k   0.00 behind%   3.3
t   60.7m it 972 eps 0 ret    0.00 len     0.0 score/decision  0.167 deaths/1k   0.00 behind%   3.1
t   61.3m it 980 eps 2048 ret   14.52 len  1600.0 score/decision  0.152 deaths/1k   0.00 behind%   2.4
t   61.8m it 988 eps 2048 ret   14.06 len  1600.0 score/decision  0.151 deaths/1k   0.00 behind%   3.6
t   62.3m it 996 eps 0 ret    0.00 len     0.0 score/decision  0.165 deaths/1k   0.00 behind%   2.4
t   62.9m it 1004 eps 2048 ret   14.18 len  1600.0 score/decision  0.147 deaths/1k   0.00 behind%   2.5
t   63.5m it 1012 eps 0 ret    0.00 len     0.0 score/decision  0.154 deaths/1k   0.00 behind%   3.6
t   64.0m it 1020 eps 2048 ret   13.57 len  1600.0 score/decision  0.159 deaths/1k   0.00 behind%   2.1
t   64.6m it 1028 eps 2048 ret   13.84 len  1600.0 score/decision  0.142 deaths/1k   0.00 behind%   2.8
t   65.1m it 1036 eps 0 ret    0.00 len     0.0 score/decision  0.160 deaths/1k   0.00 behind%   3.3
t   65.6m it 1044 eps 2048 ret   13.75 len  1600.0 score/decision  0.151 deaths/1k   0.00 behind%   2.0
t   66.2m it 1052 eps 2048 ret   13.74 len  1600.0 score/decision  0.145 deaths/1k   0.00 behind%   3.0
t   66.7m it 1060 eps 0 ret    0.00 len     0.0 score/decision  0.167 deaths/1k   0.00 behind%   3.1
t   67.2m it 1069 eps 2048 ret   14.15 len  1600.0 score/decision  0.153 deaths/1k   0.00 behind%   2.4
t   67.7m it 1078 eps 2048 ret   13.83 len  1600.0 score/decision  0.144 deaths/1k   0.00 behind%   2.9
t   68.2m it 1087 eps 0 ret    0.00 len     0.0 score/decision  0.163 deaths/1k   0.00 behind%   3.5
t   68.8m it 1097 eps 2048 ret   14.26 len  1600.0 score/decision  0.159 deaths/1k   0.00 behind%   2.5
t   69.3m it 1107 eps 2048 ret   14.10 len  1600.0 score/decision  0.153 deaths/1k   0.00 behind%   2.5
t   69.8m it 1116 eps 2048 ret   13.62 len  1600.0 score/decision  0.142 deaths/1k   0.00 behind%   2.8
t   70.3m it 1125 eps 2048 ret   13.77 len  1600.0 score/decision  0.153 deaths/1k   0.00 behind%   3.5
t   70.9m it 1135 eps 0 ret    0.00 len     0.0 score/decision  0.159 deaths/1k   0.00 behind%   2.5
t   71.4m it 1145 eps 2048 ret   14.11 len  1600.0 score/decision  0.154 deaths/1k   0.00 behind%   2.4
t   71.9m it 1154 eps 2048 ret   14.05 len  1600.0 score/decision  0.149 deaths/1k   0.00 behind%   2.7
t   72.5m it 1163 eps 2048 ret   13.68 len  1600.0 score/decision  0.149 deaths/1k   0.00 behind%   3.4
t   73.0m it 1172 eps 0 ret    0.00 len     0.0 score/decision  0.162 deaths/1k   0.00 behind%   2.4
t   73.5m it 1182 eps 2048 ret   13.67 len  1600.0 score/decision  0.151 deaths/1k   0.00 behind%   2.5
t   74.1m it 1190 eps 2048 ret   14.06 len  1600.0 score/decision  0.146 deaths/1k   0.00 behind%   3.0
t   74.6m it 1198 eps 0 ret    0.00 len     0.0 score/decision  0.166 deaths/1k   0.00 behind%   3.2
t   75.2m it 1207 eps 2048 ret   14.29 len  1600.0 score/decision  0.155 deaths/1k   0.00 behind%   2.3
t   75.7m it 1216 eps 2048 ret   13.49 len  1600.0 score/decision  0.143 deaths/1k   0.00 behind%   2.7
t   76.2m it 1225 eps 2048 ret   14.26 len  1600.0 score/decision  0.160 deaths/1k   0.00 behind%   3.6
t   76.8m it 1234 eps 0 ret    0.00 len     0.0 score/decision  0.162 deaths/1k   0.00 behind%   2.3
t   77.3m it 1242 eps 2048 ret   13.86 len  1600.0 score/decision  0.147 deaths/1k   0.00 behind%   2.4
t   77.8m it 1250 eps 2048 ret   13.79 len  1600.0 score/decision  0.153 deaths/1k   0.00 behind%   3.6
t   78.4m it 1260 eps 0 ret    0.00 len     0.0 score/decision  0.163 deaths/1k   0.00 behind%   2.6
t   78.9m it 1270 eps 2048 ret   14.43 len  1600.0 score/decision  0.156 deaths/1k   0.00 behind%   2.6
t   79.4m it 1279 eps 2048 ret   13.99 len  1600.0 score/decision  0.145 deaths/1k   0.00 behind%   2.7
t   79.9m it 1288 eps 2048 ret   13.97 len  1600.0 score/decision  0.150 deaths/1k   0.00 behind%   3.5
t   80.4m it 1297 eps 0 ret    0.00 len     0.0 score/decision  0.165 deaths/1k   0.00 behind%   2.7
t   81.0m it 1307 eps 2048 ret   14.46 len  1600.0 score/decision  0.156 deaths/1k   0.00 behind%   2.8
t   81.5m it 1317 eps 2048 ret   14.50 len  1600.0 score/decision  0.150 deaths/1k   0.00 behind%   2.8
t   82.0m it 1325 eps 2048 ret   14.28 len  1600.0 score/decision  0.156 deaths/1k   0.00 behind%   3.9
t   82.5m it 1334 eps 0 ret    0.00 len     0.0 score/decision  0.162 deaths/1k   0.00 behind%   2.3
t   83.1m it 1342 eps 2048 ret   13.89 len  1600.0 score/decision  0.145 deaths/1k   0.00 behind%   2.5
t   83.6m it 1351 eps 2048 ret   14.51 len  1600.0 score/decision  0.151 deaths/1k   0.00 behind%   3.7
t   84.2m it 1359 eps 0 ret    0.00 len     0.0 score/decision  0.169 deaths/1k   0.00 behind%   2.6
t   84.7m it 1367 eps 2048 ret   14.57 len  1600.0 score/decision  0.153 deaths/1k   0.00 behind%   2.7
t   85.2m it 1376 eps 2048 ret   13.96 len  1600.0 score/decision  0.147 deaths/1k   0.00 behind%   3.3
t   85.8m it 1385 eps 0 ret    0.00 len     0.0 score/decision  0.166 deaths/1k   0.00 behind%   2.8
t   86.3m it 1394 eps 2048 ret   14.19 len  1600.0 score/decision  0.157 deaths/1k   0.00 behind%   2.5
t   86.8m it 1402 eps 2048 ret   14.68 len  1600.0 score/decision  0.145 deaths/1k   0.00 behind%   3.3
t   87.3m it 1410 eps 0 ret    0.00 len     0.0 score/decision  0.169 deaths/1k   0.00 behind%   3.1
t   87.9m it 1418 eps 2048 ret   14.22 len  1600.0 score/decision  0.151 deaths/1k   0.00 behind%   2.3
t   88.4m it 1426 eps 2048 ret   14.17 len  1600.0 score/decision  0.145 deaths/1k   0.00 behind%   3.6
t   89.0m it 1435 eps 0 ret    0.00 len     0.0 score/decision  0.165 deaths/1k   0.00 behind%   2.9
t   89.5m it 1444 eps 2048 ret   14.31 len  1600.0 score/decision  0.155 deaths/1k   0.00 behind%   2.6
t   90.0m it 1453 eps 2048 ret   14.83 len  1600.0 score/decision  0.150 deaths/1k   0.00 behind%   3.2
t   90.5m it 1463 eps 2048 ret   14.15 len  1600.0 score/decision  0.154 deaths/1k   0.00 behind%   3.5
t   91.0m it 1473 eps 0 ret    0.00 len     0.0 score/decision  0.161 deaths/1k   0.00 behind%   2.8
t   91.5m it 1483 eps 2048 ret   14.01 len  1600.0 score/decision  0.155 deaths/1k   0.00 behind%   2.6
t   92.0m it 1493 eps 2048 ret   14.26 len  1600.0 score/decision  0.150 deaths/1k   0.00 behind%   2.7
t   92.6m it 1503 eps 2048 ret   14.29 len  1600.0 score/decision  0.150 deaths/1k   0.00 behind%   3.1
t   93.1m it 1513 eps 2048 ret   14.04 len  1600.0 score/decision  0.154 deaths/1k   0.00 behind%   3.4
t   93.6m it 1522 eps 0 ret    0.00 len     0.0 score/decision  0.163 deaths/1k   0.00 behind%   2.5
t   94.1m it 1531 eps 2048 ret   13.78 len  1600.0 score/decision  0.149 deaths/1k   0.00 behind%   2.4
t   94.6m it 1539 eps 2048 ret   14.37 len  1600.0 score/decision  0.149 deaths/1k   0.00 behind%   3.4
t   95.1m it 1548 eps 0 ret    0.00 len     0.0 score/decision  0.163 deaths/1k   0.00 behind%   3.0
t   95.7m it 1558 eps 2048 ret   13.88 len  1600.0 score/decision  0.157 deaths/1k   0.00 behind%   2.5
t   96.2m it 1568 eps 2048 ret   14.20 len  1600.0 score/decision  0.151 deaths/1k   0.00 behind%   2.6
t   96.8m it 1578 eps 2048 ret   14.18 len  1600.0 score/decision  0.149 deaths/1k   0.00 behind%   3.1
t   97.3m it 1588 eps 2048 ret   14.50 len  1600.0 score/decision  0.158 deaths/1k   0.00 behind%   3.5
t   97.9m it 1598 eps 0 ret    0.00 len     0.0 score/decision  0.162 deaths/1k   0.00 behind%   2.7
t   98.4m it 1607 eps 2048 ret   13.95 len  1600.0 score/decision  0.156 deaths/1k   0.00 behind%   2.3
t   98.9m it 1616 eps 2048 ret   13.67 len  1600.0 score/decision  0.142 deaths/1k   0.00 behind%   2.7
t   99.4m it 1626 eps 2048 ret   13.86 len  1600.0 score/decision  0.153 deaths/1k   0.00 behind%   3.1
t  100.0m it 1636 eps 0 ret    0.00 len     0.0 score/decision  0.162 deaths/1k   0.00 behind%   2.8
t  100.5m it 1645 eps 2048 ret   14.07 len  1600.0 score/decision  0.157 deaths/1k   0.00 behind%   2.3
t  101.0m it 1653 eps 2048 ret   13.74 len  1600.0 score/decision  0.142 deaths/1k   0.00 behind%   2.8
t  101.6m it 1661 eps 0 ret    0.00 len     0.0 score/decision  0.168 deaths/1k   0.00 behind%   3.5
t  102.1m it 1669 eps 2048 ret   14.62 len  1600.0 score/decision  0.159 deaths/1k   0.00 behind%   2.2
t  102.6m it 1678 eps 2048 ret   14.23 len  1600.0 score/decision  0.147 deaths/1k   0.00 behind%   3.0
t  103.2m it 1688 eps 2048 ret   14.47 len  1600.0 score/decision  0.159 deaths/1k   0.00 behind%   3.4
t  103.7m it 1697 eps 0 ret    0.00 len     0.0 score/decision  0.166 deaths/1k   0.00 behind%   2.5
t  104.2m it 1706 eps 2048 ret   14.07 len  1600.0 score/decision  0.153 deaths/1k   0.00 behind%   2.4
t  104.7m it 1715 eps 2048 ret   14.09 len  1600.0 score/decision  0.150 deaths/1k   0.00 behind%   3.0
t  105.2m it 1725 eps 2048 ret   14.49 len  1600.0 score/decision  0.161 deaths/1k   0.00 behind%   3.5
t  105.8m it 1735 eps 0 ret    0.00 len     0.0 score/decision  0.166 deaths/1k   0.00 behind%   2.5
t  106.3m it 1744 eps 2048 ret   14.55 len  1600.0 score/decision  0.158 deaths/1k   0.00 behind%   2.4
t  106.8m it 1753 eps 2048 ret   14.01 len  1600.0 score/decision  0.144 deaths/1k   0.00 behind%   2.9
t  107.3m it 1763 eps 2048 ret   14.17 len  1600.0 score/decision  0.157 deaths/1k   0.00 behind%   3.3
t  107.9m it 1773 eps 0 ret    0.00 len     0.0 score/decision  0.163 deaths/1k   0.00 behind%   2.5
t  108.4m it 1782 eps 2048 ret   13.62 len  1600.0 score/decision  0.157 deaths/1k   0.00 behind%   2.2
t  108.9m it 1792 eps 2048 ret   13.61 len  1600.0 score/decision  0.147 deaths/1k   0.00 behind%   2.5
t  109.4m it 1801 eps 2048 ret   13.92 len  1600.0 score/decision  0.151 deaths/1k   0.00 behind%   3.1
t  109.9m it 1809 eps 0 ret    0.00 len     0.0 score/decision  0.171 deaths/1k   0.00 behind%   2.4
t  110.5m it 1817 eps 2048 ret   13.88 len  1600.0 score/decision  0.148 deaths/1k   0.00 behind%   2.3
t  111.0m it 1825 eps 2048 ret   14.33 len  1600.0 score/decision  0.162 deaths/1k   0.00 behind%   3.5
t  111.6m it 1833 eps 0 ret    0.00 len     0.0 score/decision  0.167 deaths/1k   0.00 behind%   1.9
t  112.1m it 1842 eps 2048 ret   14.32 len  1600.0 score/decision  0.156 deaths/1k   0.00 behind%   2.6
t  112.7m it 1851 eps 2048 ret   14.11 len  1600.0 score/decision  0.153 deaths/1k   0.00 behind%   3.2
t  113.2m it 1859 eps 0 ret    0.00 len     0.0 score/decision  0.170 deaths/1k   0.00 behind%   2.4
t  113.7m it 1867 eps 2048 ret   13.96 len  1600.0 score/decision  0.148 deaths/1k   0.00 behind%   2.5
t  114.3m it 1875 eps 2048 ret   14.34 len  1600.0 score/decision  0.158 deaths/1k   0.00 behind%   3.7
t  114.9m it 1884 eps 0 ret    0.00 len     0.0 score/decision  0.167 deaths/1k   0.00 behind%   2.2
t  115.4m it 1892 eps 2048 ret   14.29 len  1600.0 score/decision  0.151 deaths/1k   0.00 behind%   2.4
t  115.9m it 1900 eps 2048 ret   14.22 len  1600.0 score/decision  0.159 deaths/1k   0.00 behind%   3.6
t  116.5m it 1908 eps 0 ret    0.00 len     0.0 score/decision  0.168 deaths/1k   0.00 behind%   2.0
t  117.0m it 1916 eps 2048 ret   14.23 len  1600.0 score/decision  0.146 deaths/1k   0.00 behind%   2.7
t  117.5m it 1924 eps 0 ret    0.00 len     0.0 score/decision  0.166 deaths/1k   0.00 behind%   3.4
t  118.0m it 1933 eps 2048 ret   14.35 len  1600.0 score/decision  0.164 deaths/1k   0.00 behind%   2.2
t  118.6m it 1943 eps 2048 ret   14.08 len  1600.0 score/decision  0.153 deaths/1k   0.00 behind%   2.5
t  119.1m it 1952 eps 2048 ret   14.26 len  1600.0 score/decision  0.150 deaths/1k   0.00 behind%   3.0
t  119.6m it 1962 eps 0 ret    0.00 len     0.0 score/decision  0.168 deaths/1k   0.00 behind%   3.3
t  120.2m it 1972 eps 2048 ret   14.73 len  1600.0 score/decision  0.164 deaths/1k   0.00 behind%   2.5
t  120.7m it 1981 eps 2048 ret   14.12 len  1600.0 score/decision  0.155 deaths/1k   0.00 behind%   2.4
t  121.2m it 1990 eps 2048 ret   14.16 len  1600.0 score/decision  0.147 deaths/1k   0.00 behind%   3.0
t  121.8m it 1998 eps 0 ret    0.00 len     0.0 score/decision  0.171 deaths/1k   0.00 behind%   3.3
t  122.4m it 2006 eps 2048 ret   14.62 len  1600.0 score/decision  0.159 deaths/1k   0.00 behind%   2.2
t  122.9m it 2014 eps 2048 ret   14.16 len  1600.0 score/decision  0.143 deaths/1k   0.00 behind%   3.3
t  123.4m it 2024 eps 0 ret    0.00 len     0.0 score/decision  0.167 deaths/1k   0.00 behind%   3.1
t  123.9m it 2034 eps 2048 ret   14.41 len  1600.0 score/decision  0.164 deaths/1k   0.00 behind%   2.4
t  124.5m it 2043 eps 2048 ret   14.48 len  1600.0 score/decision  0.159 deaths/1k   0.00 behind%   2.6
t  125.0m it 2052 eps 2048 ret   14.57 len  1600.0 score/decision  0.151 deaths/1k   0.00 behind%   3.1
t  125.5m it 2062 eps 0 ret    0.00 len     0.0 score/decision  0.164 deaths/1k   0.00 behind%   3.3
t  126.0m it 2072 eps 2048 ret   14.38 len  1600.0 score/decision  0.167 deaths/1k   0.00 behind%   2.4
t  126.6m it 2081 eps 2048 ret   14.78 len  1600.0 score/decision  0.159 deaths/1k   0.00 behind%   2.5
t  127.1m it 2090 eps 2048 ret   14.67 len  1600.0 score/decision  0.151 deaths/1k   0.00 behind%   3.2
t  127.7m it 2099 eps 0 ret    0.00 len     0.0 score/decision  0.170 deaths/1k   0.00 behind%   3.4
t  128.2m it 2108 eps 2048 ret   14.77 len  1600.0 score/decision  0.165 deaths/1k   0.00 behind%   2.4
t  128.7m it 2116 eps 2048 ret   14.82 len  1600.0 score/decision  0.151 deaths/1k   0.00 behind%   2.8
t  129.2m it 2125 eps 2048 ret   14.60 len  1600.0 score/decision  0.164 deaths/1k   0.00 behind%   3.6
t  129.7m it 2133 eps 0 ret    0.00 len     0.0 score/decision  0.171 deaths/1k   0.00 behind%   2.1
t  130.3m it 2141 eps 2048 ret   14.65 len  1600.0 score/decision  0.148 deaths/1k   0.00 behind%   2.7
t  130.8m it 2149 eps 0 ret    0.00 len     0.0 score/decision  0.169 deaths/1k   0.00 behind%   3.5
t  131.3m it 2157 eps 2048 ret   14.67 len  1600.0 score/decision  0.164 deaths/1k   0.00 behind%   2.0
t  131.8m it 2165 eps 2048 ret   13.68 len  1600.0 score/decision  0.141 deaths/1k   0.00 behind%   2.7
t  132.4m it 2173 eps 0 ret    0.00 len     0.0 score/decision  0.168 deaths/1k   0.00 behind%   3.1
t  132.9m it 2181 eps 2048 ret   14.01 len  1600.0 score/decision  0.159 deaths/1k   0.00 behind%   2.2
t  133.4m it 2189 eps 2048 ret   14.62 len  1600.0 score/decision  0.147 deaths/1k   0.00 behind%   3.3
t  133.9m it 2197 eps 0 ret    0.00 len     0.0 score/decision  0.174 deaths/1k   0.00 behind%   2.8
t  134.5m it 2205 eps 2048 ret   14.23 len  1600.0 score/decision  0.152 deaths/1k   0.00 behind%   2.3
t  135.0m it 2213 eps 2048 ret   14.83 len  1600.0 score/decision  0.158 deaths/1k   0.00 behind%   3.7
t  135.5m it 2221 eps 0 ret    0.00 len     0.0 score/decision  0.174 deaths/1k   0.00 behind%   2.3
t  136.0m it 2229 eps 2048 ret   14.69 len  1600.0 score/decision  0.153 deaths/1k   0.00 behind%   2.7
t  136.6m it 2239 eps 2048 ret   14.51 len  1600.0 score/decision  0.155 deaths/1k   0.00 behind%   3.2
t  137.1m it 2249 eps 0 ret    0.00 len     0.0 score/decision  0.170 deaths/1k   0.00 behind%   3.1
t  137.6m it 2259 eps 2048 ret   14.83 len  1600.0 score/decision  0.165 deaths/1k   0.00 behind%   2.4
t  138.2m it 2269 eps 2048 ret   14.36 len  1600.0 score/decision  0.158 deaths/1k   0.00 behind%   2.5
t  138.7m it 2279 eps 2048 ret   14.55 len  1600.0 score/decision  0.155 deaths/1k   0.00 behind%   2.8
t  139.2m it 2289 eps 2048 ret   14.43 len  1600.0 score/decision  0.157 deaths/1k   0.00 behind%   3.1
t  139.8m it 2299 eps 0 ret    0.00 len     0.0 score/decision  0.170 deaths/1k   0.00 behind%   3.2
t  140.3m it 2309 eps 2048 ret   14.72 len  1600.0 score/decision  0.166 deaths/1k   0.00 behind%   2.5
t  140.9m it 2319 eps 2048 ret   14.89 len  1600.0 score/decision  0.160 deaths/1k   0.00 behind%   2.6
t  141.4m it 2329 eps 2048 ret   14.63 len  1600.0 score/decision  0.156 deaths/1k   0.00 behind%   2.9
t  141.9m it 2338 eps 2048 ret   14.28 len  1600.0 score/decision  0.152 deaths/1k   0.00 behind%   3.5
t  142.4m it 2347 eps 0 ret    0.00 len     0.0 score/decision  0.174 deaths/1k   0.00 behind%   2.6
t  142.9m it 2356 eps 2048 ret   14.94 len  1600.0 score/decision  0.160 deaths/1k   0.00 behind%   2.6
t  143.5m it 2366 eps 2048 ret   14.54 len  1600.0 score/decision  0.151 deaths/1k   0.00 behind%   2.9
t  144.0m it 2375 eps 2048 ret   14.68 len  1600.0 score/decision  0.163 deaths/1k   0.00 behind%   3.8
t  144.5m it 2383 eps 0 ret    0.00 len     0.0 score/decision  0.171 deaths/1k   0.00 behind%   2.2
t  145.1m it 2391 eps 2048 ret   14.91 len  1600.0 score/decision  0.149 deaths/1k   0.00 behind%   2.9
t  145.6m it 2399 eps 0 ret    0.00 len     0.0 score/decision  0.170 deaths/1k   0.00 behind%   3.7
t  146.1m it 2407 eps 2048 ret   14.93 len  1600.0 score/decision  0.167 deaths/1k   0.00 behind%   2.2
t  146.6m it 2415 eps 2048 ret   15.04 len  1600.0 score/decision  0.150 deaths/1k   0.00 behind%   3.2
t  147.2m it 2424 eps 0 ret    0.00 len     0.0 score/decision  0.165 deaths/1k   0.00 behind%   3.4
t  147.7m it 2433 eps 2048 ret   14.55 len  1600.0 score/decision  0.165 deaths/1k   0.00 behind%   2.5
t  148.3m it 2441 eps 2048 ret   14.65 len  1600.0 score/decision  0.148 deaths/1k   0.00 behind%   2.9
t  148.8m it 2450 eps 2048 ret   14.80 len  1600.0 score/decision  0.161 deaths/1k   0.00 behind%   3.8
t  149.3m it 2458 eps 0 ret    0.00 len     0.0 score/decision  0.171 deaths/1k   0.00 behind%   2.2
t  149.8m it 2466 eps 2048 ret   15.15 len  1600.0 score/decision  0.152 deaths/1k   0.00 behind%   2.9
t  150.4m it 2474 eps 0 ret    0.00 len     0.0 score/decision  0.164 deaths/1k   0.00 behind%   3.7
t  150.9m it 2482 eps 2048 ret   14.59 len  1600.0 score/decision  0.165 deaths/1k   0.00 behind%   2.3
t  151.4m it 2490 eps 2048 ret   14.63 len  1600.0 score/decision  0.143 deaths/1k   0.00 behind%   3.1
t  151.9m it 2498 eps 0 ret    0.00 len     0.0 score/decision  0.175 deaths/1k   0.00 behind%   3.4
t  152.5m it 2506 eps 2048 ret   14.86 len  1600.0 score/decision  0.162 deaths/1k   0.00 behind%   2.3
t  153.0m it 2514 eps 2048 ret   15.03 len  1600.0 score/decision  0.152 deaths/1k   0.00 behind%   3.4
t  153.5m it 2522 eps 0 ret    0.00 len     0.0 score/decision  0.177 deaths/1k   0.00 behind%   3.0
t  154.0m it 2530 eps 2048 ret   14.98 len  1600.0 score/decision  0.156 deaths/1k   0.00 behind%   2.7
t  154.6m it 2540 eps 2048 ret   15.15 len  1600.0 score/decision  0.156 deaths/1k   0.00 behind%   3.3
t  155.1m it 2550 eps 2048 ret   14.89 len  1600.0 score/decision  0.164 deaths/1k   0.00 behind%   3.6
t  155.6m it 2560 eps 0 ret    0.00 len     0.0 score/decision  0.168 deaths/1k   0.00 behind%   2.6
t  156.2m it 2570 eps 2048 ret   14.69 len  1600.0 score/decision  0.161 deaths/1k   0.00 behind%   2.6
t  156.7m it 2580 eps 2048 ret   14.52 len  1600.0 score/decision  0.155 deaths/1k   0.00 behind%   2.9
t  157.3m it 2590 eps 2048 ret   15.11 len  1600.0 score/decision  0.156 deaths/1k   0.00 behind%   3.2
t  157.8m it 2600 eps 2048 ret   14.84 len  1600.0 score/decision  0.166 deaths/1k   0.00 behind%   3.6
t  158.4m it 2610 eps 0 ret    0.00 len     0.0 score/decision  0.166 deaths/1k   0.00 behind%   2.5
t  158.9m it 2618 eps 2048 ret   14.12 len  1600.0 score/decision  0.156 deaths/1k   0.00 behind%   2.3
t  159.5m it 2626 eps 2048 ret   15.12 len  1600.0 score/decision  0.152 deaths/1k   0.00 behind%   3.7
t  160.0m it 2635 eps 0 ret    0.00 len     0.0 score/decision  0.175 deaths/1k   0.00 behind%   2.8
t  160.5m it 2644 eps 2048 ret   14.85 len  1600.0 score/decision  0.161 deaths/1k   0.00 behind%   2.5
t  161.0m it 2653 eps 2048 ret   14.82 len  1600.0 score/decision  0.151 deaths/1k   0.00 behind%   3.0
t  161.5m it 2662 eps 0 ret    0.00 len     0.0 score/decision  0.171 deaths/1k   0.00 behind%   3.6
t  162.0m it 2671 eps 2048 ret   15.05 len  1600.0 score/decision  0.169 deaths/1k   0.00 behind%   2.3
t  162.6m it 2680 eps 2048 ret   14.65 len  1600.0 score/decision  0.157 deaths/1k   0.00 behind%   2.7
t  163.1m it 2689 eps 2048 ret   15.31 len  1600.0 score/decision  0.155 deaths/1k   0.00 behind%   3.6
t  163.6m it 2698 eps 0 ret    0.00 len     0.0 score/decision  0.168 deaths/1k   0.00 behind%   3.1
t  164.1m it 2707 eps 2048 ret   14.47 len  1600.0 score/decision  0.162 deaths/1k   0.00 behind%   2.6
t  164.6m it 2716 eps 2048 ret   15.39 len  1600.0 score/decision  0.156 deaths/1k   0.00 behind%   3.2
t  165.1m it 2725 eps 2048 ret   14.72 len  1600.0 score/decision  0.159 deaths/1k   0.00 behind%   3.8
t  165.7m it 2735 eps 0 ret    0.00 len     0.0 score/decision  0.166 deaths/1k   0.00 behind%   2.6
t  166.2m it 2745 eps 2048 ret   14.32 len  1600.0 score/decision  0.161 deaths/1k   0.00 behind%   2.7
t  166.8m it 2754 eps 2048 ret   15.09 len  1600.0 score/decision  0.151 deaths/1k   0.00 behind%   2.9
t  167.3m it 2762 eps 0 ret    0.00 len     0.0 score/decision  0.163 deaths/1k   0.00 behind%   3.9
t  167.8m it 2771 eps 2048 ret   14.93 len  1600.0 score/decision  0.170 deaths/1k   0.00 behind%   2.5
t  168.3m it 2779 eps 2048 ret   14.82 len  1600.0 score/decision  0.148 deaths/1k   0.00 behind%   2.8
t  168.9m it 2787 eps 0 ret    0.00 len     0.0 score/decision  0.164 deaths/1k   0.00 behind%   4.0
t  169.4m it 2795 eps 2048 ret   15.05 len  1600.0 score/decision  0.171 deaths/1k   0.00 behind%   2.3
t  169.9m it 2803 eps 2048 ret   14.60 len  1600.0 score/decision  0.143 deaths/1k   0.00 behind%   2.9
t  170.4m it 2812 eps 0 ret    0.00 len     0.0 score/decision  0.172 deaths/1k   0.00 behind%   3.8
t  170.9m it 2821 eps 2048 ret   15.44 len  1600.0 score/decision  0.173 deaths/1k   0.00 behind%   2.6
t  171.4m it 2830 eps 2048 ret   15.55 len  1600.0 score/decision  0.160 deaths/1k   0.00 behind%   2.9
t  171.9m it 2839 eps 2048 ret   14.63 len  1600.0 score/decision  0.146 deaths/1k   0.00 behind%   3.4
t  172.5m it 2849 eps 0 ret    0.00 len     0.0 score/decision  0.173 deaths/1k   0.00 behind%   3.2
t  173.0m it 2859 eps 2048 ret   15.19 len  1600.0 score/decision  0.171 deaths/1k   0.00 behind%   2.7
t  173.5m it 2868 eps 2048 ret   15.35 len  1600.0 score/decision  0.160 deaths/1k   0.00 behind%   2.6
t  174.1m it 2878 eps 2048 ret   15.15 len  1600.0 score/decision  0.158 deaths/1k   0.00 behind%   3.2
t  174.6m it 2887 eps 0 ret    0.00 len     0.0 score/decision  0.167 deaths/1k   0.00 behind%   3.7
t  175.1m it 2897 eps 2048 ret   15.08 len  1600.0 score/decision  0.169 deaths/1k   0.00 behind%   2.7
t  175.6m it 2907 eps 2048 ret   14.93 len  1600.0 score/decision  0.162 deaths/1k   0.00 behind%   2.7
t  176.2m it 2916 eps 2048 ret   14.74 len  1600.0 score/decision  0.147 deaths/1k   0.00 behind%   3.0
t  176.7m it 2925 eps 2048 ret   15.26 len  1600.0 score/decision  0.166 deaths/1k   0.00 behind%   3.9
t  177.3m it 2934 eps 0 ret    0.00 len     0.0 score/decision  0.173 deaths/1k   0.00 behind%   2.6
t  177.8m it 2942 eps 2048 ret   15.16 len  1600.0 score/decision  0.154 deaths/1k   0.00 behind%   2.7
t  178.3m it 2950 eps 2048 ret   15.58 len  1600.0 score/decision  0.166 deaths/1k   0.00 behind%   4.2
t  178.8m it 2958 eps 0 ret    0.00 len     0.0 score/decision  0.174 deaths/1k   0.00 behind%   2.3
t  179.4m it 2966 eps 2048 ret   14.64 len  1600.0 score/decision  0.145 deaths/1k   0.00 behind%   2.8
t  179.9m it 2974 eps 0 ret    0.00 len     0.0 score/decision  0.163 deaths/1k   0.00 behind%   3.7
t  180.4m it 2983 eps 2048 ret   14.60 len  1600.0 score/decision  0.169 deaths/1k   0.00 behind%   2.5
t  181.0m it 2992 eps 2048 ret   15.05 len  1600.0 score/decision  0.154 deaths/1k   0.00 behind%   2.9
t  181.5m it 3002 eps 2048 ret   15.16 len  1600.0 score/decision  0.155 deaths/1k   0.00 behind%   3.5
t  182.1m it 3011 eps 0 ret    0.00 len     0.0 score/decision  0.177 deaths/1k   0.00 behind%   3.5
t  182.6m it 3020 eps 2048 ret   15.60 len  1600.0 score/decision  0.171 deaths/1k   0.00 behind%   2.7
t  183.2m it 3029 eps 2048 ret   15.44 len  1600.0 score/decision  0.157 deaths/1k   0.00 behind%   3.0
t  183.7m it 3039 eps 2048 ret   14.90 len  1600.0 score/decision  0.156 deaths/1k   0.00 behind%   3.4
t  184.2m it 3048 eps 0 ret    0.00 len     0.0 score/decision  0.179 deaths/1k   0.00 behind%   3.4
t  184.8m it 3058 eps 2048 ret   15.86 len  1600.0 score/decision  0.168 deaths/1k   0.00 behind%   2.9
t  185.3m it 3068 eps 2048 ret   15.01 len  1600.0 score/decision  0.157 deaths/1k   0.00 behind%   2.9
t  185.8m it 3076 eps 2048 ret   15.42 len  1600.0 score/decision  0.152 deaths/1k   0.00 behind%   3.8
t  186.4m it 3085 eps 0 ret    0.00 len     0.0 score/decision  0.173 deaths/1k   0.00 behind%   3.0
t  186.9m it 3094 eps 2048 ret   14.78 len  1600.0 score/decision  0.161 deaths/1k   0.00 behind%   2.6
t  187.5m it 3103 eps 2048 ret   15.51 len  1600.0 score/decision  0.154 deaths/1k   0.00 behind%   3.3
t  188.0m it 3112 eps 0 ret    0.00 len     0.0 score/decision  0.171 deaths/1k   0.00 behind%   3.8
t  188.6m it 3121 eps 2048 ret   15.35 len  1600.0 score/decision  0.173 deaths/1k   0.00 behind%   2.5
t  189.1m it 3130 eps 2048 ret   15.47 len  1600.0 score/decision  0.161 deaths/1k   0.00 behind%   2.8
t  189.7m it 3139 eps 2048 ret   15.41 len  1600.0 score/decision  0.157 deaths/1k   0.00 behind%   3.6
t  190.2m it 3148 eps 0 ret    0.00 len     0.0 score/decision  0.172 deaths/1k   0.00 behind%   3.2
t  190.7m it 3157 eps 2048 ret   14.76 len  1600.0 score/decision  0.164 deaths/1k   0.00 behind%   2.6
t  191.3m it 3166 eps 2048 ret   15.33 len  1600.0 score/decision  0.154 deaths/1k   0.00 behind%   3.1
t  191.8m it 3175 eps 2048 ret   15.29 len  1600.0 score/decision  0.164 deaths/1k   0.00 behind%   3.9
t  192.3m it 3185 eps 0 ret    0.00 len     0.0 score/decision  0.172 deaths/1k   0.00 behind%   2.8
t  192.8m it 3195 eps 2048 ret   15.48 len  1600.0 score/decision  0.166 deaths/1k   0.00 behind%   2.8
t  193.4m it 3205 eps 2048 ret   14.81 len  1600.0 score/decision  0.154 deaths/1k   0.00 behind%   2.9
t  193.9m it 3214 eps 2048 ret   14.77 len  1600.0 score/decision  0.146 deaths/1k   0.00 behind%   3.5
t  194.5m it 3223 eps 0 ret    0.00 len     0.0 score/decision  0.175 deaths/1k   0.00 behind%   3.3
t  195.0m it 3232 eps 2048 ret   15.39 len  1600.0 score/decision  0.166 deaths/1k   0.00 behind%   2.8
t  195.5m it 3241 eps 2048 ret   15.71 len  1600.0 score/decision  0.156 deaths/1k   0.00 behind%   3.3
t  196.0m it 3250 eps 2048 ret   15.89 len  1600.0 score/decision  0.168 deaths/1k   0.00 behind%   4.3
t  196.5m it 3258 eps 0 ret    0.00 len     0.0 score/decision  0.173 deaths/1k   0.00 behind%   2.5
t  197.0m it 3266 eps 2048 ret   15.12 len  1600.0 score/decision  0.148 deaths/1k   0.00 behind%   3.0
t  197.6m it 3274 eps 0 ret    0.00 len     0.0 score/decision  0.169 deaths/1k   0.00 behind%   4.0
t  198.1m it 3283 eps 2048 ret   15.43 len  1600.0 score/decision  0.170 deaths/1k   0.00 behind%   2.6
t  198.6m it 3293 eps 2048 ret   15.52 len  1600.0 score/decision  0.163 deaths/1k   0.00 behind%   3.2
t  199.2m it 3303 eps 2048 ret   15.55 len  1600.0 score/decision  0.154 deaths/1k   0.00 behind%   3.5
t  199.7m it 3312 eps 0 ret    0.00 len     0.0 score/decision  0.168 deaths/1k   0.00 behind%   4.0
t  200.2m it 3321 eps 2048 ret   15.53 len  1600.0 score/decision  0.171 deaths/1k   0.00 behind%   2.6
t  200.8m it 3330 eps 2048 ret   15.06 len  1600.0 score/decision  0.156 deaths/1k   0.00 behind%   2.9
t  201.3m it 3340 eps 2048 ret   14.96 len  1600.0 score/decision  0.150 deaths/1k   0.00 behind%   3.3
t  201.8m it 3350 eps 2048 ret   14.96 len  1600.0 score/decision  0.161 deaths/1k   0.00 behind%   3.8
t  202.4m it 3360 eps 0 ret    0.00 len     0.0 score/decision  0.171 deaths/1k   0.00 behind%   2.9
t  202.9m it 3369 eps 2048 ret   15.32 len  1600.0 score/decision  0.163 deaths/1k   0.00 behind%   2.8
t  203.4m it 3377 eps 2048 ret   15.37 len  1600.0 score/decision  0.146 deaths/1k   0.00 behind%   3.5
t  203.9m it 3385 eps 0 ret    0.00 len     0.0 score/decision  0.182 deaths/1k   0.00 behind%   3.5
t  204.5m it 3394 eps 2048 ret   15.89 len  1600.0 score/decision  0.167 deaths/1k   0.00 behind%   2.8
t  205.0m it 3403 eps 2048 ret   15.30 len  1600.0 score/decision  0.150 deaths/1k   0.00 behind%   3.3
t  205.5m it 3412 eps 0 ret    0.00 len     0.0 score/decision  0.166 deaths/1k   0.00 behind%   3.9
t  206.1m it 3422 eps 2048 ret   15.21 len  1600.0 score/decision  0.170 deaths/1k   0.00 behind%   2.9
t  206.6m it 3431 eps 2048 ret   15.71 len  1600.0 score/decision  0.164 deaths/1k   0.00 behind%   2.9
t  207.1m it 3441 eps 2048 ret   15.61 len  1600.0 score/decision  0.156 deaths/1k   0.00 behind%   3.4
t  207.7m it 3451 eps 2048 ret   15.23 len  1600.0 score/decision  0.158 deaths/1k   0.00 behind%   3.7
t  208.2m it 3461 eps 0 ret    0.00 len     0.0 score/decision  0.176 deaths/1k   0.00 behind%   3.6
t  208.7m it 3469 eps 2048 ret   16.00 len  1600.0 score/decision  0.169 deaths/1k   0.00 behind%   2.5
t  209.2m it 3477 eps 2048 ret   14.94 len  1600.0 score/decision  0.141 deaths/1k   0.00 behind%   3.4
t  209.7m it 3485 eps 0 ret    0.00 len     0.0 score/decision  0.181 deaths/1k   0.00 behind%   3.4
t  210.3m it 3494 eps 2048 ret   15.75 len  1600.0 score/decision  0.167 deaths/1k   0.00 behind%   2.9
t  210.8m it 3502 eps 2048 ret   15.62 len  1600.0 score/decision  0.150 deaths/1k   0.00 behind%   3.7
t  211.3m it 3512 eps 0 ret    0.00 len     0.0 score/decision  0.169 deaths/1k   0.00 behind%   3.7
t  211.9m it 3521 eps 2048 ret   15.51 len  1600.0 score/decision  0.171 deaths/1k   0.00 behind%   2.7
t  212.4m it 3530 eps 2048 ret   15.15 len  1600.0 score/decision  0.157 deaths/1k   0.00 behind%   2.9
t  212.9m it 3539 eps 2048 ret   15.02 len  1600.0 score/decision  0.149 deaths/1k   0.00 behind%   3.5
t  213.5m it 3547 eps 0 ret    0.00 len     0.0 score/decision  0.181 deaths/1k   0.00 behind%   3.2
t  214.0m it 3555 eps 2048 ret   15.61 len  1600.0 score/decision  0.160 deaths/1k   0.00 behind%   2.7
t  214.6m it 3563 eps 2048 ret   15.49 len  1600.0 score/decision  0.158 deaths/1k   0.00 behind%   4.0
t  215.1m it 3572 eps 0 ret    0.00 len     0.0 score/decision  0.174 deaths/1k   0.00 behind%   2.7
t  215.7m it 3580 eps 2048 ret   14.79 len  1600.0 score/decision  0.157 deaths/1k   0.00 behind%   2.6
t  216.2m it 3588 eps 2048 ret   15.41 len  1600.0 score/decision  0.153 deaths/1k   0.00 behind%   4.0
t  216.7m it 3597 eps 0 ret    0.00 len     0.0 score/decision  0.175 deaths/1k   0.00 behind%   2.8
t  217.3m it 3606 eps 2048 ret   14.94 len  1600.0 score/decision  0.161 deaths/1k   0.00 behind%   2.8
t  217.8m it 3615 eps 2048 ret   15.28 len  1600.0 score/decision  0.148 deaths/1k   0.00 behind%   3.3
t  218.3m it 3623 eps 0 ret    0.00 len     0.0 score/decision  0.175 deaths/1k   0.00 behind%   3.4
t  218.8m it 3631 eps 2048 ret   14.97 len  1600.0 score/decision  0.164 deaths/1k   0.00 behind%   2.5
t  219.4m it 3639 eps 2048 ret   15.66 len  1600.0 score/decision  0.154 deaths/1k   0.00 behind%   3.6
t  219.9m it 3648 eps 0 ret    0.00 len     0.0 score/decision  0.175 deaths/1k   0.00 behind%   3.2
t  220.4m it 3657 eps 2048 ret   15.20 len  1600.0 score/decision  0.166 deaths/1k   0.00 behind%   2.8
t  221.0m it 3666 eps 2048 ret   15.67 len  1600.0 score/decision  0.157 deaths/1k   0.00 behind%   3.3
t  221.5m it 3674 eps 0 ret    0.00 len     0.0 score/decision  0.175 deaths/1k   0.00 behind%   4.0
t  222.0m it 3682 eps 2048 ret   15.91 len  1600.0 score/decision  0.170 deaths/1k   0.00 behind%   2.3
t  222.5m it 3690 eps 2048 ret   14.69 len  1600.0 score/decision  0.142 deaths/1k   0.00 behind%   3.1
t  223.1m it 3699 eps 0 ret    0.00 len     0.0 score/decision  0.174 deaths/1k   0.00 behind%   3.8
t  223.6m it 3707 eps 2048 ret   15.61 len  1600.0 score/decision  0.173 deaths/1k   0.00 behind%   2.6
t  224.2m it 3715 eps 2048 ret   15.67 len  1600.0 score/decision  0.148 deaths/1k   0.00 behind%   3.4
t  224.7m it 3723 eps 0 ret    0.00 len     0.0 score/decision  0.179 deaths/1k   0.00 behind%   3.7
t  225.2m it 3732 eps 2048 ret   15.64 len  1600.0 score/decision  0.169 deaths/1k   0.00 behind%   2.7
t  225.8m it 3741 eps 2048 ret   15.21 len  1600.0 score/decision  0.151 deaths/1k   0.00 behind%   3.1
t  226.3m it 3751 eps 2048 ret   15.53 len  1600.0 score/decision  0.161 deaths/1k   0.00 behind%   3.7
t  226.8m it 3760 eps 0 ret    0.00 len     0.0 score/decision  0.178 deaths/1k   0.00 behind%   3.2
t  227.3m it 3769 eps 2048 ret   15.64 len  1600.0 score/decision  0.164 deaths/1k   0.00 behind%   2.8
t  227.8m it 3778 eps 2048 ret   14.99 len  1600.0 score/decision  0.148 deaths/1k   0.00 behind%   3.2
t  228.4m it 3787 eps 0 ret    0.00 len     0.0 score/decision  0.163 deaths/1k   0.00 behind%   4.0
t  228.9m it 3796 eps 2048 ret   15.36 len  1600.0 score/decision  0.172 deaths/1k   0.00 behind%   2.7
t  229.4m it 3804 eps 2048 ret   15.67 len  1600.0 score/decision  0.156 deaths/1k   0.00 behind%   2.9
t  229.9m it 3813 eps 2048 ret   15.27 len  1600.0 score/decision  0.156 deaths/1k   0.00 behind%   4.0
t  230.4m it 3823 eps 0 ret    0.00 len     0.0 score/decision  0.176 deaths/1k   0.00 behind%   3.1
t  231.0m it 3833 eps 2048 ret   15.82 len  1600.0 score/decision  0.169 deaths/1k   0.00 behind%   2.9
t  231.5m it 3841 eps 2048 ret   15.48 len  1600.0 score/decision  0.151 deaths/1k   0.00 behind%   3.1
t  232.0m it 3850 eps 2048 ret   15.57 len  1600.0 score/decision  0.169 deaths/1k   0.00 behind%   4.0
t  232.5m it 3859 eps 0 ret    0.00 len     0.0 score/decision  0.176 deaths/1k   0.00 behind%   2.6
t  233.0m it 3867 eps 2048 ret   15.87 len  1600.0 score/decision  0.163 deaths/1k   0.00 behind%   2.9
t  233.6m it 3876 eps 2048 ret   15.03 len  1600.0 score/decision  0.151 deaths/1k   0.00 behind%   3.7
t  234.1m it 3885 eps 0 ret    0.00 len     0.0 score/decision  0.180 deaths/1k   0.00 behind%   3.2
t  234.6m it 3893 eps 2048 ret   15.75 len  1600.0 score/decision  0.162 deaths/1k   0.00 behind%   2.6
t  235.1m it 3901 eps 2048 ret   15.18 len  1600.0 score/decision  0.149 deaths/1k   0.00 behind%   3.9
t  235.7m it 3911 eps 0 ret    0.00 len     0.0 score/decision  0.174 deaths/1k   0.00 behind%   3.2
t  236.2m it 3921 eps 2048 ret   15.35 len  1600.0 score/decision  0.169 deaths/1k   0.00 behind%   2.8
t  236.7m it 3931 eps 2048 ret   15.21 len  1600.0 score/decision  0.162 deaths/1k   0.00 behind%   3.0
t  237.3m it 3941 eps 2048 ret   16.21 len  1600.0 score/decision  0.164 deaths/1k   0.00 behind%   3.4
t  237.8m it 3951 eps 2048 ret   15.46 len  1600.0 score/decision  0.159 deaths/1k   0.00 behind%   3.7
t  238.4m it 3960 eps 0 ret    0.00 len     0.0 score/decision  0.176 deaths/1k   0.00 behind%   3.0
t  238.9m it 3969 eps 2048 ret   15.12 len  1600.0 score/decision  0.163 deaths/1k   0.00 behind%   2.7
t  239.4m it 3978 eps 2048 ret   15.81 len  1600.0 score/decision  0.159 deaths/1k   0.00 behind%   3.3
t  240.0m it 3988 eps 2048 ret   15.65 len  1600.0 score/decision  0.166 deaths/1k   0.00 behind%   3.7
