t    0.0m it 1 eps 0 ret    0.00 len     0.0 score/decision  0.116 deaths/1k   0.00 behind%   0.7
t    0.6m it 13 eps 2048 ret   33.11 len  1600.0 score/decision  0.156 deaths/1k   0.00 behind%  15.3
t    1.1m it 25 eps 2048 ret   33.22 len  1600.0 score/decision  0.156 deaths/1k   0.00 behind%  15.4
t    1.7m it 37 eps 0 ret    0.00 len     0.0 score/decision  0.157 deaths/1k   0.00 behind%  15.7
t    2.2m it 48 eps 2048 ret   35.21 len  1600.0 score/decision  0.154 deaths/1k   0.00 behind%  14.3
t    2.7m it 60 eps 2048 ret   33.70 len  1600.0 score/decision  0.158 deaths/1k   0.00 behind%  15.4
t    3.3m it 72 eps 2048 ret   34.78 len  1600.0 score/decision  0.155 deaths/1k   0.00 behind%  15.1
t    3.8m it 85 eps 2048 ret   34.42 len  1600.0 score/decision  0.157 deaths/1k   0.00 behind%  17.3
t    4.3m it 97 eps 2048 ret   38.35 len  1600.0 score/decision  0.155 deaths/1k   0.00 behind%  16.6
t    4.8m it 109 eps 2048 ret   35.91 len  1600.0 score/decision  0.155 deaths/1k   0.00 behind%  16.6
t    5.3m it 120 eps 2048 ret   37.06 len  1600.0 score/decision  0.155 deaths/1k   0.00 behind%  17.6
t    5.8m it 131 eps 2048 ret   41.59 len  1600.0 score/decision  0.159 deaths/1k   0.00 behind%  18.7
t    6.4m it 144 eps 2048 ret   41.93 len  1600.0 score/decision  0.159 deaths/1k   0.00 behind%  19.9
t    6.9m it 156 eps 2048 ret   39.98 len  1600.0 score/decision  0.160 deaths/1k   0.00 behind%  19.0
t    7.4m it 168 eps 2048 ret   43.32 len  1600.0 score/decision  0.159 deaths/1k   0.00 behind%  20.2
t    8.0m it 181 eps 2048 ret   40.52 len  1600.0 score/decision  0.159 deaths/1k   0.00 behind%  20.0
t    8.5m it 194 eps 2048 ret   42.54 len  1600.0 score/decision  0.162 deaths/1k   0.00 behind%  20.8
t    9.0m it 205 eps 2048 ret   45.01 len  1600.0 score/decision  0.162 deaths/1k   0.00 behind%  20.9
t    9.5m it 218 eps 2048 ret   43.09 len  1600.0 score/decision  0.162 deaths/1k   0.00 behind%  21.0
t   10.1m it 232 eps 2048 ret   44.97 len  1600.0 score/decision  0.165 deaths/1k   0.00 behind%  22.3
t   10.6m it 245 eps 2048 ret   44.03 len  1600.0 score/decision  0.163 deaths/1k   0.00 behind%  21.8
t   11.1m it 257 eps 2048 ret   45.23 len  1600.0 score/decision  0.160 deaths/1k   0.00 behind%  20.7
t   11.6m it 267 eps 2048 ret   41.12 len  1600.0 score/decision  0.158 deaths/1k   0.00 behind%  19.1
t   12.1m it 279 eps 2048 ret   45.85 len  1600.0 score/decision  0.162 deaths/1k   0.00 behind%  22.4
t   12.6m it 294 eps 2048 ret   45.75 len  1600.0 score/decision  0.164 deaths/1k   0.00 behind%  22.5
t   13.2m it 304 eps 2048 ret   44.42 len  1600.0 score/decision  0.160 deaths/1k   0.00 behind%  21.0
t   13.7m it 315 eps 2048 ret   46.37 len  1600.0 score/decision  0.165 deaths/1k   0.00 behind%  23.9
t   14.2m it 326 eps 2048 ret   48.34 len  1600.0 score/decision  0.169 deaths/1k   0.00 behind%  26.2
t   14.8m it 337 eps 0 ret    0.00 len     0.0 score/decision  0.170 deaths/1k   0.00 behind%  24.9
t   15.3m it 348 eps 2048 ret   47.35 len  1600.0 score/decision  0.165 deaths/1k   0.00 behind%  23.0
t   15.8m it 361 eps 2048 ret   49.49 len  1600.0 score/decision  0.165 deaths/1k   0.00 behind%  24.8
t   16.3m it 374 eps 2048 ret   48.67 len  1600.0 score/decision  0.165 deaths/1k   0.00 behind%  25.3
t   16.9m it 388 eps 4096 ret   51.51 len  1600.0 score/decision  0.165 deaths/1k   0.00 behind%  25.5
t   17.4m it 400 eps 2048 ret   52.71 len  1600.0 score/decision  0.171 deaths/1k   0.00 behind%  27.4
t   17.9m it 413 eps 2048 ret   54.86 len  1600.0 score/decision  0.167 deaths/1k   0.00 behind%  26.5
t   18.4m it 426 eps 2048 ret   56.47 len  1600.0 score/decision  0.172 deaths/1k   0.00 behind%  27.4
t   18.9m it 440 eps 2048 ret   53.87 len  1600.0 score/decision  0.168 deaths/1k   0.00 behind%  24.6
t   19.5m it 452 eps 2048 ret   55.99 len  1600.0 score/decision  0.173 deaths/1k   0.00 behind%  29.0
t   20.0m it 465 eps 2048 ret   56.24 len  1600.0 score/decision  0.174 deaths/1k   0.00 behind%  27.6
t   20.5m it 479 eps 2048 ret   57.10 len  1600.0 score/decision  0.175 deaths/1k   0.00 behind%  27.6
t   21.1m it 490 eps 2048 ret   58.82 len  1600.0 score/decision  0.177 deaths/1k   0.00 behind%  31.1
t   21.6m it 502 eps 2048 ret   57.93 len  1600.0 score/decision  0.175 deaths/1k   0.00 behind%  30.1
t   22.1m it 516 eps 2048 ret   59.51 len  1600.0 score/decision  0.176 deaths/1k   0.00 behind%  28.7
t   22.6m it 529 eps 2048 ret   58.85 len  1600.0 score/decision  0.177 deaths/1k   0.00 behind%  29.9
t   23.1m it 543 eps 2048 ret   58.06 len  1600.0 score/decision  0.177 deaths/1k   0.00 behind%  29.2
t   23.7m it 555 eps 2048 ret   59.79 len  1600.0 score/decision  0.178 deaths/1k   0.00 behind%  30.6
t   24.2m it 568 eps 2048 ret   59.68 len  1600.0 score/decision  0.179 deaths/1k   0.00 behind%  31.6
t   24.7m it 580 eps 2048 ret   61.69 len  1600.0 score/decision  0.177 deaths/1k   0.00 behind%  30.3
t   25.2m it 593 eps 2048 ret   61.12 len  1600.0 score/decision  0.179 deaths/1k   0.00 behind%  32.0
t   25.7m it 604 eps 2048 ret   61.96 len  1600.0 score/decision  0.175 deaths/1k   0.00 behind%  29.6
t   26.3m it 617 eps 2048 ret   61.34 len  1600.0 score/decision  0.181 deaths/1k   0.00 behind%  32.5
t   26.8m it 631 eps 2048 ret   62.29 len  1600.0 score/decision  0.180 deaths/1k   0.00 behind%  31.9
t   27.3m it 646 eps 2048 ret   63.44 len  1600.0 score/decision  0.184 deaths/1k   0.00 behind%  35.5
t   27.8m it 657 eps 2048 ret   62.83 len  1600.0 score/decision  0.173 deaths/1k   0.00 behind%  28.4
t   28.4m it 670 eps 2048 ret   62.07 len  1600.0 score/decision  0.183 deaths/1k   0.00 behind%  33.9
t   28.9m it 682 eps 2048 ret   65.00 len  1600.0 score/decision  0.181 deaths/1k   0.00 behind%  32.3
t   29.4m it 695 eps 2048 ret   64.58 len  1600.0 score/decision  0.184 deaths/1k   0.00 behind%  33.3
t   29.9m it 709 eps 2048 ret   65.04 len  1600.0 score/decision  0.184 deaths/1k   0.00 behind%  34.5
t   30.4m it 723 eps 2048 ret   63.10 len  1600.0 score/decision  0.182 deaths/1k   0.00 behind%  32.9
t   31.0m it 736 eps 2048 ret   63.18 len  1600.0 score/decision  0.183 deaths/1k   0.00 behind%  33.7
t   31.5m it 749 eps 2048 ret   64.80 len  1600.0 score/decision  0.182 deaths/1k   0.00 behind%  33.0
t   32.0m it 760 eps 2048 ret   64.71 len  1600.0 score/decision  0.183 deaths/1k   0.00 behind%  32.2
t   32.6m it 771 eps 2048 ret   63.76 len  1600.0 score/decision  0.178 deaths/1k   0.00 behind%  30.5
t   33.1m it 782 eps 2048 ret   64.87 len  1600.0 score/decision  0.183 deaths/1k   0.00 behind%  32.0
t   33.6m it 793 eps 2048 ret   64.02 len  1600.0 score/decision  0.179 deaths/1k   0.00 behind%  31.3
t   34.2m it 804 eps 2048 ret   66.00 len  1600.0 score/decision  0.183 deaths/1k   0.00 behind%  32.4
t   34.7m it 814 eps 2048 ret   63.56 len  1600.0 score/decision  0.186 deaths/1k   0.00 behind%  35.3
t   35.2m it 825 eps 2048 ret   65.09 len  1600.0 score/decision  0.192 deaths/1k   0.00 behind%  37.5
t   35.7m it 836 eps 0 ret    0.00 len     0.0 score/decision  0.184 deaths/1k   0.00 behind%  32.3
t   36.2m it 849 eps 2048 ret   64.52 len  1600.0 score/decision  0.185 deaths/1k   0.00 behind%  33.5
t   36.8m it 862 eps 2048 ret   64.83 len  1600.0 score/decision  0.184 deaths/1k   0.00 behind%  33.2
t   37.3m it 874 eps 2048 ret   65.42 len  1600.0 score/decision  0.188 deaths/1k   0.00 behind%  34.0
t   37.8m it 886 eps 2048 ret   66.22 len  1600.0 score/decision  0.187 deaths/1k   0.00 behind%  34.6
t   38.3m it 898 eps 2048 ret   68.50 len  1600.0 score/decision  0.186 deaths/1k   0.00 behind%  34.8
t   38.9m it 910 eps 2048 ret   67.73 len  1600.0 score/decision  0.185 deaths/1k   0.00 behind%  34.3
t   39.4m it 922 eps 2048 ret   67.46 len  1600.0 score/decision  0.188 deaths/1k   0.00 behind%  35.4
t   39.9m it 934 eps 2048 ret   68.84 len  1600.0 score/decision  0.187 deaths/1k   0.00 behind%  33.6
t   40.5m it 946 eps 2048 ret   67.00 len  1600.0 score/decision  0.186 deaths/1k   0.00 behind%  34.1
t   41.0m it 959 eps 2048 ret   65.89 len  1600.0 score/decision  0.187 deaths/1k   0.00 behind%  33.2
t   41.5m it 971 eps 2048 ret   66.03 len  1600.0 score/decision  0.188 deaths/1k   0.00 behind%  34.4
t   42.0m it 983 eps 2048 ret   67.73 len  1600.0 score/decision  0.189 deaths/1k   0.00 behind%  34.7
t   42.5m it 995 eps 2048 ret   68.67 len  1600.0 score/decision  0.188 deaths/1k   0.00 behind%  34.3
t   43.0m it 1009 eps 2048 ret   68.31 len  1600.0 score/decision  0.190 deaths/1k   0.00 behind%  35.9
t   43.5m it 1020 eps 2048 ret   67.35 len  1600.0 score/decision  0.187 deaths/1k   0.00 behind%  32.8
t   44.1m it 1032 eps 2048 ret   69.73 len  1600.0 score/decision  0.187 deaths/1k   0.00 behind%  35.0
t   44.6m it 1045 eps 2048 ret   67.59 len  1600.0 score/decision  0.189 deaths/1k   0.00 behind%  35.7
t   45.1m it 1059 eps 2048 ret   70.66 len  1600.0 score/decision  0.193 deaths/1k   0.00 behind%  37.4
t   45.6m it 1072 eps 2048 ret   66.58 len  1600.0 score/decision  0.188 deaths/1k   0.00 behind%  34.7
t   46.2m it 1085 eps 2048 ret   67.77 len  1600.0 score/decision  0.187 deaths/1k   0.00 behind%  34.9
t   46.7m it 1096 eps 2048 ret   67.60 len  1600.0 score/decision  0.189 deaths/1k   0.00 behind%  34.5
t   47.2m it 1109 eps 2048 ret   69.88 len  1600.0 score/decision  0.187 deaths/1k   0.00 behind%  36.0
t   47.7m it 1122 eps 2048 ret   70.69 len  1600.0 score/decision  0.190 deaths/1k   0.00 behind%  37.4
t   48.2m it 1136 eps 2048 ret   71.57 len  1600.0 score/decision  0.192 deaths/1k   0.00 behind%  37.1
t   48.7m it 1147 eps 2048 ret   69.84 len  1600.0 score/decision  0.190 deaths/1k   0.00 behind%  35.3
t   49.2m it 1159 eps 2048 ret   71.35 len  1600.0 score/decision  0.192 deaths/1k   0.00 behind%  36.6
t   49.7m it 1170 eps 2048 ret   70.68 len  1600.0 score/decision  0.188 deaths/1k   0.00 behind%  34.5
t   50.2m it 1184 eps 2048 ret   69.85 len  1600.0 score/decision  0.189 deaths/1k   0.00 behind%  37.2
t   50.7m it 1197 eps 2048 ret   69.80 len  1600.0 score/decision  0.190 deaths/1k   0.00 behind%  36.3
t   51.3m it 1210 eps 2048 ret   69.16 len  1600.0 score/decision  0.191 deaths/1k   0.00 behind%  36.6
t   51.8m it 1222 eps 2048 ret   72.69 len  1600.0 score/decision  0.191 deaths/1k   0.00 behind%  37.1
t   52.3m it 1237 eps 2048 ret   72.53 len  1600.0 score/decision  0.190 deaths/1k   0.00 behind%  37.2
t   52.8m it 1250 eps 4096 ret   69.92 len  1600.0 score/decision  0.192 deaths/1k   0.00 behind%  36.6
t   53.3m it 1262 eps 0 ret    0.00 len     0.0 score/decision  0.190 deaths/1k   0.00 behind%  36.6
t   53.9m it 1274 eps 2048 ret   71.13 len  1600.0 score/decision  0.190 deaths/1k   0.00 behind%  37.7
t   54.4m it 1285 eps 2048 ret   73.22 len  1600.0 score/decision  0.192 deaths/1k   0.00 behind%  36.7
t   54.9m it 1299 eps 2048 ret   70.52 len  1600.0 score/decision  0.191 deaths/1k   0.00 behind%  37.1
t   55.4m it 1312 eps 2048 ret   72.20 len  1600.0 score/decision  0.192 deaths/1k   0.00 behind%  38.0
t   56.0m it 1326 eps 4096 ret   72.13 len  1600.0 score/decision  0.188 deaths/1k   0.00 behind%  34.0
t   56.5m it 1338 eps 2048 ret   72.84 len  1600.0 score/decision  0.196 deaths/1k   0.00 behind%  39.1
t   57.0m it 1351 eps 2048 ret   74.10 len  1600.0 score/decision  0.193 deaths/1k   0.00 behind%  36.9
t   57.5m it 1365 eps 2048 ret   73.36 len  1600.0 score/decision  0.191 deaths/1k   0.00 behind%  35.0
t   58.0m it 1377 eps 2048 ret   71.47 len  1600.0 score/decision  0.192 deaths/1k   0.00 behind%  37.8
t   58.6m it 1390 eps 2048 ret   71.49 len  1600.0 score/decision  0.192 deaths/1k   0.00 behind%  36.2
t   59.1m it 1402 eps 2048 ret   72.39 len  1600.0 score/decision  0.196 deaths/1k   0.00 behind%  37.9
t   59.6m it 1415 eps 2048 ret   71.26 len  1600.0 score/decision  0.191 deaths/1k   0.00 behind%  36.3
t   60.1m it 1427 eps 2048 ret   71.74 len  1600.0 score/decision  0.194 deaths/1k   0.00 behind%  37.4
t   60.6m it 1441 eps 2048 ret   73.58 len  1600.0 score/decision  0.192 deaths/1k   0.00 behind%  37.0
t   61.1m it 1455 eps 2048 ret   73.58 len  1600.0 score/decision  0.196 deaths/1k   0.00 behind%  38.8
t   61.6m it 1469 eps 2048 ret   75.57 len  1600.0 score/decision  0.198 deaths/1k   0.00 behind%  41.0
t   62.2m it 1483 eps 2048 ret   72.59 len  1600.0 score/decision  0.197 deaths/1k   0.00 behind%  39.0
t   62.7m it 1497 eps 2048 ret   72.24 len  1600.0 score/decision  0.196 deaths/1k   0.00 behind%  39.0
t   63.2m it 1511 eps 2048 ret   75.17 len  1600.0 score/decision  0.196 deaths/1k   0.00 behind%  39.5
t   63.8m it 1525 eps 4096 ret   74.60 len  1600.0 score/decision  0.193 deaths/1k   0.00 behind%  38.6
t   64.3m it 1538 eps 2048 ret   73.33 len  1600.0 score/decision  0.192 deaths/1k   0.00 behind%  36.4
t   64.8m it 1552 eps 2048 ret   73.78 len  1600.0 score/decision  0.190 deaths/1k   0.00 behind%  34.7
t   65.3m it 1563 eps 2048 ret   70.33 len  1600.0 score/decision  0.198 deaths/1k   0.00 behind%  40.2
t   65.8m it 1574 eps 0 ret    0.00 len     0.0 score/decision  0.200 deaths/1k   0.00 behind%  40.8
t   66.3m it 1588 eps 4096 ret   74.49 len  1600.0 score/decision  0.191 deaths/1k   0.00 behind%  36.8
t   66.9m it 1600 eps 2048 ret   75.20 len  1600.0 score/decision  0.201 deaths/1k   0.00 behind%  40.5
t   67.4m it 1611 eps 0 ret    0.00 len     0.0 score/decision  0.195 deaths/1k   0.00 behind%  38.1
t   67.9m it 1623 eps 2048 ret   73.70 len  1600.0 score/decision  0.193 deaths/1k   0.00 behind%  38.7
t   68.4m it 1637 eps 2048 ret   75.92 len  1600.0 score/decision  0.198 deaths/1k   0.00 behind%  39.9
t   68.9m it 1650 eps 4096 ret   75.36 len  1600.0 score/decision  0.198 deaths/1k   0.00 behind%  38.7
t   69.5m it 1663 eps 2048 ret   74.59 len  1600.0 score/decision  0.194 deaths/1k   0.00 behind%  37.1
t   70.0m it 1676 eps 2048 ret   75.15 len  1600.0 score/decision  0.193 deaths/1k   0.00 behind%  37.6
t   70.5m it 1688 eps 2048 ret   75.50 len  1600.0 score/decision  0.199 deaths/1k   0.00 behind%  40.7
t   71.0m it 1700 eps 2048 ret   73.85 len  1600.0 score/decision  0.198 deaths/1k   0.00 behind%  39.7
t   71.5m it 1712 eps 0 ret    0.00 len     0.0 score/decision  0.197 deaths/1k   0.00 behind%  39.6
t   72.1m it 1724 eps 2048 ret   76.48 len  1600.0 score/decision  0.195 deaths/1k   0.00 behind%  38.8
t   72.6m it 1735 eps 2048 ret   74.66 len  1600.0 score/decision  0.198 deaths/1k   0.00 behind%  38.7
t   73.1m it 1748 eps 2048 ret   75.18 len  1600.0 score/decision  0.197 deaths/1k   0.00 behind%  38.8
t   73.6m it 1761 eps 2048 ret   74.24 len  1600.0 score/decision  0.195 deaths/1k   0.00 behind%  39.5
t   74.1m it 1774 eps 2048 ret   77.58 len  1600.0 score/decision  0.197 deaths/1k   0.00 behind%  39.1
t   74.6m it 1786 eps 2048 ret   74.01 len  1600.0 score/decision  0.197 deaths/1k   0.00 behind%  38.2
t   75.2m it 1798 eps 2048 ret   74.03 len  1600.0 score/decision  0.198 deaths/1k   0.00 behind%  38.7
t   75.7m it 1810 eps 2048 ret   75.57 len  1600.0 score/decision  0.196 deaths/1k   0.00 behind%  38.8
t   76.2m it 1822 eps 2048 ret   74.83 len  1600.0 score/decision  0.195 deaths/1k   0.00 behind%  38.5
t   76.8m it 1834 eps 2048 ret   74.44 len  1600.0 score/decision  0.197 deaths/1k   0.00 behind%  38.1
t   77.3m it 1850 eps 4096 ret   73.48 len  1600.0 score/decision  0.197 deaths/1k   0.00 behind%  38.0
t   77.8m it 1866 eps 2048 ret   75.28 len  1600.0 score/decision  0.192 deaths/1k   0.00 behind%  33.9
t   78.4m it 1878 eps 2048 ret   74.42 len  1600.0 score/decision  0.198 deaths/1k   0.00 behind%  38.4
t   78.9m it 1890 eps 2048 ret   73.77 len  1600.0 score/decision  0.197 deaths/1k   0.00 behind%  38.1
t   79.4m it 1901 eps 2048 ret   77.42 len  1600.0 score/decision  0.200 deaths/1k   0.00 behind%  44.1
t   79.9m it 1913 eps 2048 ret   76.05 len  1600.0 score/decision  0.198 deaths/1k   0.00 behind%  41.1
t   80.4m it 1927 eps 2048 ret   77.52 len  1600.0 score/decision  0.192 deaths/1k   0.00 behind%  36.6
t   80.9m it 1939 eps 2048 ret   74.57 len  1600.0 score/decision  0.197 deaths/1k   0.00 behind%  39.9
t   81.5m it 1951 eps 2048 ret   74.15 len  1600.0 score/decision  0.197 deaths/1k   0.00 behind%  39.7
t   82.0m it 1964 eps 2048 ret   78.39 len  1600.0 score/decision  0.197 deaths/1k   0.00 behind%  39.4
t   82.5m it 1978 eps 2048 ret   77.08 len  1600.0 score/decision  0.196 deaths/1k   0.00 behind%  37.7
t   83.0m it 1992 eps 2048 ret   76.98 len  1600.0 score/decision  0.199 deaths/1k   0.00 behind%  41.6
t   83.6m it 2004 eps 2048 ret   75.16 len  1600.0 score/decision  0.200 deaths/1k   0.00 behind%  38.0
t   84.1m it 2017 eps 2048 ret   75.10 len  1600.0 score/decision  0.198 deaths/1k   0.00 behind%  38.9
t   84.6m it 2031 eps 2048 ret   74.66 len  1600.0 score/decision  0.201 deaths/1k   0.00 behind%  40.4
t   85.1m it 2044 eps 2048 ret   76.80 len  1600.0 score/decision  0.200 deaths/1k   0.00 behind%  40.6
t   85.7m it 2056 eps 2048 ret   75.96 len  1600.0 score/decision  0.197 deaths/1k   0.00 behind%  37.6
t   86.2m it 2068 eps 2048 ret   75.50 len  1600.0 score/decision  0.199 deaths/1k   0.00 behind%  39.7
t   86.7m it 2082 eps 2048 ret   75.82 len  1600.0 score/decision  0.200 deaths/1k   0.00 behind%  40.3
t   87.3m it 2095 eps 2048 ret   77.51 len  1600.0 score/decision  0.196 deaths/1k   0.00 behind%  40.6
t   87.8m it 2109 eps 2048 ret   76.89 len  1600.0 score/decision  0.200 deaths/1k   0.00 behind%  41.3
t   88.3m it 2121 eps 2048 ret   78.94 len  1600.0 score/decision  0.201 deaths/1k   0.00 behind%  41.2
t   88.8m it 2134 eps 2048 ret   75.41 len  1600.0 score/decision  0.200 deaths/1k   0.00 behind%  39.6
t   89.3m it 2148 eps 2048 ret   79.23 len  1600.0 score/decision  0.198 deaths/1k   0.00 behind%  40.8
t   89.9m it 2160 eps 2048 ret   74.48 len  1600.0 score/decision  0.195 deaths/1k   0.00 behind%  38.6
t   90.4m it 2173 eps 2048 ret   76.27 len  1600.0 score/decision  0.197 deaths/1k   0.00 behind%  40.0
t   90.9m it 2186 eps 2048 ret   75.05 len  1600.0 score/decision  0.199 deaths/1k   0.00 behind%  38.9
t   91.4m it 2198 eps 2048 ret   75.15 len  1600.0 score/decision  0.198 deaths/1k   0.00 behind%  40.2
t   91.9m it 2210 eps 2048 ret   78.69 len  1600.0 score/decision  0.200 deaths/1k   0.00 behind%  41.0
t   92.4m it 2223 eps 2048 ret   80.37 len  1600.0 score/decision  0.197 deaths/1k   0.00 behind%  40.9
t   93.0m it 2237 eps 2048 ret   76.83 len  1600.0 score/decision  0.198 deaths/1k   0.00 behind%  39.6
t   93.5m it 2250 eps 4096 ret   76.95 len  1600.0 score/decision  0.199 deaths/1k   0.00 behind%  40.6
t   94.0m it 2261 eps 0 ret    0.00 len     0.0 score/decision  0.201 deaths/1k   0.00 behind%  39.3
t   94.5m it 2272 eps 2048 ret   75.45 len  1600.0 score/decision  0.196 deaths/1k   0.00 behind%  39.1
t   95.0m it 2283 eps 2048 ret   76.98 len  1600.0 score/decision  0.197 deaths/1k   0.00 behind%  38.7
t   95.5m it 2295 eps 2048 ret   74.91 len  1600.0 score/decision  0.200 deaths/1k   0.00 behind%  38.0
t   96.1m it 2307 eps 2048 ret   78.22 len  1600.0 score/decision  0.198 deaths/1k   0.00 behind%  39.3
t   96.6m it 2320 eps 2048 ret   77.09 len  1600.0 score/decision  0.199 deaths/1k   0.00 behind%  40.9
t   97.1m it 2332 eps 2048 ret   76.48 len  1600.0 score/decision  0.198 deaths/1k   0.00 behind%  39.4
t   97.6m it 2345 eps 2048 ret   79.79 len  1600.0 score/decision  0.199 deaths/1k   0.00 behind%  41.5
t   98.1m it 2357 eps 2048 ret   78.06 len  1600.0 score/decision  0.199 deaths/1k   0.00 behind%  41.0
t   98.7m it 2369 eps 2048 ret   76.71 len  1600.0 score/decision  0.200 deaths/1k   0.00 behind%  38.4
t   99.2m it 2383 eps 2048 ret   77.26 len  1600.0 score/decision  0.201 deaths/1k   0.00 behind%  41.7
t   99.7m it 2394 eps 2048 ret   78.29 len  1600.0 score/decision  0.197 deaths/1k   0.00 behind%  38.1
t  100.2m it 2405 eps 2048 ret   78.67 len  1600.0 score/decision  0.197 deaths/1k   0.00 behind%  39.5
t  100.7m it 2416 eps 2048 ret   76.87 len  1600.0 score/decision  0.196 deaths/1k   0.00 behind%  38.5
t  101.2m it 2430 eps 2048 ret   77.96 len  1600.0 score/decision  0.203 deaths/1k   0.00 behind%  42.2
t  101.7m it 2443 eps 2048 ret   75.83 len  1600.0 score/decision  0.199 deaths/1k   0.00 behind%  38.4
t  102.3m it 2455 eps 2048 ret   78.55 len  1600.0 score/decision  0.199 deaths/1k   0.00 behind%  41.6
t  102.8m it 2466 eps 2048 ret   80.13 len  1600.0 score/decision  0.199 deaths/1k   0.00 behind%  40.4
t  103.3m it 2477 eps 2048 ret   76.02 len  1600.0 score/decision  0.201 deaths/1k   0.00 behind%  39.9
t  103.8m it 2489 eps 2048 ret   79.51 len  1600.0 score/decision  0.203 deaths/1k   0.00 behind%  42.6
t  104.4m it 2501 eps 2048 ret   79.43 len  1600.0 score/decision  0.200 deaths/1k   0.00 behind%  43.0
t  104.9m it 2514 eps 2048 ret   78.40 len  1600.0 score/decision  0.198 deaths/1k   0.00 behind%  39.4
t  105.4m it 2529 eps 2048 ret   78.18 len  1600.0 score/decision  0.198 deaths/1k   0.00 behind%  38.4
t  105.9m it 2541 eps 2048 ret   79.06 len  1600.0 score/decision  0.201 deaths/1k   0.00 behind%  41.7
t  106.5m it 2555 eps 2048 ret   79.77 len  1600.0 score/decision  0.203 deaths/1k   0.00 behind%  43.1
t  107.0m it 2567 eps 2048 ret   76.89 len  1600.0 score/decision  0.200 deaths/1k   0.00 behind%  38.9
t  107.5m it 2580 eps 2048 ret   76.92 len  1600.0 score/decision  0.201 deaths/1k   0.00 behind%  39.9
t  108.0m it 2594 eps 2048 ret   80.63 len  1600.0 score/decision  0.204 deaths/1k   0.00 behind%  44.4
t  108.6m it 2607 eps 2048 ret   76.45 len  1600.0 score/decision  0.202 deaths/1k   0.00 behind%  39.4
t  109.1m it 2619 eps 2048 ret   77.90 len  1600.0 score/decision  0.200 deaths/1k   0.00 behind%  39.3
t  109.6m it 2634 eps 2048 ret   79.35 len  1600.0 score/decision  0.202 deaths/1k   0.00 behind%  43.6
t  110.1m it 2648 eps 2048 ret   78.33 len  1600.0 score/decision  0.201 deaths/1k   0.00 behind%  41.2
t  110.6m it 2662 eps 2048 ret   76.67 len  1600.0 score/decision  0.199 deaths/1k   0.00 behind%  40.1
t  111.2m it 2674 eps 2048 ret   77.42 len  1600.0 score/decision  0.201 deaths/1k   0.00 behind%  41.1
t  111.7m it 2688 eps 4096 ret   79.84 len  1600.0 score/decision  0.197 deaths/1k   0.00 behind%  40.4
t  112.2m it 2701 eps 2048 ret   79.47 len  1600.0 score/decision  0.198 deaths/1k   0.00 behind%  39.9
t  112.8m it 2715 eps 2048 ret   76.66 len  1600.0 score/decision  0.198 deaths/1k   0.00 behind%  37.1
t  113.3m it 2728 eps 2048 ret   77.31 len  1600.0 score/decision  0.200 deaths/1k   0.00 behind%  39.4
t  113.8m it 2742 eps 2048 ret   80.84 len  1600.0 score/decision  0.202 deaths/1k   0.00 behind%  43.0
t  114.3m it 2756 eps 2048 ret   77.39 len  1600.0 score/decision  0.200 deaths/1k   0.00 behind%  41.5
t  114.8m it 2770 eps 2048 ret   76.78 len  1600.0 score/decision  0.202 deaths/1k   0.00 behind%  42.0
t  115.4m it 2782 eps 2048 ret   76.02 len  1600.0 score/decision  0.198 deaths/1k   0.00 behind%  38.6
t  115.9m it 2793 eps 2048 ret   77.06 len  1600.0 score/decision  0.195 deaths/1k   0.00 behind%  36.7
t  116.4m it 2808 eps 2048 ret   79.13 len  1600.0 score/decision  0.205 deaths/1k   0.00 behind%  44.5
t  116.9m it 2819 eps 2048 ret   77.81 len  1600.0 score/decision  0.196 deaths/1k   0.00 behind%  37.9
t  117.4m it 2832 eps 2048 ret   81.17 len  1600.0 score/decision  0.202 deaths/1k   0.00 behind%  42.8
t  117.9m it 2846 eps 2048 ret   76.88 len  1600.0 score/decision  0.202 deaths/1k   0.00 behind%  41.8
t  118.4m it 2859 eps 2048 ret   80.88 len  1600.0 score/decision  0.203 deaths/1k   0.00 behind%  42.8
t  119.0m it 2870 eps 2048 ret   79.57 len  1600.0 score/decision  0.198 deaths/1k   0.00 behind%  39.7
t  119.5m it 2882 eps 2048 ret   77.96 len  1600.0 score/decision  0.200 deaths/1k   0.00 behind%  40.0
t  120.0m it 2894 eps 2048 ret   78.97 len  1600.0 score/decision  0.199 deaths/1k   0.00 behind%  39.6
t  120.5m it 2907 eps 2048 ret   80.74 len  1600.0 score/decision  0.202 deaths/1k   0.00 behind%  43.5
t  121.1m it 2919 eps 2048 ret   77.94 len  1600.0 score/decision  0.200 deaths/1k   0.00 behind%  39.5
t  121.6m it 2932 eps 2048 ret   76.47 len  1600.0 score/decision  0.204 deaths/1k   0.00 behind%  40.7
t  122.1m it 2945 eps 2048 ret   80.43 len  1600.0 score/decision  0.200 deaths/1k   0.00 behind%  41.6
t  122.6m it 2957 eps 2048 ret   76.09 len  1600.0 score/decision  0.198 deaths/1k   0.00 behind%  39.0
t  123.2m it 2970 eps 2048 ret   76.24 len  1600.0 score/decision  0.202 deaths/1k   0.00 behind%  40.2
t  123.7m it 2982 eps 2048 ret   77.67 len  1600.0 score/decision  0.201 deaths/1k   0.00 behind%  40.0
t  124.2m it 2995 eps 2048 ret   78.70 len  1600.0 score/decision  0.202 deaths/1k   0.00 behind%  41.7
t  124.8m it 3007 eps 2048 ret   77.12 len  1600.0 score/decision  0.200 deaths/1k   0.00 behind%  38.4
t  125.3m it 3018 eps 2048 ret   77.15 len  1600.0 score/decision  0.198 deaths/1k   0.00 behind%  38.4
t  125.8m it 3030 eps 2048 ret   77.81 len  1600.0 score/decision  0.199 deaths/1k   0.00 behind%  39.7
t  126.3m it 3042 eps 2048 ret   76.58 len  1600.0 score/decision  0.200 deaths/1k   0.00 behind%  38.8
t  126.8m it 3055 eps 2048 ret   79.91 len  1600.0 score/decision  0.202 deaths/1k   0.00 behind%  41.4
t  127.4m it 3067 eps 2048 ret   80.27 len  1600.0 score/decision  0.200 deaths/1k   0.00 behind%  41.8
t  127.9m it 3081 eps 2048 ret   78.01 len  1600.0 score/decision  0.204 deaths/1k   0.00 behind%  42.1
t  128.4m it 3094 eps 2048 ret   80.27 len  1600.0 score/decision  0.202 deaths/1k   0.00 behind%  42.2
t  128.9m it 3107 eps 2048 ret   79.93 len  1600.0 score/decision  0.203 deaths/1k   0.00 behind%  42.3
t  129.4m it 3120 eps 2048 ret   78.64 len  1600.0 score/decision  0.202 deaths/1k   0.00 behind%  42.1
t  129.9m it 3133 eps 2048 ret   78.18 len  1600.0 score/decision  0.200 deaths/1k   0.00 behind%  40.2
