init: /home/a/Desktop/stuff/polycube/polynomino/training/runs/h2/chk_web.pt | new tensors: ['cdense.weight', 'cdense.bias', 'ih1.weight', 'ih1.bias', 'ih2.weight', 'ih2.bias']
rnd 100 steps 0.01M t 0.5m eps 0.080 pairs_len 68 wins A/B/draw 21/17/0 loss 0.0000 item_loss 0.00000 items: used 0.24 of rows-with-items, k>0 78, thrown 375/700
rnd 200 steps 0.02M t 0.9m eps 0.079 pairs_len 83 wins A/B/draw 46/46/1 loss 0.0000 item_loss 0.00000 items: used 0.24 of rows-with-items, k>0 81, thrown 408/754
/home/a/Desktop/stuff/polycube/ndrl/train_battle.py:242: UserWarning: Converting a tensor with requires_grad=True to a scalar may lead to unexpected behavior.
Consider using tensor.detach() first. (Triggered internally at /pytorch/torch/csrc/autograd/generated/python_variable_methods.cpp:836.)
  if rnd % 10 == 0: loss_ema = 0.99 * loss_ema + 0.01 * loss.item(); iloss_ema = 0.99 * iloss_ema + 0.01 * float(il)
rnd 300 steps 0.03M t 1.4m eps 0.079 pairs_len 86 wins A/B/draw 67/71/1 loss 0.0006 item_loss 0.00012 items: used 0.34 of rows-with-items, k>0 103, thrown 415/858
EVAL battle-net(A) vs solo-net + old rule(B): {'win': 0.5, 'lose': 0.5, 'draw': 0.0, 'games': 96, 'mean_len': 128.42708333333334}
rnd 400 steps 0.04M t 2.9m eps 0.079 pairs_len 91 wins A/B/draw 99/99/1 loss 0.0019 item_loss 0.00027 items: used 0.76 of rows-with-items, k>0 88, thrown 404/899
rnd 500 steps 0.05M t 3.3m eps 0.078 pairs_len 93 wins A/B/draw 123/125/1 loss 0.0034 item_loss 0.00044 items: used 0.71 of rows-with-items, k>0 86, thrown 465/876
rnd 600 steps 0.06M t 3.8m eps 0.078 pairs_len 98 wins A/B/draw 147/151/2 loss 0.0046 item_loss 0.00074 items: used 0.72 of rows-with-items, k>0 44, thrown 425/840
rnd 700 steps 0.07M t 4.2m eps 0.078 pairs_len 104 wins A/B/draw 141/157/2 loss 0.0055 item_loss 0.00088 items: used 0.73 of rows-with-items, k>0 48, thrown 420/839
rnd 800 steps 0.08M t 4.7m eps 0.077 pairs_len 107 wins A/B/draw 137/162/1 loss 0.0060 item_loss 0.00111 items: used 0.66 of rows-with-items, k>0 132, thrown 425/854
rnd 900 steps 0.09M t 5.1m eps 0.077 pairs_len 109 wins A/B/draw 137/162/1 loss 0.0067 item_loss 0.00128 items: used 0.71 of rows-with-items, k>0 163, thrown 481/892
rnd 1000 steps 0.10M t 5.6m eps 0.077 pairs_len 111 wins A/B/draw 145/154/1 loss 0.0072 item_loss 0.00152 items: used 0.63 of rows-with-items, k>0 145, thrown 398/808
rnd 1100 steps 0.11M t 6.0m eps 0.076 pairs_len 111 wins A/B/draw 145/155/0 loss 0.0080 item_loss 0.00161 items: used 0.66 of rows-with-items, k>0 149, thrown 492/876
rnd 1200 steps 0.12M t 6.5m eps 0.076 pairs_len 108 wins A/B/draw 145/155/0 loss 0.0085 item_loss 0.00170 items: used 0.61 of rows-with-items, k>0 140, thrown 438/864
rnd 1300 steps 0.12M t 6.9m eps 0.076 pairs_len 107 wins A/B/draw 152/148/0 loss 0.0090 item_loss 0.00182 items: used 0.60 of rows-with-items, k>0 143, thrown 472/835
rnd 1400 steps 0.13M t 7.4m eps 0.075 pairs_len 103 wins A/B/draw 152/148/0 loss 0.0092 item_loss 0.00196 items: used 0.64 of rows-with-items, k>0 147, thrown 466/841
rnd 1500 steps 0.14M t 7.8m eps 0.075 pairs_len 101 wins A/B/draw 148/152/0 loss 0.0097 item_loss 0.00207 items: used 0.59 of rows-with-items, k>0 129, thrown 509/847
rnd 1600 steps 0.15M t 8.2m eps 0.075 pairs_len 100 wins A/B/draw 144/156/0 loss 0.0097 item_loss 0.00218 items: used 0.57 of rows-with-items, k>0 157, thrown 464/848
rnd 1700 steps 0.16M t 8.6m eps 0.074 pairs_len 100 wins A/B/draw 150/150/0 loss 0.0098 item_loss 0.00213 items: used 0.59 of rows-with-items, k>0 102, thrown 480/802
rnd 1800 steps 0.17M t 9.0m eps 0.074 pairs_len 101 wins A/B/draw 154/146/0 loss 0.0100 item_loss 0.00221 items: used 0.56 of rows-with-items, k>0 144, thrown 489/872
rnd 1900 steps 0.18M t 9.5m eps 0.074 pairs_len 103 wins A/B/draw 153/147/0 loss 0.0101 item_loss 0.00218 items: used 0.60 of rows-with-items, k>0 107, thrown 448/776
rnd 2000 steps 0.19M t 9.9m eps 0.073 pairs_len 102 wins A/B/draw 153/146/1 loss 0.0101 item_loss 0.00222 items: used 0.60 of rows-with-items, k>0 146, thrown 547/895
rnd 2100 steps 0.20M t 10.3m eps 0.073 pairs_len 102 wins A/B/draw 154/145/1 loss 0.0102 item_loss 0.00226 items: used 0.60 of rows-with-items, k>0 139, thrown 528/890
rnd 2200 steps 0.21M t 10.8m eps 0.073 pairs_len 102 wins A/B/draw 149/148/3 loss 0.0102 item_loss 0.00226 items: used 0.59 of rows-with-items, k>0 120, thrown 527/904
rnd 2300 steps 0.22M t 11.2m eps 0.072 pairs_len 103 wins A/B/draw 153/142/5 loss 0.0103 item_loss 0.00219 items: used 0.61 of rows-with-items, k>0 129, thrown 514/875
rnd 2400 steps 0.23M t 11.6m eps 0.072 pairs_len 104 wins A/B/draw 150/145/5 loss 0.0104 item_loss 0.00227 items: used 0.56 of rows-with-items, k>0 98, thrown 483/856
rnd 2500 steps 0.24M t 12.0m eps 0.072 pairs_len 105 wins A/B/draw 155/141/4 loss 0.0103 item_loss 0.00221 items: used 0.58 of rows-with-items, k>0 114, thrown 474/845
rnd 2600 steps 0.25M t 12.5m eps 0.071 pairs_len 109 wins A/B/draw 150/146/4 loss 0.0104 item_loss 0.00222 items: used 0.60 of rows-with-items, k>0 112, thrown 503/895
rnd 2700 steps 0.26M t 12.9m eps 0.071 pairs_len 110 wins A/B/draw 147/148/5 loss 0.0103 item_loss 0.00222 items: used 0.58 of rows-with-items, k>0 121, thrown 502/849
rnd 2800 steps 0.27M t 13.3m eps 0.071 pairs_len 108 wins A/B/draw 145/153/2 loss 0.0103 item_loss 0.00225 items: used 0.59 of rows-with-items, k>0 113, thrown 540/894
rnd 2900 steps 0.28M t 13.8m eps 0.070 pairs_len 108 wins A/B/draw 140/159/1 loss 0.0103 item_loss 0.00218 items: used 0.58 of rows-with-items, k>0 131, thrown 511/858
rnd 3000 steps 0.29M t 14.2m eps 0.070 pairs_len 108 wins A/B/draw 141/157/2 loss 0.0104 item_loss 0.00215 items: used 0.60 of rows-with-items, k>0 114, thrown 512/880
rnd 3100 steps 0.30M t 14.6m eps 0.070 pairs_len 104 wins A/B/draw 153/145/2 loss 0.0106 item_loss 0.00214 items: used 0.60 of rows-with-items, k>0 109, thrown 560/924
rnd 3200 steps 0.31M t 15.0m eps 0.069 pairs_len 102 wins A/B/draw 146/152/2 loss 0.0107 item_loss 0.00214 items: used 0.59 of rows-with-items, k>0 104, thrown 508/860
rnd 3300 steps 0.32M t 15.5m eps 0.069 pairs_len 103 wins A/B/draw 149/150/1 loss 0.0105 item_loss 0.00208 items: used 0.58 of rows-with-items, k>0 108, thrown 490/838
rnd 3400 steps 0.33M t 15.9m eps 0.069 pairs_len 104 wins A/B/draw 146/153/1 loss 0.0110 item_loss 0.00207 items: used 0.58 of rows-with-items, k>0 128, thrown 496/863
rnd 3500 steps 0.34M t 16.3m eps 0.068 pairs_len 103 wins A/B/draw 140/159/1 loss 0.0113 item_loss 0.00203 items: used 0.59 of rows-with-items, k>0 124, thrown 487/826
rnd 3600 steps 0.35M t 16.7m eps 0.068 pairs_len 103 wins A/B/draw 131/168/1 loss 0.0112 item_loss 0.00203 items: used 0.58 of rows-with-items, k>0 115, thrown 481/829
rnd 3700 steps 0.36M t 17.1m eps 0.068 pairs_len 102 wins A/B/draw 138/161/1 loss 0.0111 item_loss 0.00202 items: used 0.63 of rows-with-items, k>0 98, thrown 503/870
rnd 3800 steps 0.36M t 17.6m eps 0.067 pairs_len 101 wins A/B/draw 146/153/1 loss 0.0110 item_loss 0.00200 items: used 0.61 of rows-with-items, k>0 159, thrown 541/896
rnd 3900 steps 0.37M t 18.0m eps 0.067 pairs_len 100 wins A/B/draw 146/152/2 loss 0.0111 item_loss 0.00202 items: used 0.59 of rows-with-items, k>0 127, thrown 523/900
rnd 4000 steps 0.38M t 18.4m eps 0.067 pairs_len 100 wins A/B/draw 148/150/2 loss 0.0110 item_loss 0.00199 items: used 0.58 of rows-with-items, k>0 169, thrown 571/971
rnd 4100 steps 0.39M t 18.9m eps 0.066 pairs_len 101 wins A/B/draw 159/140/1 loss 0.0111 item_loss 0.00202 items: used 0.60 of rows-with-items, k>0 120, thrown 509/845
rnd 4200 steps 0.40M t 19.3m eps 0.066 pairs_len 103 wins A/B/draw 153/146/1 loss 0.0113 item_loss 0.00211 items: used 0.60 of rows-with-items, k>0 118, thrown 500/866
rnd 4300 steps 0.41M t 19.7m eps 0.066 pairs_len 104 wins A/B/draw 154/145/1 loss 0.0112 item_loss 0.00209 items: used 0.60 of rows-with-items, k>0 129, thrown 583/980
rnd 4400 steps 0.42M t 20.2m eps 0.065 pairs_len 107 wins A/B/draw 155/144/1 loss 0.0114 item_loss 0.00201 items: used 0.59 of rows-with-items, k>0 86, thrown 445/775
rnd 4500 steps 0.43M t 20.6m eps 0.065 pairs_len 106 wins A/B/draw 159/141/0 loss 0.0115 item_loss 0.00203 items: used 0.60 of rows-with-items, k>0 149, thrown 531/922
rnd 4600 steps 0.44M t 21.0m eps 0.065 pairs_len 107 wins A/B/draw 159/141/0 loss 0.0117 item_loss 0.00216 items: used 0.58 of rows-with-items, k>0 113, thrown 505/863
rnd 4700 steps 0.45M t 21.4m eps 0.064 pairs_len 108 wins A/B/draw 156/144/0 loss 0.0117 item_loss 0.00211 items: used 0.58 of rows-with-items, k>0 136, thrown 559/919
EVAL battle-net(A) vs solo-net + old rule(B): {'win': 0.5625, 'lose': 0.4375, 'draw': 0.0, 'games': 96, 'mean_len': 102.8125}
rnd 4800 steps 0.46M t 22.8m eps 0.064 pairs_len 112 wins A/B/draw 161/139/0 loss 0.0121 item_loss 0.00210 items: used 0.53 of rows-with-items, k>0 142, thrown 520/877
rnd 4900 steps 0.47M t 23.3m eps 0.064 pairs_len 112 wins A/B/draw 160/140/0 loss 0.0124 item_loss 0.00223 items: used 0.60 of rows-with-items, k>0 158, thrown 581/935
rnd 5000 steps 0.48M t 23.7m eps 0.063 pairs_len 109 wins A/B/draw 161/138/1 loss 0.0126 item_loss 0.00219 items: used 0.61 of rows-with-items, k>0 125, thrown 509/853
rnd 5100 steps 0.49M t 24.1m eps 0.063 pairs_len 107 wins A/B/draw 155/143/2 loss 0.0125 item_loss 0.00228 items: used 0.57 of rows-with-items, k>0 132, thrown 517/869
rnd 5200 steps 0.50M t 24.6m eps 0.063 pairs_len 105 wins A/B/draw 156/142/2 loss 0.0125 item_loss 0.00237 items: used 0.54 of rows-with-items, k>0 147, thrown 538/929
rnd 5300 steps 0.51M t 25.0m eps 0.062 pairs_len 102 wins A/B/draw 147/151/2 loss 0.0126 item_loss 0.00236 items: used 0.59 of rows-with-items, k>0 133, thrown 518/891
rnd 5400 steps 0.52M t 25.5m eps 0.062 pairs_len 101 wins A/B/draw 144/154/2 loss 0.0128 item_loss 0.00247 items: used 0.63 of rows-with-items, k>0 150, thrown 553/956
rnd 5500 steps 0.53M t 26.0m eps 0.062 pairs_len 102 wins A/B/draw 142/156/2 loss 0.0127 item_loss 0.00250 items: used 0.62 of rows-with-items, k>0 133, thrown 580/909
rnd 5600 steps 0.54M t 26.4m eps 0.061 pairs_len 104 wins A/B/draw 139/157/4 loss 0.0127 item_loss 0.00244 items: used 0.60 of rows-with-items, k>0 119, thrown 528/868
rnd 5700 steps 0.55M t 26.9m eps 0.061 pairs_len 104 wins A/B/draw 147/150/3 loss 0.0127 item_loss 0.00244 items: used 0.61 of rows-with-items, k>0 140, thrown 520/874
rnd 5800 steps 0.56M t 27.3m eps 0.061 pairs_len 104 wins A/B/draw 151/146/3 loss 0.0127 item_loss 0.00243 items: used 0.58 of rows-with-items, k>0 172, thrown 577/940
rnd 5900 steps 0.57M t 27.8m eps 0.060 pairs_len 104 wins A/B/draw 160/137/3 loss 0.0126 item_loss 0.00242 items: used 0.61 of rows-with-items, k>0 170, thrown 560/913
rnd 6000 steps 0.58M t 28.2m eps 0.060 pairs_len 104 wins A/B/draw 153/145/2 loss 0.0130 item_loss 0.00240 items: used 0.54 of rows-with-items, k>0 137, thrown 552/919
rnd 6100 steps 0.59M t 28.6m eps 0.060 pairs_len 104 wins A/B/draw 154/146/0 loss 0.0133 item_loss 0.00233 items: used 0.56 of rows-with-items, k>0 157, thrown 513/885
rnd 6200 steps 0.60M t 29.1m eps 0.059 pairs_len 102 wins A/B/draw 150/150/0 loss 0.0134 item_loss 0.00234 items: used 0.57 of rows-with-items, k>0 147, thrown 535/860
rnd 6300 steps 0.60M t 29.6m eps 0.059 pairs_len 99 wins A/B/draw 150/150/0 loss 0.0133 item_loss 0.00229 items: used 0.57 of rows-with-items, k>0 139, thrown 528/878
rnd 6400 steps 0.61M t 30.0m eps 0.058 pairs_len 99 wins A/B/draw 135/165/0 loss 0.0133 item_loss 0.00234 items: used 0.64 of rows-with-items, k>0 145, thrown 555/917
rnd 6500 steps 0.62M t 30.4m eps 0.058 pairs_len 98 wins A/B/draw 135/165/0 loss 0.0132 item_loss 0.00242 items: used 0.58 of rows-with-items, k>0 129, thrown 501/864
rnd 6600 steps 0.63M t 30.9m eps 0.058 pairs_len 98 wins A/B/draw 136/164/0 loss 0.0132 item_loss 0.00246 items: used 0.62 of rows-with-items, k>0 159, thrown 548/958
rnd 6700 steps 0.64M t 31.3m eps 0.057 pairs_len 101 wins A/B/draw 137/163/0 loss 0.0133 item_loss 0.00247 items: used 0.54 of rows-with-items, k>0 143, thrown 521/875
rnd 6800 steps 0.65M t 31.7m eps 0.057 pairs_len 104 wins A/B/draw 127/172/1 loss 0.0132 item_loss 0.00243 items: used 0.54 of rows-with-items, k>0 147, thrown 518/906
rnd 6900 steps 0.66M t 32.2m eps 0.057 pairs_len 104 wins A/B/draw 135/163/2 loss 0.0137 item_loss 0.00236 items: used 0.57 of rows-with-items, k>0 142, thrown 530/904
rnd 7000 steps 0.67M t 32.6m eps 0.056 pairs_len 104 wins A/B/draw 142/156/2 loss 0.0137 item_loss 0.00227 items: used 0.56 of rows-with-items, k>0 138, thrown 518/894
rnd 7100 steps 0.68M t 33.0m eps 0.056 pairs_len 104 wins A/B/draw 141/157/2 loss 0.0141 item_loss 0.00224 items: used 0.56 of rows-with-items, k>0 142, thrown 572/919
rnd 7200 steps 0.69M t 33.5m eps 0.056 pairs_len 100 wins A/B/draw 141/157/2 loss 0.0142 item_loss 0.00241 items: used 0.52 of rows-with-items, k>0 162, thrown 493/861
rnd 7300 steps 0.70M t 33.9m eps 0.055 pairs_len 100 wins A/B/draw 143/156/1 loss 0.0142 item_loss 0.00244 items: used 0.59 of rows-with-items, k>0 132, thrown 556/937
rnd 7400 steps 0.71M t 34.4m eps 0.055 pairs_len 102 wins A/B/draw 149/150/1 loss 0.0143 item_loss 0.00240 items: used 0.60 of rows-with-items, k>0 137, thrown 568/922
rnd 7500 steps 0.72M t 34.9m eps 0.055 pairs_len 104 wins A/B/draw 156/143/1 loss 0.0146 item_loss 0.00235 items: used 0.56 of rows-with-items, k>0 149, thrown 527/922
rnd 7600 steps 0.73M t 35.3m eps 0.054 pairs_len 108 wins A/B/draw 159/140/1 loss 0.0147 item_loss 0.00231 items: used 0.58 of rows-with-items, k>0 152, thrown 546/956
rnd 7700 steps 0.74M t 35.8m eps 0.054 pairs_len 109 wins A/B/draw 164/135/1 loss 0.0146 item_loss 0.00232 items: used 0.55 of rows-with-items, k>0 142, thrown 530/885
rnd 7800 steps 0.75M t 36.2m eps 0.054 pairs_len 110 wins A/B/draw 159/140/1 loss 0.0145 item_loss 0.00235 items: used 0.57 of rows-with-items, k>0 152, thrown 557/898
rnd 7900 steps 0.76M t 36.7m eps 0.053 pairs_len 113 wins A/B/draw 160/140/0 loss 0.0145 item_loss 0.00236 items: used 0.55 of rows-with-items, k>0 173, thrown 548/947
rnd 8000 steps 0.77M t 37.2m eps 0.053 pairs_len 111 wins A/B/draw 149/151/0 loss 0.0142 item_loss 0.00233 items: used 0.55 of rows-with-items, k>0 174, thrown 547/939
rnd 8100 steps 0.78M t 37.6m eps 0.053 pairs_len 109 wins A/B/draw 145/155/0 loss 0.0142 item_loss 0.00229 items: used 0.56 of rows-with-items, k>0 172, thrown 590/951
rnd 8200 steps 0.79M t 38.2m eps 0.052 pairs_len 107 wins A/B/draw 145/154/1 loss 0.0143 item_loss 0.00244 items: used 0.55 of rows-with-items, k>0 163, thrown 582/939
rnd 8300 steps 0.80M t 38.7m eps 0.052 pairs_len 108 wins A/B/draw 150/149/1 loss 0.0141 item_loss 0.00240 items: used 0.59 of rows-with-items, k>0 144, thrown 566/956
rnd 8400 steps 0.81M t 39.1m eps 0.052 pairs_len 105 wins A/B/draw 153/146/1 loss 0.0143 item_loss 0.00243 items: used 0.55 of rows-with-items, k>0 134, thrown 557/898
rnd 8500 steps 0.82M t 39.5m eps 0.051 pairs_len 105 wins A/B/draw 152/147/1 loss 0.0142 item_loss 0.00262 items: used 0.58 of rows-with-items, k>0 161, thrown 581/960
rnd 8600 steps 0.83M t 40.0m eps 0.051 pairs_len 105 wins A/B/draw 155/144/1 loss 0.0148 item_loss 0.00272 items: used 0.53 of rows-with-items, k>0 163, thrown 554/937
rnd 8700 steps 0.84M t 40.4m eps 0.051 pairs_len 107 wins A/B/draw 154/146/0 loss 0.0149 item_loss 0.00265 items: used 0.52 of rows-with-items, k>0 190, thrown 588/948
rnd 8800 steps 0.84M t 40.8m eps 0.050 pairs_len 111 wins A/B/draw 142/158/0 loss 0.0148 item_loss 0.00268 items: used 0.54 of rows-with-items, k>0 190, thrown 572/929
rnd 8900 steps 0.85M t 41.2m eps 0.050 pairs_len 111 wins A/B/draw 135/165/0 loss 0.0152 item_loss 0.00266 items: used 0.51 of rows-with-items, k>0 144, thrown 572/947
EVAL battle-net(A) vs solo-net + old rule(B): {'win': 0.5, 'lose': 0.5, 'draw': 0.0, 'games': 96, 'mean_len': 89.58333333333333}
rnd 9000 steps 0.86M t 42.4m eps 0.050 pairs_len 112 wins A/B/draw 140/160/0 loss 0.0151 item_loss 0.00262 items: used 0.54 of rows-with-items, k>0 135, thrown 528/894
rnd 9100 steps 0.87M t 42.8m eps 0.049 pairs_len 111 wins A/B/draw 140/160/0 loss 0.0158 item_loss 0.00259 items: used 0.52 of rows-with-items, k>0 168, thrown 610/992
rnd 9200 steps 0.88M t 43.3m eps 0.049 pairs_len 109 wins A/B/draw 140/160/0 loss 0.0160 item_loss 0.00252 items: used 0.53 of rows-with-items, k>0 137, thrown 563/899
rnd 9300 steps 0.89M t 43.7m eps 0.049 pairs_len 108 wins A/B/draw 147/153/0 loss 0.0158 item_loss 0.00254 items: used 0.47 of rows-with-items, k>0 157, thrown 592/942
rnd 9400 steps 0.90M t 44.1m eps 0.048 pairs_len 105 wins A/B/draw 153/147/0 loss 0.0155 item_loss 0.00253 items: used 0.53 of rows-with-items, k>0 177, thrown 590/962
rnd 9500 steps 0.91M t 44.5m eps 0.048 pairs_len 104 wins A/B/draw 154/146/0 loss 0.0154 item_loss 0.00254 items: used 0.51 of rows-with-items, k>0 184, thrown 607/979
rnd 9600 steps 0.92M t 45.0m eps 0.048 pairs_len 102 wins A/B/draw 144/156/0 loss 0.0154 item_loss 0.00254 items: used 0.54 of rows-with-items, k>0 206, thrown 612/1007
rnd 9700 steps 0.93M t 45.4m eps 0.047 pairs_len 103 wins A/B/draw 150/150/0 loss 0.0152 item_loss 0.00257 items: used 0.52 of rows-with-items, k>0 177, thrown 567/937
rnd 9800 steps 0.94M t 45.8m eps 0.047 pairs_len 105 wins A/B/draw 155/144/1 loss 0.0150 item_loss 0.00261 items: used 0.57 of rows-with-items, k>0 191, thrown 557/952
rnd 9900 steps 0.95M t 46.3m eps 0.047 pairs_len 104 wins A/B/draw 151/148/1 loss 0.0150 item_loss 0.00269 items: used 0.48 of rows-with-items, k>0 182, thrown 538/909
rnd 10000 steps 0.96M t 46.7m eps 0.046 pairs_len 105 wins A/B/draw 158/141/1 loss 0.0150 item_loss 0.00270 items: used 0.49 of rows-with-items, k>0 196, thrown 583/956
rnd 10100 steps 0.97M t 47.1m eps 0.046 pairs_len 105 wins A/B/draw 170/129/1 loss 0.0149 item_loss 0.00276 items: used 0.52 of rows-with-items, k>0 158, thrown 556/916
rnd 10200 steps 0.98M t 47.5m eps 0.046 pairs_len 105 wins A/B/draw 167/132/1 loss 0.0148 item_loss 0.00272 items: used 0.50 of rows-with-items, k>0 174, thrown 541/874
rnd 10300 steps 0.99M t 47.9m eps 0.045 pairs_len 102 wins A/B/draw 165/135/0 loss 0.0150 item_loss 0.00267 items: used 0.51 of rows-with-items, k>0 148, thrown 559/924
rnd 10400 steps 1.00M t 48.4m eps 0.045 pairs_len 101 wins A/B/draw 169/131/0 loss 0.0147 item_loss 0.00269 items: used 0.49 of rows-with-items, k>0 190, thrown 556/944
rnd 10500 steps 1.01M t 48.8m eps 0.045 pairs_len 100 wins A/B/draw 162/138/0 loss 0.0150 item_loss 0.00262 items: used 0.52 of rows-with-items, k>0 158, thrown 598/949
rnd 10600 steps 1.02M t 49.3m eps 0.044 pairs_len 101 wins A/B/draw 161/139/0 loss 0.0152 item_loss 0.00259 items: used 0.50 of rows-with-items, k>0 150, thrown 544/888
rnd 10700 steps 1.03M t 49.7m eps 0.044 pairs_len 102 wins A/B/draw 164/136/0 loss 0.0152 item_loss 0.00264 items: used 0.50 of rows-with-items, k>0 168, thrown 554/921
rnd 10800 steps 1.04M t 50.2m eps 0.044 pairs_len 104 wins A/B/draw 164/136/0 loss 0.0153 item_loss 0.00273 items: used 0.52 of rows-with-items, k>0 184, thrown 579/946
rnd 10900 steps 1.05M t 50.6m eps 0.043 pairs_len 105 wins A/B/draw 163/137/0 loss 0.0151 item_loss 0.00277 items: used 0.53 of rows-with-items, k>0 221, thrown 558/938
rnd 11000 steps 1.06M t 51.1m eps 0.043 pairs_len 108 wins A/B/draw 174/126/0 loss 0.0151 item_loss 0.00284 items: used 0.51 of rows-with-items, k>0 171, thrown 577/928
rnd 11100 steps 1.07M t 51.6m eps 0.043 pairs_len 110 wins A/B/draw 167/133/0 loss 0.0151 item_loss 0.00280 items: used 0.49 of rows-with-items, k>0 180, thrown 573/936
rnd 11200 steps 1.08M t 52.0m eps 0.042 pairs_len 109 wins A/B/draw 164/136/0 loss 0.0149 item_loss 0.00286 items: used 0.52 of rows-with-items, k>0 179, thrown 559/921
rnd 11300 steps 1.08M t 52.5m eps 0.042 pairs_len 106 wins A/B/draw 162/138/0 loss 0.0151 item_loss 0.00278 items: used 0.51 of rows-with-items, k>0 199, thrown 572/948
rnd 11400 steps 1.09M t 53.0m eps 0.042 pairs_len 105 wins A/B/draw 161/139/0 loss 0.0152 item_loss 0.00273 items: used 0.42 of rows-with-items, k>0 234, thrown 565/920
rnd 11500 steps 1.10M t 53.4m eps 0.041 pairs_len 103 wins A/B/draw 150/147/3 loss 0.0152 item_loss 0.00273 items: used 0.46 of rows-with-items, k>0 225, thrown 551/925
rnd 11600 steps 1.11M t 53.9m eps 0.041 pairs_len 100 wins A/B/draw 144/153/3 loss 0.0151 item_loss 0.00265 items: used 0.46 of rows-with-items, k>0 205, thrown 575/948
rnd 11700 steps 1.12M t 54.4m eps 0.041 pairs_len 100 wins A/B/draw 141/156/3 loss 0.0150 item_loss 0.00263 items: used 0.46 of rows-with-items, k>0 185, thrown 567/943
rnd 11800 steps 1.13M t 54.8m eps 0.040 pairs_len 102 wins A/B/draw 130/167/3 loss 0.0153 item_loss 0.00260 items: used 0.45 of rows-with-items, k>0 196, thrown 579/958
rnd 11900 steps 1.14M t 55.2m eps 0.040 pairs_len 105 wins A/B/draw 134/163/3 loss 0.0153 item_loss 0.00265 items: used 0.49 of rows-with-items, k>0 179, thrown 572/899
rnd 12000 steps 1.15M t 55.6m eps 0.040 pairs_len 107 wins A/B/draw 137/163/0 loss 0.0155 item_loss 0.00265 items: used 0.49 of rows-with-items, k>0 219, thrown 592/947
rnd 12100 steps 1.16M t 56.0m eps 0.039 pairs_len 107 wins A/B/draw 141/159/0 loss 0.0153 item_loss 0.00256 items: used 0.49 of rows-with-items, k>0 236, thrown 583/979
rnd 12200 steps 1.17M t 56.5m eps 0.039 pairs_len 108 wins A/B/draw 151/149/0 loss 0.0155 item_loss 0.00255 items: used 0.45 of rows-with-items, k>0 181, thrown 536/917
rnd 12300 steps 1.18M t 56.9m eps 0.039 pairs_len 110 wins A/B/draw 150/150/0 loss 0.0157 item_loss 0.00265 items: used 0.46 of rows-with-items, k>0 233, thrown 581/977
rnd 12400 steps 1.19M t 57.3m eps 0.038 pairs_len 109 wins A/B/draw 146/154/0 loss 0.0160 item_loss 0.00269 items: used 0.46 of rows-with-items, k>0 245, thrown 567/937
rnd 12500 steps 1.20M t 57.8m eps 0.038 pairs_len 108 wins A/B/draw 152/148/0 loss 0.0161 item_loss 0.00267 items: used 0.46 of rows-with-items, k>0 223, thrown 603/964
rnd 12600 steps 1.21M t 58.2m eps 0.038 pairs_len 106 wins A/B/draw 154/146/0 loss 0.0163 item_loss 0.00286 items: used 0.46 of rows-with-items, k>0 222, thrown 627/950
rnd 12700 steps 1.22M t 58.7m eps 0.037 pairs_len 104 wins A/B/draw 155/145/0 loss 0.0164 item_loss 0.00283 items: used 0.44 of rows-with-items, k>0 241, thrown 575/989
rnd 12800 steps 1.23M t 59.1m eps 0.037 pairs_len 104 wins A/B/draw 158/142/0 loss 0.0162 item_loss 0.00294 items: used 0.48 of rows-with-items, k>0 225, thrown 596/982
rnd 12900 steps 1.24M t 59.6m eps 0.037 pairs_len 103 wins A/B/draw 171/129/0 loss 0.0164 item_loss 0.00295 items: used 0.50 of rows-with-items, k>0 196, thrown 558/906
rnd 13000 steps 1.25M t 60.1m eps 0.036 pairs_len 105 wins A/B/draw 170/130/0 loss 0.0165 item_loss 0.00290 items: used 0.51 of rows-with-items, k>0 223, thrown 572/966
rnd 13100 steps 1.26M t 60.6m eps 0.036 pairs_len 105 wins A/B/draw 164/136/0 loss 0.0164 item_loss 0.00293 items: used 0.42 of rows-with-items, k>0 230, thrown 585/938
rnd 13200 steps 1.27M t 61.0m eps 0.036 pairs_len 105 wins A/B/draw 160/140/0 loss 0.0164 item_loss 0.00294 items: used 0.43 of rows-with-items, k>0 215, thrown 492/853
rnd 13300 steps 1.28M t 61.5m eps 0.035 pairs_len 103 wins A/B/draw 158/142/0 loss 0.0161 item_loss 0.00298 items: used 0.48 of rows-with-items, k>0 225, thrown 563/920
EVAL battle-net(A) vs solo-net + old rule(B): {'win': 0.5567010309278351, 'lose': 0.44329896907216493, 'draw': 0.0, 'games': 97, 'mean_len': 93.73195876288659}
rnd 13400 steps 1.29M t 62.9m eps 0.035 pairs_len 103 wins A/B/draw 153/147/0 loss 0.0163 item_loss 0.00297 items: used 0.45 of rows-with-items, k>0 228, thrown 646/1026
rnd 13500 steps 1.30M t 63.3m eps 0.035 pairs_len 103 wins A/B/draw 154/146/0 loss 0.0160 item_loss 0.00296 items: used 0.44 of rows-with-items, k>0 216, thrown 538/916
rnd 13600 steps 1.31M t 63.7m eps 0.034 pairs_len 103 wins A/B/draw 157/143/0 loss 0.0160 item_loss 0.00314 items: used 0.44 of rows-with-items, k>0 253, thrown 553/932
rnd 13700 steps 1.32M t 64.2m eps 0.034 pairs_len 103 wins A/B/draw 157/142/1 loss 0.0160 item_loss 0.00334 items: used 0.43 of rows-with-items, k>0 255, thrown 578/949
rnd 13800 steps 1.32M t 64.6m eps 0.034 pairs_len 105 wins A/B/draw 150/149/1 loss 0.0158 item_loss 0.00342 items: used 0.47 of rows-with-items, k>0 228, thrown 578/944
rnd 13900 steps 1.33M t 65.0m eps 0.033 pairs_len 104 wins A/B/draw 150/149/1 loss 0.0157 item_loss 0.00342 items: used 0.45 of rows-with-items, k>0 226, thrown 538/897
rnd 14000 steps 1.34M t 65.5m eps 0.033 pairs_len 101 wins A/B/draw 138/161/1 loss 0.0157 item_loss 0.00344 items: used 0.43 of rows-with-items, k>0 231, thrown 599/937
rnd 14100 steps 1.35M t 65.9m eps 0.033 pairs_len 100 wins A/B/draw 129/170/1 loss 0.0159 item_loss 0.00344 items: used 0.44 of rows-with-items, k>0 268, thrown 578/933
rnd 14200 steps 1.36M t 66.3m eps 0.032 pairs_len 99 wins A/B/draw 129/171/0 loss 0.0161 item_loss 0.00347 items: used 0.42 of rows-with-items, k>0 264, thrown 562/901
rnd 14300 steps 1.37M t 66.7m eps 0.032 pairs_len 98 wins A/B/draw 139/161/0 loss 0.0163 item_loss 0.00339 items: used 0.45 of rows-with-items, k>0 239, thrown 578/932
rnd 14400 steps 1.38M t 67.1m eps 0.032 pairs_len 99 wins A/B/draw 136/164/0 loss 0.0163 item_loss 0.00337 items: used 0.43 of rows-with-items, k>0 290, thrown 625/977
rnd 14500 steps 1.39M t 67.5m eps 0.031 pairs_len 101 wins A/B/draw 150/149/1 loss 0.0161 item_loss 0.00336 items: used 0.41 of rows-with-items, k>0 260, thrown 596/940
rnd 14600 steps 1.40M t 68.0m eps 0.031 pairs_len 103 wins A/B/draw 159/140/1 loss 0.0159 item_loss 0.00345 items: used 0.42 of rows-with-items, k>0 291, thrown 601/960
rnd 14700 steps 1.41M t 68.4m eps 0.031 pairs_len 107 wins A/B/draw 158/141/1 loss 0.0161 item_loss 0.00354 items: used 0.45 of rows-with-items, k>0 273, thrown 626/988
rnd 14800 steps 1.42M t 68.8m eps 0.030 pairs_len 111 wins A/B/draw 158/141/1 loss 0.0162 item_loss 0.00351 items: used 0.41 of rows-with-items, k>0 259, thrown 581/964
rnd 14900 steps 1.43M t 69.2m eps 0.030 pairs_len 110 wins A/B/draw 164/135/1 loss 0.0162 item_loss 0.00347 items: used 0.41 of rows-with-items, k>0 254, thrown 596/951
rnd 15000 steps 1.44M t 69.7m eps 0.030 pairs_len 112 wins A/B/draw 153/146/1 loss 0.0162 item_loss 0.00342 items: used 0.42 of rows-with-items, k>0 260, thrown 591/963
rnd 15100 steps 1.45M t 70.1m eps 0.029 pairs_len 111 wins A/B/draw 152/148/0 loss 0.0163 item_loss 0.00335 items: used 0.45 of rows-with-items, k>0 274, thrown 618/984
rnd 15200 steps 1.46M t 70.5m eps 0.029 pairs_len 112 wins A/B/draw 144/156/0 loss 0.0163 item_loss 0.00339 items: used 0.43 of rows-with-items, k>0 290, thrown 619/990
rnd 15300 steps 1.47M t 70.9m eps 0.029 pairs_len 112 wins A/B/draw 146/154/0 loss 0.0166 item_loss 0.00350 items: used 0.41 of rows-with-items, k>0 261, thrown 589/937
rnd 15400 steps 1.48M t 71.3m eps 0.028 pairs_len 110 wins A/B/draw 132/168/0 loss 0.0167 item_loss 0.00350 items: used 0.39 of rows-with-items, k>0 294, thrown 614/942
rnd 15500 steps 1.49M t 71.8m eps 0.028 pairs_len 110 wins A/B/draw 139/161/0 loss 0.0169 item_loss 0.00347 items: used 0.39 of rows-with-items, k>0 304, thrown 581/959
rnd 15600 steps 1.50M t 72.2m eps 0.028 pairs_len 108 wins A/B/draw 148/152/0 loss 0.0169 item_loss 0.00371 items: used 0.39 of rows-with-items, k>0 239, thrown 611/959
rnd 15700 steps 1.51M t 72.7m eps 0.027 pairs_len 107 wins A/B/draw 153/147/0 loss 0.0171 item_loss 0.00366 items: used 0.39 of rows-with-items, k>0 280, thrown 552/931
rnd 15800 steps 1.52M t 73.1m eps 0.027 pairs_len 105 wins A/B/draw 161/139/0 loss 0.0169 item_loss 0.00376 items: used 0.41 of rows-with-items, k>0 268, thrown 602/965
rnd 15900 steps 1.53M t 73.6m eps 0.027 pairs_len 107 wins A/B/draw 165/135/0 loss 0.0169 item_loss 0.00364 items: used 0.39 of rows-with-items, k>0 244, thrown 536/933
rnd 16000 steps 1.54M t 74.0m eps 0.026 pairs_len 109 wins A/B/draw 162/138/0 loss 0.0168 item_loss 0.00358 items: used 0.41 of rows-with-items, k>0 235, thrown 573/940
rnd 16100 steps 1.55M t 74.5m eps 0.026 pairs_len 110 wins A/B/draw 151/149/0 loss 0.0170 item_loss 0.00359 items: used 0.41 of rows-with-items, k>0 290, thrown 592/940
rnd 16200 steps 1.56M t 74.9m eps 0.026 pairs_len 111 wins A/B/draw 149/151/0 loss 0.0169 item_loss 0.00360 items: used 0.39 of rows-with-items, k>0 302, thrown 588/1001
rnd 16300 steps 1.56M t 75.3m eps 0.025 pairs_len 113 wins A/B/draw 142/157/1 loss 0.0170 item_loss 0.00355 items: used 0.38 of rows-with-items, k>0 308, thrown 633/985
rnd 16400 steps 1.57M t 75.7m eps 0.025 pairs_len 113 wins A/B/draw 134/165/1 loss 0.0168 item_loss 0.00359 items: used 0.39 of rows-with-items, k>0 267, thrown 586/943
rnd 16500 steps 1.58M t 76.2m eps 0.025 pairs_len 115 wins A/B/draw 132/167/1 loss 0.0173 item_loss 0.00355 items: used 0.37 of rows-with-items, k>0 320, thrown 643/1023
rnd 16600 steps 1.59M t 76.6m eps 0.024 pairs_len 117 wins A/B/draw 134/165/1 loss 0.0171 item_loss 0.00362 items: used 0.38 of rows-with-items, k>0 251, thrown 619/984
rnd 16700 steps 1.60M t 77.0m eps 0.024 pairs_len 117 wins A/B/draw 136/163/1 loss 0.0171 item_loss 0.00399 items: used 0.35 of rows-with-items, k>0 251, thrown 602/936
rnd 16800 steps 1.61M t 77.4m eps 0.024 pairs_len 114 wins A/B/draw 132/168/0 loss 0.0174 item_loss 0.00394 items: used 0.40 of rows-with-items, k>0 283, thrown 604/995
rnd 16900 steps 1.62M t 77.8m eps 0.023 pairs_len 114 wins A/B/draw 140/159/1 loss 0.0174 item_loss 0.00397 items: used 0.41 of rows-with-items, k>0 241, thrown 562/910
rnd 17000 steps 1.63M t 78.2m eps 0.023 pairs_len 113 wins A/B/draw 144/155/1 loss 0.0174 item_loss 0.00383 items: used 0.41 of rows-with-items, k>0 261, thrown 556/935
rnd 17100 steps 1.64M t 78.7m eps 0.023 pairs_len 110 wins A/B/draw 147/152/1 loss 0.0178 item_loss 0.00388 items: used 0.41 of rows-with-items, k>0 236, thrown 555/892
rnd 17200 steps 1.65M t 79.1m eps 0.022 pairs_len 110 wins A/B/draw 155/144/1 loss 0.0175 item_loss 0.00389 items: used 0.39 of rows-with-items, k>0 254, thrown 576/966
rnd 17300 steps 1.66M t 79.5m eps 0.022 pairs_len 109 wins A/B/draw 157/142/1 loss 0.0177 item_loss 0.00380 items: used 0.42 of rows-with-items, k>0 260, thrown 638/976
rnd 17400 steps 1.67M t 79.9m eps 0.022 pairs_len 110 wins A/B/draw 154/143/3 loss 0.0181 item_loss 0.00386 items: used 0.39 of rows-with-items, k>0 283, thrown 568/928
rnd 17500 steps 1.68M t 80.4m eps 0.021 pairs_len 109 wins A/B/draw 152/146/2 loss 0.0182 item_loss 0.00381 items: used 0.41 of rows-with-items, k>0 205, thrown 545/917
rnd 17600 steps 1.69M t 80.8m eps 0.021 pairs_len 107 wins A/B/draw 160/138/2 loss 0.0184 item_loss 0.00398 items: used 0.37 of rows-with-items, k>0 323, thrown 572/949
rnd 17700 steps 1.70M t 81.3m eps 0.021 pairs_len 105 wins A/B/draw 156/142/2 loss 0.0186 item_loss 0.00417 items: used 0.36 of rows-with-items, k>0 251, thrown 594/952
EVAL battle-net(A) vs solo-net + old rule(B): {'win': 0.4895833333333333, 'lose': 0.5104166666666666, 'draw': 0.0, 'games': 96, 'mean_len': 97.0}
rnd 17800 steps 1.71M t 82.6m eps 0.020 pairs_len 107 wins A/B/draw 153/144/3 loss 0.0186 item_loss 0.00413 items: used 0.37 of rows-with-items, k>0 322, thrown 609/963
rnd 17900 steps 1.72M t 83.1m eps 0.020 pairs_len 108 wins A/B/draw 156/141/3 loss 0.0189 item_loss 0.00421 items: used 0.37 of rows-with-items, k>0 290, thrown 618/985
rnd 18000 steps 1.73M t 83.5m eps 0.020 pairs_len 112 wins A/B/draw 155/144/1 loss 0.0190 item_loss 0.00430 items: used 0.39 of rows-with-items, k>0 248, thrown 590/941
rnd 18100 steps 1.74M t 84.0m eps 0.019 pairs_len 113 wins A/B/draw 160/139/1 loss 0.0194 item_loss 0.00440 items: used 0.35 of rows-with-items, k>0 300, thrown 612/967
rnd 18200 steps 1.75M t 84.5m eps 0.019 pairs_len 116 wins A/B/draw 153/146/1 loss 0.0197 item_loss 0.00436 items: used 0.33 of rows-with-items, k>0 301, thrown 572/937
rnd 18300 steps 1.76M t 84.9m eps 0.019 pairs_len 115 wins A/B/draw 149/151/0 loss 0.0198 item_loss 0.00438 items: used 0.36 of rows-with-items, k>0 290, thrown 596/963
rnd 18400 steps 1.77M t 85.4m eps 0.018 pairs_len 115 wins A/B/draw 146/154/0 loss 0.0197 item_loss 0.00434 items: used 0.36 of rows-with-items, k>0 291, thrown 601/963
rnd 18500 steps 1.78M t 85.8m eps 0.018 pairs_len 112 wins A/B/draw 147/153/0 loss 0.0193 item_loss 0.00438 items: used 0.38 of rows-with-items, k>0 279, thrown 644/983
rnd 18600 steps 1.79M t 86.2m eps 0.018 pairs_len 110 wins A/B/draw 148/152/0 loss 0.0193 item_loss 0.00455 items: used 0.33 of rows-with-items, k>0 307, thrown 588/981
rnd 18700 steps 1.80M t 86.6m eps 0.017 pairs_len 111 wins A/B/draw 145/154/1 loss 0.0193 item_loss 0.00444 items: used 0.36 of rows-with-items, k>0 300, thrown 596/971
rnd 18800 steps 1.80M t 87.0m eps 0.017 pairs_len 116 wins A/B/draw 150/149/1 loss 0.0191 item_loss 0.00447 items: used 0.36 of rows-with-items, k>0 274, thrown 579/917
rnd 18900 steps 1.81M t 87.5m eps 0.016 pairs_len 116 wins A/B/draw 149/150/1 loss 0.0190 item_loss 0.00468 items: used 0.35 of rows-with-items, k>0 283, thrown 629/942
rnd 19000 steps 1.82M t 87.9m eps 0.016 pairs_len 115 wins A/B/draw 148/151/1 loss 0.0191 item_loss 0.00468 items: used 0.34 of rows-with-items, k>0 311, thrown 642/1045
rnd 19100 steps 1.83M t 88.3m eps 0.016 pairs_len 116 wins A/B/draw 143/156/1 loss 0.0191 item_loss 0.00462 items: used 0.33 of rows-with-items, k>0 264, thrown 597/947
rnd 19200 steps 1.84M t 88.7m eps 0.015 pairs_len 117 wins A/B/draw 140/159/1 loss 0.0193 item_loss 0.00446 items: used 0.34 of rows-with-items, k>0 327, thrown 642/987
rnd 19300 steps 1.85M t 89.2m eps 0.015 pairs_len 117 wins A/B/draw 137/162/1 loss 0.0194 item_loss 0.00439 items: used 0.36 of rows-with-items, k>0 288, thrown 619/967
rnd 19400 steps 1.86M t 89.6m eps 0.015 pairs_len 113 wins A/B/draw 134/165/1 loss 0.0193 item_loss 0.00440 items: used 0.34 of rows-with-items, k>0 291, thrown 634/958
rnd 19500 steps 1.87M t 90.0m eps 0.014 pairs_len 113 wins A/B/draw 132/166/2 loss 0.0198 item_loss 0.00438 items: used 0.34 of rows-with-items, k>0 263, thrown 564/946
rnd 19600 steps 1.88M t 90.4m eps 0.014 pairs_len 111 wins A/B/draw 137/160/3 loss 0.0199 item_loss 0.00435 items: used 0.35 of rows-with-items, k>0 283, thrown 609/953
rnd 19700 steps 1.89M t 90.9m eps 0.014 pairs_len 111 wins A/B/draw 143/154/3 loss 0.0199 item_loss 0.00446 items: used 0.32 of rows-with-items, k>0 287, thrown 614/916
rnd 19800 steps 1.90M t 91.3m eps 0.013 pairs_len 107 wins A/B/draw 140/157/3 loss 0.0204 item_loss 0.00447 items: used 0.33 of rows-with-items, k>0 316, thrown 599/969
rnd 19900 steps 1.91M t 91.7m eps 0.013 pairs_len 108 wins A/B/draw 154/143/3 loss 0.0205 item_loss 0.00447 items: used 0.30 of rows-with-items, k>0 292, thrown 545/873
rnd 20000 steps 1.92M t 92.1m eps 0.013 pairs_len 111 wins A/B/draw 153/145/2 loss 0.0206 item_loss 0.00453 items: used 0.32 of rows-with-items, k>0 302, thrown 570/907
rnd 20100 steps 1.93M t 92.6m eps 0.012 pairs_len 110 wins A/B/draw 145/153/2 loss 0.0203 item_loss 0.00447 items: used 0.30 of rows-with-items, k>0 332, thrown 630/947
rnd 20200 steps 1.94M t 93.0m eps 0.012 pairs_len 109 wins A/B/draw 142/157/1 loss 0.0204 item_loss 0.00449 items: used 0.32 of rows-with-items, k>0 317, thrown 589/960
rnd 20300 steps 1.95M t 93.4m eps 0.012 pairs_len 113 wins A/B/draw 139/161/0 loss 0.0204 item_loss 0.00442 items: used 0.32 of rows-with-items, k>0 270, thrown 583/905
rnd 20400 steps 1.96M t 93.8m eps 0.011 pairs_len 116 wins A/B/draw 136/164/0 loss 0.0204 item_loss 0.00438 items: used 0.31 of rows-with-items, k>0 310, thrown 645/970
rnd 20500 steps 1.97M t 94.2m eps 0.011 pairs_len 114 wins A/B/draw 141/159/0 loss 0.0204 item_loss 0.00437 items: used 0.30 of rows-with-items, k>0 332, thrown 612/950
rnd 20600 steps 1.98M t 94.6m eps 0.011 pairs_len 114 wins A/B/draw 147/153/0 loss 0.0204 item_loss 0.00439 items: used 0.31 of rows-with-items, k>0 304, thrown 619/970
rnd 20700 steps 1.99M t 95.0m eps 0.010 pairs_len 115 wins A/B/draw 161/139/0 loss 0.0205 item_loss 0.00450 items: used 0.31 of rows-with-items, k>0 317, thrown 624/935
rnd 20800 steps 2.00M t 95.5m eps 0.010 pairs_len 111 wins A/B/draw 161/139/0 loss 0.0209 item_loss 0.00454 items: used 0.29 of rows-with-items, k>0 310, thrown 596/930
rnd 20900 steps 2.01M t 95.9m eps 0.010 pairs_len 109 wins A/B/draw 159/141/0 loss 0.0208 item_loss 0.00464 items: used 0.27 of rows-with-items, k>0 310, thrown 581/932
rnd 21000 steps 2.02M t 96.3m eps 0.010 pairs_len 106 wins A/B/draw 158/142/0 loss 0.0208 item_loss 0.00469 items: used 0.29 of rows-with-items, k>0 295, thrown 599/918
rnd 21100 steps 2.03M t 96.7m eps 0.010 pairs_len 104 wins A/B/draw 158/142/0 loss 0.0210 item_loss 0.00479 items: used 0.27 of rows-with-items, k>0 293, thrown 609/903
rnd 21200 steps 2.04M t 97.1m eps 0.010 pairs_len 105 wins A/B/draw 150/148/2 loss 0.0210 item_loss 0.00494 items: used 0.27 of rows-with-items, k>0 287, thrown 586/901
rnd 21300 steps 2.04M t 97.5m eps 0.010 pairs_len 108 wins A/B/draw 145/153/2 loss 0.0209 item_loss 0.00491 items: used 0.30 of rows-with-items, k>0 320, thrown 560/929
rnd 21400 steps 2.05M t 97.9m eps 0.010 pairs_len 111 wins A/B/draw 150/148/2 loss 0.0210 item_loss 0.00507 items: used 0.29 of rows-with-items, k>0 349, thrown 649/989
rnd 21500 steps 2.06M t 98.4m eps 0.010 pairs_len 113 wins A/B/draw 151/146/3 loss 0.0213 item_loss 0.00496 items: used 0.31 of rows-with-items, k>0 359, thrown 668/976
rnd 21600 steps 2.07M t 98.8m eps 0.010 pairs_len 117 wins A/B/draw 151/146/3 loss 0.0216 item_loss 0.00481 items: used 0.28 of rows-with-items, k>0 326, thrown 586/928
rnd 21700 steps 2.08M t 99.2m eps 0.010 pairs_len 118 wins A/B/draw 150/147/3 loss 0.0218 item_loss 0.00485 items: used 0.25 of rows-with-items, k>0 327, thrown 589/892
rnd 21800 steps 2.09M t 99.6m eps 0.010 pairs_len 118 wins A/B/draw 145/154/1 loss 0.0220 item_loss 0.00498 items: used 0.29 of rows-with-items, k>0 375, thrown 691/1012
rnd 21900 steps 2.10M t 100.1m eps 0.010 pairs_len 117 wins A/B/draw 142/157/1 loss 0.0220 item_loss 0.00494 items: used 0.27 of rows-with-items, k>0 357, thrown 611/935
rnd 22000 steps 2.11M t 100.5m eps 0.010 pairs_len 115 wins A/B/draw 147/153/0 loss 0.0220 item_loss 0.00494 items: used 0.27 of rows-with-items, k>0 404, thrown 668/1020
rnd 22100 steps 2.12M t 100.9m eps 0.010 pairs_len 113 wins A/B/draw 141/159/0 loss 0.0221 item_loss 0.00492 items: used 0.26 of rows-with-items, k>0 342, thrown 587/930
rnd 22200 steps 2.13M t 101.3m eps 0.010 pairs_len 113 wins A/B/draw 144/156/0 loss 0.0221 item_loss 0.00490 items: used 0.26 of rows-with-items, k>0 327, thrown 614/916
EVAL battle-net(A) vs solo-net + old rule(B): {'win': 0.5154639175257731, 'lose': 0.4845360824742268, 'draw': 0.0, 'games': 97, 'mean_len': 95.37113402061856}
rnd 22300 steps 2.14M t 102.6m eps 0.010 pairs_len 114 wins A/B/draw 151/147/2 loss 0.0218 item_loss 0.00485 items: used 0.31 of rows-with-items, k>0 290, thrown 600/912
rnd 22400 steps 2.15M t 103.0m eps 0.010 pairs_len 114 wins A/B/draw 146/151/3 loss 0.0217 item_loss 0.00495 items: used 0.25 of rows-with-items, k>0 320, thrown 564/880
rnd 22500 steps 2.16M t 103.5m eps 0.010 pairs_len 113 wins A/B/draw 146/151/3 loss 0.0219 item_loss 0.00491 items: used 0.26 of rows-with-items, k>0 383, thrown 634/970
rnd 22600 steps 2.17M t 104.3m eps 0.010 pairs_len 115 wins A/B/draw 149/147/4 loss 0.0219 item_loss 0.00486 items: used 0.25 of rows-with-items, k>0 344, thrown 596/910
rnd 22700 steps 2.18M t 105.0m eps 0.010 pairs_len 113 wins A/B/draw 153/143/4 loss 0.0216 item_loss 0.00499 items: used 0.26 of rows-with-items, k>0 324, thrown 584/887
