init: runs/bt3/last.pt | new tensors: ['cdense.weight', 'cdense.bias', 'ih1.weight', 'ih1.bias', 'ih2.weight', 'ih2.bias']
rnd 100 steps 0.01M t 0.9m eps 0.080 pairs_len 57 wins A/B/draw 22/18/0 loss 0.0000 item_loss 0.00000 items: used 0.25 of rows-with-items, k>0 75, thrown 406/654
EVAL battle-net(A) vs solo-net + old rule(B): {'win': 0.0, 'lose': 1.0, 'draw': 0.0, 'games': 96, 'mean_len': 97.89583333333333}
rnd 200 steps 0.02M t 3.3m eps 0.079 pairs_len 71 wins A/B/draw 49/44/0 loss 0.0000 item_loss 0.00000 items: used 0.25 of rows-with-items, k>0 115, thrown 528/817
/home/a/Desktop/stuff/polycube/ndrl/train_battle.py:235: UserWarning: Converting a tensor with requires_grad=True to a scalar may lead to unexpected behavior.
Consider using tensor.detach() first. (Triggered internally at /pytorch/torch/csrc/autograd/generated/python_variable_methods.cpp:836.)
  if rnd % 10 == 0: loss_ema = 0.99 * loss_ema + 0.01 * loss.item(); iloss_ema = 0.99 * iloss_ema + 0.01 * float(il)
rnd 300 steps 0.03M t 4.1m eps 0.079 pairs_len 78 wins A/B/draw 68/75/0 loss 0.0014 item_loss 0.00006 items: used 0.29 of rows-with-items, k>0 82, thrown 539/802
rnd 400 steps 0.04M t 4.9m eps 0.079 pairs_len 81 wins A/B/draw 88/119/0 loss 0.0038 item_loss 0.00017 items: used 0.36 of rows-with-items, k>0 156, thrown 484/706
rnd 500 steps 0.05M t 5.7m eps 0.078 pairs_len 81 wins A/B/draw 111/142/0 loss 0.0054 item_loss 0.00030 items: used 0.33 of rows-with-items, k>0 118, thrown 448/671
rnd 600 steps 0.06M t 6.5m eps 0.078 pairs_len 86 wins A/B/draw 137/163/0 loss 0.0064 item_loss 0.00044 items: used 0.35 of rows-with-items, k>0 100, thrown 385/549
rnd 700 steps 0.07M t 7.2m eps 0.078 pairs_len 88 wins A/B/draw 138/162/0 loss 0.0071 item_loss 0.00053 items: used 0.37 of rows-with-items, k>0 72, thrown 337/536
rnd 800 steps 0.08M t 8.0m eps 0.077 pairs_len 89 wins A/B/draw 148/152/0 loss 0.0073 item_loss 0.00072 items: used 0.36 of rows-with-items, k>0 80, thrown 345/519
rnd 900 steps 0.09M t 8.8m eps 0.077 pairs_len 87 wins A/B/draw 148/152/0 loss 0.0074 item_loss 0.00111 items: used 0.34 of rows-with-items, k>0 81, thrown 365/535
rnd 1000 steps 0.10M t 9.6m eps 0.077 pairs_len 88 wins A/B/draw 154/146/0 loss 0.0073 item_loss 0.00161 items: used 0.36 of rows-with-items, k>0 87, thrown 411/609
rnd 1100 steps 0.11M t 10.4m eps 0.076 pairs_len 84 wins A/B/draw 154/146/0 loss 0.0072 item_loss 0.00204 items: used 0.39 of rows-with-items, k>0 83, thrown 435/604
rnd 1200 steps 0.12M t 11.2m eps 0.076 pairs_len 81 wins A/B/draw 152/148/0 loss 0.0071 item_loss 0.00243 items: used 0.41 of rows-with-items, k>0 70, thrown 444/640
rnd 1300 steps 0.12M t 12.0m eps 0.076 pairs_len 80 wins A/B/draw 156/144/0 loss 0.0070 item_loss 0.00284 items: used 0.38 of rows-with-items, k>0 79, thrown 444/632
rnd 1400 steps 0.13M t 12.8m eps 0.075 pairs_len 75 wins A/B/draw 160/140/0 loss 0.0068 item_loss 0.00337 items: used 0.39 of rows-with-items, k>0 74, thrown 411/582
rnd 1500 steps 0.14M t 13.6m eps 0.075 pairs_len 71 wins A/B/draw 154/146/0 loss 0.0067 item_loss 0.00367 items: used 0.41 of rows-with-items, k>0 70, thrown 421/591
rnd 1600 steps 0.15M t 14.5m eps 0.075 pairs_len 70 wins A/B/draw 151/149/0 loss 0.0066 item_loss 0.00388 items: used 0.41 of rows-with-items, k>0 55, thrown 431/620
rnd 1700 steps 0.16M t 15.3m eps 0.074 pairs_len 67 wins A/B/draw 143/157/0 loss 0.0064 item_loss 0.00429 items: used 0.41 of rows-with-items, k>0 72, thrown 451/665
rnd 1800 steps 0.17M t 16.1m eps 0.074 pairs_len 69 wins A/B/draw 132/168/0 loss 0.0063 item_loss 0.00465 items: used 0.42 of rows-with-items, k>0 54, thrown 443/637
rnd 1900 steps 0.18M t 16.7m eps 0.074 pairs_len 68 wins A/B/draw 130/170/0 loss 0.0062 item_loss 0.00523 items: used 0.42 of rows-with-items, k>0 54, thrown 402/602
rnd 2000 steps 0.19M t 17.3m eps 0.073 pairs_len 70 wins A/B/draw 135/165/0 loss 0.0061 item_loss 0.00587 items: used 0.45 of rows-with-items, k>0 48, thrown 480/670
rnd 2100 steps 0.20M t 17.9m eps 0.073 pairs_len 71 wins A/B/draw 139/161/0 loss 0.0059 item_loss 0.00589 items: used 0.46 of rows-with-items, k>0 70, thrown 426/612
rnd 2200 steps 0.21M t 18.4m eps 0.073 pairs_len 66 wins A/B/draw 146/154/0 loss 0.0058 item_loss 0.00611 items: used 0.37 of rows-with-items, k>0 57, thrown 435/611
rnd 2300 steps 0.22M t 19.0m eps 0.072 pairs_len 66 wins A/B/draw 149/151/0 loss 0.0057 item_loss 0.00653 items: used 0.37 of rows-with-items, k>0 39, thrown 404/589
rnd 2400 steps 0.23M t 19.5m eps 0.072 pairs_len 68 wins A/B/draw 151/149/0 loss 0.0056 item_loss 0.00744 items: used 0.43 of rows-with-items, k>0 58, thrown 460/628
rnd 2500 steps 0.24M t 20.1m eps 0.072 pairs_len 67 wins A/B/draw 155/145/0 loss 0.0055 item_loss 0.00819 items: used 0.45 of rows-with-items, k>0 59, thrown 475/690
rnd 2600 steps 0.25M t 20.6m eps 0.071 pairs_len 69 wins A/B/draw 158/142/0 loss 0.0054 item_loss 0.00871 items: used 0.42 of rows-with-items, k>0 57, thrown 442/616
rnd 2700 steps 0.26M t 21.2m eps 0.071 pairs_len 68 wins A/B/draw 163/137/0 loss 0.0053 item_loss 0.00899 items: used 0.45 of rows-with-items, k>0 59, thrown 435/609
EVAL battle-net(A) vs solo-net + old rule(B): {'win': 0.5, 'lose': 0.5, 'draw': 0.0, 'games': 98, 'mean_len': 82.72448979591837}
rnd 2800 steps 0.27M t 22.6m eps 0.071 pairs_len 67 wins A/B/draw 155/145/0 loss 0.0052 item_loss 0.00918 items: used 0.40 of rows-with-items, k>0 70, thrown 471/680
rnd 2900 steps 0.28M t 23.2m eps 0.070 pairs_len 69 wins A/B/draw 159/141/0 loss 0.0052 item_loss 0.00914 items: used 0.42 of rows-with-items, k>0 78, thrown 461/644
rnd 3000 steps 0.29M t 23.7m eps 0.070 pairs_len 70 wins A/B/draw 155/145/0 loss 0.0051 item_loss 0.00948 items: used 0.42 of rows-with-items, k>0 88, thrown 489/694
rnd 3100 steps 0.30M t 24.3m eps 0.070 pairs_len 72 wins A/B/draw 158/142/0 loss 0.0050 item_loss 0.00953 items: used 0.43 of rows-with-items, k>0 74, thrown 483/675
rnd 3200 steps 0.31M t 24.9m eps 0.069 pairs_len 75 wins A/B/draw 158/142/0 loss 0.0049 item_loss 0.01010 items: used 0.41 of rows-with-items, k>0 81, thrown 475/651
rnd 3300 steps 0.32M t 25.4m eps 0.069 pairs_len 73 wins A/B/draw 163/137/0 loss 0.0048 item_loss 0.01039 items: used 0.41 of rows-with-items, k>0 70, thrown 454/649
rnd 3400 steps 0.33M t 25.9m eps 0.069 pairs_len 72 wins A/B/draw 175/125/0 loss 0.0048 item_loss 0.01086 items: used 0.47 of rows-with-items, k>0 75, thrown 484/642
rnd 3500 steps 0.34M t 26.5m eps 0.068 pairs_len 71 wins A/B/draw 173/127/0 loss 0.0048 item_loss 0.01101 items: used 0.41 of rows-with-items, k>0 91, thrown 444/625
rnd 3600 steps 0.35M t 27.1m eps 0.068 pairs_len 72 wins A/B/draw 170/130/0 loss 0.0048 item_loss 0.01146 items: used 0.48 of rows-with-items, k>0 87, thrown 449/624
rnd 3700 steps 0.36M t 27.6m eps 0.068 pairs_len 71 wins A/B/draw 167/133/0 loss 0.0048 item_loss 0.01210 items: used 0.43 of rows-with-items, k>0 84, thrown 499/692
rnd 3800 steps 0.36M t 28.2m eps 0.067 pairs_len 75 wins A/B/draw 159/141/0 loss 0.0048 item_loss 0.01217 items: used 0.46 of rows-with-items, k>0 112, thrown 490/718
rnd 3900 steps 0.37M t 28.7m eps 0.067 pairs_len 76 wins A/B/draw 147/152/1 loss 0.0047 item_loss 0.01272 items: used 0.47 of rows-with-items, k>0 94, thrown 496/704
rnd 4000 steps 0.38M t 29.3m eps 0.067 pairs_len 77 wins A/B/draw 149/150/1 loss 0.0047 item_loss 0.01239 items: used 0.47 of rows-with-items, k>0 117, thrown 488/692
rnd 4100 steps 0.39M t 29.8m eps 0.066 pairs_len 79 wins A/B/draw 149/150/1 loss 0.0047 item_loss 0.01250 items: used 0.45 of rows-with-items, k>0 104, thrown 504/705
rnd 4200 steps 0.40M t 30.4m eps 0.066 pairs_len 82 wins A/B/draw 158/141/1 loss 0.0047 item_loss 0.01278 items: used 0.46 of rows-with-items, k>0 122, thrown 528/767
rnd 4300 steps 0.41M t 30.9m eps 0.066 pairs_len 82 wins A/B/draw 154/145/1 loss 0.0047 item_loss 0.01270 items: used 0.48 of rows-with-items, k>0 115, thrown 557/786
rnd 4400 steps 0.42M t 31.5m eps 0.065 pairs_len 85 wins A/B/draw 155/145/0 loss 0.0047 item_loss 0.01263 items: used 0.47 of rows-with-items, k>0 174, thrown 559/814
rnd 4500 steps 0.43M t 32.0m eps 0.065 pairs_len 88 wins A/B/draw 153/147/0 loss 0.0047 item_loss 0.01261 items: used 0.44 of rows-with-items, k>0 151, thrown 604/837
rnd 4600 steps 0.44M t 32.6m eps 0.065 pairs_len 91 wins A/B/draw 150/150/0 loss 0.0047 item_loss 0.01217 items: used 0.50 of rows-with-items, k>0 121, thrown 522/752
rnd 4700 steps 0.45M t 33.1m eps 0.064 pairs_len 92 wins A/B/draw 143/157/0 loss 0.0048 item_loss 0.01232 items: used 0.40 of rows-with-items, k>0 99, thrown 469/673
rnd 4800 steps 0.46M t 33.6m eps 0.064 pairs_len 92 wins A/B/draw 141/159/0 loss 0.0048 item_loss 0.01262 items: used 0.49 of rows-with-items, k>0 115, thrown 534/761
rnd 4900 steps 0.47M t 34.2m eps 0.064 pairs_len 94 wins A/B/draw 140/160/0 loss 0.0048 item_loss 0.01260 items: used 0.46 of rows-with-items, k>0 114, thrown 561/808
rnd 5000 steps 0.48M t 34.7m eps 0.063 pairs_len 91 wins A/B/draw 140/160/0 loss 0.0049 item_loss 0.01268 items: used 0.45 of rows-with-items, k>0 125, thrown 574/811
rnd 5100 steps 0.49M t 35.3m eps 0.063 pairs_len 91 wins A/B/draw 148/152/0 loss 0.0049 item_loss 0.01297 items: used 0.46 of rows-with-items, k>0 123, thrown 581/812
rnd 5200 steps 0.50M t 35.8m eps 0.063 pairs_len 91 wins A/B/draw 149/151/0 loss 0.0050 item_loss 0.01342 items: used 0.45 of rows-with-items, k>0 113, thrown 567/777
rnd 5300 steps 0.51M t 36.3m eps 0.062 pairs_len 91 wins A/B/draw 154/146/0 loss 0.0050 item_loss 0.01365 items: used 0.49 of rows-with-items, k>0 109, thrown 555/790
rnd 5400 steps 0.52M t 36.9m eps 0.062 pairs_len 94 wins A/B/draw 156/144/0 loss 0.0050 item_loss 0.01328 items: used 0.46 of rows-with-items, k>0 122, thrown 600/832
rnd 5500 steps 0.53M t 37.4m eps 0.062 pairs_len 94 wins A/B/draw 167/133/0 loss 0.0051 item_loss 0.01335 items: used 0.45 of rows-with-items, k>0 99, thrown 531/746
rnd 5600 steps 0.54M t 38.0m eps 0.061 pairs_len 92 wins A/B/draw 164/136/0 loss 0.0051 item_loss 0.01331 items: used 0.49 of rows-with-items, k>0 100, thrown 560/796
rnd 5700 steps 0.55M t 38.5m eps 0.061 pairs_len 93 wins A/B/draw 158/142/0 loss 0.0051 item_loss 0.01328 items: used 0.49 of rows-with-items, k>0 129, thrown 624/902
rnd 5800 steps 0.56M t 39.1m eps 0.061 pairs_len 97 wins A/B/draw 162/137/1 loss 0.0052 item_loss 0.01318 items: used 0.48 of rows-with-items, k>0 111, thrown 551/780
rnd 5900 steps 0.57M t 39.6m eps 0.060 pairs_len 96 wins A/B/draw 157/142/1 loss 0.0053 item_loss 0.01284 items: used 0.43 of rows-with-items, k>0 93, thrown 582/818
rnd 6000 steps 0.58M t 40.2m eps 0.060 pairs_len 96 wins A/B/draw 151/148/1 loss 0.0052 item_loss 0.01330 items: used 0.49 of rows-with-items, k>0 121, thrown 604/826
rnd 6100 steps 0.59M t 40.7m eps 0.060 pairs_len 99 wins A/B/draw 153/146/1 loss 0.0053 item_loss 0.01306 items: used 0.46 of rows-with-items, k>0 123, thrown 563/803
rnd 6200 steps 0.60M t 41.2m eps 0.059 pairs_len 99 wins A/B/draw 154/145/1 loss 0.0053 item_loss 0.01293 items: used 0.48 of rows-with-items, k>0 84, thrown 559/794
EVAL battle-net(A) vs solo-net + old rule(B): {'win': 0.78125, 'lose': 0.21875, 'draw': 0.0, 'games': 96, 'mean_len': 94.05208333333333}
rnd 6300 steps 0.60M t 42.8m eps 0.059 pairs_len 99 wins A/B/draw 158/141/1 loss 0.0054 item_loss 0.01244 items: used 0.45 of rows-with-items, k>0 133, thrown 610/869
rnd 6400 steps 0.61M t 43.4m eps 0.058 pairs_len 102 wins A/B/draw 156/143/1 loss 0.0054 item_loss 0.01251 items: used 0.43 of rows-with-items, k>0 115, thrown 616/879
rnd 6500 steps 0.62M t 43.9m eps 0.058 pairs_len 103 wins A/B/draw 157/143/0 loss 0.0054 item_loss 0.01258 items: used 0.43 of rows-with-items, k>0 130, thrown 606/837
rnd 6600 steps 0.63M t 44.5m eps 0.058 pairs_len 106 wins A/B/draw 155/145/0 loss 0.0055 item_loss 0.01299 items: used 0.45 of rows-with-items, k>0 127, thrown 602/860
rnd 6700 steps 0.64M t 45.0m eps 0.057 pairs_len 106 wins A/B/draw 157/143/0 loss 0.0055 item_loss 0.01337 items: used 0.44 of rows-with-items, k>0 101, thrown 578/829
rnd 6800 steps 0.65M t 45.5m eps 0.057 pairs_len 105 wins A/B/draw 147/153/0 loss 0.0055 item_loss 0.01350 items: used 0.46 of rows-with-items, k>0 124, thrown 576/823
rnd 6900 steps 0.66M t 46.1m eps 0.057 pairs_len 107 wins A/B/draw 147/153/0 loss 0.0056 item_loss 0.01365 items: used 0.45 of rows-with-items, k>0 120, thrown 618/876
rnd 7000 steps 0.67M t 46.6m eps 0.056 pairs_len 108 wins A/B/draw 151/149/0 loss 0.0057 item_loss 0.01400 items: used 0.43 of rows-with-items, k>0 144, thrown 640/904
rnd 7100 steps 0.68M t 47.2m eps 0.056 pairs_len 106 wins A/B/draw 149/151/0 loss 0.0057 item_loss 0.01413 items: used 0.44 of rows-with-items, k>0 108, thrown 523/736
rnd 7200 steps 0.69M t 47.7m eps 0.056 pairs_len 105 wins A/B/draw 149/151/0 loss 0.0057 item_loss 0.01487 items: used 0.48 of rows-with-items, k>0 107, thrown 579/834
rnd 7300 steps 0.70M t 48.3m eps 0.055 pairs_len 106 wins A/B/draw 151/149/0 loss 0.0058 item_loss 0.01468 items: used 0.45 of rows-with-items, k>0 115, thrown 563/825
rnd 7400 steps 0.71M t 48.8m eps 0.055 pairs_len 105 wins A/B/draw 152/148/0 loss 0.0059 item_loss 0.01461 items: used 0.47 of rows-with-items, k>0 124, thrown 585/849
rnd 7500 steps 0.72M t 49.3m eps 0.055 pairs_len 110 wins A/B/draw 152/148/0 loss 0.0060 item_loss 0.01488 items: used 0.45 of rows-with-items, k>0 97, thrown 540/768
rnd 7600 steps 0.73M t 49.9m eps 0.054 pairs_len 107 wins A/B/draw 148/152/0 loss 0.0060 item_loss 0.01482 items: used 0.40 of rows-with-items, k>0 151, thrown 614/884
rnd 7700 steps 0.74M t 50.4m eps 0.054 pairs_len 106 wins A/B/draw 148/152/0 loss 0.0060 item_loss 0.01477 items: used 0.37 of rows-with-items, k>0 114, thrown 531/757
rnd 7800 steps 0.75M t 51.0m eps 0.054 pairs_len 105 wins A/B/draw 146/154/0 loss 0.0061 item_loss 0.01470 items: used 0.42 of rows-with-items, k>0 137, thrown 574/813
rnd 7900 steps 0.76M t 51.5m eps 0.053 pairs_len 104 wins A/B/draw 153/147/0 loss 0.0062 item_loss 0.01484 items: used 0.41 of rows-with-items, k>0 139, thrown 561/780
rnd 8000 steps 0.77M t 52.1m eps 0.053 pairs_len 103 wins A/B/draw 147/153/0 loss 0.0062 item_loss 0.01543 items: used 0.41 of rows-with-items, k>0 148, thrown 533/796
rnd 8100 steps 0.78M t 52.6m eps 0.053 pairs_len 101 wins A/B/draw 152/148/0 loss 0.0064 item_loss 0.01553 items: used 0.43 of rows-with-items, k>0 106, thrown 561/768
rnd 8200 steps 0.79M t 53.2m eps 0.052 pairs_len 100 wins A/B/draw 150/150/0 loss 0.0065 item_loss 0.01556 items: used 0.39 of rows-with-items, k>0 113, thrown 565/786
rnd 8300 steps 0.80M t 53.7m eps 0.052 pairs_len 98 wins A/B/draw 142/158/0 loss 0.0065 item_loss 0.01548 items: used 0.43 of rows-with-items, k>0 131, thrown 563/835
rnd 8400 steps 0.81M t 54.2m eps 0.052 pairs_len 98 wins A/B/draw 150/150/0 loss 0.0066 item_loss 0.01574 items: used 0.42 of rows-with-items, k>0 125, thrown 537/771
rnd 8500 steps 0.82M t 54.8m eps 0.051 pairs_len 96 wins A/B/draw 141/159/0 loss 0.0067 item_loss 0.01569 items: used 0.43 of rows-with-items, k>0 125, thrown 531/767
rnd 8600 steps 0.83M t 55.3m eps 0.051 pairs_len 98 wins A/B/draw 142/158/0 loss 0.0067 item_loss 0.01534 items: used 0.41 of rows-with-items, k>0 134, thrown 561/818
rnd 8700 steps 0.84M t 55.9m eps 0.051 pairs_len 95 wins A/B/draw 147/153/0 loss 0.0068 item_loss 0.01547 items: used 0.38 of rows-with-items, k>0 118, thrown 558/809
rnd 8800 steps 0.84M t 56.4m eps 0.050 pairs_len 97 wins A/B/draw 146/154/0 loss 0.0070 item_loss 0.01555 items: used 0.37 of rows-with-items, k>0 109, thrown 547/785
rnd 8900 steps 0.85M t 57.0m eps 0.050 pairs_len 96 wins A/B/draw 146/154/0 loss 0.0070 item_loss 0.01541 items: used 0.39 of rows-with-items, k>0 119, thrown 526/755
rnd 9000 steps 0.86M t 57.5m eps 0.050 pairs_len 97 wins A/B/draw 140/160/0 loss 0.0071 item_loss 0.01584 items: used 0.39 of rows-with-items, k>0 121, thrown 516/749
rnd 9100 steps 0.87M t 58.0m eps 0.049 pairs_len 95 wins A/B/draw 148/152/0 loss 0.0071 item_loss 0.01584 items: used 0.40 of rows-with-items, k>0 137, thrown 561/804
rnd 9200 steps 0.88M t 58.5m eps 0.049 pairs_len 95 wins A/B/draw 148/152/0 loss 0.0072 item_loss 0.01571 items: used 0.36 of rows-with-items, k>0 123, thrown 534/810
rnd 9300 steps 0.89M t 59.1m eps 0.049 pairs_len 95 wins A/B/draw 144/156/0 loss 0.0073 item_loss 0.01584 items: used 0.38 of rows-with-items, k>0 99, thrown 473/705
rnd 9400 steps 0.90M t 59.7m eps 0.048 pairs_len 93 wins A/B/draw 146/154/0 loss 0.0074 item_loss 0.01623 items: used 0.39 of rows-with-items, k>0 150, thrown 541/784
rnd 9500 steps 0.91M t 60.2m eps 0.048 pairs_len 90 wins A/B/draw 150/150/0 loss 0.0076 item_loss 0.01637 items: used 0.35 of rows-with-items, k>0 116, thrown 519/718
rnd 9600 steps 0.92M t 60.8m eps 0.048 pairs_len 87 wins A/B/draw 161/139/0 loss 0.0077 item_loss 0.01680 items: used 0.35 of rows-with-items, k>0 115, thrown 512/782
rnd 9700 steps 0.93M t 61.3m eps 0.047 pairs_len 87 wins A/B/draw 158/142/0 loss 0.0077 item_loss 0.01663 items: used 0.36 of rows-with-items, k>0 141, thrown 527/772
EVAL battle-net(A) vs solo-net + old rule(B): {'win': 0.6875, 'lose': 0.3125, 'draw': 0.0, 'games': 96, 'mean_len': 87.15625}
rnd 9800 steps 0.94M t 62.8m eps 0.047 pairs_len 84 wins A/B/draw 150/150/0 loss 0.0078 item_loss 0.01664 items: used 0.34 of rows-with-items, k>0 130, thrown 539/813
rnd 9900 steps 0.95M t 63.4m eps 0.047 pairs_len 86 wins A/B/draw 149/151/0 loss 0.0079 item_loss 0.01676 items: used 0.34 of rows-with-items, k>0 160, thrown 549/778
rnd 10000 steps 0.96M t 63.9m eps 0.046 pairs_len 88 wins A/B/draw 145/155/0 loss 0.0081 item_loss 0.01687 items: used 0.39 of rows-with-items, k>0 120, thrown 502/760
rnd 10100 steps 0.97M t 64.4m eps 0.046 pairs_len 92 wins A/B/draw 145/155/0 loss 0.0083 item_loss 0.01719 items: used 0.37 of rows-with-items, k>0 130, thrown 500/751
rnd 10200 steps 0.98M t 65.0m eps 0.046 pairs_len 91 wins A/B/draw 143/157/0 loss 0.0083 item_loss 0.01674 items: used 0.35 of rows-with-items, k>0 119, thrown 461/684
rnd 10300 steps 0.99M t 65.5m eps 0.045 pairs_len 93 wins A/B/draw 151/149/0 loss 0.0083 item_loss 0.01667 items: used 0.34 of rows-with-items, k>0 102, thrown 491/728
rnd 10400 steps 1.00M t 66.1m eps 0.045 pairs_len 93 wins A/B/draw 161/139/0 loss 0.0084 item_loss 0.01656 items: used 0.37 of rows-with-items, k>0 146, thrown 529/780
rnd 10500 steps 1.01M t 66.7m eps 0.045 pairs_len 89 wins A/B/draw 156/144/0 loss 0.0084 item_loss 0.01653 items: used 0.35 of rows-with-items, k>0 124, thrown 510/773
rnd 10600 steps 1.02M t 67.2m eps 0.044 pairs_len 89 wins A/B/draw 157/143/0 loss 0.0084 item_loss 0.01676 items: used 0.33 of rows-with-items, k>0 125, thrown 481/709
rnd 10700 steps 1.03M t 67.8m eps 0.044 pairs_len 85 wins A/B/draw 159/141/0 loss 0.0085 item_loss 0.01648 items: used 0.34 of rows-with-items, k>0 127, thrown 503/748
rnd 10800 steps 1.04M t 68.3m eps 0.044 pairs_len 84 wins A/B/draw 161/139/0 loss 0.0086 item_loss 0.01663 items: used 0.34 of rows-with-items, k>0 104, thrown 492/723
rnd 10900 steps 1.05M t 68.9m eps 0.043 pairs_len 81 wins A/B/draw 153/147/0 loss 0.0087 item_loss 0.01745 items: used 0.36 of rows-with-items, k>0 112, thrown 476/699
rnd 11000 steps 1.06M t 69.4m eps 0.043 pairs_len 82 wins A/B/draw 158/142/0 loss 0.0088 item_loss 0.01748 items: used 0.31 of rows-with-items, k>0 143, thrown 497/718
rnd 11100 steps 1.07M t 69.9m eps 0.043 pairs_len 81 wins A/B/draw 152/148/0 loss 0.0088 item_loss 0.01768 items: used 0.33 of rows-with-items, k>0 126, thrown 465/701
rnd 11200 steps 1.08M t 70.5m eps 0.042 pairs_len 82 wins A/B/draw 153/147/0 loss 0.0090 item_loss 0.01837 items: used 0.34 of rows-with-items, k>0 102, thrown 501/699
rnd 11300 steps 1.08M t 71.0m eps 0.042 pairs_len 80 wins A/B/draw 146/154/0 loss 0.0090 item_loss 0.01816 items: used 0.33 of rows-with-items, k>0 113, thrown 493/710
rnd 11400 steps 1.09M t 71.6m eps 0.042 pairs_len 80 wins A/B/draw 141/159/0 loss 0.0091 item_loss 0.01831 items: used 0.33 of rows-with-items, k>0 147, thrown 499/743
rnd 11500 steps 1.10M t 72.1m eps 0.041 pairs_len 82 wins A/B/draw 138/162/0 loss 0.0092 item_loss 0.01819 items: used 0.36 of rows-with-items, k>0 97, thrown 448/627
rnd 11600 steps 1.11M t 72.7m eps 0.041 pairs_len 80 wins A/B/draw 142/158/0 loss 0.0092 item_loss 0.01843 items: used 0.31 of rows-with-items, k>0 91, thrown 445/689
rnd 11700 steps 1.12M t 73.3m eps 0.041 pairs_len 80 wins A/B/draw 142/158/0 loss 0.0093 item_loss 0.01854 items: used 0.32 of rows-with-items, k>0 115, thrown 490/677
rnd 11800 steps 1.13M t 73.8m eps 0.040 pairs_len 81 wins A/B/draw 144/156/0 loss 0.0094 item_loss 0.01842 items: used 0.34 of rows-with-items, k>0 106, thrown 477/722
rnd 11900 steps 1.14M t 74.4m eps 0.040 pairs_len 80 wins A/B/draw 150/150/0 loss 0.0095 item_loss 0.01880 items: used 0.31 of rows-with-items, k>0 127, thrown 494/700
rnd 12000 steps 1.15M t 74.9m eps 0.040 pairs_len 80 wins A/B/draw 162/138/0 loss 0.0097 item_loss 0.01854 items: used 0.34 of rows-with-items, k>0 83, thrown 434/666
rnd 12100 steps 1.16M t 75.5m eps 0.039 pairs_len 80 wins A/B/draw 164/136/0 loss 0.0099 item_loss 0.01829 items: used 0.33 of rows-with-items, k>0 121, thrown 469/687
rnd 12200 steps 1.17M t 76.1m eps 0.039 pairs_len 79 wins A/B/draw 161/139/0 loss 0.0100 item_loss 0.01814 items: used 0.32 of rows-with-items, k>0 132, thrown 478/710
rnd 12300 steps 1.18M t 76.6m eps 0.039 pairs_len 79 wins A/B/draw 164/136/0 loss 0.0101 item_loss 0.01865 items: used 0.30 of rows-with-items, k>0 122, thrown 507/733
rnd 12400 steps 1.19M t 77.2m eps 0.038 pairs_len 79 wins A/B/draw 159/141/0 loss 0.0102 item_loss 0.01903 items: used 0.31 of rows-with-items, k>0 119, thrown 464/691
rnd 12500 steps 1.20M t 77.7m eps 0.038 pairs_len 78 wins A/B/draw 147/153/0 loss 0.0103 item_loss 0.01866 items: used 0.30 of rows-with-items, k>0 150, thrown 508/738
rnd 12600 steps 1.21M t 78.3m eps 0.038 pairs_len 78 wins A/B/draw 149/151/0 loss 0.0103 item_loss 0.01855 items: used 0.32 of rows-with-items, k>0 150, thrown 527/779
rnd 12700 steps 1.22M t 78.8m eps 0.037 pairs_len 81 wins A/B/draw 147/153/0 loss 0.0106 item_loss 0.01860 items: used 0.31 of rows-with-items, k>0 132, thrown 497/722
rnd 12800 steps 1.23M t 79.4m eps 0.037 pairs_len 81 wins A/B/draw 150/150/0 loss 0.0109 item_loss 0.01913 items: used 0.30 of rows-with-items, k>0 139, thrown 469/705
rnd 12900 steps 1.24M t 79.9m eps 0.037 pairs_len 82 wins A/B/draw 151/149/0 loss 0.0110 item_loss 0.01964 items: used 0.32 of rows-with-items, k>0 131, thrown 484/695
rnd 13000 steps 1.25M t 80.5m eps 0.036 pairs_len 81 wins A/B/draw 159/141/0 loss 0.0111 item_loss 0.01926 items: used 0.34 of rows-with-items, k>0 141, thrown 525/740
rnd 13100 steps 1.26M t 81.1m eps 0.036 pairs_len 80 wins A/B/draw 156/144/0 loss 0.0111 item_loss 0.01977 items: used 0.30 of rows-with-items, k>0 113, thrown 426/639
EVAL battle-net(A) vs solo-net + old rule(B): {'win': 0.5876288659793815, 'lose': 0.41237113402061853, 'draw': 0.0, 'games': 97, 'mean_len': 83.94845360824742}
rnd 13200 steps 1.27M t 82.6m eps 0.036 pairs_len 77 wins A/B/draw 164/136/0 loss 0.0112 item_loss 0.01949 items: used 0.28 of rows-with-items, k>0 143, thrown 471/681
rnd 13300 steps 1.28M t 83.1m eps 0.035 pairs_len 78 wins A/B/draw 156/144/0 loss 0.0113 item_loss 0.01910 items: used 0.32 of rows-with-items, k>0 155, thrown 516/738
rnd 13400 steps 1.29M t 83.7m eps 0.035 pairs_len 78 wins A/B/draw 163/137/0 loss 0.0115 item_loss 0.01967 items: used 0.30 of rows-with-items, k>0 123, thrown 487/732
rnd 13500 steps 1.30M t 84.3m eps 0.035 pairs_len 78 wins A/B/draw 157/143/0 loss 0.0117 item_loss 0.02002 items: used 0.29 of rows-with-items, k>0 152, thrown 505/732
rnd 13600 steps 1.31M t 84.8m eps 0.034 pairs_len 78 wins A/B/draw 158/142/0 loss 0.0119 item_loss 0.02016 items: used 0.29 of rows-with-items, k>0 143, thrown 500/746
rnd 13700 steps 1.32M t 85.4m eps 0.034 pairs_len 79 wins A/B/draw 148/152/0 loss 0.0120 item_loss 0.02089 items: used 0.28 of rows-with-items, k>0 143, thrown 505/744
rnd 13800 steps 1.32M t 85.9m eps 0.034 pairs_len 83 wins A/B/draw 157/143/0 loss 0.0123 item_loss 0.02099 items: used 0.31 of rows-with-items, k>0 136, thrown 480/741
rnd 13900 steps 1.33M t 86.5m eps 0.033 pairs_len 83 wins A/B/draw 154/146/0 loss 0.0123 item_loss 0.02096 items: used 0.31 of rows-with-items, k>0 138, thrown 485/715
rnd 14000 steps 1.34M t 87.0m eps 0.033 pairs_len 83 wins A/B/draw 158/142/0 loss 0.0124 item_loss 0.02126 items: used 0.31 of rows-with-items, k>0 132, thrown 470/693
rnd 14100 steps 1.35M t 87.6m eps 0.033 pairs_len 82 wins A/B/draw 156/144/0 loss 0.0125 item_loss 0.02184 items: used 0.28 of rows-with-items, k>0 132, thrown 482/706
rnd 14200 steps 1.36M t 88.2m eps 0.032 pairs_len 81 wins A/B/draw 159/141/0 loss 0.0127 item_loss 0.02203 items: used 0.28 of rows-with-items, k>0 157, thrown 474/706
rnd 14300 steps 1.37M t 88.7m eps 0.032 pairs_len 79 wins A/B/draw 156/144/0 loss 0.0127 item_loss 0.02174 items: used 0.28 of rows-with-items, k>0 150, thrown 469/711
rnd 14400 steps 1.38M t 89.3m eps 0.032 pairs_len 80 wins A/B/draw 158/142/0 loss 0.0128 item_loss 0.02155 items: used 0.29 of rows-with-items, k>0 180, thrown 488/727
rnd 14500 steps 1.39M t 89.8m eps 0.031 pairs_len 81 wins A/B/draw 156/144/0 loss 0.0131 item_loss 0.02269 items: used 0.30 of rows-with-items, k>0 138, thrown 483/705
rnd 14600 steps 1.40M t 90.4m eps 0.031 pairs_len 81 wins A/B/draw 155/145/0 loss 0.0134 item_loss 0.02281 items: used 0.31 of rows-with-items, k>0 114, thrown 465/668
rnd 14700 steps 1.41M t 90.9m eps 0.031 pairs_len 80 wins A/B/draw 147/153/0 loss 0.0134 item_loss 0.02276 items: used 0.32 of rows-with-items, k>0 140, thrown 462/686
rnd 14800 steps 1.42M t 91.5m eps 0.030 pairs_len 78 wins A/B/draw 152/148/0 loss 0.0136 item_loss 0.02283 items: used 0.25 of rows-with-items, k>0 144, thrown 434/648
rnd 14900 steps 1.43M t 92.0m eps 0.030 pairs_len 74 wins A/B/draw 153/147/0 loss 0.0138 item_loss 0.02289 items: used 0.28 of rows-with-items, k>0 119, thrown 402/614
rnd 15000 steps 1.44M t 92.6m eps 0.030 pairs_len 73 wins A/B/draw 156/144/0 loss 0.0140 item_loss 0.02215 items: used 0.31 of rows-with-items, k>0 106, thrown 456/665
rnd 15100 steps 1.45M t 93.1m eps 0.029 pairs_len 72 wins A/B/draw 148/152/0 loss 0.0142 item_loss 0.02199 items: used 0.29 of rows-with-items, k>0 148, thrown 499/717
rnd 15200 steps 1.46M t 93.7m eps 0.029 pairs_len 72 wins A/B/draw 150/150/0 loss 0.0142 item_loss 0.02229 items: used 0.27 of rows-with-items, k>0 126, thrown 445/654
rnd 15300 steps 1.47M t 94.2m eps 0.029 pairs_len 74 wins A/B/draw 145/155/0 loss 0.0144 item_loss 0.02227 items: used 0.29 of rows-with-items, k>0 131, thrown 497/710
rnd 15400 steps 1.48M t 94.8m eps 0.028 pairs_len 74 wins A/B/draw 141/159/0 loss 0.0145 item_loss 0.02256 items: used 0.29 of rows-with-items, k>0 129, thrown 510/715
rnd 15500 steps 1.49M t 95.4m eps 0.028 pairs_len 71 wins A/B/draw 142/158/0 loss 0.0147 item_loss 0.02299 items: used 0.26 of rows-with-items, k>0 106, thrown 404/588
rnd 15600 steps 1.50M t 96.0m eps 0.028 pairs_len 69 wins A/B/draw 149/151/0 loss 0.0149 item_loss 0.02376 items: used 0.24 of rows-with-items, k>0 123, thrown 431/657
rnd 15700 steps 1.51M t 96.6m eps 0.027 pairs_len 68 wins A/B/draw 149/151/0 loss 0.0150 item_loss 0.02352 items: used 0.25 of rows-with-items, k>0 145, thrown 490/692
rnd 15800 steps 1.52M t 97.1m eps 0.027 pairs_len 66 wins A/B/draw 142/158/0 loss 0.0152 item_loss 0.02326 items: used 0.28 of rows-with-items, k>0 128, thrown 466/647
rnd 15900 steps 1.53M t 97.7m eps 0.027 pairs_len 68 wins A/B/draw 139/161/0 loss 0.0154 item_loss 0.02368 items: used 0.30 of rows-with-items, k>0 137, thrown 495/682
rnd 16000 steps 1.54M t 98.2m eps 0.026 pairs_len 70 wins A/B/draw 151/149/0 loss 0.0155 item_loss 0.02429 items: used 0.27 of rows-with-items, k>0 132, thrown 490/684
rnd 16100 steps 1.55M t 98.7m eps 0.026 pairs_len 72 wins A/B/draw 148/152/0 loss 0.0156 item_loss 0.02435 items: used 0.25 of rows-with-items, k>0 150, thrown 485/727
rnd 16200 steps 1.56M t 99.2m eps 0.026 pairs_len 74 wins A/B/draw 157/143/0 loss 0.0159 item_loss 0.02405 items: used 0.29 of rows-with-items, k>0 133, thrown 456/674
rnd 16300 steps 1.56M t 99.8m eps 0.025 pairs_len 75 wins A/B/draw 163/137/0 loss 0.0161 item_loss 0.02422 items: used 0.26 of rows-with-items, k>0 172, thrown 472/672
rnd 16400 steps 1.57M t 100.3m eps 0.025 pairs_len 74 wins A/B/draw 166/134/0 loss 0.0162 item_loss 0.02466 items: used 0.23 of rows-with-items, k>0 150, thrown 435/641
rnd 16500 steps 1.58M t 100.8m eps 0.025 pairs_len 72 wins A/B/draw 162/138/0 loss 0.0165 item_loss 0.02511 items: used 0.26 of rows-with-items, k>0 129, thrown 452/631
rnd 16600 steps 1.59M t 101.3m eps 0.024 pairs_len 70 wins A/B/draw 160/140/0 loss 0.0169 item_loss 0.02533 items: used 0.25 of rows-with-items, k>0 147, thrown 465/681
EVAL battle-net(A) vs solo-net + old rule(B): {'win': 0.6875, 'lose': 0.3125, 'draw': 0.0, 'games': 96, 'mean_len': 73.90625}
rnd 16700 steps 1.60M t 102.6m eps 0.024 pairs_len 70 wins A/B/draw 156/144/0 loss 0.0171 item_loss 0.02611 items: used 0.26 of rows-with-items, k>0 134, thrown 475/644
rnd 16800 steps 1.61M t 103.1m eps 0.024 pairs_len 67 wins A/B/draw 148/152/0 loss 0.0173 item_loss 0.02676 items: used 0.24 of rows-with-items, k>0 163, thrown 438/637
rnd 16900 steps 1.62M t 103.7m eps 0.023 pairs_len 67 wins A/B/draw 137/163/0 loss 0.0175 item_loss 0.02749 items: used 0.29 of rows-with-items, k>0 137, thrown 506/669
rnd 17000 steps 1.63M t 104.2m eps 0.023 pairs_len 65 wins A/B/draw 143/157/0 loss 0.0175 item_loss 0.02762 items: used 0.25 of rows-with-items, k>0 118, thrown 421/582
rnd 17100 steps 1.64M t 104.8m eps 0.023 pairs_len 65 wins A/B/draw 150/150/0 loss 0.0176 item_loss 0.02863 items: used 0.27 of rows-with-items, k>0 116, thrown 462/626
rnd 17200 steps 1.65M t 105.3m eps 0.022 pairs_len 65 wins A/B/draw 143/157/0 loss 0.0177 item_loss 0.02913 items: used 0.28 of rows-with-items, k>0 118, thrown 439/585
rnd 17300 steps 1.66M t 105.9m eps 0.022 pairs_len 65 wins A/B/draw 153/147/0 loss 0.0180 item_loss 0.02987 items: used 0.26 of rows-with-items, k>0 131, thrown 420/614
rnd 17400 steps 1.67M t 106.4m eps 0.022 pairs_len 65 wins A/B/draw 158/142/0 loss 0.0182 item_loss 0.02960 items: used 0.23 of rows-with-items, k>0 140, thrown 408/570
rnd 17500 steps 1.68M t 107.0m eps 0.021 pairs_len 62 wins A/B/draw 156/144/0 loss 0.0184 item_loss 0.02913 items: used 0.26 of rows-with-items, k>0 140, thrown 436/608
rnd 17600 steps 1.69M t 107.5m eps 0.021 pairs_len 63 wins A/B/draw 149/151/0 loss 0.0183 item_loss 0.02888 items: used 0.27 of rows-with-items, k>0 100, thrown 381/520
rnd 17700 steps 1.70M t 108.1m eps 0.021 pairs_len 63 wins A/B/draw 151/149/0 loss 0.0187 item_loss 0.02879 items: used 0.30 of rows-with-items, k>0 127, thrown 447/609
rnd 17800 steps 1.71M t 108.6m eps 0.020 pairs_len 62 wins A/B/draw 145/155/0 loss 0.0190 item_loss 0.02936 items: used 0.27 of rows-with-items, k>0 91, thrown 382/531
rnd 17900 steps 1.72M t 109.2m eps 0.020 pairs_len 64 wins A/B/draw 143/157/0 loss 0.0191 item_loss 0.02980 items: used 0.28 of rows-with-items, k>0 104, thrown 430/588
rnd 18000 steps 1.73M t 109.7m eps 0.020 pairs_len 64 wins A/B/draw 157/143/0 loss 0.0192 item_loss 0.02946 items: used 0.26 of rows-with-items, k>0 130, thrown 421/552
rnd 18100 steps 1.74M t 110.3m eps 0.019 pairs_len 62 wins A/B/draw 152/148/0 loss 0.0197 item_loss 0.02863 items: used 0.30 of rows-with-items, k>0 104, thrown 380/517
rnd 18200 steps 1.75M t 110.8m eps 0.019 pairs_len 63 wins A/B/draw 150/150/0 loss 0.0202 item_loss 0.02840 items: used 0.28 of rows-with-items, k>0 117, thrown 355/477
rnd 18300 steps 1.76M t 111.4m eps 0.019 pairs_len 58 wins A/B/draw 159/141/0 loss 0.0204 item_loss 0.02916 items: used 0.26 of rows-with-items, k>0 99, thrown 381/503
rnd 18400 steps 1.77M t 112.0m eps 0.018 pairs_len 59 wins A/B/draw 153/147/0 loss 0.0207 item_loss 0.03049 items: used 0.25 of rows-with-items, k>0 121, thrown 371/496
rnd 18500 steps 1.78M t 112.6m eps 0.018 pairs_len 58 wins A/B/draw 146/154/0 loss 0.0209 item_loss 0.03040 items: used 0.27 of rows-with-items, k>0 121, thrown 397/534
rnd 18600 steps 1.79M t 113.2m eps 0.018 pairs_len 58 wins A/B/draw 150/150/0 loss 0.0211 item_loss 0.03121 items: used 0.27 of rows-with-items, k>0 133, thrown 434/578
rnd 18700 steps 1.80M t 113.8m eps 0.017 pairs_len 60 wins A/B/draw 145/155/0 loss 0.0212 item_loss 0.03130 items: used 0.27 of rows-with-items, k>0 103, thrown 364/477
rnd 18800 steps 1.80M t 114.5m eps 0.017 pairs_len 59 wins A/B/draw 150/150/0 loss 0.0216 item_loss 0.03155 items: used 0.29 of rows-with-items, k>0 101, thrown 362/469
rnd 18900 steps 1.81M t 115.0m eps 0.016 pairs_len 57 wins A/B/draw 151/149/0 loss 0.0220 item_loss 0.03220 items: used 0.29 of rows-with-items, k>0 113, thrown 385/493
rnd 19000 steps 1.82M t 115.5m eps 0.016 pairs_len 55 wins A/B/draw 150/150/0 loss 0.0223 item_loss 0.03212 items: used 0.31 of rows-with-items, k>0 85, thrown 362/466
rnd 19100 steps 1.83M t 116.1m eps 0.016 pairs_len 54 wins A/B/draw 149/151/0 loss 0.0227 item_loss 0.03231 items: used 0.29 of rows-with-items, k>0 95, thrown 340/446
rnd 19200 steps 1.84M t 116.7m eps 0.015 pairs_len 52 wins A/B/draw 156/144/0 loss 0.0230 item_loss 0.03283 items: used 0.31 of rows-with-items, k>0 81, thrown 328/413
rnd 19300 steps 1.85M t 117.3m eps 0.015 pairs_len 53 wins A/B/draw 153/147/0 loss 0.0232 item_loss 0.03306 items: used 0.29 of rows-with-items, k>0 93, thrown 302/389
rnd 19400 steps 1.86M t 117.9m eps 0.015 pairs_len 52 wins A/B/draw 146/154/0 loss 0.0234 item_loss 0.03255 items: used 0.29 of rows-with-items, k>0 92, thrown 302/395
rnd 19500 steps 1.87M t 118.4m eps 0.014 pairs_len 51 wins A/B/draw 147/153/0 loss 0.0237 item_loss 0.03230 items: used 0.31 of rows-with-items, k>0 84, thrown 302/393
rnd 19600 steps 1.88M t 119.0m eps 0.014 pairs_len 49 wins A/B/draw 156/144/0 loss 0.0241 item_loss 0.03218 items: used 0.33 of rows-with-items, k>0 80, thrown 292/354
rnd 19700 steps 1.89M t 119.6m eps 0.014 pairs_len 46 wins A/B/draw 152/148/0 loss 0.0242 item_loss 0.03250 items: used 0.31 of rows-with-items, k>0 69, thrown 284/358
rnd 19800 steps 1.90M t 120.2m eps 0.013 pairs_len 46 wins A/B/draw 150/150/0 loss 0.0245 item_loss 0.03319 items: used 0.38 of rows-with-items, k>0 93, thrown 302/374
rnd 19900 steps 1.91M t 120.8m eps 0.013 pairs_len 47 wins A/B/draw 150/150/0 loss 0.0247 item_loss 0.03300 items: used 0.30 of rows-with-items, k>0 74, thrown 281/340
rnd 20000 steps 1.92M t 121.4m eps 0.013 pairs_len 48 wins A/B/draw 165/135/0 loss 0.0249 item_loss 0.03389 items: used 0.26 of rows-with-items, k>0 84, thrown 306/402
EVAL battle-net(A) vs solo-net + old rule(B): {'win': 0.5625, 'lose': 0.4375, 'draw': 0.0, 'games': 96, 'mean_len': 67.5}
rnd 20100 steps 1.93M t 122.7m eps 0.012 pairs_len 48 wins A/B/draw 160/140/0 loss 0.0251 item_loss 0.03428 items: used 0.28 of rows-with-items, k>0 79, thrown 289/364
rnd 20200 steps 1.94M t 123.3m eps 0.012 pairs_len 49 wins A/B/draw 159/141/0 loss 0.0254 item_loss 0.03555 items: used 0.28 of rows-with-items, k>0 79, thrown 282/342
rnd 20300 steps 1.95M t 123.8m eps 0.012 pairs_len 47 wins A/B/draw 155/145/0 loss 0.0258 item_loss 0.03575 items: used 0.27 of rows-with-items, k>0 72, thrown 268/347
rnd 20400 steps 1.96M t 124.4m eps 0.011 pairs_len 45 wins A/B/draw 149/151/0 loss 0.0262 item_loss 0.03697 items: used 0.28 of rows-with-items, k>0 99, thrown 282/368
rnd 20500 steps 1.97M t 125.0m eps 0.011 pairs_len 45 wins A/B/draw 149/151/0 loss 0.0265 item_loss 0.03579 items: used 0.30 of rows-with-items, k>0 71, thrown 277/355
rnd 20600 steps 1.98M t 125.5m eps 0.011 pairs_len 48 wins A/B/draw 150/150/0 loss 0.0267 item_loss 0.03553 items: used 0.23 of rows-with-items, k>0 92, thrown 276/355
rnd 20700 steps 1.99M t 126.1m eps 0.010 pairs_len 47 wins A/B/draw 153/147/0 loss 0.0268 item_loss 0.03567 items: used 0.31 of rows-with-items, k>0 62, thrown 260/314
rnd 20800 steps 2.00M t 126.6m eps 0.010 pairs_len 46 wins A/B/draw 162/138/0 loss 0.0272 item_loss 0.03548 items: used 0.26 of rows-with-items, k>0 66, thrown 251/324
rnd 20900 steps 2.01M t 127.2m eps 0.010 pairs_len 44 wins A/B/draw 151/149/0 loss 0.0279 item_loss 0.03641 items: used 0.30 of rows-with-items, k>0 61, thrown 267/334
rnd 21000 steps 2.02M t 127.8m eps 0.010 pairs_len 45 wins A/B/draw 150/150/0 loss 0.0283 item_loss 0.03605 items: used 0.29 of rows-with-items, k>0 74, thrown 261/320
rnd 21100 steps 2.03M t 128.3m eps 0.010 pairs_len 47 wins A/B/draw 144/156/0 loss 0.0284 item_loss 0.03696 items: used 0.26 of rows-with-items, k>0 68, thrown 275/343
rnd 21200 steps 2.04M t 128.9m eps 0.010 pairs_len 47 wins A/B/draw 150/150/0 loss 0.0288 item_loss 0.03668 items: used 0.28 of rows-with-items, k>0 61, thrown 233/287
rnd 21300 steps 2.04M t 129.5m eps 0.010 pairs_len 45 wins A/B/draw 155/145/0 loss 0.0291 item_loss 0.03723 items: used 0.34 of rows-with-items, k>0 72, thrown 269/322
rnd 21400 steps 2.05M t 130.0m eps 0.010 pairs_len 44 wins A/B/draw 153/147/0 loss 0.0294 item_loss 0.03852 items: used 0.33 of rows-with-items, k>0 71, thrown 250/307
rnd 21500 steps 2.06M t 130.6m eps 0.010 pairs_len 42 wins A/B/draw 153/147/0 loss 0.0296 item_loss 0.03790 items: used 0.28 of rows-with-items, k>0 69, thrown 258/306
rnd 21600 steps 2.07M t 131.2m eps 0.010 pairs_len 41 wins A/B/draw 149/151/0 loss 0.0300 item_loss 0.03848 items: used 0.33 of rows-with-items, k>0 59, thrown 252/284
rnd 21700 steps 2.08M t 131.7m eps 0.010 pairs_len 42 wins A/B/draw 150/150/0 loss 0.0302 item_loss 0.03858 items: used 0.33 of rows-with-items, k>0 53, thrown 259/305
rnd 21800 steps 2.09M t 132.3m eps 0.010 pairs_len 43 wins A/B/draw 152/148/0 loss 0.0309 item_loss 0.03889 items: used 0.28 of rows-with-items, k>0 74, thrown 274/334
rnd 21900 steps 2.10M t 132.8m eps 0.010 pairs_len 45 wins A/B/draw 150/150/0 loss 0.0312 item_loss 0.03807 items: used 0.26 of rows-with-items, k>0 76, thrown 261/314
rnd 22000 steps 2.11M t 133.4m eps 0.010 pairs_len 46 wins A/B/draw 157/143/0 loss 0.0322 item_loss 0.03806 items: used 0.31 of rows-with-items, k>0 62, thrown 253/292
rnd 22100 steps 2.12M t 133.9m eps 0.010 pairs_len 44 wins A/B/draw 156/144/0 loss 0.0323 item_loss 0.03949 items: used 0.41 of rows-with-items, k>0 55, thrown 251/296
rnd 22200 steps 2.13M t 134.5m eps 0.010 pairs_len 41 wins A/B/draw 150/150/0 loss 0.0327 item_loss 0.04053 items: used 0.29 of rows-with-items, k>0 51, thrown 243/286
rnd 22300 steps 2.14M t 135.1m eps 0.010 pairs_len 42 wins A/B/draw 160/140/0 loss 0.0330 item_loss 0.04246 items: used 0.28 of rows-with-items, k>0 88, thrown 291/349
rnd 22400 steps 2.15M t 135.6m eps 0.010 pairs_len 43 wins A/B/draw 151/149/0 loss 0.0335 item_loss 0.04315 items: used 0.29 of rows-with-items, k>0 46, thrown 221/257
rnd 22500 steps 2.16M t 136.2m eps 0.010 pairs_len 42 wins A/B/draw 152/148/0 loss 0.0334 item_loss 0.04336 items: used 0.35 of rows-with-items, k>0 52, thrown 233/265
rnd 22600 steps 2.17M t 136.7m eps 0.010 pairs_len 42 wins A/B/draw 146/154/0 loss 0.0336 item_loss 0.04454 items: used 0.27 of rows-with-items, k>0 81, thrown 263/321
rnd 22700 steps 2.18M t 137.2m eps 0.010 pairs_len 42 wins A/B/draw 151/149/0 loss 0.0341 item_loss 0.04490 items: used 0.35 of rows-with-items, k>0 62, thrown 227/276
rnd 22800 steps 2.19M t 137.8m eps 0.010 pairs_len 40 wins A/B/draw 158/142/0 loss 0.0347 item_loss 0.04528 items: used 0.32 of rows-with-items, k>0 67, thrown 243/286
rnd 22900 steps 2.20M t 138.4m eps 0.010 pairs_len 37 wins A/B/draw 161/139/0 loss 0.0350 item_loss 0.04599 items: used 0.36 of rows-with-items, k>0 46, thrown 220/249
rnd 23000 steps 2.21M t 139.0m eps 0.010 pairs_len 38 wins A/B/draw 153/147/0 loss 0.0353 item_loss 0.04581 items: used 0.42 of rows-with-items, k>0 62, thrown 253/297
rnd 23100 steps 2.22M t 139.5m eps 0.010 pairs_len 38 wins A/B/draw 144/156/0 loss 0.0351 item_loss 0.04613 items: used 0.34 of rows-with-items, k>0 58, thrown 267/319
rnd 23200 steps 2.23M t 140.1m eps 0.010 pairs_len 41 wins A/B/draw 152/148/0 loss 0.0352 item_loss 0.04634 items: used 0.34 of rows-with-items, k>0 67, thrown 250/301
rnd 23300 steps 2.24M t 140.7m eps 0.010 pairs_len 41 wins A/B/draw 152/148/0 loss 0.0357 item_loss 0.04787 items: used 0.35 of rows-with-items, k>0 45, thrown 232/272
rnd 23400 steps 2.25M t 141.2m eps 0.010 pairs_len 38 wins A/B/draw 147/153/0 loss 0.0361 item_loss 0.04857 items: used 0.36 of rows-with-items, k>0 46, thrown 220/259
EVAL battle-net(A) vs solo-net + old rule(B): {'win': 0.4166666666666667, 'lose': 0.5833333333333334, 'draw': 0.0, 'games': 96, 'mean_len': 64.21875}
rnd 23500 steps 2.26M t 142.5m eps 0.010 pairs_len 39 wins A/B/draw 152/148/0 loss 0.0367 item_loss 0.04917 items: used 0.29 of rows-with-items, k>0 47, thrown 225/279
rnd 23600 steps 2.27M t 143.1m eps 0.010 pairs_len 40 wins A/B/draw 144/156/0 loss 0.0375 item_loss 0.04925 items: used 0.33 of rows-with-items, k>0 69, thrown 240/276
rnd 23700 steps 2.28M t 143.7m eps 0.010 pairs_len 39 wins A/B/draw 155/145/0 loss 0.0377 item_loss 0.04884 items: used 0.36 of rows-with-items, k>0 63, thrown 246/279
rnd 23800 steps 2.28M t 144.3m eps 0.010 pairs_len 38 wins A/B/draw 165/135/0 loss 0.0380 item_loss 0.04837 items: used 0.32 of rows-with-items, k>0 38, thrown 208/245
rnd 23900 steps 2.29M t 144.9m eps 0.010 pairs_len 37 wins A/B/draw 174/126/0 loss 0.0385 item_loss 0.04769 items: used 0.41 of rows-with-items, k>0 49, thrown 241/271
rnd 24000 steps 2.30M t 145.4m eps 0.010 pairs_len 38 wins A/B/draw 165/135/0 loss 0.0392 item_loss 0.04958 items: used 0.33 of rows-with-items, k>0 61, thrown 246/290
rnd 24100 steps 2.31M t 146.0m eps 0.010 pairs_len 36 wins A/B/draw 169/131/0 loss 0.0398 item_loss 0.05136 items: used 0.47 of rows-with-items, k>0 46, thrown 212/234
rnd 24200 steps 2.32M t 146.6m eps 0.010 pairs_len 36 wins A/B/draw 161/139/0 loss 0.0402 item_loss 0.05135 items: used 0.45 of rows-with-items, k>0 58, thrown 234/274
rnd 24300 steps 2.33M t 147.2m eps 0.010 pairs_len 37 wins A/B/draw 157/143/0 loss 0.0404 item_loss 0.05094 items: used 0.34 of rows-with-items, k>0 47, thrown 221/256
rnd 24400 steps 2.34M t 147.8m eps 0.010 pairs_len 37 wins A/B/draw 157/143/0 loss 0.0406 item_loss 0.05062 items: used 0.34 of rows-with-items, k>0 49, thrown 229/257
rnd 24500 steps 2.35M t 148.3m eps 0.010 pairs_len 37 wins A/B/draw 157/143/0 loss 0.0410 item_loss 0.05160 items: used 0.31 of rows-with-items, k>0 62, thrown 229/282
rnd 24600 steps 2.36M t 148.9m eps 0.010 pairs_len 39 wins A/B/draw 152/148/0 loss 0.0410 item_loss 0.05213 items: used 0.26 of rows-with-items, k>0 65, thrown 215/254
rnd 24700 steps 2.37M t 149.5m eps 0.010 pairs_len 37 wins A/B/draw 154/146/0 loss 0.0415 item_loss 0.05258 items: used 0.40 of rows-with-items, k>0 50, thrown 229/264
rnd 24800 steps 2.38M t 150.0m eps 0.010 pairs_len 37 wins A/B/draw 143/157/0 loss 0.0422 item_loss 0.05361 items: used 0.35 of rows-with-items, k>0 53, thrown 227/265
rnd 24900 steps 2.39M t 150.6m eps 0.010 pairs_len 37 wins A/B/draw 145/155/0 loss 0.0427 item_loss 0.05354 items: used 0.35 of rows-with-items, k>0 50, thrown 205/245
rnd 25000 steps 2.40M t 151.1m eps 0.010 pairs_len 36 wins A/B/draw 142/158/0 loss 0.0430 item_loss 0.05589 items: used 0.33 of rows-with-items, k>0 45, thrown 228/263
rnd 25100 steps 2.41M t 151.7m eps 0.010 pairs_len 35 wins A/B/draw 136/164/0 loss 0.0436 item_loss 0.05452 items: used 0.27 of rows-with-items, k>0 45, thrown 216/245
rnd 25200 steps 2.42M t 152.3m eps 0.010 pairs_len 36 wins A/B/draw 128/172/0 loss 0.0441 item_loss 0.05484 items: used 0.32 of rows-with-items, k>0 48, thrown 210/251
rnd 25300 steps 2.43M t 152.9m eps 0.010 pairs_len 34 wins A/B/draw 128/172/0 loss 0.0448 item_loss 0.05623 items: used 0.44 of rows-with-items, k>0 48, thrown 257/287
rnd 25400 steps 2.44M t 153.4m eps 0.010 pairs_len 34 wins A/B/draw 144/156/0 loss 0.0451 item_loss 0.05717 items: used 0.26 of rows-with-items, k>0 59, thrown 214/245
rnd 25500 steps 2.45M t 154.0m eps 0.010 pairs_len 38 wins A/B/draw 152/148/0 loss 0.0454 item_loss 0.05858 items: used 0.27 of rows-with-items, k>0 57, thrown 222/262
rnd 25600 steps 2.46M t 154.5m eps 0.010 pairs_len 39 wins A/B/draw 149/151/0 loss 0.0458 item_loss 0.05933 items: used 0.46 of rows-with-items, k>0 50, thrown 213/240
rnd 25700 steps 2.47M t 155.1m eps 0.010 pairs_len 37 wins A/B/draw 151/149/0 loss 0.0466 item_loss 0.06088 items: used 0.36 of rows-with-items, k>0 36, thrown 208/249
rnd 25800 steps 2.48M t 155.7m eps 0.010 pairs_len 36 wins A/B/draw 144/156/0 loss 0.0472 item_loss 0.06159 items: used 0.38 of rows-with-items, k>0 40, thrown 199/240
rnd 25900 steps 2.49M t 156.2m eps 0.010 pairs_len 35 wins A/B/draw 164/136/0 loss 0.0475 item_loss 0.06114 items: used 0.33 of rows-with-items, k>0 48, thrown 214/241
rnd 26000 steps 2.50M t 156.8m eps 0.010 pairs_len 35 wins A/B/draw 164/136/0 loss 0.0482 item_loss 0.06088 items: used 0.32 of rows-with-items, k>0 62, thrown 248/282
rnd 26100 steps 2.51M t 157.3m eps 0.010 pairs_len 38 wins A/B/draw 156/144/0 loss 0.0488 item_loss 0.06132 items: used 0.28 of rows-with-items, k>0 58, thrown 225/265
rnd 26200 steps 2.52M t 157.9m eps 0.010 pairs_len 39 wins A/B/draw 148/152/0 loss 0.0495 item_loss 0.06041 items: used 0.39 of rows-with-items, k>0 42, thrown 219/245
rnd 26300 steps 2.52M t 158.4m eps 0.010 pairs_len 36 wins A/B/draw 142/158/0 loss 0.0497 item_loss 0.06103 items: used 0.34 of rows-with-items, k>0 33, thrown 196/218
rnd 26400 steps 2.53M t 159.0m eps 0.010 pairs_len 35 wins A/B/draw 135/165/0 loss 0.0506 item_loss 0.06053 items: used 0.35 of rows-with-items, k>0 34, thrown 206/238
rnd 26500 steps 2.54M t 159.5m eps 0.010 pairs_len 37 wins A/B/draw 152/148/0 loss 0.0513 item_loss 0.05979 items: used 0.27 of rows-with-items, k>0 69, thrown 226/268
rnd 26600 steps 2.55M t 160.1m eps 0.010 pairs_len 36 wins A/B/draw 152/148/0 loss 0.0520 item_loss 0.05954 items: used 0.31 of rows-with-items, k>0 58, thrown 218/238
rnd 26700 steps 2.56M t 160.6m eps 0.010 pairs_len 34 wins A/B/draw 147/153/0 loss 0.0528 item_loss 0.06115 items: used 0.33 of rows-with-items, k>0 43, thrown 224/249
rnd 26800 steps 2.57M t 161.2m eps 0.010 pairs_len 38 wins A/B/draw 156/144/0 loss 0.0534 item_loss 0.06305 items: used 0.24 of rows-with-items, k>0 72, thrown 246/285
EVAL battle-net(A) vs solo-net + old rule(B): {'win': 0.46875, 'lose': 0.53125, 'draw': 0.0, 'games': 96, 'mean_len': 73.61458333333333}
rnd 26900 steps 2.58M t 162.4m eps 0.010 pairs_len 39 wins A/B/draw 163/137/0 loss 0.0534 item_loss 0.06366 items: used 0.31 of rows-with-items, k>0 49, thrown 211/240
rnd 27000 steps 2.59M t 163.0m eps 0.010 pairs_len 38 wins A/B/draw 155/145/0 loss 0.0536 item_loss 0.06492 items: used 0.35 of rows-with-items, k>0 39, thrown 216/241
rnd 27100 steps 2.60M t 163.6m eps 0.010 pairs_len 34 wins A/B/draw 144/156/0 loss 0.0540 item_loss 0.06632 items: used 0.41 of rows-with-items, k>0 32, thrown 203/216
rnd 27200 steps 2.61M t 164.2m eps 0.010 pairs_len 35 wins A/B/draw 146/154/0 loss 0.0546 item_loss 0.06629 items: used 0.30 of rows-with-items, k>0 39, thrown 218/256
rnd 27300 steps 2.62M t 164.7m eps 0.010 pairs_len 35 wins A/B/draw 149/151/0 loss 0.0550 item_loss 0.06761 items: used 0.39 of rows-with-items, k>0 49, thrown 210/249
rnd 27400 steps 2.63M t 165.3m eps 0.010 pairs_len 34 wins A/B/draw 149/151/0 loss 0.0559 item_loss 0.06813 items: used 0.29 of rows-with-items, k>0 46, thrown 222/245
rnd 27500 steps 2.64M t 165.8m eps 0.010 pairs_len 35 wins A/B/draw 153/147/0 loss 0.0562 item_loss 0.06664 items: used 0.29 of rows-with-items, k>0 47, thrown 204/231
rnd 27600 steps 2.65M t 166.4m eps 0.010 pairs_len 33 wins A/B/draw 157/143/0 loss 0.0567 item_loss 0.06543 items: used 0.38 of rows-with-items, k>0 41, thrown 212/239
rnd 27700 steps 2.66M t 167.0m eps 0.010 pairs_len 33 wins A/B/draw 143/157/0 loss 0.0574 item_loss 0.06767 items: used 0.33 of rows-with-items, k>0 40, thrown 190/205
rnd 27800 steps 2.67M t 167.6m eps 0.010 pairs_len 33 wins A/B/draw 152/148/0 loss 0.0582 item_loss 0.06757 items: used 0.42 of rows-with-items, k>0 43, thrown 191/213
rnd 27900 steps 2.68M t 168.1m eps 0.010 pairs_len 35 wins A/B/draw 162/138/0 loss 0.0579 item_loss 0.06701 items: used 0.26 of rows-with-items, k>0 50, thrown 212/249
rnd 28000 steps 2.69M t 168.7m eps 0.010 pairs_len 37 wins A/B/draw 164/136/0 loss 0.0582 item_loss 0.06583 items: used 0.31 of rows-with-items, k>0 57, thrown 206/239
rnd 28100 steps 2.70M t 169.2m eps 0.010 pairs_len 37 wins A/B/draw 159/141/0 loss 0.0589 item_loss 0.06650 items: used 0.23 of rows-with-items, k>0 58, thrown 193/220
rnd 28200 steps 2.71M t 169.7m eps 0.010 pairs_len 37 wins A/B/draw 151/149/0 loss 0.0592 item_loss 0.06483 items: used 0.28 of rows-with-items, k>0 50, thrown 216/236
rnd 28300 steps 2.72M t 170.3m eps 0.010 pairs_len 36 wins A/B/draw 167/133/0 loss 0.0594 item_loss 0.06622 items: used 0.24 of rows-with-items, k>0 44, thrown 191/207
rnd 28400 steps 2.73M t 170.9m eps 0.010 pairs_len 36 wins A/B/draw 168/132/0 loss 0.0602 item_loss 0.06788 items: used 0.27 of rows-with-items, k>0 46, thrown 189/218
rnd 28500 steps 2.74M t 171.4m eps 0.010 pairs_len 35 wins A/B/draw 155/145/0 loss 0.0604 item_loss 0.06837 items: used 0.26 of rows-with-items, k>0 72, thrown 225/270
rnd 28600 steps 2.75M t 171.9m eps 0.010 pairs_len 35 wins A/B/draw 150/150/0 loss 0.0605 item_loss 0.06885 items: used 0.33 of rows-with-items, k>0 45, thrown 192/211
rnd 28700 steps 2.76M t 172.5m eps 0.010 pairs_len 35 wins A/B/draw 146/154/0 loss 0.0609 item_loss 0.06773 items: used 0.31 of rows-with-items, k>0 49, thrown 204/236
rnd 28800 steps 2.76M t 173.1m eps 0.010 pairs_len 34 wins A/B/draw 143/157/0 loss 0.0615 item_loss 0.06957 items: used 0.28 of rows-with-items, k>0 45, thrown 207/239
rnd 28900 steps 2.77M t 173.6m eps 0.010 pairs_len 35 wins A/B/draw 157/143/0 loss 0.0616 item_loss 0.06960 items: used 0.30 of rows-with-items, k>0 40, thrown 196/230
rnd 29000 steps 2.78M t 174.2m eps 0.010 pairs_len 35 wins A/B/draw 150/150/0 loss 0.0618 item_loss 0.07053 items: used 0.27 of rows-with-items, k>0 35, thrown 188/213
rnd 29100 steps 2.79M t 174.8m eps 0.010 pairs_len 34 wins A/B/draw 150/150/0 loss 0.0625 item_loss 0.07182 items: used 0.28 of rows-with-items, k>0 39, thrown 183/204
rnd 29200 steps 2.80M t 175.3m eps 0.010 pairs_len 36 wins A/B/draw 155/145/0 loss 0.0633 item_loss 0.07261 items: used 0.21 of rows-with-items, k>0 54, thrown 188/228
rnd 29300 steps 2.81M t 175.9m eps 0.010 pairs_len 37 wins A/B/draw 151/149/0 loss 0.0638 item_loss 0.07387 items: used 0.27 of rows-with-items, k>0 43, thrown 200/228
rnd 29400 steps 2.82M t 176.4m eps 0.010 pairs_len 37 wins A/B/draw 137/163/0 loss 0.0646 item_loss 0.07497 items: used 0.31 of rows-with-items, k>0 45, thrown 208/239
rnd 29500 steps 2.83M t 177.0m eps 0.010 pairs_len 34 wins A/B/draw 148/152/0 loss 0.0649 item_loss 0.07671 items: used 0.27 of rows-with-items, k>0 52, thrown 194/223
rnd 29600 steps 2.84M t 177.5m eps 0.010 pairs_len 34 wins A/B/draw 153/147/0 loss 0.0652 item_loss 0.07542 items: used 0.23 of rows-with-items, k>0 42, thrown 181/220
rnd 29700 steps 2.85M t 178.1m eps 0.010 pairs_len 35 wins A/B/draw 147/153/0 loss 0.0649 item_loss 0.07668 items: used 0.30 of rows-with-items, k>0 46, thrown 213/242
rnd 29800 steps 2.86M t 178.6m eps 0.010 pairs_len 33 wins A/B/draw 151/149/0 loss 0.0653 item_loss 0.07691 items: used 0.34 of rows-with-items, k>0 40, thrown 201/213
rnd 29900 steps 2.87M t 179.2m eps 0.010 pairs_len 32 wins A/B/draw 159/141/0 loss 0.0652 item_loss 0.07710 items: used 0.30 of rows-with-items, k>0 40, thrown 191/215
rnd 30000 steps 2.88M t 179.7m eps 0.010 pairs_len 33 wins A/B/draw 156/144/0 loss 0.0660 item_loss 0.07564 items: used 0.28 of rows-with-items, k>0 42, thrown 194/220
rnd 30100 steps 2.89M t 180.3m eps 0.010 pairs_len 35 wins A/B/draw 157/143/0 loss 0.0661 item_loss 0.07588 items: used 0.31 of rows-with-items, k>0 50, thrown 195/222
rnd 30200 steps 2.90M t 180.8m eps 0.010 pairs_len 34 wins A/B/draw 166/134/0 loss 0.0663 item_loss 0.07705 items: used 0.34 of rows-with-items, k>0 43, thrown 193/219
rnd 30300 steps 2.91M t 181.3m eps 0.010 pairs_len 33 wins A/B/draw 157/143/0 loss 0.0667 item_loss 0.07635 items: used 0.33 of rows-with-items, k>0 42, thrown 211/242
EVAL battle-net(A) vs solo-net + old rule(B): {'win': 0.422680412371134, 'lose': 0.5773195876288659, 'draw': 0.0, 'games': 97, 'mean_len': 69.31958762886597}
rnd 30400 steps 2.92M t 182.6m eps 0.010 pairs_len 33 wins A/B/draw 155/145/0 loss 0.0668 item_loss 0.07655 items: used 0.33 of rows-with-items, k>0 47, thrown 210/250
rnd 30500 steps 2.93M t 183.1m eps 0.010 pairs_len 32 wins A/B/draw 150/150/0 loss 0.0668 item_loss 0.07642 items: used 0.29 of rows-with-items, k>0 42, thrown 210/228
rnd 30600 steps 2.94M t 183.7m eps 0.010 pairs_len 32 wins A/B/draw 141/159/0 loss 0.0669 item_loss 0.07689 items: used 0.31 of rows-with-items, k>0 34, thrown 208/220
rnd 30700 steps 2.95M t 184.2m eps 0.010 pairs_len 32 wins A/B/draw 148/152/0 loss 0.0669 item_loss 0.07640 items: used 0.27 of rows-with-items, k>0 51, thrown 211/239
rnd 30800 steps 2.96M t 184.7m eps 0.010 pairs_len 34 wins A/B/draw 146/154/0 loss 0.0670 item_loss 0.07798 items: used 0.29 of rows-with-items, k>0 38, thrown 198/227
rnd 30900 steps 2.97M t 185.3m eps 0.010 pairs_len 36 wins A/B/draw 154/146/0 loss 0.0673 item_loss 0.07923 items: used 0.28 of rows-with-items, k>0 39, thrown 197/224
rnd 31000 steps 2.98M t 185.8m eps 0.010 pairs_len 35 wins A/B/draw 152/148/0 loss 0.0678 item_loss 0.08015 items: used 0.30 of rows-with-items, k>0 44, thrown 212/239
rnd 31100 steps 2.99M t 186.3m eps 0.010 pairs_len 34 wins A/B/draw 149/151/0 loss 0.0688 item_loss 0.08008 items: used 0.34 of rows-with-items, k>0 38, thrown 200/215
rnd 31200 steps 3.00M t 186.9m eps 0.010 pairs_len 33 wins A/B/draw 150/150/0 loss 0.0690 item_loss 0.08030 items: used 0.30 of rows-with-items, k>0 47, thrown 195/211
rnd 31300 steps 3.00M t 187.4m eps 0.010 pairs_len 32 wins A/B/draw 155/145/0 loss 0.0693 item_loss 0.08115 items: used 0.27 of rows-with-items, k>0 50, thrown 212/242
rnd 31400 steps 3.01M t 187.9m eps 0.010 pairs_len 33 wins A/B/draw 147/153/0 loss 0.0688 item_loss 0.08305 items: used 0.23 of rows-with-items, k>0 56, thrown 233/274
rnd 31500 steps 3.02M t 188.4m eps 0.010 pairs_len 32 wins A/B/draw 146/154/0 loss 0.0697 item_loss 0.08161 items: used 0.32 of rows-with-items, k>0 43, thrown 212/236
rnd 31600 steps 3.03M t 189.0m eps 0.010 pairs_len 32 wins A/B/draw 149/151/0 loss 0.0699 item_loss 0.08244 items: used 0.25 of rows-with-items, k>0 40, thrown 207/238
rnd 31700 steps 3.04M t 189.6m eps 0.010 pairs_len 33 wins A/B/draw 152/148/0 loss 0.0699 item_loss 0.08221 items: used 0.26 of rows-with-items, k>0 51, thrown 215/239
rnd 31800 steps 3.05M t 190.1m eps 0.010 pairs_len 33 wins A/B/draw 141/159/0 loss 0.0706 item_loss 0.08466 items: used 0.25 of rows-with-items, k>0 44, thrown 209/232
rnd 31900 steps 3.06M t 190.6m eps 0.010 pairs_len 34 wins A/B/draw 138/162/0 loss 0.0704 item_loss 0.08621 items: used 0.21 of rows-with-items, k>0 64, thrown 217/263
rnd 32000 steps 3.07M t 191.2m eps 0.010 pairs_len 35 wins A/B/draw 141/159/0 loss 0.0708 item_loss 0.08700 items: used 0.22 of rows-with-items, k>0 62, thrown 234/275
rnd 32100 steps 3.08M t 191.7m eps 0.010 pairs_len 34 wins A/B/draw 136/164/0 loss 0.0705 item_loss 0.08790 items: used 0.25 of rows-with-items, k>0 52, thrown 226/246
rnd 32200 steps 3.09M t 192.3m eps 0.010 pairs_len 34 wins A/B/draw 150/150/0 loss 0.0707 item_loss 0.08782 items: used 0.25 of rows-with-items, k>0 49, thrown 219/249
rnd 32300 steps 3.10M t 192.8m eps 0.010 pairs_len 35 wins A/B/draw 143/157/0 loss 0.0714 item_loss 0.08779 items: used 0.24 of rows-with-items, k>0 49, thrown 225/265
rnd 32400 steps 3.11M t 193.3m eps 0.010 pairs_len 35 wins A/B/draw 145/155/0 loss 0.0716 item_loss 0.08954 items: used 0.25 of rows-with-items, k>0 53, thrown 227/257
rnd 32500 steps 3.12M t 193.9m eps 0.010 pairs_len 34 wins A/B/draw 155/145/0 loss 0.0718 item_loss 0.09064 items: used 0.27 of rows-with-items, k>0 51, thrown 200/231
rnd 32600 steps 3.13M t 194.4m eps 0.010 pairs_len 34 wins A/B/draw 143/157/0 loss 0.0718 item_loss 0.09229 items: used 0.28 of rows-with-items, k>0 43, thrown 233/254
rnd 32700 steps 3.14M t 194.9m eps 0.010 pairs_len 34 wins A/B/draw 136/164/0 loss 0.0716 item_loss 0.09258 items: used 0.24 of rows-with-items, k>0 62, thrown 244/274
rnd 32800 steps 3.15M t 195.5m eps 0.010 pairs_len 35 wins A/B/draw 140/160/0 loss 0.0717 item_loss 0.09399 items: used 0.22 of rows-with-items, k>0 60, thrown 234/274
rnd 32900 steps 3.16M t 196.0m eps 0.010 pairs_len 38 wins A/B/draw 150/150/0 loss 0.0717 item_loss 0.09501 items: used 0.24 of rows-with-items, k>0 49, thrown 250/294
rnd 33000 steps 3.17M t 196.6m eps 0.010 pairs_len 40 wins A/B/draw 160/140/0 loss 0.0716 item_loss 0.09454 items: used 0.23 of rows-with-items, k>0 50, thrown 238/276
rnd 33100 steps 3.18M t 197.1m eps 0.010 pairs_len 41 wins A/B/draw 155/145/0 loss 0.0719 item_loss 0.09605 items: used 0.20 of rows-with-items, k>0 68, thrown 257/307
rnd 33200 steps 3.19M t 197.7m eps 0.010 pairs_len 39 wins A/B/draw 145/155/0 loss 0.0723 item_loss 0.09644 items: used 0.24 of rows-with-items, k>0 60, thrown 253/286
rnd 33300 steps 3.20M t 198.2m eps 0.010 pairs_len 39 wins A/B/draw 143/157/0 loss 0.0731 item_loss 0.09536 items: used 0.22 of rows-with-items, k>0 72, thrown 276/333
rnd 33400 steps 3.21M t 198.8m eps 0.010 pairs_len 38 wins A/B/draw 150/150/0 loss 0.0736 item_loss 0.09750 items: used 0.25 of rows-with-items, k>0 71, thrown 258/304
rnd 33500 steps 3.22M t 199.3m eps 0.010 pairs_len 40 wins A/B/draw 152/148/0 loss 0.0747 item_loss 0.09851 items: used 0.27 of rows-with-items, k>0 50, thrown 251/288
rnd 33600 steps 3.23M t 199.9m eps 0.010 pairs_len 40 wins A/B/draw 157/143/0 loss 0.0757 item_loss 0.10050 items: used 0.19 of rows-with-items, k>0 73, thrown 253/305
rnd 33700 steps 3.24M t 200.5m eps 0.010 pairs_len 41 wins A/B/draw 145/155/0 loss 0.0752 item_loss 0.10098 items: used 0.22 of rows-with-items, k>0 74, thrown 293/360
rnd 33800 steps 3.24M t 201.1m eps 0.010 pairs_len 43 wins A/B/draw 160/140/0 loss 0.0758 item_loss 0.10286 items: used 0.17 of rows-with-items, k>0 89, thrown 244/300
EVAL battle-net(A) vs solo-net + old rule(B): {'win': 0.46875, 'lose': 0.53125, 'draw': 0.0, 'games': 96, 'mean_len': 71.01041666666667}
rnd 33900 steps 3.25M t 202.5m eps 0.010 pairs_len 43 wins A/B/draw 158/142/0 loss 0.0759 item_loss 0.10169 items: used 0.22 of rows-with-items, k>0 62, thrown 279/321
rnd 34000 steps 3.26M t 203.0m eps 0.010 pairs_len 43 wins A/B/draw 154/146/0 loss 0.0761 item_loss 0.10186 items: used 0.17 of rows-with-items, k>0 80, thrown 264/330
rnd 34100 steps 3.27M t 203.5m eps 0.010 pairs_len 44 wins A/B/draw 148/152/0 loss 0.0764 item_loss 0.10458 items: used 0.19 of rows-with-items, k>0 98, thrown 278/343
rnd 34200 steps 3.28M t 204.1m eps 0.010 pairs_len 44 wins A/B/draw 147/153/0 loss 0.0765 item_loss 0.10490 items: used 0.22 of rows-with-items, k>0 72, thrown 267/327
rnd 34300 steps 3.29M t 204.6m eps 0.010 pairs_len 46 wins A/B/draw 154/146/0 loss 0.0768 item_loss 0.10752 items: used 0.20 of rows-with-items, k>0 89, thrown 286/360
rnd 34400 steps 3.30M t 205.1m eps 0.010 pairs_len 47 wins A/B/draw 150/150/0 loss 0.0769 item_loss 0.10862 items: used 0.19 of rows-with-items, k>0 74, thrown 279/333
rnd 34500 steps 3.31M t 205.7m eps 0.010 pairs_len 49 wins A/B/draw 152/148/0 loss 0.0775 item_loss 0.10826 items: used 0.19 of rows-with-items, k>0 107, thrown 308/386
rnd 34600 steps 3.32M t 206.2m eps 0.010 pairs_len 50 wins A/B/draw 147/153/0 loss 0.0774 item_loss 0.11128 items: used 0.19 of rows-with-items, k>0 108, thrown 323/414
rnd 34700 steps 3.33M t 206.8m eps 0.010 pairs_len 48 wins A/B/draw 148/152/0 loss 0.0780 item_loss 0.11380 items: used 0.25 of rows-with-items, k>0 75, thrown 304/358
rnd 34800 steps 3.34M t 207.4m eps 0.010 pairs_len 48 wins A/B/draw 137/163/0 loss 0.0785 item_loss 0.11431 items: used 0.21 of rows-with-items, k>0 73, thrown 290/349
rnd 34900 steps 3.35M t 207.9m eps 0.010 pairs_len 48 wins A/B/draw 139/161/0 loss 0.0800 item_loss 0.11457 items: used 0.18 of rows-with-items, k>0 77, thrown 287/350
rnd 35000 steps 3.36M t 208.5m eps 0.010 pairs_len 50 wins A/B/draw 139/161/0 loss 0.0803 item_loss 0.11500 items: used 0.19 of rows-with-items, k>0 98, thrown 292/365
rnd 35100 steps 3.37M t 209.0m eps 0.010 pairs_len 51 wins A/B/draw 147/153/0 loss 0.0808 item_loss 0.11458 items: used 0.19 of rows-with-items, k>0 84, thrown 282/347
rnd 35200 steps 3.38M t 209.6m eps 0.010 pairs_len 50 wins A/B/draw 158/142/0 loss 0.0816 item_loss 0.11426 items: used 0.19 of rows-with-items, k>0 101, thrown 287/345
rnd 35300 steps 3.39M t 210.1m eps 0.010 pairs_len 51 wins A/B/draw 157/143/0 loss 0.0818 item_loss 0.11395 items: used 0.18 of rows-with-items, k>0 108, thrown 320/405
rnd 35400 steps 3.40M t 210.6m eps 0.010 pairs_len 51 wins A/B/draw 152/148/0 loss 0.0820 item_loss 0.11726 items: used 0.22 of rows-with-items, k>0 100, thrown 324/393
rnd 35500 steps 3.41M t 211.2m eps 0.010 pairs_len 51 wins A/B/draw 153/147/0 loss 0.0821 item_loss 0.11601 items: used 0.18 of rows-with-items, k>0 89, thrown 317/404
rnd 35600 steps 3.42M t 211.7m eps 0.010 pairs_len 52 wins A/B/draw 162/138/0 loss 0.0828 item_loss 0.11601 items: used 0.17 of rows-with-items, k>0 115, thrown 309/404
rnd 35700 steps 3.43M t 212.3m eps 0.010 pairs_len 53 wins A/B/draw 157/143/0 loss 0.0826 item_loss 0.11652 items: used 0.15 of rows-with-items, k>0 122, thrown 313/408
rnd 35800 steps 3.44M t 212.8m eps 0.010 pairs_len 55 wins A/B/draw 155/145/0 loss 0.0831 item_loss 0.11743 items: used 0.17 of rows-with-items, k>0 98, thrown 315/397
rnd 35900 steps 3.45M t 213.4m eps 0.010 pairs_len 56 wins A/B/draw 159/141/0 loss 0.0827 item_loss 0.12067 items: used 0.17 of rows-with-items, k>0 94, thrown 296/375
rnd 36000 steps 3.46M t 214.0m eps 0.010 pairs_len 56 wins A/B/draw 161/139/0 loss 0.0825 item_loss 0.12033 items: used 0.17 of rows-with-items, k>0 119, thrown 316/405
rnd 36100 steps 3.47M t 214.5m eps 0.010 pairs_len 54 wins A/B/draw 165/135/0 loss 0.0832 item_loss 0.12311 items: used 0.18 of rows-with-items, k>0 108, thrown 309/396
rnd 36200 steps 3.48M t 215.1m eps 0.010 pairs_len 54 wins A/B/draw 146/154/0 loss 0.0833 item_loss 0.12623 items: used 0.18 of rows-with-items, k>0 88, thrown 283/359
rnd 36300 steps 3.48M t 215.6m eps 0.010 pairs_len 50 wins A/B/draw 128/172/0 loss 0.0841 item_loss 0.12283 items: used 0.16 of rows-with-items, k>0 95, thrown 307/379
rnd 36400 steps 3.49M t 216.2m eps 0.010 pairs_len 49 wins A/B/draw 129/171/0 loss 0.0840 item_loss 0.12527 items: used 0.18 of rows-with-items, k>0 99, thrown 296/365
rnd 36500 steps 3.50M t 216.7m eps 0.010 pairs_len 50 wins A/B/draw 129/171/0 loss 0.0849 item_loss 0.12353 items: used 0.17 of rows-with-items, k>0 105, thrown 295/388
rnd 36600 steps 3.51M t 217.3m eps 0.010 pairs_len 51 wins A/B/draw 135/165/0 loss 0.0857 item_loss 0.12411 items: used 0.21 of rows-with-items, k>0 126, thrown 345/448
rnd 36700 steps 3.52M t 217.9m eps 0.010 pairs_len 52 wins A/B/draw 137/163/0 loss 0.0860 item_loss 0.12418 items: used 0.17 of rows-with-items, k>0 88, thrown 307/386
rnd 36800 steps 3.53M t 218.4m eps 0.010 pairs_len 52 wins A/B/draw 143/157/0 loss 0.0858 item_loss 0.12454 items: used 0.17 of rows-with-items, k>0 82, thrown 270/338
rnd 36900 steps 3.54M t 219.0m eps 0.010 pairs_len 52 wins A/B/draw 155/145/0 loss 0.0857 item_loss 0.12392 items: used 0.17 of rows-with-items, k>0 114, thrown 310/408
rnd 37000 steps 3.55M t 219.5m eps 0.010 pairs_len 50 wins A/B/draw 161/139/0 loss 0.0865 item_loss 0.12375 items: used 0.17 of rows-with-items, k>0 83, thrown 307/397
rnd 37100 steps 3.56M t 220.1m eps 0.010 pairs_len 51 wins A/B/draw 169/131/0 loss 0.0874 item_loss 0.12555 items: used 0.18 of rows-with-items, k>0 97, thrown 289/369
rnd 37200 steps 3.57M t 220.7m eps 0.010 pairs_len 50 wins A/B/draw 165/135/0 loss 0.0880 item_loss 0.12616 items: used 0.17 of rows-with-items, k>0 122, thrown 308/397
rnd 37300 steps 3.58M t 221.2m eps 0.010 pairs_len 52 wins A/B/draw 169/131/0 loss 0.0875 item_loss 0.12523 items: used 0.15 of rows-with-items, k>0 82, thrown 261/358
EVAL battle-net(A) vs solo-net + old rule(B): {'win': 0.5520833333333334, 'lose': 0.4479166666666667, 'draw': 0.0, 'games': 96, 'mean_len': 70.19791666666667}
rnd 37400 steps 3.59M t 222.5m eps 0.010 pairs_len 52 wins A/B/draw 171/129/0 loss 0.0879 item_loss 0.12830 items: used 0.21 of rows-with-items, k>0 109, thrown 330/413
rnd 37500 steps 3.60M t 223.1m eps 0.010 pairs_len 53 wins A/B/draw 169/131/0 loss 0.0878 item_loss 0.13031 items: used 0.18 of rows-with-items, k>0 127, thrown 333/422
rnd 37600 steps 3.61M t 223.6m eps 0.010 pairs_len 53 wins A/B/draw 156/144/0 loss 0.0883 item_loss 0.12983 items: used 0.19 of rows-with-items, k>0 87, thrown 297/361
rnd 37700 steps 3.62M t 224.2m eps 0.010 pairs_len 51 wins A/B/draw 145/155/0 loss 0.0887 item_loss 0.12976 items: used 0.17 of rows-with-items, k>0 124, thrown 300/398
rnd 37800 steps 3.63M t 224.7m eps 0.010 pairs_len 53 wins A/B/draw 144/156/0 loss 0.0881 item_loss 0.12926 items: used 0.19 of rows-with-items, k>0 78, thrown 324/430
rnd 37900 steps 3.64M t 225.3m eps 0.010 pairs_len 53 wins A/B/draw 148/152/0 loss 0.0883 item_loss 0.12963 items: used 0.16 of rows-with-items, k>0 115, thrown 294/405
rnd 38000 steps 3.65M t 225.9m eps 0.010 pairs_len 54 wins A/B/draw 157/143/0 loss 0.0877 item_loss 0.13244 items: used 0.16 of rows-with-items, k>0 109, thrown 291/387
rnd 38100 steps 3.66M t 226.4m eps 0.010 pairs_len 53 wins A/B/draw 159/141/0 loss 0.0881 item_loss 0.13205 items: used 0.16 of rows-with-items, k>0 95, thrown 288/388
rnd 38200 steps 3.67M t 227.0m eps 0.010 pairs_len 54 wins A/B/draw 159/141/0 loss 0.0879 item_loss 0.13176 items: used 0.16 of rows-with-items, k>0 105, thrown 278/386
rnd 38300 steps 3.68M t 227.5m eps 0.010 pairs_len 55 wins A/B/draw 154/146/0 loss 0.0884 item_loss 0.13459 items: used 0.18 of rows-with-items, k>0 110, thrown 314/401
rnd 38400 steps 3.69M t 228.1m eps 0.010 pairs_len 56 wins A/B/draw 145/155/0 loss 0.0876 item_loss 0.13149 items: used 0.16 of rows-with-items, k>0 129, thrown 305/415
rnd 38500 steps 3.70M t 228.7m eps 0.010 pairs_len 55 wins A/B/draw 141/159/0 loss 0.0869 item_loss 0.12977 items: used 0.18 of rows-with-items, k>0 94, thrown 282/380
rnd 38600 steps 3.71M t 229.3m eps 0.010 pairs_len 55 wins A/B/draw 136/164/0 loss 0.0876 item_loss 0.12857 items: used 0.17 of rows-with-items, k>0 115, thrown 297/384
rnd 38700 steps 3.72M t 229.8m eps 0.010 pairs_len 55 wins A/B/draw 147/153/0 loss 0.0876 item_loss 0.12872 items: used 0.17 of rows-with-items, k>0 111, thrown 298/405
rnd 38800 steps 3.72M t 230.4m eps 0.010 pairs_len 55 wins A/B/draw 147/153/0 loss 0.0869 item_loss 0.12892 items: used 0.16 of rows-with-items, k>0 109, thrown 261/357
rnd 38900 steps 3.73M t 231.0m eps 0.010 pairs_len 55 wins A/B/draw 144/156/0 loss 0.0868 item_loss 0.13003 items: used 0.19 of rows-with-items, k>0 90, thrown 283/357
rnd 39000 steps 3.74M t 231.5m eps 0.010 pairs_len 56 wins A/B/draw 146/154/0 loss 0.0867 item_loss 0.12822 items: used 0.16 of rows-with-items, k>0 107, thrown 321/407
rnd 39100 steps 3.75M t 232.1m eps 0.010 pairs_len 56 wins A/B/draw 142/158/0 loss 0.0862 item_loss 0.12924 items: used 0.18 of rows-with-items, k>0 94, thrown 338/449
rnd 39200 steps 3.76M t 232.6m eps 0.010 pairs_len 58 wins A/B/draw 148/152/0 loss 0.0869 item_loss 0.12914 items: used 0.18 of rows-with-items, k>0 100, thrown 311/413
rnd 39300 steps 3.77M t 233.2m eps 0.010 pairs_len 59 wins A/B/draw 155/145/0 loss 0.0870 item_loss 0.13139 items: used 0.19 of rows-with-items, k>0 137, thrown 351/460
rnd 39400 steps 3.78M t 233.8m eps 0.010 pairs_len 59 wins A/B/draw 150/150/0 loss 0.0865 item_loss 0.12971 items: used 0.19 of rows-with-items, k>0 126, thrown 326/450
rnd 39500 steps 3.79M t 234.3m eps 0.010 pairs_len 58 wins A/B/draw 158/142/0 loss 0.0866 item_loss 0.12882 items: used 0.19 of rows-with-items, k>0 114, thrown 309/416
rnd 39600 steps 3.80M t 234.9m eps 0.010 pairs_len 57 wins A/B/draw 153/147/0 loss 0.0865 item_loss 0.12794 items: used 0.16 of rows-with-items, k>0 99, thrown 287/399
rnd 39700 steps 3.81M t 235.4m eps 0.010 pairs_len 58 wins A/B/draw 151/149/0 loss 0.0863 item_loss 0.12836 items: used 0.15 of rows-with-items, k>0 109, thrown 286/418
rnd 39800 steps 3.82M t 236.0m eps 0.010 pairs_len 59 wins A/B/draw 154/146/0 loss 0.0865 item_loss 0.12780 items: used 0.15 of rows-with-items, k>0 127, thrown 308/442
rnd 39900 steps 3.83M t 236.6m eps 0.010 pairs_len 60 wins A/B/draw 155/145/0 loss 0.0866 item_loss 0.12790 items: used 0.15 of rows-with-items, k>0 142, thrown 289/405
rnd 40000 steps 3.84M t 237.1m eps 0.010 pairs_len 59 wins A/B/draw 160/140/0 loss 0.0865 item_loss 0.12724 items: used 0.16 of rows-with-items, k>0 115, thrown 320/426
rnd 40100 steps 3.85M t 237.7m eps 0.010 pairs_len 58 wins A/B/draw 162/138/0 loss 0.0858 item_loss 0.12677 items: used 0.15 of rows-with-items, k>0 103, thrown 276/399
rnd 40200 steps 3.86M t 238.3m eps 0.010 pairs_len 56 wins A/B/draw 161/139/0 loss 0.0859 item_loss 0.12701 items: used 0.16 of rows-with-items, k>0 108, thrown 300/406
rnd 40300 steps 3.87M t 238.9m eps 0.010 pairs_len 57 wins A/B/draw 151/149/0 loss 0.0861 item_loss 0.12696 items: used 0.16 of rows-with-items, k>0 102, thrown 294/404
rnd 40400 steps 3.88M t 239.4m eps 0.010 pairs_len 58 wins A/B/draw 152/148/0 loss 0.0859 item_loss 0.12663 items: used 0.16 of rows-with-items, k>0 121, thrown 313/430
