init: runs/bat3/last.pt | new tensors: []
rnd 100 steps 0.01M t 0.3m eps 0.080 pairs_len 71 wins A/B/draw 14/17/0 loss 0.0000 item_loss 0.00000 items: used 0.42 of rows-with-items, k>0 14, thrown 171/252
rnd 200 steps 0.02M t 0.6m eps 0.079 pairs_len 82 wins A/B/draw 36/46/0 loss 0.0000 item_loss 0.00000 items: used 0.45 of rows-with-items, k>0 30, thrown 242/354
/home/a/Desktop/stuff/polycube/ndrl/train_battle.py:235: UserWarning: Converting a tensor with requires_grad=True to a scalar may lead to unexpected behavior.
Consider using tensor.detach() first. (Triggered internally at /pytorch/torch/csrc/autograd/generated/python_variable_methods.cpp:836.)
  if rnd % 10 == 0: loss_ema = 0.99 * loss_ema + 0.01 * loss.item(); iloss_ema = 0.99 * iloss_ema + 0.01 * float(il)
rnd 300 steps 0.03M t 1.0m eps 0.079 pairs_len 87 wins A/B/draw 62/68/0 loss 0.0029 item_loss 0.00208 items: used 0.38 of rows-with-items, k>0 21, thrown 205/312
rnd 400 steps 0.04M t 1.3m eps 0.079 pairs_len 89 wins A/B/draw 90/90/0 loss 0.0101 item_loss 0.00736 items: used 0.46 of rows-with-items, k>0 26, thrown 216/322
EVAL battle-net(A) vs solo-net + old rule(B): {'win': 0.5833333333333334, 'lose': 0.4166666666666667, 'draw': 0.0, 'games': 96, 'mean_len': 89.94791666666667}
rnd 500 steps 0.05M t 2.0m eps 0.078 pairs_len 91 wins A/B/draw 115/111/0 loss 0.0179 item_loss 0.01343 items: used 0.42 of rows-with-items, k>0 37, thrown 209/321
rnd 600 steps 0.06M t 2.4m eps 0.078 pairs_len 91 wins A/B/draw 147/140/0 loss 0.0240 item_loss 0.01895 items: used 0.43 of rows-with-items, k>0 38, thrown 225/343
rnd 700 steps 0.07M t 2.7m eps 0.078 pairs_len 92 wins A/B/draw 158/142/0 loss 0.0299 item_loss 0.02304 items: used 0.37 of rows-with-items, k>0 34, thrown 205/331
rnd 800 steps 0.08M t 3.0m eps 0.077 pairs_len 90 wins A/B/draw 154/146/0 loss 0.0345 item_loss 0.02631 items: used 0.44 of rows-with-items, k>0 34, thrown 197/308
rnd 900 steps 0.09M t 3.3m eps 0.077 pairs_len 86 wins A/B/draw 142/158/0 loss 0.0385 item_loss 0.03139 items: used 0.49 of rows-with-items, k>0 15, thrown 168/265
rnd 1000 steps 0.10M t 3.5m eps 0.077 pairs_len 85 wins A/B/draw 146/154/0 loss 0.0429 item_loss 0.03561 items: used 0.41 of rows-with-items, k>0 36, thrown 189/299
rnd 1100 steps 0.11M t 3.8m eps 0.076 pairs_len 80 wins A/B/draw 148/152/0 loss 0.0466 item_loss 0.03927 items: used 0.46 of rows-with-items, k>0 22, thrown 174/273
rnd 1200 steps 0.12M t 4.1m eps 0.076 pairs_len 81 wins A/B/draw 147/153/0 loss 0.0505 item_loss 0.04162 items: used 0.44 of rows-with-items, k>0 15, thrown 172/261
rnd 1300 steps 0.12M t 4.4m eps 0.076 pairs_len 81 wins A/B/draw 152/148/0 loss 0.0540 item_loss 0.04516 items: used 0.44 of rows-with-items, k>0 27, thrown 198/295
rnd 1400 steps 0.13M t 4.7m eps 0.075 pairs_len 80 wins A/B/draw 158/142/0 loss 0.0563 item_loss 0.04784 items: used 0.42 of rows-with-items, k>0 40, thrown 180/279
rnd 1500 steps 0.14M t 5.1m eps 0.075 pairs_len 78 wins A/B/draw 151/149/0 loss 0.0597 item_loss 0.05026 items: used 0.38 of rows-with-items, k>0 32, thrown 191/295
rnd 1600 steps 0.15M t 5.4m eps 0.075 pairs_len 76 wins A/B/draw 154/146/0 loss 0.0613 item_loss 0.05143 items: used 0.45 of rows-with-items, k>0 27, thrown 184/273
rnd 1700 steps 0.16M t 5.7m eps 0.074 pairs_len 69 wins A/B/draw 155/145/0 loss 0.0629 item_loss 0.05401 items: used 0.40 of rows-with-items, k>0 26, thrown 190/278
rnd 1800 steps 0.17M t 6.0m eps 0.074 pairs_len 69 wins A/B/draw 155/145/0 loss 0.0647 item_loss 0.05826 items: used 0.40 of rows-with-items, k>0 19, thrown 182/235
rnd 1900 steps 0.18M t 6.3m eps 0.074 pairs_len 69 wins A/B/draw 144/156/0 loss 0.0664 item_loss 0.06062 items: used 0.44 of rows-with-items, k>0 28, thrown 208/292
rnd 2000 steps 0.19M t 6.5m eps 0.073 pairs_len 68 wins A/B/draw 147/153/0 loss 0.0686 item_loss 0.06253 items: used 0.42 of rows-with-items, k>0 21, thrown 176/245
rnd 2100 steps 0.20M t 6.8m eps 0.073 pairs_len 68 wins A/B/draw 157/143/0 loss 0.0695 item_loss 0.06420 items: used 0.44 of rows-with-items, k>0 26, thrown 194/283
rnd 2200 steps 0.21M t 7.1m eps 0.073 pairs_len 67 wins A/B/draw 166/134/0 loss 0.0709 item_loss 0.06570 items: used 0.47 of rows-with-items, k>0 32, thrown 187/268
rnd 2300 steps 0.22M t 7.4m eps 0.072 pairs_len 70 wins A/B/draw 165/135/0 loss 0.0728 item_loss 0.06740 items: used 0.49 of rows-with-items, k>0 18, thrown 160/235
rnd 2400 steps 0.23M t 7.7m eps 0.072 pairs_len 69 wins A/B/draw 160/140/0 loss 0.0732 item_loss 0.06905 items: used 0.42 of rows-with-items, k>0 19, thrown 195/284
rnd 2500 steps 0.24M t 8.0m eps 0.072 pairs_len 69 wins A/B/draw 153/147/0 loss 0.0745 item_loss 0.06955 items: used 0.46 of rows-with-items, k>0 27, thrown 174/255
rnd 2600 steps 0.25M t 8.4m eps 0.071 pairs_len 67 wins A/B/draw 134/166/0 loss 0.0762 item_loss 0.06914 items: used 0.43 of rows-with-items, k>0 23, thrown 180/263
rnd 2700 steps 0.26M t 8.8m eps 0.071 pairs_len 65 wins A/B/draw 130/170/0 loss 0.0771 item_loss 0.06917 items: used 0.44 of rows-with-items, k>0 17, thrown 168/243
rnd 2800 steps 0.27M t 9.1m eps 0.071 pairs_len 66 wins A/B/draw 142/158/0 loss 0.0777 item_loss 0.07213 items: used 0.37 of rows-with-items, k>0 29, thrown 190/299
rnd 2900 steps 0.28M t 9.5m eps 0.070 pairs_len 65 wins A/B/draw 143/157/0 loss 0.0789 item_loss 0.07361 items: used 0.37 of rows-with-items, k>0 21, thrown 184/263
rnd 3000 steps 0.29M t 9.9m eps 0.070 pairs_len 65 wins A/B/draw 144/156/0 loss 0.0790 item_loss 0.07345 items: used 0.40 of rows-with-items, k>0 21, thrown 172/245
rnd 3100 steps 0.30M t 10.2m eps 0.070 pairs_len 66 wins A/B/draw 145/155/0 loss 0.0802 item_loss 0.07269 items: used 0.45 of rows-with-items, k>0 25, thrown 154/227
rnd 3200 steps 0.31M t 10.6m eps 0.069 pairs_len 65 wins A/B/draw 147/153/0 loss 0.0805 item_loss 0.07442 items: used 0.41 of rows-with-items, k>0 35, thrown 200/281
rnd 3300 steps 0.32M t 11.0m eps 0.069 pairs_len 66 wins A/B/draw 147/153/0 loss 0.0818 item_loss 0.07480 items: used 0.42 of rows-with-items, k>0 22, thrown 185/273
rnd 3400 steps 0.33M t 11.3m eps 0.069 pairs_len 67 wins A/B/draw 151/149/0 loss 0.0824 item_loss 0.07561 items: used 0.38 of rows-with-items, k>0 14, thrown 168/247
rnd 3500 steps 0.34M t 11.7m eps 0.068 pairs_len 67 wins A/B/draw 154/146/0 loss 0.0828 item_loss 0.07701 items: used 0.44 of rows-with-items, k>0 21, thrown 172/255
rnd 3600 steps 0.35M t 12.1m eps 0.068 pairs_len 65 wins A/B/draw 152/148/0 loss 0.0835 item_loss 0.07811 items: used 0.45 of rows-with-items, k>0 27, thrown 202/280
rnd 3700 steps 0.36M t 12.5m eps 0.068 pairs_len 63 wins A/B/draw 151/149/0 loss 0.0843 item_loss 0.07916 items: used 0.41 of rows-with-items, k>0 20, thrown 170/237
rnd 3800 steps 0.36M t 12.8m eps 0.067 pairs_len 60 wins A/B/draw 144/156/0 loss 0.0856 item_loss 0.08006 items: used 0.42 of rows-with-items, k>0 25, thrown 186/270
rnd 3900 steps 0.37M t 13.1m eps 0.067 pairs_len 61 wins A/B/draw 137/163/0 loss 0.0851 item_loss 0.08215 items: used 0.37 of rows-with-items, k>0 25, thrown 185/292
rnd 4000 steps 0.38M t 13.5m eps 0.067 pairs_len 63 wins A/B/draw 143/157/0 loss 0.0848 item_loss 0.08342 items: used 0.38 of rows-with-items, k>0 28, thrown 192/276
rnd 4100 steps 0.39M t 13.9m eps 0.066 pairs_len 64 wins A/B/draw 147/153/0 loss 0.0850 item_loss 0.08345 items: used 0.35 of rows-with-items, k>0 25, thrown 181/272
rnd 4200 steps 0.40M t 14.2m eps 0.066 pairs_len 65 wins A/B/draw 155/145/0 loss 0.0865 item_loss 0.08520 items: used 0.43 of rows-with-items, k>0 27, thrown 201/264
rnd 4300 steps 0.41M t 14.6m eps 0.066 pairs_len 62 wins A/B/draw 163/137/0 loss 0.0866 item_loss 0.08564 items: used 0.35 of rows-with-items, k>0 37, thrown 207/286
rnd 4400 steps 0.42M t 14.9m eps 0.065 pairs_len 61 wins A/B/draw 147/153/0 loss 0.0870 item_loss 0.08660 items: used 0.36 of rows-with-items, k>0 27, thrown 165/246
rnd 4500 steps 0.43M t 15.5m eps 0.065 pairs_len 59 wins A/B/draw 142/158/0 loss 0.0868 item_loss 0.08822 items: used 0.37 of rows-with-items, k>0 31, thrown 198/274
rnd 4600 steps 0.44M t 16.0m eps 0.065 pairs_len 61 wins A/B/draw 148/152/0 loss 0.0878 item_loss 0.08994 items: used 0.37 of rows-with-items, k>0 19, thrown 185/262
rnd 4700 steps 0.45M t 16.6m eps 0.064 pairs_len 63 wins A/B/draw 147/153/0 loss 0.0880 item_loss 0.08878 items: used 0.41 of rows-with-items, k>0 32, thrown 207/291
rnd 4800 steps 0.46M t 17.2m eps 0.064 pairs_len 65 wins A/B/draw 155/145/0 loss 0.0883 item_loss 0.08990 items: used 0.42 of rows-with-items, k>0 20, thrown 202/277
rnd 4900 steps 0.47M t 17.5m eps 0.064 pairs_len 66 wins A/B/draw 160/140/0 loss 0.0879 item_loss 0.09031 items: used 0.35 of rows-with-items, k>0 27, thrown 171/261
rnd 5000 steps 0.48M t 17.8m eps 0.063 pairs_len 63 wins A/B/draw 165/135/0 loss 0.0882 item_loss 0.08908 items: used 0.45 of rows-with-items, k>0 15, thrown 191/259
rnd 5100 steps 0.49M t 18.4m eps 0.063 pairs_len 65 wins A/B/draw 162/138/0 loss 0.0887 item_loss 0.08989 items: used 0.40 of rows-with-items, k>0 23, thrown 177/278
rnd 5200 steps 0.50M t 19.0m eps 0.063 pairs_len 63 wins A/B/draw 160/140/0 loss 0.0886 item_loss 0.09152 items: used 0.36 of rows-with-items, k>0 19, thrown 186/248
rnd 5300 steps 0.51M t 19.6m eps 0.062 pairs_len 63 wins A/B/draw 158/142/0 loss 0.0888 item_loss 0.09181 items: used 0.41 of rows-with-items, k>0 30, thrown 181/260
rnd 5400 steps 0.52M t 20.2m eps 0.062 pairs_len 63 wins A/B/draw 154/146/0 loss 0.0887 item_loss 0.08976 items: used 0.38 of rows-with-items, k>0 33, thrown 184/282
rnd 5500 steps 0.53M t 20.8m eps 0.062 pairs_len 63 wins A/B/draw 149/151/0 loss 0.0888 item_loss 0.09035 items: used 0.36 of rows-with-items, k>0 20, thrown 160/252
rnd 5600 steps 0.54M t 21.4m eps 0.061 pairs_len 61 wins A/B/draw 134/166/0 loss 0.0888 item_loss 0.09142 items: used 0.41 of rows-with-items, k>0 26, thrown 190/254
EVAL battle-net(A) vs solo-net + old rule(B): {'win': 0.4583333333333333, 'lose': 0.5416666666666666, 'draw': 0.0, 'games': 96, 'mean_len': 82.1875}
rnd 5700 steps 0.55M t 22.9m eps 0.061 pairs_len 62 wins A/B/draw 129/171/0 loss 0.0888 item_loss 0.09354 items: used 0.40 of rows-with-items, k>0 37, thrown 178/259
rnd 5800 steps 0.56M t 23.5m eps 0.061 pairs_len 57 wins A/B/draw 131/169/0 loss 0.0898 item_loss 0.09680 items: used 0.43 of rows-with-items, k>0 30, thrown 180/248
rnd 5900 steps 0.57M t 24.0m eps 0.060 pairs_len 59 wins A/B/draw 142/158/0 loss 0.0902 item_loss 0.09881 items: used 0.38 of rows-with-items, k>0 18, thrown 168/233
rnd 6000 steps 0.58M t 24.6m eps 0.060 pairs_len 59 wins A/B/draw 151/149/0 loss 0.0908 item_loss 0.09938 items: used 0.37 of rows-with-items, k>0 26, thrown 194/273
rnd 6100 steps 0.59M t 25.2m eps 0.060 pairs_len 61 wins A/B/draw 150/150/0 loss 0.0904 item_loss 0.09820 items: used 0.36 of rows-with-items, k>0 22, thrown 177/290
rnd 6200 steps 0.60M t 25.7m eps 0.059 pairs_len 66 wins A/B/draw 142/158/0 loss 0.0906 item_loss 0.09891 items: used 0.33 of rows-with-items, k>0 17, thrown 171/249
rnd 6300 steps 0.60M t 26.3m eps 0.059 pairs_len 64 wins A/B/draw 132/168/0 loss 0.0897 item_loss 0.10015 items: used 0.36 of rows-with-items, k>0 26, thrown 195/279
rnd 6400 steps 0.61M t 26.8m eps 0.058 pairs_len 64 wins A/B/draw 139/161/0 loss 0.0895 item_loss 0.10052 items: used 0.43 of rows-with-items, k>0 26, thrown 181/267
rnd 6500 steps 0.62M t 27.4m eps 0.058 pairs_len 63 wins A/B/draw 147/153/0 loss 0.0894 item_loss 0.10237 items: used 0.37 of rows-with-items, k>0 19, thrown 190/278
rnd 6600 steps 0.63M t 28.0m eps 0.058 pairs_len 60 wins A/B/draw 153/147/0 loss 0.0895 item_loss 0.10231 items: used 0.34 of rows-with-items, k>0 33, thrown 188/286
rnd 6700 steps 0.64M t 28.5m eps 0.057 pairs_len 63 wins A/B/draw 159/141/0 loss 0.0895 item_loss 0.10181 items: used 0.39 of rows-with-items, k>0 27, thrown 203/296
rnd 6800 steps 0.65M t 29.1m eps 0.057 pairs_len 64 wins A/B/draw 166/134/0 loss 0.0906 item_loss 0.10273 items: used 0.37 of rows-with-items, k>0 22, thrown 184/269
rnd 6900 steps 0.66M t 29.7m eps 0.057 pairs_len 66 wins A/B/draw 167/133/0 loss 0.0901 item_loss 0.10203 items: used 0.37 of rows-with-items, k>0 26, thrown 181/264
rnd 7000 steps 0.67M t 30.3m eps 0.056 pairs_len 66 wins A/B/draw 170/130/0 loss 0.0901 item_loss 0.10087 items: used 0.38 of rows-with-items, k>0 24, thrown 177/251
rnd 7100 steps 0.68M t 30.8m eps 0.056 pairs_len 65 wins A/B/draw 167/133/0 loss 0.0898 item_loss 0.10059 items: used 0.32 of rows-with-items, k>0 31, thrown 187/264
rnd 7200 steps 0.69M t 31.4m eps 0.056 pairs_len 64 wins A/B/draw 162/138/0 loss 0.0897 item_loss 0.10073 items: used 0.38 of rows-with-items, k>0 25, thrown 188/256
rnd 7300 steps 0.70M t 32.0m eps 0.055 pairs_len 65 wins A/B/draw 162/138/0 loss 0.0893 item_loss 0.10163 items: used 0.38 of rows-with-items, k>0 22, thrown 164/252
rnd 7400 steps 0.71M t 32.5m eps 0.055 pairs_len 64 wins A/B/draw 163/137/0 loss 0.0899 item_loss 0.10288 items: used 0.34 of rows-with-items, k>0 40, thrown 218/300
rnd 7500 steps 0.72M t 33.1m eps 0.055 pairs_len 65 wins A/B/draw 163/137/0 loss 0.0898 item_loss 0.10121 items: used 0.38 of rows-with-items, k>0 29, thrown 174/255
rnd 7600 steps 0.73M t 33.6m eps 0.054 pairs_len 64 wins A/B/draw 159/141/0 loss 0.0900 item_loss 0.10053 items: used 0.32 of rows-with-items, k>0 26, thrown 189/267
rnd 7700 steps 0.74M t 34.2m eps 0.054 pairs_len 62 wins A/B/draw 158/142/0 loss 0.0897 item_loss 0.10005 items: used 0.36 of rows-with-items, k>0 28, thrown 172/231
rnd 7800 steps 0.75M t 34.8m eps 0.054 pairs_len 62 wins A/B/draw 156/144/0 loss 0.0904 item_loss 0.10256 items: used 0.37 of rows-with-items, k>0 41, thrown 186/281
rnd 7900 steps 0.76M t 35.3m eps 0.053 pairs_len 63 wins A/B/draw 154/146/0 loss 0.0921 item_loss 0.10199 items: used 0.40 of rows-with-items, k>0 26, thrown 197/262
rnd 8000 steps 0.77M t 35.9m eps 0.053 pairs_len 60 wins A/B/draw 156/144/0 loss 0.0927 item_loss 0.10055 items: used 0.44 of rows-with-items, k>0 13, thrown 171/237
rnd 8100 steps 0.78M t 36.5m eps 0.053 pairs_len 60 wins A/B/draw 142/158/0 loss 0.0927 item_loss 0.10009 items: used 0.39 of rows-with-items, k>0 21, thrown 186/241
rnd 8200 steps 0.79M t 37.0m eps 0.052 pairs_len 59 wins A/B/draw 154/146/0 loss 0.0922 item_loss 0.10005 items: used 0.36 of rows-with-items, k>0 29, thrown 165/231
rnd 8300 steps 0.80M t 37.6m eps 0.052 pairs_len 59 wins A/B/draw 144/156/0 loss 0.0921 item_loss 0.09939 items: used 0.37 of rows-with-items, k>0 32, thrown 203/283
rnd 8400 steps 0.81M t 38.1m eps 0.052 pairs_len 61 wins A/B/draw 144/156/0 loss 0.0913 item_loss 0.10017 items: used 0.36 of rows-with-items, k>0 23, thrown 178/273
rnd 8500 steps 0.82M t 38.7m eps 0.051 pairs_len 64 wins A/B/draw 153/147/0 loss 0.0912 item_loss 0.09886 items: used 0.36 of rows-with-items, k>0 26, thrown 162/240
rnd 8600 steps 0.83M t 39.3m eps 0.051 pairs_len 64 wins A/B/draw 139/161/0 loss 0.0912 item_loss 0.09979 items: used 0.36 of rows-with-items, k>0 36, thrown 190/276
rnd 8700 steps 0.84M t 39.8m eps 0.051 pairs_len 68 wins A/B/draw 149/151/0 loss 0.0916 item_loss 0.10269 items: used 0.34 of rows-with-items, k>0 38, thrown 183/274
rnd 8800 steps 0.84M t 40.4m eps 0.050 pairs_len 67 wins A/B/draw 156/144/0 loss 0.0921 item_loss 0.10569 items: used 0.36 of rows-with-items, k>0 33, thrown 195/267
rnd 8900 steps 0.85M t 41.0m eps 0.050 pairs_len 66 wins A/B/draw 156/144/0 loss 0.0918 item_loss 0.10353 items: used 0.38 of rows-with-items, k>0 42, thrown 185/273
EVAL battle-net(A) vs solo-net + old rule(B): {'win': 0.4791666666666667, 'lose': 0.5208333333333334, 'draw': 0.0, 'games': 96, 'mean_len': 79.66666666666667}
rnd 9000 steps 0.86M t 42.4m eps 0.050 pairs_len 63 wins A/B/draw 163/137/0 loss 0.0920 item_loss 0.10503 items: used 0.32 of rows-with-items, k>0 34, thrown 198/270
rnd 9100 steps 0.87M t 43.0m eps 0.049 pairs_len 61 wins A/B/draw 149/151/0 loss 0.0919 item_loss 0.10517 items: used 0.32 of rows-with-items, k>0 39, thrown 186/291
rnd 9200 steps 0.88M t 43.6m eps 0.049 pairs_len 64 wins A/B/draw 148/152/0 loss 0.0924 item_loss 0.10434 items: used 0.32 of rows-with-items, k>0 31, thrown 191/292
rnd 9300 steps 0.89M t 44.2m eps 0.049 pairs_len 65 wins A/B/draw 144/156/0 loss 0.0923 item_loss 0.10429 items: used 0.34 of rows-with-items, k>0 26, thrown 185/268
rnd 9400 steps 0.90M t 44.7m eps 0.048 pairs_len 66 wins A/B/draw 144/156/0 loss 0.0927 item_loss 0.10227 items: used 0.37 of rows-with-items, k>0 25, thrown 193/256
rnd 9500 steps 0.91M t 45.3m eps 0.048 pairs_len 67 wins A/B/draw 149/151/0 loss 0.0923 item_loss 0.10331 items: used 0.29 of rows-with-items, k>0 42, thrown 202/276
rnd 9600 steps 0.92M t 45.9m eps 0.048 pairs_len 61 wins A/B/draw 152/148/0 loss 0.0924 item_loss 0.10267 items: used 0.36 of rows-with-items, k>0 44, thrown 202/283
rnd 9700 steps 0.93M t 46.5m eps 0.047 pairs_len 62 wins A/B/draw 151/149/0 loss 0.0921 item_loss 0.10218 items: used 0.38 of rows-with-items, k>0 43, thrown 198/273
rnd 9800 steps 0.94M t 47.1m eps 0.047 pairs_len 62 wins A/B/draw 139/161/0 loss 0.0919 item_loss 0.10408 items: used 0.29 of rows-with-items, k>0 36, thrown 193/288
rnd 9900 steps 0.95M t 47.7m eps 0.047 pairs_len 63 wins A/B/draw 133/167/0 loss 0.0920 item_loss 0.10449 items: used 0.31 of rows-with-items, k>0 29, thrown 189/276
rnd 10000 steps 0.96M t 48.2m eps 0.046 pairs_len 65 wins A/B/draw 126/174/0 loss 0.0920 item_loss 0.10361 items: used 0.33 of rows-with-items, k>0 28, thrown 202/302
rnd 10100 steps 0.97M t 48.7m eps 0.046 pairs_len 68 wins A/B/draw 126/174/0 loss 0.0924 item_loss 0.10445 items: used 0.35 of rows-with-items, k>0 23, thrown 207/302
rnd 10200 steps 0.98M t 49.3m eps 0.046 pairs_len 69 wins A/B/draw 139/161/0 loss 0.0931 item_loss 0.10200 items: used 0.32 of rows-with-items, k>0 21, thrown 185/284
rnd 10300 steps 0.99M t 49.8m eps 0.045 pairs_len 67 wins A/B/draw 145/155/0 loss 0.0922 item_loss 0.10222 items: used 0.33 of rows-with-items, k>0 31, thrown 186/262
rnd 10400 steps 1.00M t 50.4m eps 0.045 pairs_len 64 wins A/B/draw 152/148/0 loss 0.0916 item_loss 0.10354 items: used 0.35 of rows-with-items, k>0 30, thrown 194/265
rnd 10500 steps 1.01M t 51.0m eps 0.045 pairs_len 62 wins A/B/draw 143/157/0 loss 0.0916 item_loss 0.10310 items: used 0.31 of rows-with-items, k>0 40, thrown 185/292
rnd 10600 steps 1.02M t 51.6m eps 0.044 pairs_len 66 wins A/B/draw 146/154/0 loss 0.0910 item_loss 0.10258 items: used 0.33 of rows-with-items, k>0 41, thrown 217/313
rnd 10700 steps 1.03M t 52.1m eps 0.044 pairs_len 64 wins A/B/draw 153/147/0 loss 0.0903 item_loss 0.10223 items: used 0.34 of rows-with-items, k>0 34, thrown 215/296
rnd 10800 steps 1.04M t 52.7m eps 0.044 pairs_len 66 wins A/B/draw 149/151/0 loss 0.0901 item_loss 0.10126 items: used 0.34 of rows-with-items, k>0 29, thrown 212/296
rnd 10900 steps 1.05M t 53.3m eps 0.043 pairs_len 67 wins A/B/draw 159/141/0 loss 0.0905 item_loss 0.09974 items: used 0.32 of rows-with-items, k>0 29, thrown 189/278
rnd 11000 steps 1.06M t 53.8m eps 0.043 pairs_len 64 wins A/B/draw 147/153/0 loss 0.0903 item_loss 0.09783 items: used 0.32 of rows-with-items, k>0 33, thrown 201/301
rnd 11100 steps 1.07M t 54.4m eps 0.043 pairs_len 65 wins A/B/draw 139/161/0 loss 0.0900 item_loss 0.10043 items: used 0.29 of rows-with-items, k>0 51, thrown 213/319
rnd 11200 steps 1.08M t 55.1m eps 0.042 pairs_len 66 wins A/B/draw 140/160/0 loss 0.0906 item_loss 0.09850 items: used 0.30 of rows-with-items, k>0 51, thrown 218/318
rnd 11300 steps 1.08M t 55.6m eps 0.042 pairs_len 68 wins A/B/draw 149/151/0 loss 0.0902 item_loss 0.10013 items: used 0.29 of rows-with-items, k>0 25, thrown 192/271
rnd 11400 steps 1.09M t 56.3m eps 0.042 pairs_len 68 wins A/B/draw 153/147/0 loss 0.0906 item_loss 0.09802 items: used 0.30 of rows-with-items, k>0 28, thrown 194/274
rnd 11500 steps 1.10M t 56.9m eps 0.041 pairs_len 66 wins A/B/draw 157/143/0 loss 0.0911 item_loss 0.09940 items: used 0.32 of rows-with-items, k>0 33, thrown 201/274
rnd 11600 steps 1.11M t 57.4m eps 0.041 pairs_len 66 wins A/B/draw 160/140/0 loss 0.0904 item_loss 0.09766 items: used 0.30 of rows-with-items, k>0 29, thrown 170/255
rnd 11700 steps 1.12M t 58.0m eps 0.041 pairs_len 63 wins A/B/draw 160/140/0 loss 0.0903 item_loss 0.09686 items: used 0.29 of rows-with-items, k>0 38, thrown 203/264
rnd 11800 steps 1.13M t 58.6m eps 0.040 pairs_len 62 wins A/B/draw 150/150/0 loss 0.0896 item_loss 0.09876 items: used 0.26 of rows-with-items, k>0 19, thrown 158/218
rnd 11900 steps 1.14M t 59.1m eps 0.040 pairs_len 63 wins A/B/draw 150/150/0 loss 0.0897 item_loss 0.09966 items: used 0.30 of rows-with-items, k>0 40, thrown 192/283
rnd 12000 steps 1.15M t 59.7m eps 0.040 pairs_len 65 wins A/B/draw 145/155/0 loss 0.0888 item_loss 0.09896 items: used 0.29 of rows-with-items, k>0 39, thrown 220/312
rnd 12100 steps 1.16M t 60.2m eps 0.039 pairs_len 66 wins A/B/draw 142/158/0 loss 0.0889 item_loss 0.09814 items: used 0.29 of rows-with-items, k>0 51, thrown 216/310
rnd 12200 steps 1.17M t 60.8m eps 0.039 pairs_len 67 wins A/B/draw 139/161/0 loss 0.0887 item_loss 0.09919 items: used 0.29 of rows-with-items, k>0 27, thrown 171/240
rnd 12300 steps 1.18M t 61.3m eps 0.039 pairs_len 68 wins A/B/draw 148/152/0 loss 0.0881 item_loss 0.10161 items: used 0.30 of rows-with-items, k>0 36, thrown 202/276
EVAL battle-net(A) vs solo-net + old rule(B): {'win': 0.4583333333333333, 'lose': 0.5416666666666666, 'draw': 0.0, 'games': 96, 'mean_len': 78.54166666666667}
rnd 12400 steps 1.19M t 62.7m eps 0.038 pairs_len 67 wins A/B/draw 144/156/0 loss 0.0877 item_loss 0.10463 items: used 0.24 of rows-with-items, k>0 38, thrown 178/268
rnd 12500 steps 1.20M t 63.2m eps 0.038 pairs_len 68 wins A/B/draw 144/156/0 loss 0.0871 item_loss 0.10572 items: used 0.27 of rows-with-items, k>0 44, thrown 209/270
rnd 12600 steps 1.21M t 63.8m eps 0.038 pairs_len 67 wins A/B/draw 145/155/0 loss 0.0869 item_loss 0.10511 items: used 0.26 of rows-with-items, k>0 44, thrown 185/266
rnd 12700 steps 1.22M t 64.4m eps 0.037 pairs_len 68 wins A/B/draw 147/153/0 loss 0.0869 item_loss 0.10463 items: used 0.27 of rows-with-items, k>0 24, thrown 182/255
rnd 12800 steps 1.23M t 64.9m eps 0.037 pairs_len 70 wins A/B/draw 147/153/0 loss 0.0870 item_loss 0.10608 items: used 0.28 of rows-with-items, k>0 48, thrown 204/295
rnd 12900 steps 1.24M t 65.5m eps 0.037 pairs_len 70 wins A/B/draw 153/147/0 loss 0.0873 item_loss 0.10664 items: used 0.26 of rows-with-items, k>0 30, thrown 190/285
rnd 13000 steps 1.25M t 66.1m eps 0.036 pairs_len 70 wins A/B/draw 161/138/1 loss 0.0864 item_loss 0.10499 items: used 0.29 of rows-with-items, k>0 23, thrown 184/274
rnd 13100 steps 1.26M t 66.6m eps 0.036 pairs_len 66 wins A/B/draw 158/141/1 loss 0.0863 item_loss 0.10732 items: used 0.26 of rows-with-items, k>0 24, thrown 191/246
rnd 13200 steps 1.27M t 67.2m eps 0.036 pairs_len 63 wins A/B/draw 163/136/1 loss 0.0863 item_loss 0.10595 items: used 0.26 of rows-with-items, k>0 41, thrown 203/296
rnd 13300 steps 1.28M t 67.8m eps 0.035 pairs_len 61 wins A/B/draw 149/150/1 loss 0.0870 item_loss 0.10510 items: used 0.32 of rows-with-items, k>0 29, thrown 193/264
rnd 13400 steps 1.29M t 68.4m eps 0.035 pairs_len 60 wins A/B/draw 153/147/0 loss 0.0871 item_loss 0.10479 items: used 0.27 of rows-with-items, k>0 47, thrown 197/287
rnd 13500 steps 1.30M t 69.0m eps 0.035 pairs_len 60 wins A/B/draw 149/151/0 loss 0.0873 item_loss 0.10498 items: used 0.27 of rows-with-items, k>0 46, thrown 206/304
rnd 13600 steps 1.31M t 69.6m eps 0.034 pairs_len 63 wins A/B/draw 147/153/0 loss 0.0871 item_loss 0.10409 items: used 0.28 of rows-with-items, k>0 31, thrown 194/275
rnd 13700 steps 1.32M t 70.2m eps 0.034 pairs_len 63 wins A/B/draw 148/152/0 loss 0.0867 item_loss 0.10523 items: used 0.25 of rows-with-items, k>0 42, thrown 212/293
rnd 13800 steps 1.32M t 70.8m eps 0.034 pairs_len 63 wins A/B/draw 147/153/0 loss 0.0875 item_loss 0.10697 items: used 0.32 of rows-with-items, k>0 43, thrown 209/289
rnd 13900 steps 1.33M t 71.3m eps 0.033 pairs_len 67 wins A/B/draw 154/146/0 loss 0.0869 item_loss 0.10675 items: used 0.27 of rows-with-items, k>0 25, thrown 181/290
rnd 14000 steps 1.34M t 71.9m eps 0.033 pairs_len 68 wins A/B/draw 150/150/0 loss 0.0868 item_loss 0.10659 items: used 0.27 of rows-with-items, k>0 39, thrown 210/299
rnd 14100 steps 1.35M t 72.5m eps 0.033 pairs_len 65 wins A/B/draw 147/153/0 loss 0.0877 item_loss 0.10672 items: used 0.23 of rows-with-items, k>0 24, thrown 187/257
rnd 14200 steps 1.36M t 73.1m eps 0.032 pairs_len 68 wins A/B/draw 138/162/0 loss 0.0875 item_loss 0.10505 items: used 0.22 of rows-with-items, k>0 41, thrown 202/300
rnd 14300 steps 1.37M t 73.6m eps 0.032 pairs_len 67 wins A/B/draw 128/172/0 loss 0.0868 item_loss 0.10488 items: used 0.21 of rows-with-items, k>0 29, thrown 170/249
rnd 14400 steps 1.38M t 74.2m eps 0.032 pairs_len 64 wins A/B/draw 134/166/0 loss 0.0877 item_loss 0.10577 items: used 0.25 of rows-with-items, k>0 35, thrown 183/249
rnd 14500 steps 1.39M t 74.7m eps 0.031 pairs_len 67 wins A/B/draw 137/163/0 loss 0.0878 item_loss 0.10419 items: used 0.25 of rows-with-items, k>0 41, thrown 196/304
rnd 14600 steps 1.40M t 75.3m eps 0.031 pairs_len 65 wins A/B/draw 154/146/0 loss 0.0873 item_loss 0.10566 items: used 0.25 of rows-with-items, k>0 38, thrown 196/268
rnd 14700 steps 1.41M t 75.9m eps 0.031 pairs_len 65 wins A/B/draw 170/130/0 loss 0.0869 item_loss 0.10692 items: used 0.24 of rows-with-items, k>0 39, thrown 168/237
rnd 14800 steps 1.42M t 76.5m eps 0.030 pairs_len 66 wins A/B/draw 170/130/0 loss 0.0865 item_loss 0.10676 items: used 0.26 of rows-with-items, k>0 41, thrown 187/282
rnd 14900 steps 1.43M t 77.1m eps 0.030 pairs_len 66 wins A/B/draw 168/132/0 loss 0.0861 item_loss 0.10779 items: used 0.23 of rows-with-items, k>0 49, thrown 213/288
rnd 15000 steps 1.44M t 77.6m eps 0.030 pairs_len 64 wins A/B/draw 164/136/0 loss 0.0855 item_loss 0.10618 items: used 0.28 of rows-with-items, k>0 43, thrown 212/312
rnd 15100 steps 1.45M t 78.2m eps 0.029 pairs_len 71 wins A/B/draw 156/144/0 loss 0.0860 item_loss 0.10723 items: used 0.24 of rows-with-items, k>0 33, thrown 177/250
rnd 15200 steps 1.46M t 78.8m eps 0.029 pairs_len 68 wins A/B/draw 155/145/0 loss 0.0862 item_loss 0.11246 items: used 0.24 of rows-with-items, k>0 42, thrown 218/304
rnd 15300 steps 1.47M t 79.4m eps 0.029 pairs_len 71 wins A/B/draw 152/148/0 loss 0.0858 item_loss 0.11336 items: used 0.26 of rows-with-items, k>0 36, thrown 201/295
rnd 15400 steps 1.48M t 80.0m eps 0.028 pairs_len 71 wins A/B/draw 159/141/0 loss 0.0858 item_loss 0.11372 items: used 0.23 of rows-with-items, k>0 30, thrown 188/259
rnd 15500 steps 1.49M t 80.5m eps 0.028 pairs_len 70 wins A/B/draw 155/145/0 loss 0.0863 item_loss 0.11392 items: used 0.20 of rows-with-items, k>0 37, thrown 168/250
rnd 15600 steps 1.50M t 81.1m eps 0.028 pairs_len 68 wins A/B/draw 160/140/0 loss 0.0858 item_loss 0.11217 items: used 0.24 of rows-with-items, k>0 19, thrown 170/259
EVAL battle-net(A) vs solo-net + old rule(B): {'win': 0.4583333333333333, 'lose': 0.5416666666666666, 'draw': 0.0, 'games': 96, 'mean_len': 83.97916666666667}
rnd 15700 steps 1.51M t 82.5m eps 0.027 pairs_len 67 wins A/B/draw 163/137/0 loss 0.0854 item_loss 0.10906 items: used 0.25 of rows-with-items, k>0 31, thrown 186/267
rnd 15800 steps 1.52M t 83.0m eps 0.027 pairs_len 65 wins A/B/draw 158/142/0 loss 0.0846 item_loss 0.10807 items: used 0.22 of rows-with-items, k>0 36, thrown 169/245
rnd 15900 steps 1.53M t 83.5m eps 0.027 pairs_len 65 wins A/B/draw 169/131/0 loss 0.0851 item_loss 0.10526 items: used 0.21 of rows-with-items, k>0 40, thrown 197/280
rnd 16000 steps 1.54M t 84.1m eps 0.026 pairs_len 68 wins A/B/draw 167/133/0 loss 0.0849 item_loss 0.10353 items: used 0.20 of rows-with-items, k>0 51, thrown 199/287
rnd 16100 steps 1.55M t 84.6m eps 0.026 pairs_len 68 wins A/B/draw 158/142/0 loss 0.0847 item_loss 0.10480 items: used 0.23 of rows-with-items, k>0 32, thrown 160/237
rnd 16200 steps 1.56M t 85.2m eps 0.026 pairs_len 69 wins A/B/draw 156/144/0 loss 0.0841 item_loss 0.10407 items: used 0.21 of rows-with-items, k>0 46, thrown 177/275
rnd 16300 steps 1.56M t 85.7m eps 0.025 pairs_len 71 wins A/B/draw 152/148/0 loss 0.0838 item_loss 0.10426 items: used 0.23 of rows-with-items, k>0 37, thrown 179/254
rnd 16400 steps 1.57M t 86.2m eps 0.025 pairs_len 73 wins A/B/draw 158/142/0 loss 0.0836 item_loss 0.10238 items: used 0.19 of rows-with-items, k>0 45, thrown 190/268
rnd 16500 steps 1.58M t 86.8m eps 0.025 pairs_len 71 wins A/B/draw 158/142/0 loss 0.0831 item_loss 0.10298 items: used 0.23 of rows-with-items, k>0 54, thrown 223/295
rnd 16600 steps 1.59M t 87.3m eps 0.024 pairs_len 75 wins A/B/draw 158/142/0 loss 0.0826 item_loss 0.10183 items: used 0.22 of rows-with-items, k>0 57, thrown 208/296
rnd 16700 steps 1.60M t 87.9m eps 0.024 pairs_len 73 wins A/B/draw 161/139/0 loss 0.0825 item_loss 0.10065 items: used 0.22 of rows-with-items, k>0 36, thrown 201/284
rnd 16800 steps 1.61M t 88.4m eps 0.024 pairs_len 73 wins A/B/draw 160/140/0 loss 0.0828 item_loss 0.10034 items: used 0.20 of rows-with-items, k>0 50, thrown 175/262
rnd 16900 steps 1.62M t 88.9m eps 0.023 pairs_len 72 wins A/B/draw 149/151/0 loss 0.0826 item_loss 0.09724 items: used 0.21 of rows-with-items, k>0 33, thrown 192/269
rnd 17000 steps 1.63M t 89.4m eps 0.023 pairs_len 68 wins A/B/draw 156/144/0 loss 0.0823 item_loss 0.09710 items: used 0.18 of rows-with-items, k>0 34, thrown 188/271
rnd 17100 steps 1.64M t 90.0m eps 0.023 pairs_len 70 wins A/B/draw 153/147/0 loss 0.0822 item_loss 0.09829 items: used 0.17 of rows-with-items, k>0 37, thrown 189/262
rnd 17200 steps 1.65M t 90.6m eps 0.022 pairs_len 66 wins A/B/draw 145/155/0 loss 0.0824 item_loss 0.10101 items: used 0.22 of rows-with-items, k>0 53, thrown 186/267
rnd 17300 steps 1.66M t 91.2m eps 0.022 pairs_len 64 wins A/B/draw 160/140/0 loss 0.0824 item_loss 0.10009 items: used 0.21 of rows-with-items, k>0 36, thrown 192/266
rnd 17400 steps 1.67M t 91.7m eps 0.022 pairs_len 65 wins A/B/draw 162/138/0 loss 0.0819 item_loss 0.10049 items: used 0.20 of rows-with-items, k>0 44, thrown 213/287
rnd 17500 steps 1.68M t 92.3m eps 0.021 pairs_len 64 wins A/B/draw 170/130/0 loss 0.0818 item_loss 0.10134 items: used 0.18 of rows-with-items, k>0 35, thrown 186/255
rnd 17600 steps 1.69M t 92.8m eps 0.021 pairs_len 66 wins A/B/draw 175/125/0 loss 0.0817 item_loss 0.10365 items: used 0.17 of rows-with-items, k>0 51, thrown 207/295
rnd 17700 steps 1.70M t 93.4m eps 0.021 pairs_len 68 wins A/B/draw 178/122/0 loss 0.0809 item_loss 0.10541 items: used 0.18 of rows-with-items, k>0 56, thrown 198/274
rnd 17800 steps 1.71M t 93.9m eps 0.020 pairs_len 69 wins A/B/draw 177/123/0 loss 0.0803 item_loss 0.10213 items: used 0.17 of rows-with-items, k>0 55, thrown 172/264
rnd 17900 steps 1.72M t 94.4m eps 0.020 pairs_len 69 wins A/B/draw 175/125/0 loss 0.0806 item_loss 0.10416 items: used 0.19 of rows-with-items, k>0 48, thrown 194/261
rnd 18000 steps 1.73M t 95.0m eps 0.020 pairs_len 67 wins A/B/draw 178/122/0 loss 0.0805 item_loss 0.10389 items: used 0.17 of rows-with-items, k>0 41, thrown 180/251
rnd 18100 steps 1.74M t 95.5m eps 0.019 pairs_len 69 wins A/B/draw 164/136/0 loss 0.0810 item_loss 0.10584 items: used 0.16 of rows-with-items, k>0 28, thrown 194/267
rnd 18200 steps 1.75M t 96.0m eps 0.019 pairs_len 66 wins A/B/draw 160/140/0 loss 0.0808 item_loss 0.10581 items: used 0.17 of rows-with-items, k>0 51, thrown 189/272
rnd 18300 steps 1.76M t 96.5m eps 0.019 pairs_len 66 wins A/B/draw 147/153/0 loss 0.0797 item_loss 0.10666 items: used 0.17 of rows-with-items, k>0 55, thrown 210/294
rnd 18400 steps 1.77M t 97.1m eps 0.018 pairs_len 67 wins A/B/draw 138/162/0 loss 0.0801 item_loss 0.10499 items: used 0.15 of rows-with-items, k>0 29, thrown 146/221
rnd 18500 steps 1.78M t 97.6m eps 0.018 pairs_len 66 wins A/B/draw 143/157/0 loss 0.0795 item_loss 0.10302 items: used 0.16 of rows-with-items, k>0 38, thrown 175/240
rnd 18600 steps 1.79M t 98.2m eps 0.018 pairs_len 67 wins A/B/draw 140/160/0 loss 0.0792 item_loss 0.10321 items: used 0.16 of rows-with-items, k>0 38, thrown 173/258
rnd 18700 steps 1.80M t 98.8m eps 0.017 pairs_len 68 wins A/B/draw 138/162/0 loss 0.0789 item_loss 0.10388 items: used 0.18 of rows-with-items, k>0 31, thrown 182/250
rnd 18800 steps 1.80M t 99.3m eps 0.017 pairs_len 68 wins A/B/draw 140/160/0 loss 0.0790 item_loss 0.10783 items: used 0.18 of rows-with-items, k>0 52, thrown 204/288
rnd 18900 steps 1.81M t 99.9m eps 0.016 pairs_len 70 wins A/B/draw 137/163/0 loss 0.0782 item_loss 0.10828 items: used 0.15 of rows-with-items, k>0 58, thrown 191/277
rnd 19000 steps 1.82M t 100.5m eps 0.016 pairs_len 73 wins A/B/draw 143/157/0 loss 0.0777 item_loss 0.10936 items: used 0.16 of rows-with-items, k>0 72, thrown 207/299
rnd 19100 steps 1.83M t 101.0m eps 0.016 pairs_len 73 wins A/B/draw 145/155/0 loss 0.0770 item_loss 0.10876 items: used 0.16 of rows-with-items, k>0 39, thrown 183/268
EVAL battle-net(A) vs solo-net + old rule(B): {'win': 0.375, 'lose': 0.625, 'draw': 0.0, 'games': 96, 'mean_len': 91.48958333333333}
rnd 19200 steps 1.84M t 102.5m eps 0.015 pairs_len 74 wins A/B/draw 156/144/0 loss 0.0764 item_loss 0.10880 items: used 0.15 of rows-with-items, k>0 61, thrown 193/277
rnd 19300 steps 1.85M t 103.1m eps 0.015 pairs_len 74 wins A/B/draw 159/141/0 loss 0.0758 item_loss 0.11340 items: used 0.13 of rows-with-items, k>0 37, thrown 177/260
rnd 19400 steps 1.86M t 103.6m eps 0.015 pairs_len 74 wins A/B/draw 162/138/0 loss 0.0756 item_loss 0.11557 items: used 0.14 of rows-with-items, k>0 55, thrown 196/287
rnd 19500 steps 1.87M t 104.2m eps 0.014 pairs_len 71 wins A/B/draw 159/141/0 loss 0.0758 item_loss 0.11381 items: used 0.14 of rows-with-items, k>0 53, thrown 181/259
rnd 19600 steps 1.88M t 104.7m eps 0.014 pairs_len 70 wins A/B/draw 161/139/0 loss 0.0754 item_loss 0.11444 items: used 0.21 of rows-with-items, k>0 28, thrown 200/260
rnd 19700 steps 1.89M t 105.3m eps 0.014 pairs_len 70 wins A/B/draw 164/136/0 loss 0.0755 item_loss 0.11251 items: used 0.16 of rows-with-items, k>0 51, thrown 211/315
rnd 19800 steps 1.90M t 105.8m eps 0.013 pairs_len 67 wins A/B/draw 173/127/0 loss 0.0755 item_loss 0.11229 items: used 0.13 of rows-with-items, k>0 56, thrown 192/266
rnd 19900 steps 1.91M t 106.3m eps 0.013 pairs_len 69 wins A/B/draw 167/133/0 loss 0.0757 item_loss 0.10990 items: used 0.14 of rows-with-items, k>0 60, thrown 184/267
rnd 20000 steps 1.92M t 106.9m eps 0.013 pairs_len 69 wins A/B/draw 167/133/0 loss 0.0755 item_loss 0.11174 items: used 0.15 of rows-with-items, k>0 74, thrown 209/305
rnd 20100 steps 1.93M t 107.4m eps 0.012 pairs_len 73 wins A/B/draw 164/136/0 loss 0.0757 item_loss 0.10947 items: used 0.12 of rows-with-items, k>0 51, thrown 186/261
rnd 20200 steps 1.94M t 108.0m eps 0.012 pairs_len 72 wins A/B/draw 155/145/0 loss 0.0749 item_loss 0.10945 items: used 0.12 of rows-with-items, k>0 67, thrown 203/298
rnd 20300 steps 1.95M t 108.5m eps 0.012 pairs_len 74 wins A/B/draw 139/161/0 loss 0.0746 item_loss 0.11261 items: used 0.14 of rows-with-items, k>0 50, thrown 190/263
rnd 20400 steps 1.96M t 109.0m eps 0.011 pairs_len 72 wins A/B/draw 143/157/0 loss 0.0747 item_loss 0.11235 items: used 0.15 of rows-with-items, k>0 52, thrown 198/283
rnd 20500 steps 1.97M t 109.5m eps 0.011 pairs_len 73 wins A/B/draw 144/156/0 loss 0.0749 item_loss 0.11110 items: used 0.15 of rows-with-items, k>0 61, thrown 196/269
rnd 20600 steps 1.98M t 110.1m eps 0.011 pairs_len 72 wins A/B/draw 145/155/0 loss 0.0745 item_loss 0.11263 items: used 0.12 of rows-with-items, k>0 39, thrown 187/259
rnd 20700 steps 1.99M t 110.6m eps 0.010 pairs_len 72 wins A/B/draw 149/151/0 loss 0.0747 item_loss 0.11218 items: used 0.11 of rows-with-items, k>0 57, thrown 206/299
rnd 20800 steps 2.00M t 111.1m eps 0.010 pairs_len 75 wins A/B/draw 160/140/0 loss 0.0751 item_loss 0.11482 items: used 0.13 of rows-with-items, k>0 70, thrown 198/264
rnd 20900 steps 2.01M t 111.7m eps 0.010 pairs_len 74 wins A/B/draw 146/154/0 loss 0.0744 item_loss 0.11199 items: used 0.14 of rows-with-items, k>0 43, thrown 172/232
rnd 21000 steps 2.02M t 112.2m eps 0.010 pairs_len 73 wins A/B/draw 150/150/0 loss 0.0750 item_loss 0.11449 items: used 0.12 of rows-with-items, k>0 55, thrown 194/257
rnd 21100 steps 2.03M t 112.7m eps 0.010 pairs_len 73 wins A/B/draw 148/152/0 loss 0.0746 item_loss 0.11253 items: used 0.11 of rows-with-items, k>0 56, thrown 163/236
rnd 21200 steps 2.04M t 113.3m eps 0.010 pairs_len 72 wins A/B/draw 138/162/0 loss 0.0738 item_loss 0.11314 items: used 0.12 of rows-with-items, k>0 70, thrown 186/259
rnd 21300 steps 2.04M t 113.8m eps 0.010 pairs_len 69 wins A/B/draw 144/156/0 loss 0.0737 item_loss 0.11128 items: used 0.13 of rows-with-items, k>0 59, thrown 187/253
rnd 21400 steps 2.05M t 114.3m eps 0.010 pairs_len 69 wins A/B/draw 150/150/0 loss 0.0732 item_loss 0.11068 items: used 0.13 of rows-with-items, k>0 53, thrown 193/257
rnd 21500 steps 2.06M t 114.8m eps 0.010 pairs_len 69 wins A/B/draw 146/154/0 loss 0.0728 item_loss 0.11056 items: used 0.12 of rows-with-items, k>0 75, thrown 213/281
rnd 21600 steps 2.07M t 115.3m eps 0.010 pairs_len 67 wins A/B/draw 153/147/0 loss 0.0727 item_loss 0.10918 items: used 0.15 of rows-with-items, k>0 57, thrown 196/251
rnd 21700 steps 2.08M t 115.8m eps 0.010 pairs_len 70 wins A/B/draw 155/145/0 loss 0.0723 item_loss 0.10784 items: used 0.12 of rows-with-items, k>0 35, thrown 163/250
rnd 21800 steps 2.09M t 116.4m eps 0.010 pairs_len 72 wins A/B/draw 146/154/0 loss 0.0719 item_loss 0.11037 items: used 0.13 of rows-with-items, k>0 69, thrown 182/263
rnd 21900 steps 2.10M t 117.0m eps 0.010 pairs_len 73 wins A/B/draw 143/157/0 loss 0.0711 item_loss 0.11389 items: used 0.13 of rows-with-items, k>0 50, thrown 172/245
rnd 22000 steps 2.11M t 117.5m eps 0.010 pairs_len 71 wins A/B/draw 133/167/0 loss 0.0707 item_loss 0.11283 items: used 0.13 of rows-with-items, k>0 63, thrown 198/253
rnd 22100 steps 2.12M t 118.0m eps 0.010 pairs_len 73 wins A/B/draw 132/168/0 loss 0.0704 item_loss 0.11472 items: used 0.12 of rows-with-items, k>0 61, thrown 224/297
rnd 22200 steps 2.13M t 118.6m eps 0.010 pairs_len 69 wins A/B/draw 144/156/0 loss 0.0705 item_loss 0.11396 items: used 0.11 of rows-with-items, k>0 43, thrown 141/221
rnd 22300 steps 2.14M t 119.1m eps 0.010 pairs_len 68 wins A/B/draw 151/149/0 loss 0.0703 item_loss 0.11221 items: used 0.12 of rows-with-items, k>0 53, thrown 154/233
rnd 22400 steps 2.15M t 119.6m eps 0.010 pairs_len 69 wins A/B/draw 159/141/0 loss 0.0698 item_loss 0.11255 items: used 0.12 of rows-with-items, k>0 63, thrown 188/257
rnd 22500 steps 2.16M t 120.2m eps 0.010 pairs_len 68 wins A/B/draw 156/144/0 loss 0.0696 item_loss 0.11107 items: used 0.12 of rows-with-items, k>0 53, thrown 173/234
rnd 22600 steps 2.17M t 120.7m eps 0.010 pairs_len 72 wins A/B/draw 153/147/0 loss 0.0696 item_loss 0.10759 items: used 0.12 of rows-with-items, k>0 69, thrown 204/281
rnd 22700 steps 2.18M t 121.2m eps 0.010 pairs_len 74 wins A/B/draw 138/162/0 loss 0.0693 item_loss 0.10597 items: used 0.12 of rows-with-items, k>0 59, thrown 195/267
EVAL battle-net(A) vs solo-net + old rule(B): {'win': 0.3854166666666667, 'lose': 0.6145833333333334, 'draw': 0.0, 'games': 96, 'mean_len': 85.0625}
