init: runs/bat2/best.pt | new tensors: []
rnd 100 steps 0.01M t 1.5m eps 0.080 pairs_len 62 wins A/B/draw 18/28/0 loss 0.0000 item_loss 0.00000 items: used 0.54 of rows-with-items, k>0 110, thrown 399/649
EVAL battle-net(A) vs solo-net + old rule(B): {'win': 0.4895833333333333, 'lose': 0.5, 'draw': 0.010416666666666666, 'games': 96, 'mean_len': 109.46875}
rnd 200 steps 0.02M t 6.2m eps 0.079 pairs_len 74 wins A/B/draw 45/68/1 loss 0.0000 item_loss 0.00000 items: used 0.56 of rows-with-items, k>0 122, thrown 468/767
/home/a/Desktop/stuff/polycube/ndrl/train_battle.py:254: UserWarning: Converting a tensor with requires_grad=True to a scalar may lead to unexpected behavior.
Consider using tensor.detach() first. (Triggered internally at /pytorch/torch/csrc/autograd/generated/python_variable_methods.cpp:836.)
  if rnd % 10 == 0: loss_ema = 0.99 * loss_ema + 0.01 * loss.item(); iloss_ema = 0.99 * iloss_ema + 0.01 * float(il)
rnd 300 steps 0.03M t 7.7m eps 0.079 pairs_len 76 wins A/B/draw 75/101/1 loss 0.0017 item_loss 0.00028 items: used 0.62 of rows-with-items, k>0 91, thrown 437/783
rnd 400 steps 0.04M t 9.2m eps 0.079 pairs_len 81 wins A/B/draw 113/125/2 loss 0.0038 item_loss 0.00091 items: used 0.64 of rows-with-items, k>0 102, thrown 467/751
rnd 500 steps 0.05M t 10.6m eps 0.078 pairs_len 83 wins A/B/draw 147/151/2 loss 0.0060 item_loss 0.00116 items: used 0.63 of rows-with-items, k>0 76, thrown 416/730
rnd 600 steps 0.06M t 12.2m eps 0.078 pairs_len 87 wins A/B/draw 150/148/2 loss 0.0081 item_loss 0.00141 items: used 0.61 of rows-with-items, k>0 75, thrown 393/661
rnd 700 steps 0.07M t 13.6m eps 0.078 pairs_len 87 wins A/B/draw 161/136/3 loss 0.0095 item_loss 0.00160 items: used 0.64 of rows-with-items, k>0 61, thrown 346/624
rnd 800 steps 0.08M t 15.2m eps 0.077 pairs_len 82 wins A/B/draw 148/150/2 loss 0.0110 item_loss 0.00184 items: used 0.66 of rows-with-items, k>0 54, thrown 324/574
rnd 900 steps 0.09M t 16.7m eps 0.077 pairs_len 76 wins A/B/draw 149/149/2 loss 0.0119 item_loss 0.00196 items: used 0.62 of rows-with-items, k>0 61, thrown 364/614
rnd 1000 steps 0.10M t 18.3m eps 0.077 pairs_len 71 wins A/B/draw 153/145/2 loss 0.0129 item_loss 0.00212 items: used 0.58 of rows-with-items, k>0 73, thrown 336/599
rnd 1100 steps 0.11M t 19.7m eps 0.076 pairs_len 69 wins A/B/draw 156/143/1 loss 0.0135 item_loss 0.00232 items: used 0.56 of rows-with-items, k>0 77, thrown 332/590
rnd 1200 steps 0.12M t 21.2m eps 0.076 pairs_len 68 wins A/B/draw 159/140/1 loss 0.0139 item_loss 0.00252 items: used 0.60 of rows-with-items, k>0 72, thrown 323/558
EVAL battle-net(A) vs solo-net + old rule(B): {'win': 0.12371134020618557, 'lose': 0.8762886597938144, 'draw': 0.0, 'games': 97, 'mean_len': 72.9278350515464}
rnd 1300 steps 0.12M t 24.8m eps 0.076 pairs_len 69 wins A/B/draw 148/150/2 loss 0.0144 item_loss 0.00263 items: used 0.62 of rows-with-items, k>0 83, thrown 331/569
rnd 1400 steps 0.13M t 26.3m eps 0.075 pairs_len 66 wins A/B/draw 145/152/3 loss 0.0149 item_loss 0.00277 items: used 0.60 of rows-with-items, k>0 75, thrown 287/506
rnd 1500 steps 0.14M t 27.8m eps 0.075 pairs_len 65 wins A/B/draw 146/150/4 loss 0.0153 item_loss 0.00316 items: used 0.63 of rows-with-items, k>0 74, thrown 313/534
rnd 1600 steps 0.15M t 29.2m eps 0.075 pairs_len 64 wins A/B/draw 142/155/3 loss 0.0157 item_loss 0.00325 items: used 0.62 of rows-with-items, k>0 67, thrown 291/507
rnd 1700 steps 0.16M t 30.6m eps 0.074 pairs_len 64 wins A/B/draw 142/156/2 loss 0.0159 item_loss 0.00340 items: used 0.56 of rows-with-items, k>0 91, thrown 328/559
rnd 1800 steps 0.17M t 32.1m eps 0.074 pairs_len 65 wins A/B/draw 149/149/2 loss 0.0168 item_loss 0.00357 items: used 0.54 of rows-with-items, k>0 74, thrown 287/492
rnd 1900 steps 0.18M t 33.6m eps 0.074 pairs_len 65 wins A/B/draw 151/146/3 loss 0.0170 item_loss 0.00362 items: used 0.60 of rows-with-items, k>0 73, thrown 289/521
rnd 2000 steps 0.19M t 35.0m eps 0.073 pairs_len 67 wins A/B/draw 148/148/4 loss 0.0177 item_loss 0.00364 items: used 0.60 of rows-with-items, k>0 59, thrown 302/521
rnd 2100 steps 0.20M t 36.5m eps 0.073 pairs_len 65 wins A/B/draw 140/157/3 loss 0.0180 item_loss 0.00366 items: used 0.60 of rows-with-items, k>0 65, thrown 277/488
rnd 2200 steps 0.21M t 37.9m eps 0.073 pairs_len 63 wins A/B/draw 142/156/2 loss 0.0185 item_loss 0.00390 items: used 0.59 of rows-with-items, k>0 64, thrown 315/499
rnd 2300 steps 0.22M t 39.4m eps 0.072 pairs_len 62 wins A/B/draw 143/156/1 loss 0.0187 item_loss 0.00392 items: used 0.60 of rows-with-items, k>0 95, thrown 317/532
rnd 2400 steps 0.23M t 40.8m eps 0.072 pairs_len 61 wins A/B/draw 157/142/1 loss 0.0189 item_loss 0.00401 items: used 0.56 of rows-with-items, k>0 75, thrown 335/520
EVAL battle-net(A) vs solo-net + old rule(B): {'win': 0.10416666666666667, 'lose': 0.8958333333333334, 'draw': 0.0, 'games': 96, 'mean_len': 72.61458333333333}
rnd 2500 steps 0.24M t 44.4m eps 0.072 pairs_len 63 wins A/B/draw 164/135/1 loss 0.0195 item_loss 0.00420 items: used 0.58 of rows-with-items, k>0 80, thrown 322/546
rnd 2600 steps 0.25M t 45.9m eps 0.071 pairs_len 65 wins A/B/draw 165/133/2 loss 0.0198 item_loss 0.00426 items: used 0.56 of rows-with-items, k>0 76, thrown 304/517
rnd 2700 steps 0.26M t 47.3m eps 0.071 pairs_len 67 wins A/B/draw 153/143/4 loss 0.0198 item_loss 0.00435 items: used 0.60 of rows-with-items, k>0 82, thrown 318/550
rnd 2800 steps 0.27M t 48.8m eps 0.071 pairs_len 68 wins A/B/draw 148/149/3 loss 0.0197 item_loss 0.00466 items: used 0.55 of rows-with-items, k>0 88, thrown 297/516
rnd 2900 steps 0.28M t 50.2m eps 0.070 pairs_len 67 wins A/B/draw 148/149/3 loss 0.0199 item_loss 0.00456 items: used 0.59 of rows-with-items, k>0 74, thrown 302/494
rnd 3000 steps 0.29M t 51.7m eps 0.070 pairs_len 66 wins A/B/draw 147/150/3 loss 0.0202 item_loss 0.00463 items: used 0.60 of rows-with-items, k>0 73, thrown 343/550
rnd 3100 steps 0.30M t 53.2m eps 0.070 pairs_len 65 wins A/B/draw 150/148/2 loss 0.0203 item_loss 0.00468 items: used 0.55 of rows-with-items, k>0 79, thrown 323/525
rnd 3200 steps 0.31M t 54.6m eps 0.069 pairs_len 64 wins A/B/draw 144/155/1 loss 0.0203 item_loss 0.00468 items: used 0.53 of rows-with-items, k>0 76, thrown 311/527
rnd 3300 steps 0.32M t 56.2m eps 0.069 pairs_len 65 wins A/B/draw 154/146/0 loss 0.0208 item_loss 0.00482 items: used 0.56 of rows-with-items, k>0 116, thrown 346/537
rnd 3400 steps 0.33M t 57.6m eps 0.069 pairs_len 66 wins A/B/draw 148/151/1 loss 0.0208 item_loss 0.00477 items: used 0.54 of rows-with-items, k>0 100, thrown 336/529
rnd 3500 steps 0.34M t 59.1m eps 0.068 pairs_len 65 wins A/B/draw 156/142/2 loss 0.0211 item_loss 0.00480 items: used 0.58 of rows-with-items, k>0 84, thrown 318/541
rnd 3600 steps 0.35M t 60.5m eps 0.068 pairs_len 65 wins A/B/draw 155/139/6 loss 0.0214 item_loss 0.00485 items: used 0.56 of rows-with-items, k>0 85, thrown 317/541
EVAL battle-net(A) vs solo-net + old rule(B): {'win': 0.1875, 'lose': 0.8125, 'draw': 0.0, 'games': 96, 'mean_len': 72.02083333333333}
rnd 3700 steps 0.36M t 64.1m eps 0.068 pairs_len 64 wins A/B/draw 152/141/7 loss 0.0219 item_loss 0.00490 items: used 0.58 of rows-with-items, k>0 96, thrown 360/544
rnd 3800 steps 0.36M t 65.6m eps 0.067 pairs_len 63 wins A/B/draw 150/144/6 loss 0.0222 item_loss 0.00504 items: used 0.55 of rows-with-items, k>0 73, thrown 275/438
rnd 3900 steps 0.37M t 67.0m eps 0.067 pairs_len 62 wins A/B/draw 154/139/7 loss 0.0227 item_loss 0.00511 items: used 0.56 of rows-with-items, k>0 92, thrown 340/554
rnd 4000 steps 0.38M t 68.5m eps 0.067 pairs_len 62 wins A/B/draw 150/145/5 loss 0.0227 item_loss 0.00525 items: used 0.51 of rows-with-items, k>0 90, thrown 279/462
rnd 4100 steps 0.39M t 69.9m eps 0.066 pairs_len 61 wins A/B/draw 150/142/8 loss 0.0231 item_loss 0.00541 items: used 0.52 of rows-with-items, k>0 99, thrown 310/495
rnd 4200 steps 0.40M t 71.4m eps 0.066 pairs_len 61 wins A/B/draw 141/152/7 loss 0.0232 item_loss 0.00541 items: used 0.55 of rows-with-items, k>0 70, thrown 300/448
rnd 4300 steps 0.41M t 72.9m eps 0.066 pairs_len 61 wins A/B/draw 146/148/6 loss 0.0235 item_loss 0.00557 items: used 0.52 of rows-with-items, k>0 75, thrown 314/509
rnd 4400 steps 0.42M t 74.3m eps 0.065 pairs_len 61 wins A/B/draw 151/141/8 loss 0.0237 item_loss 0.00568 items: used 0.57 of rows-with-items, k>0 58, thrown 269/440
rnd 4500 steps 0.43M t 75.8m eps 0.065 pairs_len 60 wins A/B/draw 147/144/9 loss 0.0242 item_loss 0.00570 items: used 0.55 of rows-with-items, k>0 102, thrown 302/509
rnd 4600 steps 0.44M t 77.2m eps 0.065 pairs_len 61 wins A/B/draw 156/138/6 loss 0.0239 item_loss 0.00563 items: used 0.54 of rows-with-items, k>0 84, thrown 319/516
rnd 4700 steps 0.45M t 78.7m eps 0.064 pairs_len 62 wins A/B/draw 146/150/4 loss 0.0242 item_loss 0.00559 items: used 0.58 of rows-with-items, k>0 86, thrown 290/491
rnd 4800 steps 0.46M t 80.1m eps 0.064 pairs_len 63 wins A/B/draw 144/152/4 loss 0.0241 item_loss 0.00566 items: used 0.51 of rows-with-items, k>0 81, thrown 293/494
EVAL battle-net(A) vs solo-net + old rule(B): {'win': 0.06060606060606061, 'lose': 0.9393939393939394, 'draw': 0.0, 'games': 99, 'mean_len': 68.86868686868686}
rnd 4900 steps 0.47M t 83.8m eps 0.064 pairs_len 63 wins A/B/draw 135/158/7 loss 0.0244 item_loss 0.00562 items: used 0.56 of rows-with-items, k>0 73, thrown 289/491
rnd 5000 steps 0.48M t 85.2m eps 0.063 pairs_len 60 wins A/B/draw 134/158/8 loss 0.0249 item_loss 0.00571 items: used 0.57 of rows-with-items, k>0 56, thrown 267/448
rnd 5100 steps 0.49M t 86.7m eps 0.063 pairs_len 59 wins A/B/draw 147/147/6 loss 0.0250 item_loss 0.00577 items: used 0.53 of rows-with-items, k>0 60, thrown 245/433
rnd 5200 steps 0.50M t 88.1m eps 0.063 pairs_len 58 wins A/B/draw 151/144/5 loss 0.0259 item_loss 0.00576 items: used 0.57 of rows-with-items, k>0 88, thrown 283/471
rnd 5300 steps 0.51M t 89.6m eps 0.062 pairs_len 57 wins A/B/draw 154/140/6 loss 0.0262 item_loss 0.00593 items: used 0.54 of rows-with-items, k>0 62, thrown 260/422
rnd 5400 steps 0.52M t 91.1m eps 0.062 pairs_len 58 wins A/B/draw 140/152/8 loss 0.0263 item_loss 0.00607 items: used 0.56 of rows-with-items, k>0 96, thrown 305/501
rnd 5500 steps 0.53M t 92.5m eps 0.062 pairs_len 58 wins A/B/draw 137/156/7 loss 0.0262 item_loss 0.00611 items: used 0.58 of rows-with-items, k>0 75, thrown 295/475
rnd 5600 steps 0.54M t 94.0m eps 0.061 pairs_len 58 wins A/B/draw 142/153/5 loss 0.0267 item_loss 0.00614 items: used 0.59 of rows-with-items, k>0 71, thrown 275/460
rnd 5700 steps 0.55M t 95.5m eps 0.061 pairs_len 59 wins A/B/draw 148/150/2 loss 0.0268 item_loss 0.00631 items: used 0.55 of rows-with-items, k>0 76, thrown 277/474
rnd 5800 steps 0.56M t 96.9m eps 0.061 pairs_len 59 wins A/B/draw 144/154/2 loss 0.0273 item_loss 0.00627 items: used 0.55 of rows-with-items, k>0 97, thrown 325/542
rnd 5900 steps 0.57M t 98.4m eps 0.060 pairs_len 61 wins A/B/draw 152/145/3 loss 0.0273 item_loss 0.00629 items: used 0.53 of rows-with-items, k>0 94, thrown 313/513
rnd 6000 steps 0.58M t 99.8m eps 0.060 pairs_len 60 wins A/B/draw 144/152/4 loss 0.0274 item_loss 0.00636 items: used 0.59 of rows-with-items, k>0 86, thrown 294/484
rnd 6100 steps 0.59M t 101.3m eps 0.060 pairs_len 61 wins A/B/draw 146/150/4 loss 0.0275 item_loss 0.00626 items: used 0.52 of rows-with-items, k>0 73, thrown 293/506
EVAL battle-net(A) vs solo-net + old rule(B): {'win': 0.09278350515463918, 'lose': 0.9072164948453608, 'draw': 0.0, 'games': 97, 'mean_len': 72.76288659793815}
rnd 6200 steps 0.60M t 104.9m eps 0.059 pairs_len 62 wins A/B/draw 142/153/5 loss 0.0277 item_loss 0.00637 items: used 0.57 of rows-with-items, k>0 86, thrown 318/483
rnd 6300 steps 0.60M t 106.4m eps 0.059 pairs_len 62 wins A/B/draw 144/151/5 loss 0.0281 item_loss 0.00636 items: used 0.58 of rows-with-items, k>0 81, thrown 302/497
rnd 6400 steps 0.61M t 107.8m eps 0.058 pairs_len 61 wins A/B/draw 132/165/3 loss 0.0282 item_loss 0.00638 items: used 0.56 of rows-with-items, k>0 85, thrown 294/488
rnd 6500 steps 0.62M t 109.3m eps 0.058 pairs_len 59 wins A/B/draw 147/151/2 loss 0.0284 item_loss 0.00657 items: used 0.58 of rows-with-items, k>0 67, thrown 293/474
rnd 6600 steps 0.63M t 110.8m eps 0.058 pairs_len 59 wins A/B/draw 151/146/3 loss 0.0291 item_loss 0.00658 items: used 0.54 of rows-with-items, k>0 86, thrown 280/464
rnd 6700 steps 0.64M t 112.2m eps 0.057 pairs_len 58 wins A/B/draw 156/140/4 loss 0.0292 item_loss 0.00644 items: used 0.55 of rows-with-items, k>0 84, thrown 266/428
rnd 6800 steps 0.65M t 113.7m eps 0.057 pairs_len 58 wins A/B/draw 152/145/3 loss 0.0295 item_loss 0.00650 items: used 0.53 of rows-with-items, k>0 91, thrown 276/451
rnd 6900 steps 0.66M t 115.0m eps 0.057 pairs_len 59 wins A/B/draw 141/155/4 loss 0.0297 item_loss 0.00659 items: used 0.57 of rows-with-items, k>0 66, thrown 258/437
rnd 7000 steps 0.67M t 115.8m eps 0.056 pairs_len 58 wins A/B/draw 138/156/6 loss 0.0297 item_loss 0.00688 items: used 0.60 of rows-with-items, k>0 94, thrown 292/451
rnd 7100 steps 0.68M t 116.5m eps 0.056 pairs_len 58 wins A/B/draw 135/158/7 loss 0.0300 item_loss 0.00683 items: used 0.55 of rows-with-items, k>0 93, thrown 284/460
rnd 7200 steps 0.69M t 117.2m eps 0.056 pairs_len 57 wins A/B/draw 150/144/6 loss 0.0303 item_loss 0.00683 items: used 0.59 of rows-with-items, k>0 66, thrown 257/435
rnd 7300 steps 0.70M t 117.9m eps 0.055 pairs_len 57 wins A/B/draw 153/142/5 loss 0.0302 item_loss 0.00689 items: used 0.52 of rows-with-items, k>0 75, thrown 266/424
rnd 7400 steps 0.71M t 118.6m eps 0.055 pairs_len 57 wins A/B/draw 155/140/5 loss 0.0303 item_loss 0.00689 items: used 0.59 of rows-with-items, k>0 72, thrown 254/401
rnd 7500 steps 0.72M t 119.4m eps 0.055 pairs_len 56 wins A/B/draw 154/142/4 loss 0.0307 item_loss 0.00682 items: used 0.53 of rows-with-items, k>0 68, thrown 272/449
rnd 7600 steps 0.73M t 120.1m eps 0.054 pairs_len 56 wins A/B/draw 157/139/4 loss 0.0306 item_loss 0.00672 items: used 0.53 of rows-with-items, k>0 85, thrown 244/388
rnd 7700 steps 0.74M t 120.8m eps 0.054 pairs_len 57 wins A/B/draw 158/139/3 loss 0.0310 item_loss 0.00694 items: used 0.48 of rows-with-items, k>0 83, thrown 287/460
rnd 7800 steps 0.75M t 121.5m eps 0.054 pairs_len 56 wins A/B/draw 150/148/2 loss 0.0312 item_loss 0.00690 items: used 0.60 of rows-with-items, k>0 68, thrown 293/442
EVAL battle-net(A) vs solo-net + old rule(B): {'win': 0.13541666666666666, 'lose': 0.8541666666666666, 'draw': 0.010416666666666666, 'games': 96, 'mean_len': 63.322916666666664}
rnd 7900 steps 0.76M t 123.2m eps 0.053 pairs_len 56 wins A/B/draw 145/153/2 loss 0.0312 item_loss 0.00692 items: used 0.54 of rows-with-items, k>0 64, thrown 259/441
rnd 8000 steps 0.77M t 123.9m eps 0.053 pairs_len 56 wins A/B/draw 142/155/3 loss 0.0308 item_loss 0.00714 items: used 0.49 of rows-with-items, k>0 73, thrown 266/427
rnd 8100 steps 0.78M t 124.7m eps 0.053 pairs_len 57 wins A/B/draw 135/161/4 loss 0.0310 item_loss 0.00740 items: used 0.54 of rows-with-items, k>0 87, thrown 249/420
rnd 8200 steps 0.79M t 125.4m eps 0.052 pairs_len 57 wins A/B/draw 136/159/5 loss 0.0310 item_loss 0.00767 items: used 0.54 of rows-with-items, k>0 76, thrown 298/481
rnd 8300 steps 0.80M t 126.1m eps 0.052 pairs_len 55 wins A/B/draw 131/165/4 loss 0.0312 item_loss 0.00785 items: used 0.56 of rows-with-items, k>0 68, thrown 246/402
rnd 8400 steps 0.81M t 126.9m eps 0.052 pairs_len 55 wins A/B/draw 142/155/3 loss 0.0316 item_loss 0.00803 items: used 0.57 of rows-with-items, k>0 87, thrown 257/424
rnd 8500 steps 0.82M t 127.6m eps 0.051 pairs_len 54 wins A/B/draw 145/150/5 loss 0.0316 item_loss 0.00807 items: used 0.52 of rows-with-items, k>0 83, thrown 261/409
rnd 8600 steps 0.83M t 128.3m eps 0.051 pairs_len 53 wins A/B/draw 139/153/8 loss 0.0313 item_loss 0.00805 items: used 0.56 of rows-with-items, k>0 58, thrown 229/362
rnd 8700 steps 0.84M t 129.0m eps 0.051 pairs_len 52 wins A/B/draw 144/146/10 loss 0.0311 item_loss 0.00815 items: used 0.55 of rows-with-items, k>0 70, thrown 254/434
rnd 8800 steps 0.84M t 129.7m eps 0.050 pairs_len 52 wins A/B/draw 149/146/5 loss 0.0312 item_loss 0.00804 items: used 0.56 of rows-with-items, k>0 77, thrown 254/398
rnd 8900 steps 0.85M t 130.4m eps 0.050 pairs_len 53 wins A/B/draw 144/152/4 loss 0.0316 item_loss 0.00823 items: used 0.53 of rows-with-items, k>0 65, thrown 257/381
rnd 9000 steps 0.86M t 131.1m eps 0.050 pairs_len 53 wins A/B/draw 149/147/4 loss 0.0317 item_loss 0.00832 items: used 0.60 of rows-with-items, k>0 98, thrown 298/474
rnd 9100 steps 0.87M t 131.7m eps 0.049 pairs_len 55 wins A/B/draw 157/135/8 loss 0.0318 item_loss 0.00862 items: used 0.54 of rows-with-items, k>0 85, thrown 265/433
rnd 9200 steps 0.88M t 132.4m eps 0.049 pairs_len 55 wins A/B/draw 162/129/9 loss 0.0320 item_loss 0.00856 items: used 0.57 of rows-with-items, k>0 77, thrown 281/422
rnd 9300 steps 0.89M t 133.1m eps 0.049 pairs_len 55 wins A/B/draw 162/128/10 loss 0.0320 item_loss 0.00848 items: used 0.53 of rows-with-items, k>0 74, thrown 250/408
rnd 9400 steps 0.90M t 133.8m eps 0.048 pairs_len 53 wins A/B/draw 153/137/10 loss 0.0319 item_loss 0.00855 items: used 0.53 of rows-with-items, k>0 68, thrown 255/381
rnd 9500 steps 0.91M t 134.4m eps 0.048 pairs_len 51 wins A/B/draw 151/144/5 loss 0.0323 item_loss 0.00899 items: used 0.57 of rows-with-items, k>0 67, thrown 267/401
rnd 9600 steps 0.92M t 135.1m eps 0.048 pairs_len 50 wins A/B/draw 139/157/4 loss 0.0329 item_loss 0.00904 items: used 0.57 of rows-with-items, k>0 71, thrown 269/406
rnd 9700 steps 0.93M t 135.8m eps 0.047 pairs_len 50 wins A/B/draw 144/152/4 loss 0.0330 item_loss 0.00892 items: used 0.65 of rows-with-items, k>0 70, thrown 274/401
rnd 9800 steps 0.94M t 136.4m eps 0.047 pairs_len 51 wins A/B/draw 143/151/6 loss 0.0337 item_loss 0.00903 items: used 0.53 of rows-with-items, k>0 62, thrown 259/397
rnd 9900 steps 0.95M t 137.1m eps 0.047 pairs_len 51 wins A/B/draw 139/154/7 loss 0.0339 item_loss 0.00914 items: used 0.54 of rows-with-items, k>0 61, thrown 253/394
rnd 10000 steps 0.96M t 137.8m eps 0.046 pairs_len 51 wins A/B/draw 135/157/8 loss 0.0341 item_loss 0.00905 items: used 0.58 of rows-with-items, k>0 63, thrown 224/363
rnd 10100 steps 0.97M t 138.4m eps 0.046 pairs_len 51 wins A/B/draw 140/155/5 loss 0.0343 item_loss 0.00917 items: used 0.54 of rows-with-items, k>0 61, thrown 257/368
rnd 10200 steps 0.98M t 139.1m eps 0.046 pairs_len 52 wins A/B/draw 158/138/4 loss 0.0343 item_loss 0.00934 items: used 0.51 of rows-with-items, k>0 66, thrown 274/393
rnd 10300 steps 0.99M t 139.8m eps 0.045 pairs_len 52 wins A/B/draw 152/142/6 loss 0.0345 item_loss 0.00931 items: used 0.54 of rows-with-items, k>0 73, thrown 276/424
rnd 10400 steps 1.00M t 140.4m eps 0.045 pairs_len 53 wins A/B/draw 150/143/7 loss 0.0349 item_loss 0.00917 items: used 0.53 of rows-with-items, k>0 93, thrown 294/446
rnd 10500 steps 1.01M t 141.1m eps 0.045 pairs_len 54 wins A/B/draw 143/149/8 loss 0.0351 item_loss 0.00957 items: used 0.58 of rows-with-items, k>0 73, thrown 244/379
EVAL battle-net(A) vs solo-net + old rule(B): {'win': 0.11458333333333333, 'lose': 0.8854166666666666, 'draw': 0.0, 'games': 96, 'mean_len': 58.4375}
rnd 10600 steps 1.02M t 142.6m eps 0.044 pairs_len 53 wins A/B/draw 145/146/9 loss 0.0352 item_loss 0.00979 items: used 0.65 of rows-with-items, k>0 48, thrown 246/370
rnd 10700 steps 1.03M t 143.2m eps 0.044 pairs_len 51 wins A/B/draw 133/159/8 loss 0.0350 item_loss 0.00978 items: used 0.51 of rows-with-items, k>0 54, thrown 243/372
rnd 10800 steps 1.04M t 143.9m eps 0.044 pairs_len 51 wins A/B/draw 128/166/6 loss 0.0353 item_loss 0.00979 items: used 0.53 of rows-with-items, k>0 51, thrown 263/397
rnd 10900 steps 1.05M t 144.6m eps 0.043 pairs_len 51 wins A/B/draw 140/155/5 loss 0.0358 item_loss 0.00997 items: used 0.54 of rows-with-items, k>0 68, thrown 256/384
rnd 11000 steps 1.06M t 145.3m eps 0.043 pairs_len 51 wins A/B/draw 150/145/5 loss 0.0363 item_loss 0.01011 items: used 0.55 of rows-with-items, k>0 69, thrown 244/381
rnd 11100 steps 1.07M t 146.0m eps 0.043 pairs_len 50 wins A/B/draw 147/149/4 loss 0.0369 item_loss 0.01021 items: used 0.60 of rows-with-items, k>0 65, thrown 258/372
rnd 11200 steps 1.08M t 146.7m eps 0.042 pairs_len 50 wins A/B/draw 141/155/4 loss 0.0373 item_loss 0.01028 items: used 0.55 of rows-with-items, k>0 73, thrown 245/395
rnd 11300 steps 1.08M t 147.4m eps 0.042 pairs_len 50 wins A/B/draw 150/145/5 loss 0.0377 item_loss 0.01036 items: used 0.58 of rows-with-items, k>0 80, thrown 271/434
rnd 11400 steps 1.09M t 148.2m eps 0.042 pairs_len 51 wins A/B/draw 155/139/6 loss 0.0380 item_loss 0.01028 items: used 0.56 of rows-with-items, k>0 54, thrown 245/357
rnd 11500 steps 1.10M t 148.9m eps 0.041 pairs_len 51 wins A/B/draw 150/144/6 loss 0.0378 item_loss 0.01055 items: used 0.57 of rows-with-items, k>0 51, thrown 238/342
rnd 11600 steps 1.11M t 149.6m eps 0.041 pairs_len 50 wins A/B/draw 143/149/8 loss 0.0379 item_loss 0.01058 items: used 0.59 of rows-with-items, k>0 61, thrown 241/376
rnd 11700 steps 1.12M t 150.3m eps 0.041 pairs_len 50 wins A/B/draw 138/155/7 loss 0.0386 item_loss 0.01078 items: used 0.51 of rows-with-items, k>0 74, thrown 279/417
rnd 11800 steps 1.13M t 151.0m eps 0.040 pairs_len 52 wins A/B/draw 141/151/8 loss 0.0387 item_loss 0.01091 items: used 0.55 of rows-with-items, k>0 70, thrown 277/408
rnd 11900 steps 1.14M t 151.7m eps 0.040 pairs_len 52 wins A/B/draw 147/146/7 loss 0.0386 item_loss 0.01080 items: used 0.64 of rows-with-items, k>0 76, thrown 255/386
rnd 12000 steps 1.15M t 152.4m eps 0.040 pairs_len 53 wins A/B/draw 158/136/6 loss 0.0389 item_loss 0.01099 items: used 0.49 of rows-with-items, k>0 51, thrown 242/365
rnd 12100 steps 1.16M t 153.2m eps 0.039 pairs_len 50 wins A/B/draw 159/136/5 loss 0.0391 item_loss 0.01107 items: used 0.51 of rows-with-items, k>0 73, thrown 272/398
rnd 12200 steps 1.17M t 153.9m eps 0.039 pairs_len 50 wins A/B/draw 159/134/7 loss 0.0391 item_loss 0.01133 items: used 0.58 of rows-with-items, k>0 47, thrown 233/351
rnd 12300 steps 1.18M t 154.6m eps 0.039 pairs_len 49 wins A/B/draw 154/141/5 loss 0.0395 item_loss 0.01140 items: used 0.58 of rows-with-items, k>0 54, thrown 208/346
rnd 12400 steps 1.19M t 155.3m eps 0.038 pairs_len 49 wins A/B/draw 157/142/1 loss 0.0395 item_loss 0.01143 items: used 0.55 of rows-with-items, k>0 51, thrown 210/298
rnd 12500 steps 1.20M t 156.1m eps 0.038 pairs_len 49 wins A/B/draw 159/138/3 loss 0.0396 item_loss 0.01152 items: used 0.56 of rows-with-items, k>0 50, thrown 246/350
rnd 12600 steps 1.21M t 156.8m eps 0.038 pairs_len 49 wins A/B/draw 153/141/6 loss 0.0396 item_loss 0.01179 items: used 0.50 of rows-with-items, k>0 52, thrown 243/362
rnd 12700 steps 1.22M t 157.5m eps 0.037 pairs_len 49 wins A/B/draw 150/140/10 loss 0.0393 item_loss 0.01192 items: used 0.54 of rows-with-items, k>0 75, thrown 258/382
rnd 12800 steps 1.23M t 158.2m eps 0.037 pairs_len 49 wins A/B/draw 132/156/12 loss 0.0396 item_loss 0.01224 items: used 0.55 of rows-with-items, k>0 53, thrown 208/335
rnd 12900 steps 1.24M t 159.0m eps 0.037 pairs_len 49 wins A/B/draw 132/158/10 loss 0.0398 item_loss 0.01211 items: used 0.53 of rows-with-items, k>0 48, thrown 213/330
rnd 13000 steps 1.25M t 159.7m eps 0.036 pairs_len 49 wins A/B/draw 138/154/8 loss 0.0400 item_loss 0.01213 items: used 0.55 of rows-with-items, k>0 46, thrown 230/319
rnd 13100 steps 1.26M t 160.4m eps 0.036 pairs_len 49 wins A/B/draw 138/154/8 loss 0.0404 item_loss 0.01229 items: used 0.53 of rows-with-items, k>0 54, thrown 242/362
rnd 13200 steps 1.27M t 161.1m eps 0.036 pairs_len 50 wins A/B/draw 136/155/9 loss 0.0403 item_loss 0.01221 items: used 0.57 of rows-with-items, k>0 54, thrown 241/347
EVAL battle-net(A) vs solo-net + old rule(B): {'win': 0.041666666666666664, 'lose': 0.9583333333333334, 'draw': 0.0, 'games': 96, 'mean_len': 56.229166666666664}
rnd 13300 steps 1.28M t 162.7m eps 0.035 pairs_len 49 wins A/B/draw 136/155/9 loss 0.0409 item_loss 0.01232 items: used 0.47 of rows-with-items, k>0 55, thrown 221/318
rnd 13400 steps 1.29M t 163.4m eps 0.035 pairs_len 48 wins A/B/draw 146/145/9 loss 0.0412 item_loss 0.01227 items: used 0.52 of rows-with-items, k>0 54, thrown 226/349
rnd 13500 steps 1.30M t 164.1m eps 0.035 pairs_len 48 wins A/B/draw 148/144/8 loss 0.0415 item_loss 0.01213 items: used 0.57 of rows-with-items, k>0 63, thrown 223/326
rnd 13600 steps 1.31M t 164.8m eps 0.034 pairs_len 48 wins A/B/draw 134/158/8 loss 0.0415 item_loss 0.01187 items: used 0.48 of rows-with-items, k>0 62, thrown 213/312
rnd 13700 steps 1.32M t 165.5m eps 0.034 pairs_len 48 wins A/B/draw 129/160/11 loss 0.0417 item_loss 0.01184 items: used 0.57 of rows-with-items, k>0 67, thrown 232/351
rnd 13800 steps 1.32M t 166.2m eps 0.034 pairs_len 48 wins A/B/draw 136/153/11 loss 0.0419 item_loss 0.01182 items: used 0.50 of rows-with-items, k>0 67, thrown 233/340
rnd 13900 steps 1.33M t 166.9m eps 0.033 pairs_len 48 wins A/B/draw 141/151/8 loss 0.0427 item_loss 0.01220 items: used 0.52 of rows-with-items, k>0 72, thrown 233/368
rnd 14000 steps 1.34M t 167.6m eps 0.033 pairs_len 48 wins A/B/draw 146/147/7 loss 0.0435 item_loss 0.01236 items: used 0.52 of rows-with-items, k>0 61, thrown 215/327
rnd 14100 steps 1.35M t 168.3m eps 0.033 pairs_len 48 wins A/B/draw 150/142/8 loss 0.0435 item_loss 0.01269 items: used 0.54 of rows-with-items, k>0 63, thrown 244/337
rnd 14200 steps 1.36M t 169.0m eps 0.032 pairs_len 47 wins A/B/draw 146/146/8 loss 0.0440 item_loss 0.01266 items: used 0.57 of rows-with-items, k>0 61, thrown 227/323
rnd 14300 steps 1.37M t 169.7m eps 0.032 pairs_len 48 wins A/B/draw 152/144/4 loss 0.0444 item_loss 0.01317 items: used 0.62 of rows-with-items, k>0 51, thrown 219/320
rnd 14400 steps 1.38M t 170.4m eps 0.032 pairs_len 47 wins A/B/draw 141/153/6 loss 0.0444 item_loss 0.01385 items: used 0.52 of rows-with-items, k>0 57, thrown 216/304
rnd 14500 steps 1.39M t 171.1m eps 0.031 pairs_len 47 wins A/B/draw 146/149/5 loss 0.0447 item_loss 0.01385 items: used 0.49 of rows-with-items, k>0 43, thrown 224/335
rnd 14600 steps 1.40M t 171.8m eps 0.031 pairs_len 46 wins A/B/draw 147/145/8 loss 0.0446 item_loss 0.01394 items: used 0.50 of rows-with-items, k>0 57, thrown 226/317
rnd 14700 steps 1.41M t 172.5m eps 0.031 pairs_len 45 wins A/B/draw 154/136/10 loss 0.0450 item_loss 0.01398 items: used 0.54 of rows-with-items, k>0 42, thrown 228/306
rnd 14800 steps 1.42M t 173.2m eps 0.030 pairs_len 45 wins A/B/draw 147/144/9 loss 0.0453 item_loss 0.01426 items: used 0.47 of rows-with-items, k>0 55, thrown 191/269
rnd 14900 steps 1.43M t 173.9m eps 0.030 pairs_len 45 wins A/B/draw 141/148/11 loss 0.0456 item_loss 0.01428 items: used 0.51 of rows-with-items, k>0 56, thrown 216/308
rnd 15000 steps 1.44M t 174.7m eps 0.030 pairs_len 45 wins A/B/draw 149/141/10 loss 0.0460 item_loss 0.01466 items: used 0.56 of rows-with-items, k>0 62, thrown 220/307
rnd 15100 steps 1.45M t 175.4m eps 0.029 pairs_len 45 wins A/B/draw 153/137/10 loss 0.0460 item_loss 0.01496 items: used 0.54 of rows-with-items, k>0 58, thrown 224/300
rnd 15200 steps 1.46M t 176.1m eps 0.029 pairs_len 45 wins A/B/draw 151/142/7 loss 0.0460 item_loss 0.01523 items: used 0.53 of rows-with-items, k>0 44, thrown 195/285
rnd 15300 steps 1.47M t 176.8m eps 0.029 pairs_len 45 wins A/B/draw 155/140/5 loss 0.0470 item_loss 0.01514 items: used 0.61 of rows-with-items, k>0 36, thrown 171/258
rnd 15400 steps 1.48M t 177.5m eps 0.028 pairs_len 45 wins A/B/draw 148/144/8 loss 0.0466 item_loss 0.01514 items: used 0.50 of rows-with-items, k>0 45, thrown 200/286
rnd 15500 steps 1.49M t 178.2m eps 0.028 pairs_len 45 wins A/B/draw 135/155/10 loss 0.0469 item_loss 0.01548 items: used 0.45 of rows-with-items, k>0 53, thrown 199/266
rnd 15600 steps 1.50M t 178.9m eps 0.028 pairs_len 45 wins A/B/draw 134/153/13 loss 0.0470 item_loss 0.01588 items: used 0.56 of rows-with-items, k>0 39, thrown 199/293
rnd 15700 steps 1.51M t 179.7m eps 0.027 pairs_len 45 wins A/B/draw 154/136/10 loss 0.0475 item_loss 0.01586 items: used 0.55 of rows-with-items, k>0 42, thrown 215/289
rnd 15800 steps 1.52M t 180.4m eps 0.027 pairs_len 44 wins A/B/draw 142/149/9 loss 0.0476 item_loss 0.01593 items: used 0.48 of rows-with-items, k>0 59, thrown 214/302
rnd 15900 steps 1.53M t 181.1m eps 0.027 pairs_len 44 wins A/B/draw 130/160/10 loss 0.0480 item_loss 0.01593 items: used 0.56 of rows-with-items, k>0 24, thrown 188/260
EVAL battle-net(A) vs solo-net + old rule(B): {'win': 0.10416666666666667, 'lose': 0.8958333333333334, 'draw': 0.0, 'games': 96, 'mean_len': 50.604166666666664}
rnd 16000 steps 1.54M t 182.6m eps 0.026 pairs_len 45 wins A/B/draw 137/148/15 loss 0.0482 item_loss 0.01568 items: used 0.50 of rows-with-items, k>0 44, thrown 180/273
rnd 16100 steps 1.55M t 183.3m eps 0.026 pairs_len 45 wins A/B/draw 138/143/19 loss 0.0479 item_loss 0.01565 items: used 0.50 of rows-with-items, k>0 26, thrown 170/251
rnd 16200 steps 1.56M t 184.0m eps 0.026 pairs_len 44 wins A/B/draw 137/151/12 loss 0.0477 item_loss 0.01603 items: used 0.51 of rows-with-items, k>0 50, thrown 187/261
rnd 16300 steps 1.56M t 184.8m eps 0.025 pairs_len 44 wins A/B/draw 131/157/12 loss 0.0477 item_loss 0.01623 items: used 0.59 of rows-with-items, k>0 44, thrown 208/299
rnd 16400 steps 1.57M t 185.5m eps 0.025 pairs_len 43 wins A/B/draw 131/158/11 loss 0.0487 item_loss 0.01654 items: used 0.54 of rows-with-items, k>0 32, thrown 162/216
rnd 16500 steps 1.58M t 186.2m eps 0.025 pairs_len 42 wins A/B/draw 127/161/12 loss 0.0492 item_loss 0.01632 items: used 0.56 of rows-with-items, k>0 44, thrown 171/246
rnd 16600 steps 1.59M t 186.9m eps 0.024 pairs_len 42 wins A/B/draw 142/145/13 loss 0.0493 item_loss 0.01645 items: used 0.47 of rows-with-items, k>0 38, thrown 173/234
rnd 16700 steps 1.60M t 187.7m eps 0.024 pairs_len 42 wins A/B/draw 125/160/15 loss 0.0492 item_loss 0.01626 items: used 0.49 of rows-with-items, k>0 43, thrown 160/243
rnd 16800 steps 1.61M t 188.4m eps 0.024 pairs_len 43 wins A/B/draw 124/160/16 loss 0.0491 item_loss 0.01639 items: used 0.45 of rows-with-items, k>0 47, thrown 186/259
rnd 16900 steps 1.62M t 189.1m eps 0.023 pairs_len 44 wins A/B/draw 127/161/12 loss 0.0490 item_loss 0.01625 items: used 0.47 of rows-with-items, k>0 40, thrown 176/245
rnd 17000 steps 1.63M t 189.9m eps 0.023 pairs_len 43 wins A/B/draw 133/153/14 loss 0.0490 item_loss 0.01635 items: used 0.43 of rows-with-items, k>0 51, thrown 176/238
rnd 17100 steps 1.64M t 190.6m eps 0.023 pairs_len 43 wins A/B/draw 143/145/12 loss 0.0493 item_loss 0.01679 items: used 0.48 of rows-with-items, k>0 52, thrown 172/246
rnd 17200 steps 1.65M t 191.3m eps 0.022 pairs_len 43 wins A/B/draw 143/145/12 loss 0.0494 item_loss 0.01686 items: used 0.49 of rows-with-items, k>0 25, thrown 140/191
rnd 17300 steps 1.66M t 192.0m eps 0.022 pairs_len 42 wins A/B/draw 147/142/11 loss 0.0497 item_loss 0.01722 items: used 0.53 of rows-with-items, k>0 43, thrown 177/251
rnd 17400 steps 1.67M t 192.8m eps 0.022 pairs_len 42 wins A/B/draw 146/146/8 loss 0.0499 item_loss 0.01712 items: used 0.53 of rows-with-items, k>0 46, thrown 172/240
rnd 17500 steps 1.68M t 193.5m eps 0.021 pairs_len 43 wins A/B/draw 154/136/10 loss 0.0501 item_loss 0.01723 items: used 0.49 of rows-with-items, k>0 55, thrown 190/264
rnd 17600 steps 1.69M t 194.2m eps 0.021 pairs_len 44 wins A/B/draw 147/141/12 loss 0.0502 item_loss 0.01783 items: used 0.51 of rows-with-items, k>0 43, thrown 175/253
rnd 17700 steps 1.70M t 194.9m eps 0.021 pairs_len 43 wins A/B/draw 146/140/14 loss 0.0503 item_loss 0.01757 items: used 0.45 of rows-with-items, k>0 42, thrown 176/230
rnd 17800 steps 1.71M t 195.6m eps 0.020 pairs_len 43 wins A/B/draw 145/138/17 loss 0.0503 item_loss 0.01787 items: used 0.46 of rows-with-items, k>0 53, thrown 188/269
rnd 17900 steps 1.72M t 196.3m eps 0.020 pairs_len 43 wins A/B/draw 159/128/13 loss 0.0504 item_loss 0.01801 items: used 0.42 of rows-with-items, k>0 30, thrown 141/194
rnd 18000 steps 1.73M t 197.0m eps 0.020 pairs_len 42 wins A/B/draw 155/134/11 loss 0.0506 item_loss 0.01806 items: used 0.41 of rows-with-items, k>0 39, thrown 177/231
rnd 18100 steps 1.74M t 197.7m eps 0.019 pairs_len 41 wins A/B/draw 140/147/13 loss 0.0509 item_loss 0.01828 items: used 0.46 of rows-with-items, k>0 53, thrown 164/237
rnd 18200 steps 1.75M t 198.5m eps 0.019 pairs_len 41 wins A/B/draw 140/151/9 loss 0.0510 item_loss 0.01847 items: used 0.41 of rows-with-items, k>0 62, thrown 187/255
rnd 18300 steps 1.76M t 199.2m eps 0.019 pairs_len 42 wins A/B/draw 136/157/7 loss 0.0513 item_loss 0.01906 items: used 0.37 of rows-with-items, k>0 49, thrown 167/230
rnd 18400 steps 1.77M t 199.9m eps 0.018 pairs_len 42 wins A/B/draw 140/153/7 loss 0.0516 item_loss 0.01875 items: used 0.41 of rows-with-items, k>0 36, thrown 142/201
rnd 18500 steps 1.78M t 200.6m eps 0.018 pairs_len 41 wins A/B/draw 136/153/11 loss 0.0516 item_loss 0.01861 items: used 0.38 of rows-with-items, k>0 33, thrown 135/202
rnd 18600 steps 1.79M t 201.3m eps 0.018 pairs_len 42 wins A/B/draw 140/145/15 loss 0.0516 item_loss 0.01871 items: used 0.42 of rows-with-items, k>0 27, thrown 161/227
EVAL battle-net(A) vs solo-net + old rule(B): {'win': 0.041666666666666664, 'lose': 0.9583333333333334, 'draw': 0.0, 'games': 96, 'mean_len': 45.520833333333336}
rnd 18700 steps 1.80M t 202.6m eps 0.017 pairs_len 41 wins A/B/draw 142/136/22 loss 0.0518 item_loss 0.01845 items: used 0.47 of rows-with-items, k>0 39, thrown 155/208
rnd 18800 steps 1.80M t 203.4m eps 0.017 pairs_len 41 wins A/B/draw 141/138/21 loss 0.0520 item_loss 0.01849 items: used 0.46 of rows-with-items, k>0 31, thrown 155/203
rnd 18900 steps 1.81M t 204.1m eps 0.016 pairs_len 40 wins A/B/draw 146/136/18 loss 0.0521 item_loss 0.01846 items: used 0.46 of rows-with-items, k>0 36, thrown 162/224
rnd 19000 steps 1.82M t 204.8m eps 0.016 pairs_len 40 wins A/B/draw 146/137/17 loss 0.0520 item_loss 0.01864 items: used 0.35 of rows-with-items, k>0 36, thrown 155/199
rnd 19100 steps 1.83M t 205.5m eps 0.016 pairs_len 40 wins A/B/draw 152/133/15 loss 0.0524 item_loss 0.01888 items: used 0.43 of rows-with-items, k>0 40, thrown 147/210
rnd 19200 steps 1.84M t 206.2m eps 0.015 pairs_len 40 wins A/B/draw 155/127/18 loss 0.0524 item_loss 0.01873 items: used 0.45 of rows-with-items, k>0 42, thrown 171/221
rnd 19300 steps 1.85M t 206.9m eps 0.015 pairs_len 41 wins A/B/draw 152/129/19 loss 0.0523 item_loss 0.01885 items: used 0.42 of rows-with-items, k>0 39, thrown 160/222
rnd 19400 steps 1.86M t 207.6m eps 0.015 pairs_len 41 wins A/B/draw 133/148/19 loss 0.0523 item_loss 0.01896 items: used 0.51 of rows-with-items, k>0 31, thrown 145/198
rnd 19500 steps 1.87M t 208.3m eps 0.014 pairs_len 41 wins A/B/draw 125/159/16 loss 0.0522 item_loss 0.01850 items: used 0.33 of rows-with-items, k>0 50, thrown 154/224
rnd 19600 steps 1.88M t 209.0m eps 0.014 pairs_len 41 wins A/B/draw 126/161/13 loss 0.0521 item_loss 0.01828 items: used 0.48 of rows-with-items, k>0 39, thrown 160/224
rnd 19700 steps 1.89M t 209.8m eps 0.014 pairs_len 41 wins A/B/draw 125/159/16 loss 0.0527 item_loss 0.01858 items: used 0.47 of rows-with-items, k>0 38, thrown 178/233
rnd 19800 steps 1.90M t 210.5m eps 0.013 pairs_len 40 wins A/B/draw 145/139/16 loss 0.0530 item_loss 0.01866 items: used 0.39 of rows-with-items, k>0 34, thrown 146/197
rnd 19900 steps 1.91M t 211.2m eps 0.013 pairs_len 40 wins A/B/draw 147/130/23 loss 0.0535 item_loss 0.01919 items: used 0.34 of rows-with-items, k>0 43, thrown 155/202
rnd 20000 steps 1.92M t 211.9m eps 0.013 pairs_len 40 wins A/B/draw 135/138/27 loss 0.0536 item_loss 0.01915 items: used 0.39 of rows-with-items, k>0 43, thrown 158/214
rnd 20100 steps 1.93M t 212.6m eps 0.012 pairs_len 40 wins A/B/draw 135/143/22 loss 0.0540 item_loss 0.01954 items: used 0.36 of rows-with-items, k>0 44, thrown 142/196
rnd 20200 steps 1.94M t 213.3m eps 0.012 pairs_len 40 wins A/B/draw 134/143/23 loss 0.0541 item_loss 0.01997 items: used 0.37 of rows-with-items, k>0 36, thrown 132/187
rnd 20300 steps 1.95M t 214.1m eps 0.012 pairs_len 40 wins A/B/draw 142/134/24 loss 0.0544 item_loss 0.01975 items: used 0.36 of rows-with-items, k>0 44, thrown 148/204
rnd 20400 steps 1.96M t 214.8m eps 0.011 pairs_len 40 wins A/B/draw 139/136/25 loss 0.0543 item_loss 0.01981 items: used 0.28 of rows-with-items, k>0 39, thrown 115/159
rnd 20500 steps 1.97M t 215.5m eps 0.011 pairs_len 40 wins A/B/draw 133/146/21 loss 0.0548 item_loss 0.02006 items: used 0.39 of rows-with-items, k>0 34, thrown 142/195
rnd 20600 steps 1.98M t 216.2m eps 0.011 pairs_len 40 wins A/B/draw 133/146/21 loss 0.0552 item_loss 0.02005 items: used 0.43 of rows-with-items, k>0 30, thrown 147/192
rnd 20700 steps 1.99M t 217.0m eps 0.010 pairs_len 39 wins A/B/draw 137/141/22 loss 0.0552 item_loss 0.02009 items: used 0.42 of rows-with-items, k>0 28, thrown 122/170
rnd 20800 steps 2.00M t 217.7m eps 0.010 pairs_len 39 wins A/B/draw 144/135/21 loss 0.0553 item_loss 0.02036 items: used 0.32 of rows-with-items, k>0 24, thrown 115/165
rnd 20900 steps 2.01M t 218.4m eps 0.010 pairs_len 39 wins A/B/draw 148/132/20 loss 0.0552 item_loss 0.02040 items: used 0.38 of rows-with-items, k>0 41, thrown 149/195
rnd 21000 steps 2.02M t 219.1m eps 0.010 pairs_len 39 wins A/B/draw 156/119/25 loss 0.0550 item_loss 0.02098 items: used 0.31 of rows-with-items, k>0 27, thrown 127/173
rnd 21100 steps 2.03M t 219.9m eps 0.010 pairs_len 39 wins A/B/draw 153/124/23 loss 0.0553 item_loss 0.02069 items: used 0.38 of rows-with-items, k>0 28, thrown 128/172
rnd 21200 steps 2.04M t 220.6m eps 0.010 pairs_len 39 wins A/B/draw 152/125/23 loss 0.0550 item_loss 0.02086 items: used 0.32 of rows-with-items, k>0 37, thrown 135/176
rnd 21300 steps 2.04M t 221.3m eps 0.010 pairs_len 39 wins A/B/draw 150/132/18 loss 0.0551 item_loss 0.02060 items: used 0.37 of rows-with-items, k>0 32, thrown 152/203
EVAL battle-net(A) vs solo-net + old rule(B): {'win': 0.010416666666666666, 'lose': 0.9895833333333334, 'draw': 0.0, 'games': 96, 'mean_len': 42.010416666666664}
rnd 21400 steps 2.05M t 222.6m eps 0.010 pairs_len 39 wins A/B/draw 145/143/12 loss 0.0552 item_loss 0.02029 items: used 0.29 of rows-with-items, k>0 38, thrown 134/174
rnd 21500 steps 2.06M t 223.4m eps 0.010 pairs_len 39 wins A/B/draw 153/133/14 loss 0.0550 item_loss 0.02034 items: used 0.30 of rows-with-items, k>0 36, thrown 143/184
rnd 21600 steps 2.07M t 224.1m eps 0.010 pairs_len 38 wins A/B/draw 135/150/15 loss 0.0552 item_loss 0.02026 items: used 0.39 of rows-with-items, k>0 28, thrown 135/172
rnd 21700 steps 2.08M t 224.8m eps 0.010 pairs_len 38 wins A/B/draw 133/145/22 loss 0.0557 item_loss 0.02009 items: used 0.36 of rows-with-items, k>0 24, thrown 117/154
rnd 21800 steps 2.09M t 225.5m eps 0.010 pairs_len 38 wins A/B/draw 143/131/26 loss 0.0556 item_loss 0.02065 items: used 0.41 of rows-with-items, k>0 28, thrown 136/171
rnd 21900 steps 2.10M t 226.2m eps 0.010 pairs_len 38 wins A/B/draw 126/136/38 loss 0.0557 item_loss 0.02080 items: used 0.31 of rows-with-items, k>0 29, thrown 118/167
rnd 22000 steps 2.11M t 226.9m eps 0.010 pairs_len 39 wins A/B/draw 125/141/34 loss 0.0559 item_loss 0.02066 items: used 0.33 of rows-with-items, k>0 39, thrown 137/176
rnd 22100 steps 2.12M t 227.6m eps 0.010 pairs_len 38 wins A/B/draw 127/140/33 loss 0.0556 item_loss 0.02090 items: used 0.29 of rows-with-items, k>0 34, thrown 109/142
rnd 22200 steps 2.13M t 228.3m eps 0.010 pairs_len 38 wins A/B/draw 135/143/22 loss 0.0558 item_loss 0.02208 items: used 0.29 of rows-with-items, k>0 34, thrown 137/185
rnd 22300 steps 2.14M t 229.0m eps 0.010 pairs_len 39 wins A/B/draw 128/149/23 loss 0.0561 item_loss 0.02185 items: used 0.37 of rows-with-items, k>0 41, thrown 133/176
rnd 22400 steps 2.15M t 229.7m eps 0.010 pairs_len 38 wins A/B/draw 134/142/24 loss 0.0562 item_loss 0.02193 items: used 0.30 of rows-with-items, k>0 34, thrown 116/159
rnd 22500 steps 2.16M t 230.4m eps 0.010 pairs_len 38 wins A/B/draw 143/134/23 loss 0.0565 item_loss 0.02193 items: used 0.33 of rows-with-items, k>0 25, thrown 98/133
rnd 22600 steps 2.17M t 231.1m eps 0.010 pairs_len 38 wins A/B/draw 127/149/24 loss 0.0559 item_loss 0.02192 items: used 0.35 of rows-with-items, k>0 21, thrown 126/158
rnd 22700 steps 2.18M t 231.9m eps 0.010 pairs_len 38 wins A/B/draw 132/141/27 loss 0.0564 item_loss 0.02222 items: used 0.36 of rows-with-items, k>0 29, thrown 130/168
rnd 22800 steps 2.19M t 232.6m eps 0.010 pairs_len 38 wins A/B/draw 146/129/25 loss 0.0566 item_loss 0.02214 items: used 0.27 of rows-with-items, k>0 27, thrown 100/138
rnd 22900 steps 2.20M t 233.3m eps 0.010 pairs_len 37 wins A/B/draw 147/126/27 loss 0.0565 item_loss 0.02235 items: used 0.29 of rows-with-items, k>0 34, thrown 131/172
rnd 23000 steps 2.21M t 234.0m eps 0.010 pairs_len 38 wins A/B/draw 151/126/23 loss 0.0565 item_loss 0.02270 items: used 0.31 of rows-with-items, k>0 23, thrown 105/138
rnd 23100 steps 2.22M t 234.7m eps 0.010 pairs_len 38 wins A/B/draw 147/132/21 loss 0.0563 item_loss 0.02303 items: used 0.37 of rows-with-items, k>0 24, thrown 119/155
rnd 23200 steps 2.23M t 235.4m eps 0.010 pairs_len 37 wins A/B/draw 137/133/30 loss 0.0562 item_loss 0.02344 items: used 0.32 of rows-with-items, k>0 29, thrown 126/161
rnd 23300 steps 2.24M t 236.1m eps 0.010 pairs_len 37 wins A/B/draw 134/137/29 loss 0.0559 item_loss 0.02339 items: used 0.34 of rows-with-items, k>0 26, thrown 106/141
rnd 23400 steps 2.25M t 236.8m eps 0.010 pairs_len 37 wins A/B/draw 141/131/28 loss 0.0560 item_loss 0.02348 items: used 0.30 of rows-with-items, k>0 28, thrown 100/135
rnd 23500 steps 2.26M t 237.5m eps 0.010 pairs_len 37 wins A/B/draw 138/142/20 loss 0.0562 item_loss 0.02324 items: used 0.31 of rows-with-items, k>0 22, thrown 99/128
rnd 23600 steps 2.27M t 238.2m eps 0.010 pairs_len 37 wins A/B/draw 143/132/25 loss 0.0564 item_loss 0.02281 items: used 0.31 of rows-with-items, k>0 22, thrown 114/153
rnd 23700 steps 2.28M t 239.0m eps 0.010 pairs_len 37 wins A/B/draw 135/134/31 loss 0.0564 item_loss 0.02214 items: used 0.33 of rows-with-items, k>0 17, thrown 95/128
rnd 23800 steps 2.28M t 239.7m eps 0.010 pairs_len 36 wins A/B/draw 128/135/37 loss 0.0565 item_loss 0.02256 items: used 0.27 of rows-with-items, k>0 18, thrown 92/118
