init: runs/bat3/best.pt | new tensors: []
EVAL battle-net(A) vs solo-net + old rule(B): {'win': 0.7395833333333334, 'lose': 0.2604166666666667, 'draw': 0.0, 'games': 96, 'mean_len': 88.28125}
rnd 100 steps 0.01M t 4.5m eps 0.080 pairs_len 67 wins A/B/draw 21/12/0 loss 0.0000 item_loss 0.00000 items: used 0.52 of rows-with-items, k>0 68, thrown 439/641
rnd 200 steps 0.02M t 6.0m eps 0.079 pairs_len 86 wins A/B/draw 45/31/0 loss 0.0000 item_loss 0.00000 items: used 0.52 of rows-with-items, k>0 103, thrown 517/741
/home/a/Desktop/stuff/polycube/ndrl/train_battle.py:254: UserWarning: Converting a tensor with requires_grad=True to a scalar may lead to unexpected behavior.
Consider using tensor.detach() first. (Triggered internally at /pytorch/torch/csrc/autograd/generated/python_variable_methods.cpp:836.)
  if rnd % 10 == 0: loss_ema = 0.99 * loss_ema + 0.01 * loss.item(); iloss_ema = 0.99 * iloss_ema + 0.01 * float(il)
rnd 300 steps 0.03M t 7.5m eps 0.079 pairs_len 90 wins A/B/draw 69/61/0 loss 0.0009 item_loss 0.00095 items: used 0.55 of rows-with-items, k>0 111, thrown 541/763
rnd 400 steps 0.04M t 9.1m eps 0.079 pairs_len 92 wins A/B/draw 92/87/1 loss 0.0021 item_loss 0.00278 items: used 0.48 of rows-with-items, k>0 83, thrown 472/701
rnd 500 steps 0.05M t 10.7m eps 0.078 pairs_len 92 wins A/B/draw 118/116/1 loss 0.0031 item_loss 0.00413 items: used 0.49 of rows-with-items, k>0 121, thrown 517/729
rnd 600 steps 0.06M t 12.3m eps 0.078 pairs_len 90 wins A/B/draw 151/137/1 loss 0.0040 item_loss 0.00557 items: used 0.54 of rows-with-items, k>0 102, thrown 506/690
rnd 700 steps 0.07M t 13.9m eps 0.078 pairs_len 93 wins A/B/draw 155/144/1 loss 0.0047 item_loss 0.00693 items: used 0.54 of rows-with-items, k>0 106, thrown 499/746
rnd 800 steps 0.08M t 15.6m eps 0.077 pairs_len 90 wins A/B/draw 150/149/1 loss 0.0053 item_loss 0.00846 items: used 0.49 of rows-with-items, k>0 56, thrown 450/636
rnd 900 steps 0.09M t 17.2m eps 0.077 pairs_len 87 wins A/B/draw 158/142/0 loss 0.0061 item_loss 0.01012 items: used 0.53 of rows-with-items, k>0 98, thrown 488/671
rnd 1000 steps 0.10M t 18.8m eps 0.077 pairs_len 84 wins A/B/draw 151/149/0 loss 0.0070 item_loss 0.01118 items: used 0.61 of rows-with-items, k>0 102, thrown 460/635
rnd 1100 steps 0.11M t 20.4m eps 0.076 pairs_len 84 wins A/B/draw 135/165/0 loss 0.0075 item_loss 0.01285 items: used 0.57 of rows-with-items, k>0 74, thrown 435/597
EVAL battle-net(A) vs solo-net + old rule(B): {'win': 0.625, 'lose': 0.375, 'draw': 0.0, 'games': 96, 'mean_len': 82.01041666666667}
rnd 1200 steps 0.12M t 24.5m eps 0.076 pairs_len 83 wins A/B/draw 130/170/0 loss 0.0082 item_loss 0.01385 items: used 0.55 of rows-with-items, k>0 84, thrown 415/583
rnd 1300 steps 0.12M t 26.1m eps 0.076 pairs_len 83 wins A/B/draw 130/170/0 loss 0.0089 item_loss 0.01424 items: used 0.60 of rows-with-items, k>0 70, thrown 463/669
rnd 1400 steps 0.13M t 27.5m eps 0.075 pairs_len 81 wins A/B/draw 135/165/0 loss 0.0094 item_loss 0.01600 items: used 0.61 of rows-with-items, k>0 84, thrown 427/572
rnd 1500 steps 0.14M t 29.0m eps 0.075 pairs_len 79 wins A/B/draw 146/154/0 loss 0.0100 item_loss 0.01790 items: used 0.61 of rows-with-items, k>0 57, thrown 398/542
rnd 1600 steps 0.15M t 30.5m eps 0.075 pairs_len 74 wins A/B/draw 154/146/0 loss 0.0107 item_loss 0.01861 items: used 0.61 of rows-with-items, k>0 68, thrown 397/566
rnd 1700 steps 0.16M t 32.0m eps 0.074 pairs_len 71 wins A/B/draw 156/144/0 loss 0.0114 item_loss 0.01964 items: used 0.60 of rows-with-items, k>0 70, thrown 417/552
rnd 1800 steps 0.17M t 33.6m eps 0.074 pairs_len 67 wins A/B/draw 146/154/0 loss 0.0120 item_loss 0.02034 items: used 0.60 of rows-with-items, k>0 76, thrown 353/504
rnd 1900 steps 0.18M t 35.2m eps 0.074 pairs_len 67 wins A/B/draw 139/161/0 loss 0.0129 item_loss 0.02141 items: used 0.62 of rows-with-items, k>0 70, thrown 388/510
rnd 2000 steps 0.19M t 36.7m eps 0.073 pairs_len 66 wins A/B/draw 130/170/0 loss 0.0136 item_loss 0.02215 items: used 0.65 of rows-with-items, k>0 70, thrown 358/455
rnd 2100 steps 0.20M t 38.4m eps 0.073 pairs_len 63 wins A/B/draw 135/165/0 loss 0.0143 item_loss 0.02330 items: used 0.62 of rows-with-items, k>0 70, thrown 338/473
rnd 2200 steps 0.21M t 40.0m eps 0.073 pairs_len 62 wins A/B/draw 140/160/0 loss 0.0149 item_loss 0.02344 items: used 0.59 of rows-with-items, k>0 64, thrown 388/517
rnd 2300 steps 0.22M t 41.5m eps 0.072 pairs_len 58 wins A/B/draw 149/151/0 loss 0.0158 item_loss 0.02426 items: used 0.64 of rows-with-items, k>0 52, thrown 331/434
EVAL battle-net(A) vs solo-net + old rule(B): {'win': 0.4536082474226804, 'lose': 0.5463917525773195, 'draw': 0.0, 'games': 97, 'mean_len': 73.28865979381443}
rnd 2400 steps 0.23M t 45.3m eps 0.072 pairs_len 58 wins A/B/draw 148/152/0 loss 0.0165 item_loss 0.02490 items: used 0.56 of rows-with-items, k>0 93, thrown 395/527
rnd 2500 steps 0.24M t 46.8m eps 0.072 pairs_len 60 wins A/B/draw 142/158/0 loss 0.0171 item_loss 0.02564 items: used 0.62 of rows-with-items, k>0 63, thrown 387/521
rnd 2600 steps 0.25M t 48.5m eps 0.071 pairs_len 57 wins A/B/draw 148/152/0 loss 0.0176 item_loss 0.02574 items: used 0.64 of rows-with-items, k>0 61, thrown 336/443
rnd 2700 steps 0.26M t 50.1m eps 0.071 pairs_len 57 wins A/B/draw 153/147/0 loss 0.0183 item_loss 0.02652 items: used 0.57 of rows-with-items, k>0 58, thrown 324/439
rnd 2800 steps 0.27M t 51.7m eps 0.071 pairs_len 57 wins A/B/draw 150/150/0 loss 0.0191 item_loss 0.02718 items: used 0.58 of rows-with-items, k>0 78, thrown 361/489
rnd 2900 steps 0.28M t 53.2m eps 0.070 pairs_len 55 wins A/B/draw 150/150/0 loss 0.0199 item_loss 0.02827 items: used 0.61 of rows-with-items, k>0 74, thrown 376/523
rnd 3000 steps 0.29M t 54.9m eps 0.070 pairs_len 57 wins A/B/draw 147/153/0 loss 0.0207 item_loss 0.02858 items: used 0.62 of rows-with-items, k>0 73, thrown 350/481
rnd 3100 steps 0.30M t 56.4m eps 0.070 pairs_len 57 wins A/B/draw 145/155/0 loss 0.0217 item_loss 0.02961 items: used 0.66 of rows-with-items, k>0 76, thrown 348/470
rnd 3200 steps 0.31M t 57.9m eps 0.069 pairs_len 55 wins A/B/draw 152/148/0 loss 0.0225 item_loss 0.02997 items: used 0.63 of rows-with-items, k>0 82, thrown 344/456
rnd 3300 steps 0.32M t 59.4m eps 0.069 pairs_len 55 wins A/B/draw 152/148/0 loss 0.0231 item_loss 0.03028 items: used 0.63 of rows-with-items, k>0 75, thrown 366/498
rnd 3400 steps 0.33M t 61.0m eps 0.069 pairs_len 55 wins A/B/draw 156/144/0 loss 0.0236 item_loss 0.03062 items: used 0.60 of rows-with-items, k>0 59, thrown 350/456
EVAL battle-net(A) vs solo-net + old rule(B): {'win': 0.5567010309278351, 'lose': 0.44329896907216493, 'draw': 0.0, 'games': 97, 'mean_len': 69.3298969072165}
rnd 3500 steps 0.34M t 64.7m eps 0.068 pairs_len 57 wins A/B/draw 154/146/0 loss 0.0245 item_loss 0.03102 items: used 0.67 of rows-with-items, k>0 62, thrown 349/464
rnd 3600 steps 0.35M t 66.2m eps 0.068 pairs_len 58 wins A/B/draw 146/154/0 loss 0.0250 item_loss 0.03096 items: used 0.60 of rows-with-items, k>0 60, thrown 324/453
rnd 3700 steps 0.36M t 67.8m eps 0.068 pairs_len 55 wins A/B/draw 149/151/0 loss 0.0260 item_loss 0.03156 items: used 0.59 of rows-with-items, k>0 78, thrown 371/491
rnd 3800 steps 0.36M t 69.3m eps 0.067 pairs_len 56 wins A/B/draw 144/156/0 loss 0.0270 item_loss 0.03152 items: used 0.61 of rows-with-items, k>0 59, thrown 345/460
rnd 3900 steps 0.37M t 70.8m eps 0.067 pairs_len 55 wins A/B/draw 144/156/0 loss 0.0280 item_loss 0.03214 items: used 0.60 of rows-with-items, k>0 54, thrown 331/447
rnd 4000 steps 0.38M t 72.4m eps 0.067 pairs_len 55 wins A/B/draw 155/145/0 loss 0.0292 item_loss 0.03277 items: used 0.69 of rows-with-items, k>0 48, thrown 315/417
rnd 4100 steps 0.39M t 74.0m eps 0.066 pairs_len 55 wins A/B/draw 154/146/0 loss 0.0299 item_loss 0.03295 items: used 0.60 of rows-with-items, k>0 59, thrown 327/443
rnd 4200 steps 0.40M t 75.7m eps 0.066 pairs_len 52 wins A/B/draw 160/140/0 loss 0.0309 item_loss 0.03335 items: used 0.63 of rows-with-items, k>0 46, thrown 314/417
rnd 4300 steps 0.41M t 77.2m eps 0.066 pairs_len 51 wins A/B/draw 158/142/0 loss 0.0325 item_loss 0.03396 items: used 0.56 of rows-with-items, k>0 65, thrown 365/473
rnd 4400 steps 0.42M t 78.8m eps 0.065 pairs_len 51 wins A/B/draw 152/148/0 loss 0.0334 item_loss 0.03432 items: used 0.60 of rows-with-items, k>0 74, thrown 356/494
rnd 4500 steps 0.43M t 80.4m eps 0.065 pairs_len 52 wins A/B/draw 160/140/0 loss 0.0340 item_loss 0.03541 items: used 0.58 of rows-with-items, k>0 66, thrown 347/463
EVAL battle-net(A) vs solo-net + old rule(B): {'win': 0.46875, 'lose': 0.53125, 'draw': 0.0, 'games': 96, 'mean_len': 74.38541666666667}
rnd 4600 steps 0.44M t 84.2m eps 0.065 pairs_len 54 wins A/B/draw 167/133/0 loss 0.0357 item_loss 0.03618 items: used 0.57 of rows-with-items, k>0 47, thrown 299/412
rnd 4700 steps 0.45M t 85.9m eps 0.064 pairs_len 54 wins A/B/draw 173/127/0 loss 0.0371 item_loss 0.03621 items: used 0.61 of rows-with-items, k>0 73, thrown 341/446
rnd 4800 steps 0.46M t 87.5m eps 0.064 pairs_len 52 wins A/B/draw 163/137/0 loss 0.0385 item_loss 0.03742 items: used 0.59 of rows-with-items, k>0 55, thrown 350/478
rnd 4900 steps 0.47M t 88.9m eps 0.064 pairs_len 52 wins A/B/draw 166/134/0 loss 0.0401 item_loss 0.03880 items: used 0.61 of rows-with-items, k>0 38, thrown 304/400
rnd 5000 steps 0.48M t 90.5m eps 0.063 pairs_len 52 wins A/B/draw 150/150/0 loss 0.0414 item_loss 0.03978 items: used 0.51 of rows-with-items, k>0 82, thrown 372/468
rnd 5100 steps 0.49M t 92.0m eps 0.063 pairs_len 51 wins A/B/draw 154/146/0 loss 0.0434 item_loss 0.04070 items: used 0.57 of rows-with-items, k>0 48, thrown 321/426
rnd 5200 steps 0.50M t 93.6m eps 0.063 pairs_len 53 wins A/B/draw 149/151/0 loss 0.0448 item_loss 0.04054 items: used 0.55 of rows-with-items, k>0 67, thrown 373/502
rnd 5300 steps 0.51M t 95.1m eps 0.062 pairs_len 53 wins A/B/draw 150/150/0 loss 0.0462 item_loss 0.04146 items: used 0.49 of rows-with-items, k>0 78, thrown 357/473
rnd 5400 steps 0.52M t 96.6m eps 0.062 pairs_len 54 wins A/B/draw 157/143/0 loss 0.0478 item_loss 0.04253 items: used 0.55 of rows-with-items, k>0 71, thrown 358/498
rnd 5500 steps 0.53M t 98.1m eps 0.062 pairs_len 56 wins A/B/draw 147/153/0 loss 0.0488 item_loss 0.04273 items: used 0.58 of rows-with-items, k>0 55, thrown 344/452
rnd 5600 steps 0.54M t 99.7m eps 0.061 pairs_len 54 wins A/B/draw 149/151/0 loss 0.0502 item_loss 0.04361 items: used 0.54 of rows-with-items, k>0 44, thrown 318/428
rnd 5700 steps 0.55M t 101.3m eps 0.061 pairs_len 52 wins A/B/draw 144/156/0 loss 0.0517 item_loss 0.04361 items: used 0.55 of rows-with-items, k>0 53, thrown 330/432
EVAL battle-net(A) vs solo-net + old rule(B): {'win': 0.4166666666666667, 'lose': 0.5729166666666666, 'draw': 0.010416666666666666, 'games': 96, 'mean_len': 74.3125}
rnd 5800 steps 0.56M t 105.1m eps 0.061 pairs_len 51 wins A/B/draw 152/148/0 loss 0.0529 item_loss 0.04418 items: used 0.56 of rows-with-items, k>0 53, thrown 324/450
rnd 5900 steps 0.57M t 106.8m eps 0.060 pairs_len 52 wins A/B/draw 150/150/0 loss 0.0548 item_loss 0.04422 items: used 0.54 of rows-with-items, k>0 62, thrown 323/438
rnd 6000 steps 0.58M t 108.4m eps 0.060 pairs_len 53 wins A/B/draw 144/156/0 loss 0.0560 item_loss 0.04478 items: used 0.48 of rows-with-items, k>0 53, thrown 330/441
rnd 6100 steps 0.59M t 110.0m eps 0.060 pairs_len 58 wins A/B/draw 145/155/0 loss 0.0576 item_loss 0.04595 items: used 0.46 of rows-with-items, k>0 71, thrown 346/472
rnd 6200 steps 0.60M t 111.6m eps 0.059 pairs_len 57 wins A/B/draw 150/150/0 loss 0.0591 item_loss 0.04646 items: used 0.53 of rows-with-items, k>0 46, thrown 338/452
rnd 6300 steps 0.60M t 113.1m eps 0.059 pairs_len 58 wins A/B/draw 149/151/0 loss 0.0607 item_loss 0.04728 items: used 0.52 of rows-with-items, k>0 56, thrown 336/472
rnd 6400 steps 0.61M t 114.7m eps 0.058 pairs_len 60 wins A/B/draw 154/146/0 loss 0.0627 item_loss 0.04710 items: used 0.49 of rows-with-items, k>0 57, thrown 315/446
rnd 6500 steps 0.62M t 115.6m eps 0.058 pairs_len 57 wins A/B/draw 151/149/0 loss 0.0642 item_loss 0.04792 items: used 0.47 of rows-with-items, k>0 65, thrown 318/456
rnd 6600 steps 0.63M t 116.4m eps 0.058 pairs_len 57 wins A/B/draw 150/150/0 loss 0.0658 item_loss 0.04975 items: used 0.47 of rows-with-items, k>0 49, thrown 315/422
rnd 6700 steps 0.64M t 117.2m eps 0.057 pairs_len 55 wins A/B/draw 158/142/0 loss 0.0677 item_loss 0.05158 items: used 0.43 of rows-with-items, k>0 50, thrown 291/423
rnd 6800 steps 0.65M t 118.0m eps 0.057 pairs_len 54 wins A/B/draw 144/156/0 loss 0.0698 item_loss 0.05291 items: used 0.52 of rows-with-items, k>0 51, thrown 331/425
rnd 6900 steps 0.66M t 118.8m eps 0.057 pairs_len 54 wins A/B/draw 146/154/0 loss 0.0716 item_loss 0.05315 items: used 0.50 of rows-with-items, k>0 63, thrown 326/445
rnd 7000 steps 0.67M t 119.6m eps 0.056 pairs_len 54 wins A/B/draw 152/148/0 loss 0.0732 item_loss 0.05526 items: used 0.48 of rows-with-items, k>0 58, thrown 309/416
rnd 7100 steps 0.68M t 120.5m eps 0.056 pairs_len 55 wins A/B/draw 145/155/0 loss 0.0748 item_loss 0.05580 items: used 0.51 of rows-with-items, k>0 64, thrown 333/448
rnd 7200 steps 0.69M t 121.3m eps 0.056 pairs_len 52 wins A/B/draw 159/141/0 loss 0.0762 item_loss 0.05630 items: used 0.50 of rows-with-items, k>0 59, thrown 329/443
EVAL battle-net(A) vs solo-net + old rule(B): {'win': 0.4583333333333333, 'lose': 0.5416666666666666, 'draw': 0.0, 'games': 96, 'mean_len': 74.86458333333333}
rnd 7300 steps 0.70M t 123.1m eps 0.055 pairs_len 52 wins A/B/draw 160/140/0 loss 0.0782 item_loss 0.05677 items: used 0.48 of rows-with-items, k>0 59, thrown 335/447
rnd 7400 steps 0.71M t 123.9m eps 0.055 pairs_len 51 wins A/B/draw 156/144/0 loss 0.0800 item_loss 0.05833 items: used 0.47 of rows-with-items, k>0 54, thrown 331/439
rnd 7500 steps 0.72M t 124.7m eps 0.055 pairs_len 52 wins A/B/draw 159/141/0 loss 0.0820 item_loss 0.05837 items: used 0.47 of rows-with-items, k>0 49, thrown 329/461
rnd 7600 steps 0.73M t 125.5m eps 0.054 pairs_len 55 wins A/B/draw 154/146/0 loss 0.0836 item_loss 0.05838 items: used 0.44 of rows-with-items, k>0 76, thrown 334/450
rnd 7700 steps 0.74M t 126.3m eps 0.054 pairs_len 54 wins A/B/draw 152/148/0 loss 0.0847 item_loss 0.05867 items: used 0.46 of rows-with-items, k>0 72, thrown 360/468
rnd 7800 steps 0.75M t 127.1m eps 0.054 pairs_len 56 wins A/B/draw 154/146/0 loss 0.0860 item_loss 0.05975 items: used 0.48 of rows-with-items, k>0 55, thrown 316/424
rnd 7900 steps 0.76M t 127.9m eps 0.053 pairs_len 53 wins A/B/draw 166/134/0 loss 0.0872 item_loss 0.05869 items: used 0.54 of rows-with-items, k>0 50, thrown 309/413
rnd 8000 steps 0.77M t 128.7m eps 0.053 pairs_len 52 wins A/B/draw 171/129/0 loss 0.0889 item_loss 0.05902 items: used 0.48 of rows-with-items, k>0 67, thrown 339/447
rnd 8100 steps 0.78M t 129.5m eps 0.053 pairs_len 52 wins A/B/draw 170/130/0 loss 0.0904 item_loss 0.06042 items: used 0.50 of rows-with-items, k>0 63, thrown 322/418
rnd 8200 steps 0.79M t 130.3m eps 0.052 pairs_len 50 wins A/B/draw 159/141/0 loss 0.0914 item_loss 0.06088 items: used 0.48 of rows-with-items, k>0 53, thrown 287/377
rnd 8300 steps 0.80M t 131.0m eps 0.052 pairs_len 49 wins A/B/draw 163/137/0 loss 0.0925 item_loss 0.06123 items: used 0.58 of rows-with-items, k>0 57, thrown 302/389
rnd 8400 steps 0.81M t 131.8m eps 0.052 pairs_len 47 wins A/B/draw 159/141/0 loss 0.0939 item_loss 0.06313 items: used 0.54 of rows-with-items, k>0 48, thrown 293/397
rnd 8500 steps 0.82M t 132.5m eps 0.051 pairs_len 49 wins A/B/draw 157/143/0 loss 0.0947 item_loss 0.06461 items: used 0.48 of rows-with-items, k>0 61, thrown 353/453
rnd 8600 steps 0.83M t 133.3m eps 0.051 pairs_len 52 wins A/B/draw 140/160/0 loss 0.0962 item_loss 0.06530 items: used 0.48 of rows-with-items, k>0 63, thrown 322/421
rnd 8700 steps 0.84M t 134.0m eps 0.051 pairs_len 52 wins A/B/draw 144/156/0 loss 0.0974 item_loss 0.06528 items: used 0.48 of rows-with-items, k>0 57, thrown 297/393
rnd 8800 steps 0.84M t 134.7m eps 0.050 pairs_len 52 wins A/B/draw 134/166/0 loss 0.0989 item_loss 0.06669 items: used 0.46 of rows-with-items, k>0 60, thrown 326/420
rnd 8900 steps 0.85M t 135.5m eps 0.050 pairs_len 51 wins A/B/draw 149/151/0 loss 0.1003 item_loss 0.06751 items: used 0.42 of rows-with-items, k>0 59, thrown 332/442
rnd 9000 steps 0.86M t 136.2m eps 0.050 pairs_len 51 wins A/B/draw 147/153/0 loss 0.1025 item_loss 0.06733 items: used 0.48 of rows-with-items, k>0 62, thrown 336/438
rnd 9100 steps 0.87M t 136.9m eps 0.049 pairs_len 52 wins A/B/draw 160/140/0 loss 0.1044 item_loss 0.06994 items: used 0.47 of rows-with-items, k>0 59, thrown 319/442
rnd 9200 steps 0.88M t 137.6m eps 0.049 pairs_len 53 wins A/B/draw 154/146/0 loss 0.1067 item_loss 0.07131 items: used 0.42 of rows-with-items, k>0 69, thrown 297/394
rnd 9300 steps 0.89M t 138.3m eps 0.049 pairs_len 53 wins A/B/draw 160/140/0 loss 0.1087 item_loss 0.07203 items: used 0.48 of rows-with-items, k>0 41, thrown 296/398
rnd 9400 steps 0.90M t 139.1m eps 0.048 pairs_len 52 wins A/B/draw 171/129/0 loss 0.1103 item_loss 0.07205 items: used 0.47 of rows-with-items, k>0 62, thrown 310/412
rnd 9500 steps 0.91M t 139.8m eps 0.048 pairs_len 50 wins A/B/draw 170/130/0 loss 0.1125 item_loss 0.07409 items: used 0.50 of rows-with-items, k>0 50, thrown 308/390
rnd 9600 steps 0.92M t 140.5m eps 0.048 pairs_len 50 wins A/B/draw 162/138/0 loss 0.1155 item_loss 0.07447 items: used 0.41 of rows-with-items, k>0 65, thrown 305/421
rnd 9700 steps 0.93M t 141.2m eps 0.047 pairs_len 50 wins A/B/draw 152/148/0 loss 0.1172 item_loss 0.07576 items: used 0.44 of rows-with-items, k>0 59, thrown 308/402
EVAL battle-net(A) vs solo-net + old rule(B): {'win': 0.4166666666666667, 'lose': 0.5833333333333334, 'draw': 0.0, 'games': 96, 'mean_len': 71.15625}
rnd 9800 steps 0.94M t 142.8m eps 0.047 pairs_len 50 wins A/B/draw 155/145/0 loss 0.1190 item_loss 0.07681 items: used 0.46 of rows-with-items, k>0 63, thrown 297/374
rnd 9900 steps 0.95M t 143.5m eps 0.047 pairs_len 48 wins A/B/draw 160/140/0 loss 0.1200 item_loss 0.07881 items: used 0.43 of rows-with-items, k>0 81, thrown 335/425
rnd 10000 steps 0.96M t 144.2m eps 0.046 pairs_len 47 wins A/B/draw 167/133/0 loss 0.1208 item_loss 0.08063 items: used 0.46 of rows-with-items, k>0 77, thrown 314/419
rnd 10100 steps 0.97M t 145.0m eps 0.046 pairs_len 49 wins A/B/draw 162/138/0 loss 0.1228 item_loss 0.08003 items: used 0.48 of rows-with-items, k>0 50, thrown 307/393
rnd 10200 steps 0.98M t 145.8m eps 0.046 pairs_len 48 wins A/B/draw 149/151/0 loss 0.1240 item_loss 0.07867 items: used 0.43 of rows-with-items, k>0 59, thrown 300/362
rnd 10300 steps 0.99M t 146.6m eps 0.045 pairs_len 48 wins A/B/draw 146/154/0 loss 0.1243 item_loss 0.07947 items: used 0.51 of rows-with-items, k>0 75, thrown 314/380
rnd 10400 steps 1.00M t 147.3m eps 0.045 pairs_len 48 wins A/B/draw 147/153/0 loss 0.1240 item_loss 0.08149 items: used 0.54 of rows-with-items, k>0 56, thrown 334/444
rnd 10500 steps 1.01M t 148.1m eps 0.045 pairs_len 49 wins A/B/draw 153/147/0 loss 0.1243 item_loss 0.08276 items: used 0.44 of rows-with-items, k>0 61, thrown 309/403
rnd 10600 steps 1.02M t 148.9m eps 0.044 pairs_len 50 wins A/B/draw 153/147/0 loss 0.1262 item_loss 0.08339 items: used 0.43 of rows-with-items, k>0 74, thrown 305/402
rnd 10700 steps 1.03M t 149.7m eps 0.044 pairs_len 50 wins A/B/draw 156/144/0 loss 0.1274 item_loss 0.08412 items: used 0.53 of rows-with-items, k>0 41, thrown 297/390
rnd 10800 steps 1.04M t 150.4m eps 0.044 pairs_len 49 wins A/B/draw 163/137/0 loss 0.1293 item_loss 0.08321 items: used 0.48 of rows-with-items, k>0 53, thrown 310/410
rnd 10900 steps 1.05M t 151.2m eps 0.043 pairs_len 49 wins A/B/draw 167/133/0 loss 0.1299 item_loss 0.08437 items: used 0.43 of rows-with-items, k>0 64, thrown 297/379
rnd 11000 steps 1.06M t 151.9m eps 0.043 pairs_len 49 wins A/B/draw 161/139/0 loss 0.1307 item_loss 0.08488 items: used 0.43 of rows-with-items, k>0 77, thrown 334/436
rnd 11100 steps 1.07M t 152.7m eps 0.043 pairs_len 49 wins A/B/draw 162/138/0 loss 0.1313 item_loss 0.08617 items: used 0.55 of rows-with-items, k>0 47, thrown 307/384
rnd 11200 steps 1.08M t 153.4m eps 0.042 pairs_len 49 wins A/B/draw 152/148/0 loss 0.1329 item_loss 0.08731 items: used 0.47 of rows-with-items, k>0 67, thrown 309/396
rnd 11300 steps 1.08M t 154.2m eps 0.042 pairs_len 49 wins A/B/draw 146/154/0 loss 0.1344 item_loss 0.08806 items: used 0.46 of rows-with-items, k>0 66, thrown 303/396
rnd 11400 steps 1.09M t 154.9m eps 0.042 pairs_len 50 wins A/B/draw 146/154/0 loss 0.1352 item_loss 0.08890 items: used 0.45 of rows-with-items, k>0 64, thrown 338/421
rnd 11500 steps 1.10M t 155.7m eps 0.041 pairs_len 50 wins A/B/draw 156/144/0 loss 0.1357 item_loss 0.09031 items: used 0.40 of rows-with-items, k>0 70, thrown 305/388
rnd 11600 steps 1.11M t 156.4m eps 0.041 pairs_len 49 wins A/B/draw 168/132/0 loss 0.1361 item_loss 0.09263 items: used 0.51 of rows-with-items, k>0 66, thrown 299/382
rnd 11700 steps 1.12M t 157.2m eps 0.041 pairs_len 49 wins A/B/draw 165/135/0 loss 0.1360 item_loss 0.09337 items: used 0.38 of rows-with-items, k>0 60, thrown 300/376
rnd 11800 steps 1.13M t 158.0m eps 0.040 pairs_len 47 wins A/B/draw 157/143/0 loss 0.1369 item_loss 0.09433 items: used 0.48 of rows-with-items, k>0 46, thrown 266/324
rnd 11900 steps 1.14M t 158.8m eps 0.040 pairs_len 48 wins A/B/draw 155/145/0 loss 0.1380 item_loss 0.09600 items: used 0.37 of rows-with-items, k>0 69, thrown 295/389
rnd 12000 steps 1.15M t 159.5m eps 0.040 pairs_len 47 wins A/B/draw 146/154/0 loss 0.1396 item_loss 0.09685 items: used 0.41 of rows-with-items, k>0 56, thrown 276/352
rnd 12100 steps 1.16M t 160.3m eps 0.039 pairs_len 48 wins A/B/draw 132/168/0 loss 0.1406 item_loss 0.09697 items: used 0.40 of rows-with-items, k>0 66, thrown 300/399
rnd 12200 steps 1.17M t 161.0m eps 0.039 pairs_len 49 wins A/B/draw 136/164/0 loss 0.1416 item_loss 0.09775 items: used 0.43 of rows-with-items, k>0 55, thrown 277/358
EVAL battle-net(A) vs solo-net + old rule(B): {'win': 0.46875, 'lose': 0.53125, 'draw': 0.0, 'games': 96, 'mean_len': 75.01041666666667}
rnd 12300 steps 1.18M t 162.9m eps 0.039 pairs_len 47 wins A/B/draw 150/150/0 loss 0.1416 item_loss 0.09820 items: used 0.44 of rows-with-items, k>0 64, thrown 305/382
rnd 12400 steps 1.19M t 163.6m eps 0.038 pairs_len 47 wins A/B/draw 161/139/0 loss 0.1421 item_loss 0.09778 items: used 0.44 of rows-with-items, k>0 65, thrown 317/410
rnd 12500 steps 1.20M t 164.4m eps 0.038 pairs_len 46 wins A/B/draw 163/137/0 loss 0.1418 item_loss 0.09795 items: used 0.48 of rows-with-items, k>0 46, thrown 240/290
rnd 12600 steps 1.21M t 165.1m eps 0.038 pairs_len 45 wins A/B/draw 149/151/0 loss 0.1408 item_loss 0.09751 items: used 0.47 of rows-with-items, k>0 56, thrown 257/314
rnd 12700 steps 1.22M t 165.9m eps 0.037 pairs_len 44 wins A/B/draw 145/155/0 loss 0.1405 item_loss 0.09681 items: used 0.40 of rows-with-items, k>0 49, thrown 262/330
rnd 12800 steps 1.23M t 166.6m eps 0.037 pairs_len 45 wins A/B/draw 142/158/0 loss 0.1429 item_loss 0.09654 items: used 0.41 of rows-with-items, k>0 47, thrown 257/321
rnd 12900 steps 1.24M t 167.3m eps 0.037 pairs_len 43 wins A/B/draw 147/153/0 loss 0.1433 item_loss 0.10032 items: used 0.43 of rows-with-items, k>0 59, thrown 272/318
rnd 13000 steps 1.25M t 168.1m eps 0.036 pairs_len 41 wins A/B/draw 149/151/0 loss 0.1446 item_loss 0.10072 items: used 0.50 of rows-with-items, k>0 26, thrown 258/307
rnd 13100 steps 1.26M t 168.9m eps 0.036 pairs_len 40 wins A/B/draw 152/148/0 loss 0.1438 item_loss 0.10154 items: used 0.50 of rows-with-items, k>0 47, thrown 250/306
rnd 13200 steps 1.27M t 169.6m eps 0.036 pairs_len 41 wins A/B/draw 156/144/0 loss 0.1434 item_loss 0.10371 items: used 0.51 of rows-with-items, k>0 38, thrown 242/287
rnd 13300 steps 1.28M t 170.3m eps 0.035 pairs_len 41 wins A/B/draw 174/126/0 loss 0.1431 item_loss 0.10397 items: used 0.44 of rows-with-items, k>0 51, thrown 259/299
rnd 13400 steps 1.29M t 171.1m eps 0.035 pairs_len 39 wins A/B/draw 176/124/0 loss 0.1436 item_loss 0.10529 items: used 0.40 of rows-with-items, k>0 46, thrown 251/313
rnd 13500 steps 1.30M t 171.8m eps 0.035 pairs_len 40 wins A/B/draw 146/154/0 loss 0.1419 item_loss 0.10540 items: used 0.49 of rows-with-items, k>0 57, thrown 281/339
rnd 13600 steps 1.31M t 172.5m eps 0.034 pairs_len 41 wins A/B/draw 142/158/0 loss 0.1410 item_loss 0.10593 items: used 0.56 of rows-with-items, k>0 45, thrown 223/261
rnd 13700 steps 1.32M t 173.2m eps 0.034 pairs_len 41 wins A/B/draw 143/157/0 loss 0.1423 item_loss 0.10679 items: used 0.46 of rows-with-items, k>0 57, thrown 257/324
rnd 13800 steps 1.32M t 174.0m eps 0.034 pairs_len 39 wins A/B/draw 146/154/0 loss 0.1400 item_loss 0.10837 items: used 0.45 of rows-with-items, k>0 43, thrown 229/281
rnd 13900 steps 1.33M t 174.7m eps 0.033 pairs_len 41 wins A/B/draw 138/162/0 loss 0.1405 item_loss 0.10886 items: used 0.54 of rows-with-items, k>0 43, thrown 214/261
rnd 14000 steps 1.34M t 175.5m eps 0.033 pairs_len 39 wins A/B/draw 153/147/0 loss 0.1409 item_loss 0.10972 items: used 0.54 of rows-with-items, k>0 48, thrown 253/298
rnd 14100 steps 1.35M t 176.2m eps 0.033 pairs_len 38 wins A/B/draw 159/141/0 loss 0.1415 item_loss 0.11056 items: used 0.52 of rows-with-items, k>0 51, thrown 245/263
rnd 14200 steps 1.36M t 176.9m eps 0.032 pairs_len 35 wins A/B/draw 142/158/0 loss 0.1421 item_loss 0.10874 items: used 0.49 of rows-with-items, k>0 64, thrown 257/300
rnd 14300 steps 1.37M t 177.7m eps 0.032 pairs_len 35 wins A/B/draw 136/164/0 loss 0.1424 item_loss 0.10799 items: used 0.52 of rows-with-items, k>0 50, thrown 250/292
rnd 14400 steps 1.38M t 178.4m eps 0.032 pairs_len 36 wins A/B/draw 152/148/0 loss 0.1418 item_loss 0.10903 items: used 0.54 of rows-with-items, k>0 37, thrown 249/288
rnd 14500 steps 1.39M t 179.2m eps 0.031 pairs_len 37 wins A/B/draw 161/139/0 loss 0.1413 item_loss 0.11013 items: used 0.48 of rows-with-items, k>0 46, thrown 227/283
rnd 14600 steps 1.40M t 180.0m eps 0.031 pairs_len 36 wins A/B/draw 149/151/0 loss 0.1419 item_loss 0.11154 items: used 0.56 of rows-with-items, k>0 35, thrown 218/246
rnd 14700 steps 1.41M t 180.7m eps 0.031 pairs_len 36 wins A/B/draw 148/152/0 loss 0.1413 item_loss 0.11235 items: used 0.48 of rows-with-items, k>0 36, thrown 251/293
rnd 14800 steps 1.42M t 181.5m eps 0.030 pairs_len 38 wins A/B/draw 157/143/0 loss 0.1404 item_loss 0.11448 items: used 0.45 of rows-with-items, k>0 45, thrown 233/284
EVAL battle-net(A) vs solo-net + old rule(B): {'win': 0.44329896907216493, 'lose': 0.5567010309278351, 'draw': 0.0, 'games': 97, 'mean_len': 70.98969072164948}
rnd 14900 steps 1.43M t 183.2m eps 0.030 pairs_len 38 wins A/B/draw 166/134/0 loss 0.1414 item_loss 0.11396 items: used 0.51 of rows-with-items, k>0 49, thrown 231/274
rnd 15000 steps 1.44M t 183.9m eps 0.030 pairs_len 37 wins A/B/draw 162/138/0 loss 0.1407 item_loss 0.11720 items: used 0.43 of rows-with-items, k>0 49, thrown 227/267
rnd 15100 steps 1.45M t 184.7m eps 0.029 pairs_len 36 wins A/B/draw 158/142/0 loss 0.1405 item_loss 0.11725 items: used 0.46 of rows-with-items, k>0 43, thrown 231/275
rnd 15200 steps 1.46M t 185.4m eps 0.029 pairs_len 37 wins A/B/draw 146/154/0 loss 0.1409 item_loss 0.11910 items: used 0.48 of rows-with-items, k>0 57, thrown 237/276
rnd 15300 steps 1.47M t 186.2m eps 0.029 pairs_len 37 wins A/B/draw 150/150/0 loss 0.1396 item_loss 0.11991 items: used 0.47 of rows-with-items, k>0 40, thrown 238/283
rnd 15400 steps 1.48M t 187.0m eps 0.028 pairs_len 38 wins A/B/draw 156/144/0 loss 0.1392 item_loss 0.12147 items: used 0.44 of rows-with-items, k>0 50, thrown 254/307
rnd 15500 steps 1.49M t 187.8m eps 0.028 pairs_len 37 wins A/B/draw 150/150/0 loss 0.1395 item_loss 0.12102 items: used 0.47 of rows-with-items, k>0 41, thrown 230/273
rnd 15600 steps 1.50M t 188.6m eps 0.028 pairs_len 36 wins A/B/draw 144/156/0 loss 0.1392 item_loss 0.12251 items: used 0.45 of rows-with-items, k>0 30, thrown 209/255
rnd 15700 steps 1.51M t 189.3m eps 0.027 pairs_len 37 wins A/B/draw 147/153/0 loss 0.1393 item_loss 0.12321 items: used 0.43 of rows-with-items, k>0 41, thrown 204/243
rnd 15800 steps 1.52M t 190.1m eps 0.027 pairs_len 38 wins A/B/draw 143/157/0 loss 0.1397 item_loss 0.12565 items: used 0.52 of rows-with-items, k>0 42, thrown 223/264
rnd 15900 steps 1.53M t 190.9m eps 0.027 pairs_len 37 wins A/B/draw 142/158/0 loss 0.1400 item_loss 0.12335 items: used 0.51 of rows-with-items, k>0 40, thrown 242/287
rnd 16000 steps 1.54M t 191.6m eps 0.026 pairs_len 35 wins A/B/draw 144/156/0 loss 0.1404 item_loss 0.12324 items: used 0.47 of rows-with-items, k>0 47, thrown 253/298
rnd 16100 steps 1.55M t 192.4m eps 0.026 pairs_len 35 wins A/B/draw 136/164/0 loss 0.1400 item_loss 0.12442 items: used 0.49 of rows-with-items, k>0 46, thrown 230/270
rnd 16200 steps 1.56M t 193.2m eps 0.026 pairs_len 36 wins A/B/draw 141/159/0 loss 0.1391 item_loss 0.12437 items: used 0.42 of rows-with-items, k>0 58, thrown 268/314
rnd 16300 steps 1.56M t 193.9m eps 0.025 pairs_len 38 wins A/B/draw 133/167/0 loss 0.1397 item_loss 0.12523 items: used 0.38 of rows-with-items, k>0 65, thrown 267/341
rnd 16400 steps 1.57M t 194.6m eps 0.025 pairs_len 39 wins A/B/draw 151/149/0 loss 0.1393 item_loss 0.12526 items: used 0.38 of rows-with-items, k>0 71, thrown 274/330
rnd 16500 steps 1.58M t 195.4m eps 0.025 pairs_len 38 wins A/B/draw 150/150/0 loss 0.1385 item_loss 0.12587 items: used 0.38 of rows-with-items, k>0 61, thrown 264/310
rnd 16600 steps 1.59M t 196.1m eps 0.024 pairs_len 39 wins A/B/draw 144/156/0 loss 0.1393 item_loss 0.12457 items: used 0.36 of rows-with-items, k>0 52, thrown 242/305
rnd 16700 steps 1.60M t 196.9m eps 0.024 pairs_len 39 wins A/B/draw 143/157/0 loss 0.1397 item_loss 0.12645 items: used 0.42 of rows-with-items, k>0 68, thrown 275/336
rnd 16800 steps 1.61M t 197.6m eps 0.024 pairs_len 39 wins A/B/draw 146/154/0 loss 0.1399 item_loss 0.12698 items: used 0.33 of rows-with-items, k>0 69, thrown 270/323
rnd 16900 steps 1.62M t 198.4m eps 0.023 pairs_len 38 wins A/B/draw 145/155/0 loss 0.1402 item_loss 0.12763 items: used 0.42 of rows-with-items, k>0 63, thrown 261/320
rnd 17000 steps 1.63M t 199.1m eps 0.023 pairs_len 40 wins A/B/draw 147/153/0 loss 0.1407 item_loss 0.12609 items: used 0.36 of rows-with-items, k>0 43, thrown 248/298
rnd 17100 steps 1.64M t 199.9m eps 0.023 pairs_len 37 wins A/B/draw 141/159/0 loss 0.1419 item_loss 0.12486 items: used 0.34 of rows-with-items, k>0 37, thrown 238/275
rnd 17200 steps 1.65M t 200.6m eps 0.022 pairs_len 38 wins A/B/draw 142/158/0 loss 0.1420 item_loss 0.12661 items: used 0.33 of rows-with-items, k>0 60, thrown 239/297
rnd 17300 steps 1.66M t 201.4m eps 0.022 pairs_len 37 wins A/B/draw 148/152/0 loss 0.1427 item_loss 0.12807 items: used 0.33 of rows-with-items, k>0 57, thrown 243/296
EVAL battle-net(A) vs solo-net + old rule(B): {'win': 0.5104166666666666, 'lose': 0.4895833333333333, 'draw': 0.0, 'games': 96, 'mean_len': 72.38541666666667}
rnd 17400 steps 1.67M t 203.1m eps 0.022 pairs_len 37 wins A/B/draw 152/148/0 loss 0.1436 item_loss 0.12993 items: used 0.40 of rows-with-items, k>0 63, thrown 281/335
rnd 17500 steps 1.68M t 203.9m eps 0.021 pairs_len 39 wins A/B/draw 160/140/0 loss 0.1437 item_loss 0.13191 items: used 0.36 of rows-with-items, k>0 79, thrown 285/343
rnd 17600 steps 1.69M t 204.6m eps 0.021 pairs_len 41 wins A/B/draw 162/138/0 loss 0.1446 item_loss 0.13225 items: used 0.28 of rows-with-items, k>0 58, thrown 279/341
rnd 17700 steps 1.70M t 205.4m eps 0.021 pairs_len 44 wins A/B/draw 163/137/0 loss 0.1446 item_loss 0.13031 items: used 0.33 of rows-with-items, k>0 58, thrown 275/348
rnd 17800 steps 1.71M t 206.1m eps 0.020 pairs_len 43 wins A/B/draw 154/146/0 loss 0.1463 item_loss 0.13119 items: used 0.35 of rows-with-items, k>0 77, thrown 296/362
rnd 17900 steps 1.72M t 206.8m eps 0.020 pairs_len 42 wins A/B/draw 154/146/0 loss 0.1458 item_loss 0.13184 items: used 0.36 of rows-with-items, k>0 50, thrown 259/323
rnd 18000 steps 1.73M t 207.6m eps 0.020 pairs_len 42 wins A/B/draw 157/143/0 loss 0.1466 item_loss 0.13186 items: used 0.34 of rows-with-items, k>0 62, thrown 276/354
rnd 18100 steps 1.74M t 208.3m eps 0.019 pairs_len 42 wins A/B/draw 151/149/0 loss 0.1474 item_loss 0.13218 items: used 0.32 of rows-with-items, k>0 71, thrown 283/342
rnd 18200 steps 1.75M t 209.1m eps 0.019 pairs_len 43 wins A/B/draw 143/157/0 loss 0.1479 item_loss 0.13349 items: used 0.33 of rows-with-items, k>0 43, thrown 252/317
rnd 18300 steps 1.76M t 209.8m eps 0.019 pairs_len 42 wins A/B/draw 141/159/0 loss 0.1478 item_loss 0.13284 items: used 0.30 of rows-with-items, k>0 57, thrown 260/320
rnd 18400 steps 1.77M t 210.5m eps 0.018 pairs_len 43 wins A/B/draw 149/151/0 loss 0.1473 item_loss 0.13535 items: used 0.33 of rows-with-items, k>0 65, thrown 269/323
rnd 18500 steps 1.78M t 211.3m eps 0.018 pairs_len 44 wins A/B/draw 159/141/0 loss 0.1484 item_loss 0.13743 items: used 0.33 of rows-with-items, k>0 71, thrown 296/366
rnd 18600 steps 1.79M t 212.0m eps 0.018 pairs_len 43 wins A/B/draw 156/144/0 loss 0.1494 item_loss 0.13676 items: used 0.25 of rows-with-items, k>0 79, thrown 285/354
rnd 18700 steps 1.80M t 212.8m eps 0.017 pairs_len 41 wins A/B/draw 145/155/0 loss 0.1506 item_loss 0.13625 items: used 0.30 of rows-with-items, k>0 59, thrown 267/321
rnd 18800 steps 1.80M t 213.5m eps 0.017 pairs_len 40 wins A/B/draw 151/149/0 loss 0.1503 item_loss 0.13847 items: used 0.28 of rows-with-items, k>0 65, thrown 254/322
rnd 18900 steps 1.81M t 214.3m eps 0.016 pairs_len 40 wins A/B/draw 154/145/1 loss 0.1514 item_loss 0.13952 items: used 0.32 of rows-with-items, k>0 71, thrown 311/369
rnd 19000 steps 1.82M t 215.0m eps 0.016 pairs_len 42 wins A/B/draw 155/144/1 loss 0.1498 item_loss 0.13853 items: used 0.27 of rows-with-items, k>0 62, thrown 284/353
rnd 19100 steps 1.83M t 215.7m eps 0.016 pairs_len 42 wins A/B/draw 156/143/1 loss 0.1502 item_loss 0.13938 items: used 0.33 of rows-with-items, k>0 58, thrown 272/327
rnd 19200 steps 1.84M t 216.5m eps 0.015 pairs_len 42 wins A/B/draw 144/156/0 loss 0.1493 item_loss 0.14045 items: used 0.28 of rows-with-items, k>0 68, thrown 260/313
rnd 19300 steps 1.85M t 217.2m eps 0.015 pairs_len 41 wins A/B/draw 139/161/0 loss 0.1502 item_loss 0.14161 items: used 0.34 of rows-with-items, k>0 79, thrown 306/352
rnd 19400 steps 1.86M t 218.0m eps 0.015 pairs_len 40 wins A/B/draw 151/149/0 loss 0.1504 item_loss 0.14427 items: used 0.32 of rows-with-items, k>0 60, thrown 266/319
rnd 19500 steps 1.87M t 218.7m eps 0.014 pairs_len 39 wins A/B/draw 149/151/0 loss 0.1493 item_loss 0.14830 items: used 0.27 of rows-with-items, k>0 85, thrown 282/349
rnd 19600 steps 1.88M t 219.5m eps 0.014 pairs_len 38 wins A/B/draw 158/142/0 loss 0.1501 item_loss 0.14901 items: used 0.32 of rows-with-items, k>0 61, thrown 252/305
rnd 19700 steps 1.89M t 220.3m eps 0.014 pairs_len 40 wins A/B/draw 154/146/0 loss 0.1508 item_loss 0.14965 items: used 0.31 of rows-with-items, k>0 81, thrown 268/345
rnd 19800 steps 1.90M t 221.0m eps 0.013 pairs_len 41 wins A/B/draw 156/144/0 loss 0.1511 item_loss 0.14881 items: used 0.27 of rows-with-items, k>0 86, thrown 257/320
EVAL battle-net(A) vs solo-net + old rule(B): {'win': 0.4791666666666667, 'lose': 0.5208333333333334, 'draw': 0.0, 'games': 96, 'mean_len': 69.20833333333333}
rnd 19900 steps 1.91M t 222.6m eps 0.013 pairs_len 42 wins A/B/draw 144/156/0 loss 0.1500 item_loss 0.14828 items: used 0.28 of rows-with-items, k>0 90, thrown 303/383
rnd 20000 steps 1.92M t 223.3m eps 0.013 pairs_len 40 wins A/B/draw 140/160/0 loss 0.1502 item_loss 0.14949 items: used 0.28 of rows-with-items, k>0 81, thrown 275/336
rnd 20100 steps 1.93M t 224.0m eps 0.012 pairs_len 38 wins A/B/draw 143/157/0 loss 0.1492 item_loss 0.14996 items: used 0.26 of rows-with-items, k>0 76, thrown 272/336
rnd 20200 steps 1.94M t 224.8m eps 0.012 pairs_len 38 wins A/B/draw 152/148/0 loss 0.1476 item_loss 0.15138 items: used 0.28 of rows-with-items, k>0 77, thrown 257/310
rnd 20300 steps 1.95M t 225.5m eps 0.012 pairs_len 35 wins A/B/draw 155/145/0 loss 0.1463 item_loss 0.15082 items: used 0.28 of rows-with-items, k>0 60, thrown 238/280
rnd 20400 steps 1.96M t 226.2m eps 0.011 pairs_len 35 wins A/B/draw 149/151/0 loss 0.1461 item_loss 0.15063 items: used 0.29 of rows-with-items, k>0 65, thrown 238/283
rnd 20500 steps 1.97M t 227.0m eps 0.011 pairs_len 36 wins A/B/draw 149/151/0 loss 0.1462 item_loss 0.15495 items: used 0.27 of rows-with-items, k>0 52, thrown 221/266
rnd 20600 steps 1.98M t 227.7m eps 0.011 pairs_len 36 wins A/B/draw 154/146/0 loss 0.1461 item_loss 0.15510 items: used 0.26 of rows-with-items, k>0 77, thrown 243/278
rnd 20700 steps 1.99M t 228.4m eps 0.010 pairs_len 34 wins A/B/draw 159/141/0 loss 0.1464 item_loss 0.15633 items: used 0.26 of rows-with-items, k>0 60, thrown 214/242
rnd 20800 steps 2.00M t 229.1m eps 0.010 pairs_len 33 wins A/B/draw 159/141/0 loss 0.1453 item_loss 0.15873 items: used 0.28 of rows-with-items, k>0 41, thrown 212/250
rnd 20900 steps 2.01M t 229.8m eps 0.010 pairs_len 33 wins A/B/draw 152/148/0 loss 0.1447 item_loss 0.15896 items: used 0.28 of rows-with-items, k>0 64, thrown 244/286
rnd 21000 steps 2.02M t 230.5m eps 0.010 pairs_len 36 wins A/B/draw 146/154/0 loss 0.1453 item_loss 0.16002 items: used 0.31 of rows-with-items, k>0 61, thrown 235/277
rnd 21100 steps 2.03M t 231.3m eps 0.010 pairs_len 36 wins A/B/draw 147/153/0 loss 0.1472 item_loss 0.16339 items: used 0.31 of rows-with-items, k>0 50, thrown 243/275
rnd 21200 steps 2.04M t 232.0m eps 0.010 pairs_len 35 wins A/B/draw 156/144/0 loss 0.1466 item_loss 0.16403 items: used 0.32 of rows-with-items, k>0 62, thrown 243/281
rnd 21300 steps 2.04M t 232.7m eps 0.010 pairs_len 34 wins A/B/draw 153/147/0 loss 0.1464 item_loss 0.16717 items: used 0.28 of rows-with-items, k>0 63, thrown 249/298
rnd 21400 steps 2.05M t 233.5m eps 0.010 pairs_len 34 wins A/B/draw 153/147/0 loss 0.1460 item_loss 0.17021 items: used 0.30 of rows-with-items, k>0 56, thrown 227/268
rnd 21500 steps 2.06M t 234.2m eps 0.010 pairs_len 32 wins A/B/draw 161/139/0 loss 0.1464 item_loss 0.17411 items: used 0.32 of rows-with-items, k>0 75, thrown 256/294
rnd 21600 steps 2.07M t 235.0m eps 0.010 pairs_len 33 wins A/B/draw 150/150/0 loss 0.1456 item_loss 0.17276 items: used 0.30 of rows-with-items, k>0 52, thrown 207/253
rnd 21700 steps 2.08M t 235.7m eps 0.010 pairs_len 34 wins A/B/draw 148/152/0 loss 0.1458 item_loss 0.17316 items: used 0.29 of rows-with-items, k>0 48, thrown 210/246
rnd 21800 steps 2.09M t 236.4m eps 0.010 pairs_len 32 wins A/B/draw 151/149/0 loss 0.1457 item_loss 0.17472 items: used 0.28 of rows-with-items, k>0 46, thrown 220/253
rnd 21900 steps 2.10M t 237.2m eps 0.010 pairs_len 31 wins A/B/draw 151/149/0 loss 0.1456 item_loss 0.17674 items: used 0.33 of rows-with-items, k>0 49, thrown 216/245
rnd 22000 steps 2.11M t 237.8m eps 0.010 pairs_len 32 wins A/B/draw 141/159/0 loss 0.1447 item_loss 0.17887 items: used 0.38 of rows-with-items, k>0 50, thrown 223/248
rnd 22100 steps 2.12M t 238.6m eps 0.010 pairs_len 32 wins A/B/draw 138/162/0 loss 0.1452 item_loss 0.18065 items: used 0.35 of rows-with-items, k>0 58, thrown 250/286
rnd 22200 steps 2.13M t 239.3m eps 0.010 pairs_len 33 wins A/B/draw 151/149/0 loss 0.1460 item_loss 0.18186 items: used 0.23 of rows-with-items, k>0 52, thrown 189/219
rnd 22300 steps 2.14M t 240.0m eps 0.010 pairs_len 31 wins A/B/draw 141/159/0 loss 0.1458 item_loss 0.18540 items: used 0.26 of rows-with-items, k>0 51, thrown 229/253
