training from scratch
EVAL battle-net(A) vs solo-net + old rule(B): {'win': 0.0, 'lose': 1.0, 'draw': 0.0, 'games': 96, 'mean_len': 30.5625}
rnd 100 steps 0.02M t 2.7m eps 0.299 pairs_len 29 wins A/B/draw 135/146/19 loss 0.0001 item_loss 0.00000 items: used 0.41 of rows-with-items, k>0 0, thrown 24/37
rnd 200 steps 0.04M t 4.4m eps 0.298 pairs_len 29 wins A/B/draw 152/129/19 loss 0.0016 item_loss 0.00000 items: used 0.40 of rows-with-items, k>0 1, thrown 21/37
rnd 300 steps 0.06M t 6.1m eps 0.297 pairs_len 29 wins A/B/draw 146/137/17 loss 0.0025 item_loss 0.00000 items: used 0.45 of rows-with-items, k>0 2, thrown 19/33
rnd 400 steps 0.08M t 7.8m eps 0.296 pairs_len 30 wins A/B/draw 128/150/22 loss 0.0033 item_loss 0.00000 items: used 0.36 of rows-with-items, k>0 4, thrown 19/35
rnd 500 steps 0.10M t 9.5m eps 0.296 pairs_len 30 wins A/B/draw 146/135/19 loss 0.0038 item_loss 0.00000 items: used 0.44 of rows-with-items, k>0 5, thrown 30/39
rnd 600 steps 0.12M t 11.2m eps 0.295 pairs_len 30 wins A/B/draw 132/151/17 loss 0.0042 item_loss 0.00000 items: used 0.41 of rows-with-items, k>0 1, thrown 24/35
rnd 700 steps 0.13M t 12.9m eps 0.294 pairs_len 29 wins A/B/draw 140/148/12 loss 0.0045 item_loss 0.00000 items: used 0.39 of rows-with-items, k>0 0, thrown 20/31
rnd 800 steps 0.15M t 14.5m eps 0.293 pairs_len 29 wins A/B/draw 146/137/17 loss 0.0048 item_loss 0.00000 items: used 0.47 of rows-with-items, k>0 2, thrown 12/22
rnd 900 steps 0.17M t 16.2m eps 0.292 pairs_len 29 wins A/B/draw 160/129/11 loss 0.0051 item_loss 0.00000 items: used 0.37 of rows-with-items, k>0 0, thrown 20/32
rnd 1000 steps 0.19M t 17.9m eps 0.291 pairs_len 30 wins A/B/draw 143/142/15 loss 0.0053 item_loss 0.00000 items: used 0.43 of rows-with-items, k>0 1, thrown 19/36
rnd 1100 steps 0.21M t 18.4m eps 0.290 pairs_len 30 wins A/B/draw 148/135/17 loss 0.0056 item_loss 0.00000 items: used 0.45 of rows-with-items, k>0 1, thrown 21/32
rnd 1200 steps 0.23M t 18.5m eps 0.289 pairs_len 30 wins A/B/draw 139/147/14 loss 0.0059 item_loss 0.00000 items: used 0.43 of rows-with-items, k>0 1, thrown 23/35
rnd 1300 steps 0.25M t 18.7m eps 0.288 pairs_len 30 wins A/B/draw 161/127/12 loss 0.0062 item_loss 0.00000 items: used 0.31 of rows-with-items, k>0 1, thrown 25/40
rnd 1400 steps 0.27M t 18.8m eps 0.287 pairs_len 30 wins A/B/draw 141/139/20 loss 0.0065 item_loss 0.00000 items: used 0.38 of rows-with-items, k>0 3, thrown 29/41
rnd 1500 steps 0.29M t 18.8m eps 0.287 pairs_len 30 wins A/B/draw 142/141/17 loss 0.0070 item_loss 0.00000 items: used 0.36 of rows-with-items, k>0 6, thrown 32/49
rnd 1600 steps 0.31M t 18.8m eps 0.286 pairs_len 30 wins A/B/draw 131/146/23 loss 0.0075 item_loss 0.00000 items: used 0.40 of rows-with-items, k>0 2, thrown 22/33
rnd 1700 steps 0.33M t 18.9m eps 0.285 pairs_len 30 wins A/B/draw 128/148/24 loss 0.0080 item_loss 0.00000 items: used 0.41 of rows-with-items, k>0 2, thrown 16/30
rnd 1800 steps 0.35M t 18.9m eps 0.284 pairs_len 30 wins A/B/draw 139/141/20 loss 0.0086 item_loss 0.00000 items: used 0.32 of rows-with-items, k>0 5, thrown 28/38
rnd 1900 steps 0.36M t 19.0m eps 0.283 pairs_len 30 wins A/B/draw 148/135/17 loss 0.0092 item_loss 0.00000 items: used 0.34 of rows-with-items, k>0 2, thrown 16/32
rnd 2000 steps 0.38M t 19.0m eps 0.282 pairs_len 30 wins A/B/draw 147/143/10 loss 0.0099 item_loss 0.00000 items: used 0.40 of rows-with-items, k>0 3, thrown 22/32
rnd 2100 steps 0.40M t 19.0m eps 0.281 pairs_len 30 wins A/B/draw 136/147/17 loss 0.0106 item_loss 0.00000 items: used 0.38 of rows-with-items, k>0 2, thrown 13/27
rnd 2200 steps 0.42M t 19.1m eps 0.280 pairs_len 30 wins A/B/draw 141/135/24 loss 0.0114 item_loss 0.00000 items: used 0.40 of rows-with-items, k>0 0, thrown 18/25
/home/a/Desktop/stuff/polycube/ndrl/train_battle.py:258: UserWarning: Converting a tensor with requires_grad=True to a scalar may lead to unexpected behavior.
Consider using tensor.detach() first. (Triggered internally at /pytorch/torch/csrc/autograd/generated/python_variable_methods.cpp:836.)
  if rnd % 10 == 0: loss_ema = 0.99 * loss_ema + 0.01 * loss.item(); iloss_ema = 0.99 * iloss_ema + 0.01 * float(il)
rnd 2300 steps 0.44M t 19.1m eps 0.279 pairs_len 30 wins A/B/draw 136/141/23 loss 0.0122 item_loss 0.00016 items: used 0.41 of rows-with-items, k>0 2, thrown 17/30
rnd 2400 steps 0.46M t 19.2m eps 0.279 pairs_len 30 wins A/B/draw 135/153/12 loss 0.0132 item_loss 0.00060 items: used 0.81 of rows-with-items, k>0 3, thrown 32/39
rnd 2500 steps 0.48M t 19.2m eps 0.278 pairs_len 30 wins A/B/draw 151/131/18 loss 0.0143 item_loss 0.00077 items: used 0.58 of rows-with-items, k>0 1, thrown 29/41
rnd 2600 steps 0.50M t 19.2m eps 0.277 pairs_len 30 wins A/B/draw 133/142/25 loss 0.0155 item_loss 0.00086 items: used 0.55 of rows-with-items, k>0 3, thrown 22/34
rnd 2700 steps 0.52M t 19.3m eps 0.276 pairs_len 30 wins A/B/draw 131/152/17 loss 0.0166 item_loss 0.00086 items: used 0.55 of rows-with-items, k>0 1, thrown 22/33
rnd 2800 steps 0.54M t 19.3m eps 0.275 pairs_len 30 wins A/B/draw 134/144/22 loss 0.0178 item_loss 0.00084 items: used 0.67 of rows-with-items, k>0 1, thrown 24/29
rnd 2900 steps 0.56M t 19.4m eps 0.274 pairs_len 30 wins A/B/draw 125/155/20 loss 0.0190 item_loss 0.00080 items: used 0.69 of rows-with-items, k>0 1, thrown 28/38
rnd 3000 steps 0.58M t 19.4m eps 0.273 pairs_len 30 wins A/B/draw 134/144/22 loss 0.0203 item_loss 0.00076 items: used 0.67 of rows-with-items, k>0 4, thrown 25/38
rnd 3100 steps 0.60M t 19.4m eps 0.272 pairs_len 29 wins A/B/draw 134/149/17 loss 0.0218 item_loss 0.00072 items: used 0.60 of rows-with-items, k>0 3, thrown 19/28
rnd 3200 steps 0.61M t 19.5m eps 0.271 pairs_len 29 wins A/B/draw 134/147/19 loss 0.0235 item_loss 0.00074 items: used 0.67 of rows-with-items, k>0 2, thrown 31/42
rnd 3300 steps 0.63M t 19.5m eps 0.270 pairs_len 29 wins A/B/draw 140/144/16 loss 0.0249 item_loss 0.00081 items: used 0.78 of rows-with-items, k>0 2, thrown 25/31
rnd 3400 steps 0.65M t 19.6m eps 0.270 pairs_len 28 wins A/B/draw 152/130/18 loss 0.0265 item_loss 0.00078 items: used 0.82 of rows-with-items, k>0 5, thrown 36/45
rnd 3500 steps 0.67M t 19.6m eps 0.269 pairs_len 28 wins A/B/draw 149/135/16 loss 0.0283 item_loss 0.00073 items: used 0.81 of rows-with-items, k>0 0, thrown 14/17
rnd 3600 steps 0.69M t 19.7m eps 0.268 pairs_len 28 wins A/B/draw 155/122/23 loss 0.0299 item_loss 0.00070 items: used 0.76 of rows-with-items, k>0 2, thrown 32/38
rnd 3700 steps 0.71M t 19.7m eps 0.267 pairs_len 27 wins A/B/draw 147/134/19 loss 0.0317 item_loss 0.00067 items: used 0.57 of rows-with-items, k>0 1, thrown 21/29
rnd 3800 steps 0.73M t 19.7m eps 0.266 pairs_len 27 wins A/B/draw 143/136/21 loss 0.0336 item_loss 0.00067 items: used 0.77 of rows-with-items, k>0 1, thrown 29/37
rnd 3900 steps 0.75M t 19.8m eps 0.265 pairs_len 26 wins A/B/draw 139/141/20 loss 0.0356 item_loss 0.00064 items: used 0.86 of rows-with-items, k>0 0, thrown 22/31
rnd 4000 steps 0.77M t 19.8m eps 0.264 pairs_len 26 wins A/B/draw 138/139/23 loss 0.0380 item_loss 0.00063 items: used 0.65 of rows-with-items, k>0 3, thrown 27/33
rnd 4100 steps 0.79M t 19.9m eps 0.263 pairs_len 25 wins A/B/draw 118/158/24 loss 0.0401 item_loss 0.00093 items: used 0.54 of rows-with-items, k>0 1, thrown 9/14
rnd 4200 steps 0.81M t 19.9m eps 0.262 pairs_len 26 wins A/B/draw 159/122/19 loss 0.0421 item_loss 0.00124 items: used 0.72 of rows-with-items, k>0 1, thrown 21/23
rnd 4300 steps 0.83M t 19.9m eps 0.261 pairs_len 25 wins A/B/draw 138/143/19 loss 0.0449 item_loss 0.00130 items: used 0.66 of rows-with-items, k>0 1, thrown 14/27
rnd 4400 steps 0.84M t 20.0m eps 0.261 pairs_len 25 wins A/B/draw 148/131/21 loss 0.0477 item_loss 0.00137 items: used 0.74 of rows-with-items, k>0 4, thrown 19/23
rnd 4500 steps 0.86M t 20.0m eps 0.260 pairs_len 25 wins A/B/draw 143/137/20 loss 0.0506 item_loss 0.00129 items: used 0.71 of rows-with-items, k>0 3, thrown 12/20
rnd 4600 steps 0.88M t 20.1m eps 0.259 pairs_len 25 wins A/B/draw 144/136/20 loss 0.0533 item_loss 0.00123 items: used 0.58 of rows-with-items, k>0 5, thrown 17/19
rnd 4700 steps 0.90M t 20.1m eps 0.258 pairs_len 25 wins A/B/draw 138/140/22 loss 0.0560 item_loss 0.00116 items: used 0.90 of rows-with-items, k>0 3, thrown 13/18
rnd 4800 steps 0.92M t 20.1m eps 0.257 pairs_len 24 wins A/B/draw 132/148/20 loss 0.0590 item_loss 0.00108 items: used 0.78 of rows-with-items, k>0 0, thrown 6/7
rnd 4900 steps 0.94M t 20.2m eps 0.256 pairs_len 25 wins A/B/draw 145/138/17 loss 0.0617 item_loss 0.00101 items: used 0.60 of rows-with-items, k>0 3, thrown 13/18
rnd 5000 steps 0.96M t 20.2m eps 0.255 pairs_len 25 wins A/B/draw 129/154/17 loss 0.0639 item_loss 0.00096 items: used 0.86 of rows-with-items, k>0 1, thrown 10/12
rnd 5100 steps 0.98M t 20.3m eps 0.254 pairs_len 25 wins A/B/draw 134/142/24 loss 0.0663 item_loss 0.00090 items: used 0.74 of rows-with-items, k>0 2, thrown 19/25
rnd 5200 steps 1.00M t 20.3m eps 0.253 pairs_len 25 wins A/B/draw 140/136/24 loss 0.0696 item_loss 0.00087 items: used 0.77 of rows-with-items, k>0 0, thrown 7/10
rnd 5300 steps 1.02M t 20.3m eps 0.253 pairs_len 25 wins A/B/draw 146/134/20 loss 0.0720 item_loss 0.00085 items: used 0.75 of rows-with-items, k>0 1, thrown 5/6
rnd 5400 steps 1.04M t 20.4m eps 0.252 pairs_len 25 wins A/B/draw 146/130/24 loss 0.0745 item_loss 0.00081 items: used 0.68 of rows-with-items, k>0 3, thrown 9/13
rnd 5500 steps 1.06M t 20.4m eps 0.251 pairs_len 25 wins A/B/draw 143/131/26 loss 0.0769 item_loss 0.00077 items: used 0.76 of rows-with-items, k>0 2, thrown 15/19
rnd 5600 steps 1.08M t 20.5m eps 0.250 pairs_len 25 wins A/B/draw 143/141/16 loss 0.0791 item_loss 0.00074 items: used 0.87 of rows-with-items, k>0 2, thrown 11/13
rnd 5700 steps 1.09M t 20.5m eps 0.249 pairs_len 26 wins A/B/draw 139/137/24 loss 0.0811 item_loss 0.00079 items: used 0.71 of rows-with-items, k>0 1, thrown 6/10
rnd 5800 steps 1.11M t 20.5m eps 0.248 pairs_len 25 wins A/B/draw 143/143/14 loss 0.0837 item_loss 0.00079 items: used 1.00 of rows-with-items, k>0 0, thrown 5/13
rnd 5900 steps 1.13M t 20.6m eps 0.247 pairs_len 26 wins A/B/draw 161/116/23 loss 0.0864 item_loss 0.00073 items: used 0.56 of rows-with-items, k>0 1, thrown 12/14
rnd 6000 steps 1.15M t 20.6m eps 0.246 pairs_len 26 wins A/B/draw 135/146/19 loss 0.0896 item_loss 0.00068 items: used 0.68 of rows-with-items, k>0 1, thrown 9/13
rnd 6100 steps 1.17M t 20.6m eps 0.245 pairs_len 26 wins A/B/draw 149/136/15 loss 0.0920 item_loss 0.00068 items: used 0.60 of rows-with-items, k>0 2, thrown 12/15
rnd 6200 steps 1.19M t 20.7m eps 0.244 pairs_len 26 wins A/B/draw 139/143/18 loss 0.0946 item_loss 0.00069 items: used 0.74 of rows-with-items, k>0 2, thrown 17/26
rnd 6300 steps 1.21M t 20.7m eps 0.244 pairs_len 26 wins A/B/draw 140/134/26 loss 0.0969 item_loss 0.00067 items: used 0.78 of rows-with-items, k>0 1, thrown 21/25
rnd 6400 steps 1.23M t 20.8m eps 0.243 pairs_len 26 wins A/B/draw 131/143/26 loss 0.0989 item_loss 0.00067 items: used 0.50 of rows-with-items, k>0 2, thrown 9/12
rnd 6500 steps 1.25M t 20.8m eps 0.242 pairs_len 26 wins A/B/draw 155/117/28 loss 0.1004 item_loss 0.00065 items: used 0.79 of rows-with-items, k>0 4, thrown 16/23
rnd 6600 steps 1.27M t 20.9m eps 0.241 pairs_len 27 wins A/B/draw 138/145/17 loss 0.1022 item_loss 0.00062 items: used 0.56 of rows-with-items, k>0 2, thrown 7/14
rnd 6700 steps 1.29M t 20.9m eps 0.240 pairs_len 27 wins A/B/draw 139/133/28 loss 0.1037 item_loss 0.00060 items: used 0.93 of rows-with-items, k>0 0, thrown 12/13
rnd 6800 steps 1.31M t 20.9m eps 0.239 pairs_len 27 wins A/B/draw 137/135/28 loss 0.1054 item_loss 0.00059 items: used 0.71 of rows-with-items, k>0 2, thrown 21/27
rnd 6900 steps 1.32M t 21.0m eps 0.238 pairs_len 27 wins A/B/draw 132/135/33 loss 0.1068 item_loss 0.00062 items: used 0.93 of rows-with-items, k>0 2, thrown 19/26
rnd 7000 steps 1.34M t 21.0m eps 0.237 pairs_len 27 wins A/B/draw 139/141/20 loss 0.1079 item_loss 0.00064 items: used 0.68 of rows-with-items, k>0 0, thrown 11/13
rnd 7100 steps 1.36M t 21.1m eps 0.236 pairs_len 27 wins A/B/draw 145/127/28 loss 0.1090 item_loss 0.00069 items: used 0.65 of rows-with-items, k>0 1, thrown 16/26
rnd 7200 steps 1.38M t 21.1m eps 0.235 pairs_len 28 wins A/B/draw 151/126/23 loss 0.1101 item_loss 0.00069 items: used 0.89 of rows-with-items, k>0 3, thrown 26/31
rnd 7300 steps 1.40M t 21.1m eps 0.235 pairs_len 28 wins A/B/draw 120/154/26 loss 0.1109 item_loss 0.00070 items: used 0.88 of rows-with-items, k>0 2, thrown 19/23
rnd 7400 steps 1.42M t 21.2m eps 0.234 pairs_len 28 wins A/B/draw 146/140/14 loss 0.1117 item_loss 0.00072 items: used 0.78 of rows-with-items, k>0 5, thrown 15/21
rnd 7500 steps 1.44M t 21.2m eps 0.233 pairs_len 29 wins A/B/draw 153/137/10 loss 0.1119 item_loss 0.00070 items: used 0.68 of rows-with-items, k>0 1, thrown 19/23
rnd 7600 steps 1.46M t 21.2m eps 0.232 pairs_len 29 wins A/B/draw 139/139/22 loss 0.1122 item_loss 0.00072 items: used 0.90 of rows-with-items, k>0 5, thrown 21/35
rnd 7700 steps 1.48M t 21.3m eps 0.231 pairs_len 29 wins A/B/draw 140/134/26 loss 0.1119 item_loss 0.00075 items: used 0.68 of rows-with-items, k>0 2, thrown 19/26
rnd 7800 steps 1.50M t 21.3m eps 0.230 pairs_len 29 wins A/B/draw 133/135/32 loss 0.1118 item_loss 0.00072 items: used 0.90 of rows-with-items, k>0 2, thrown 22/28
rnd 7900 steps 1.52M t 21.4m eps 0.229 pairs_len 29 wins A/B/draw 151/127/22 loss 0.1117 item_loss 0.00074 items: used 0.77 of rows-with-items, k>0 3, thrown 25/30
rnd 8000 steps 1.54M t 21.4m eps 0.228 pairs_len 29 wins A/B/draw 148/132/20 loss 0.1116 item_loss 0.00074 items: used 0.72 of rows-with-items, k>0 3, thrown 31/39
rnd 8100 steps 1.56M t 21.4m eps 0.227 pairs_len 29 wins A/B/draw 125/155/20 loss 0.1114 item_loss 0.00077 items: used 0.82 of rows-with-items, k>0 5, thrown 23/28
rnd 8200 steps 1.57M t 21.5m eps 0.227 pairs_len 30 wins A/B/draw 148/128/24 loss 0.1113 item_loss 0.00076 items: used 0.80 of rows-with-items, k>0 3, thrown 35/47
rnd 8300 steps 1.59M t 21.5m eps 0.226 pairs_len 29 wins A/B/draw 127/142/31 loss 0.1113 item_loss 0.00083 items: used 0.80 of rows-with-items, k>0 4, thrown 26/40
rnd 8400 steps 1.61M t 21.6m eps 0.225 pairs_len 30 wins A/B/draw 140/125/35 loss 0.1109 item_loss 0.00092 items: used 0.70 of rows-with-items, k>0 8, thrown 39/53
rnd 8500 steps 1.63M t 21.6m eps 0.224 pairs_len 29 wins A/B/draw 140/140/20 loss 0.1103 item_loss 0.00098 items: used 0.73 of rows-with-items, k>0 5, thrown 33/45
rnd 8600 steps 1.65M t 21.7m eps 0.223 pairs_len 30 wins A/B/draw 135/144/21 loss 0.1099 item_loss 0.00106 items: used 0.87 of rows-with-items, k>0 3, thrown 45/54
rnd 8700 steps 1.67M t 21.7m eps 0.222 pairs_len 30 wins A/B/draw 137/141/22 loss 0.1089 item_loss 0.00108 items: used 0.85 of rows-with-items, k>0 3, thrown 39/56
rnd 8800 steps 1.69M t 21.7m eps 0.221 pairs_len 30 wins A/B/draw 145/130/25 loss 0.1083 item_loss 0.00110 items: used 0.84 of rows-with-items, k>0 14, thrown 41/56
rnd 8900 steps 1.71M t 21.8m eps 0.220 pairs_len 30 wins A/B/draw 136/139/25 loss 0.1075 item_loss 0.00112 items: used 0.66 of rows-with-items, k>0 6, thrown 29/43
rnd 9000 steps 1.73M t 21.8m eps 0.219 pairs_len 30 wins A/B/draw 154/126/20 loss 0.1064 item_loss 0.00108 items: used 0.52 of rows-with-items, k>0 5, thrown 28/48
rnd 9100 steps 1.75M t 21.9m eps 0.218 pairs_len 30 wins A/B/draw 155/126/19 loss 0.1058 item_loss 0.00111 items: used 0.64 of rows-with-items, k>0 9, thrown 49/64
rnd 9200 steps 1.77M t 21.9m eps 0.218 pairs_len 30 wins A/B/draw 134/151/15 loss 0.1051 item_loss 0.00112 items: used 0.70 of rows-with-items, k>0 5, thrown 41/57
rnd 9300 steps 1.79M t 22.0m eps 0.217 pairs_len 30 wins A/B/draw 137/147/16 loss 0.1044 item_loss 0.00117 items: used 0.77 of rows-with-items, k>0 9, thrown 59/85
rnd 9400 steps 1.80M t 22.0m eps 0.216 pairs_len 30 wins A/B/draw 134/144/22 loss 0.1036 item_loss 0.00116 items: used 0.71 of rows-with-items, k>0 3, thrown 27/41
rnd 9500 steps 1.82M t 22.0m eps 0.215 pairs_len 30 wins A/B/draw 139/133/28 loss 0.1026 item_loss 0.00116 items: used 0.76 of rows-with-items, k>0 4, thrown 30/44
rnd 9600 steps 1.84M t 22.1m eps 0.214 pairs_len 30 wins A/B/draw 136/142/22 loss 0.1022 item_loss 0.00132 items: used 0.64 of rows-with-items, k>0 4, thrown 42/56
rnd 9700 steps 1.86M t 22.1m eps 0.213 pairs_len 30 wins A/B/draw 148/139/13 loss 0.1017 item_loss 0.00140 items: used 0.77 of rows-with-items, k>0 2, thrown 32/54
rnd 9800 steps 1.88M t 22.2m eps 0.212 pairs_len 30 wins A/B/draw 137/143/20 loss 0.1007 item_loss 0.00135 items: used 0.73 of rows-with-items, k>0 8, thrown 35/52
rnd 9900 steps 1.90M t 22.2m eps 0.211 pairs_len 30 wins A/B/draw 139/145/16 loss 0.1003 item_loss 0.00147 items: used 0.88 of rows-with-items, k>0 3, thrown 42/70
rnd 10000 steps 1.92M t 22.2m eps 0.210 pairs_len 30 wins A/B/draw 119/159/22 loss 0.0995 item_loss 0.00146 items: used 0.63 of rows-with-items, k>0 4, thrown 37/52
rnd 10100 steps 1.94M t 22.3m eps 0.210 pairs_len 30 wins A/B/draw 152/132/16 loss 0.0984 item_loss 0.00141 items: used 0.65 of rows-with-items, k>0 5, thrown 30/43
rnd 10200 steps 1.96M t 22.3m eps 0.209 pairs_len 30 wins A/B/draw 144/140/16 loss 0.0974 item_loss 0.00144 items: used 0.73 of rows-with-items, k>0 5, thrown 46/56
rnd 10300 steps 1.98M t 22.4m eps 0.208 pairs_len 30 wins A/B/draw 142/146/12 loss 0.0962 item_loss 0.00137 items: used 0.71 of rows-with-items, k>0 2, thrown 37/50
rnd 10400 steps 2.00M t 22.4m eps 0.207 pairs_len 30 wins A/B/draw 153/129/18 loss 0.0952 item_loss 0.00140 items: used 0.53 of rows-with-items, k>0 1, thrown 28/40
rnd 10500 steps 2.02M t 22.5m eps 0.206 pairs_len 30 wins A/B/draw 126/149/25 loss 0.0945 item_loss 0.00134 items: used 0.76 of rows-with-items, k>0 7, thrown 38/48
rnd 10600 steps 2.04M t 22.5m eps 0.205 pairs_len 30 wins A/B/draw 133/155/12 loss 0.0932 item_loss 0.00138 items: used 0.60 of rows-with-items, k>0 0, thrown 20/30
rnd 10700 steps 2.05M t 22.5m eps 0.204 pairs_len 31 wins A/B/draw 137/150/13 loss 0.0923 item_loss 0.00132 items: used 0.76 of rows-with-items, k>0 2, thrown 43/57
rnd 10800 steps 2.07M t 22.6m eps 0.203 pairs_len 30 wins A/B/draw 140/146/14 loss 0.0912 item_loss 0.00134 items: used 0.80 of rows-with-items, k>0 4, thrown 42/61
rnd 10900 steps 2.09M t 22.6m eps 0.202 pairs_len 31 wins A/B/draw 139/144/17 loss 0.0899 item_loss 0.00134 items: used 0.65 of rows-with-items, k>0 2, thrown 41/59
rnd 11000 steps 2.11M t 22.7m eps 0.201 pairs_len 31 wins A/B/draw 145/134/21 loss 0.0887 item_loss 0.00139 items: used 0.70 of rows-with-items, k>0 4, thrown 32/45
rnd 11100 steps 2.13M t 22.7m eps 0.201 pairs_len 31 wins A/B/draw 129/150/21 loss 0.0877 item_loss 0.00133 items: used 0.65 of rows-with-items, k>0 5, thrown 38/56
rnd 11200 steps 2.15M t 22.7m eps 0.200 pairs_len 31 wins A/B/draw 139/139/22 loss 0.0868 item_loss 0.00127 items: used 0.65 of rows-with-items, k>0 4, thrown 40/68
rnd 11300 steps 2.17M t 22.8m eps 0.199 pairs_len 31 wins A/B/draw 149/138/13 loss 0.0858 item_loss 0.00135 items: used 0.69 of rows-with-items, k>0 1, thrown 37/53
rnd 11400 steps 2.19M t 22.8m eps 0.198 pairs_len 31 wins A/B/draw 118/159/23 loss 0.0849 item_loss 0.00137 items: used 0.64 of rows-with-items, k>0 5, thrown 47/56
rnd 11500 steps 2.21M t 22.8m eps 0.197 pairs_len 31 wins A/B/draw 127/150/23 loss 0.0837 item_loss 0.00140 items: used 0.78 of rows-with-items, k>0 4, thrown 28/35
rnd 11600 steps 2.23M t 22.9m eps 0.196 pairs_len 31 wins A/B/draw 160/130/10 loss 0.0823 item_loss 0.00133 items: used 0.66 of rows-with-items, k>0 10, thrown 57/85
rnd 11700 steps 2.25M t 22.9m eps 0.195 pairs_len 31 wins A/B/draw 132/146/22 loss 0.0812 item_loss 0.00155 items: used 0.60 of rows-with-items, k>0 7, thrown 34/51
rnd 11800 steps 2.27M t 23.0m eps 0.194 pairs_len 31 wins A/B/draw 151/133/16 loss 0.0800 item_loss 0.00155 items: used 0.66 of rows-with-items, k>0 3, thrown 35/49
rnd 11900 steps 2.28M t 23.0m eps 0.193 pairs_len 31 wins A/B/draw 156/128/16 loss 0.0788 item_loss 0.00155 items: used 0.70 of rows-with-items, k>0 5, thrown 49/68
rnd 12000 steps 2.30M t 23.0m eps 0.192 pairs_len 31 wins A/B/draw 129/153/18 loss 0.0774 item_loss 0.00149 items: used 0.67 of rows-with-items, k>0 2, thrown 40/56
rnd 12100 steps 2.32M t 23.1m eps 0.192 pairs_len 31 wins A/B/draw 130/147/23 loss 0.0758 item_loss 0.00148 items: used 0.64 of rows-with-items, k>0 2, thrown 47/68
rnd 12200 steps 2.34M t 23.1m eps 0.191 pairs_len 31 wins A/B/draw 148/129/23 loss 0.0744 item_loss 0.00142 items: used 0.64 of rows-with-items, k>0 4, thrown 38/54
rnd 12300 steps 2.36M t 23.2m eps 0.190 pairs_len 31 wins A/B/draw 140/142/18 loss 0.0730 item_loss 0.00136 items: used 0.80 of rows-with-items, k>0 3, thrown 38/59
rnd 12400 steps 2.38M t 23.2m eps 0.189 pairs_len 32 wins A/B/draw 143/139/18 loss 0.0714 item_loss 0.00129 items: used 0.68 of rows-with-items, k>0 6, thrown 42/63
rnd 12500 steps 2.40M t 23.2m eps 0.188 pairs_len 31 wins A/B/draw 134/147/19 loss 0.0700 item_loss 0.00138 items: used 0.64 of rows-with-items, k>0 6, thrown 54/68
rnd 12600 steps 2.42M t 23.3m eps 0.187 pairs_len 32 wins A/B/draw 149/129/22 loss 0.0688 item_loss 0.00134 items: used 0.66 of rows-with-items, k>0 10, thrown 61/80
rnd 12700 steps 2.44M t 23.3m eps 0.186 pairs_len 32 wins A/B/draw 140/136/24 loss 0.0675 item_loss 0.00132 items: used 0.62 of rows-with-items, k>0 10, thrown 57/80
rnd 12800 steps 2.46M t 23.4m eps 0.185 pairs_len 32 wins A/B/draw 147/135/18 loss 0.0665 item_loss 0.00137 items: used 0.56 of rows-with-items, k>0 2, thrown 39/55
rnd 12900 steps 2.48M t 23.4m eps 0.184 pairs_len 32 wins A/B/draw 143/139/18 loss 0.0654 item_loss 0.00136 items: used 0.55 of rows-with-items, k>0 5, thrown 46/79
rnd 13000 steps 2.50M t 23.5m eps 0.184 pairs_len 32 wins A/B/draw 154/131/15 loss 0.0645 item_loss 0.00132 items: used 0.58 of rows-with-items, k>0 7, thrown 54/75
rnd 13100 steps 2.52M t 23.5m eps 0.183 pairs_len 32 wins A/B/draw 150/134/16 loss 0.0633 item_loss 0.00127 items: used 0.59 of rows-with-items, k>0 13, thrown 70/96
rnd 13200 steps 2.53M t 23.6m eps 0.182 pairs_len 32 wins A/B/draw 145/141/14 loss 0.0623 item_loss 0.00133 items: used 0.60 of rows-with-items, k>0 8, thrown 53/84
rnd 13300 steps 2.55M t 23.6m eps 0.181 pairs_len 32 wins A/B/draw 143/139/18 loss 0.0611 item_loss 0.00128 items: used 0.64 of rows-with-items, k>0 14, thrown 69/104
rnd 13400 steps 2.57M t 23.6m eps 0.180 pairs_len 32 wins A/B/draw 139/137/24 loss 0.0598 item_loss 0.00151 items: used 0.62 of rows-with-items, k>0 3, thrown 42/72
rnd 13500 steps 2.59M t 23.7m eps 0.179 pairs_len 32 wins A/B/draw 134/147/19 loss 0.0589 item_loss 0.00160 items: used 0.57 of rows-with-items, k>0 7, thrown 61/91
rnd 13600 steps 2.61M t 23.7m eps 0.178 pairs_len 33 wins A/B/draw 140/141/19 loss 0.0579 item_loss 0.00164 items: used 0.58 of rows-with-items, k>0 12, thrown 73/104
rnd 13700 steps 2.63M t 23.7m eps 0.177 pairs_len 32 wins A/B/draw 139/143/18 loss 0.0570 item_loss 0.00156 items: used 0.53 of rows-with-items, k>0 9, thrown 60/92
rnd 13800 steps 2.65M t 23.8m eps 0.176 pairs_len 32 wins A/B/draw 125/151/24 loss 0.0557 item_loss 0.00163 items: used 0.53 of rows-with-items, k>0 10, thrown 38/70
rnd 13900 steps 2.67M t 23.8m eps 0.175 pairs_len 33 wins A/B/draw 141/138/21 loss 0.0546 item_loss 0.00167 items: used 0.51 of rows-with-items, k>0 11, thrown 59/88
rnd 14000 steps 2.69M t 23.9m eps 0.175 pairs_len 33 wins A/B/draw 130/153/17 loss 0.0534 item_loss 0.00169 items: used 0.54 of rows-with-items, k>0 7, thrown 67/98
rnd 14100 steps 2.71M t 23.9m eps 0.174 pairs_len 33 wins A/B/draw 121/159/20 loss 0.0520 item_loss 0.00187 items: used 0.54 of rows-with-items, k>0 6, thrown 66/88
rnd 14200 steps 2.73M t 24.0m eps 0.173 pairs_len 33 wins A/B/draw 147/134/19 loss 0.0509 item_loss 0.00194 items: used 0.59 of rows-with-items, k>0 15, thrown 59/99
rnd 14300 steps 2.75M t 24.0m eps 0.172 pairs_len 33 wins A/B/draw 139/148/13 loss 0.0497 item_loss 0.00196 items: used 0.56 of rows-with-items, k>0 13, thrown 54/81
rnd 14400 steps 2.76M t 24.0m eps 0.171 pairs_len 33 wins A/B/draw 153/126/21 loss 0.0485 item_loss 0.00197 items: used 0.49 of rows-with-items, k>0 11, thrown 67/107
rnd 14500 steps 2.78M t 24.1m eps 0.170 pairs_len 33 wins A/B/draw 150/132/18 loss 0.0472 item_loss 0.00193 items: used 0.45 of rows-with-items, k>0 10, thrown 68/108
rnd 14600 steps 2.80M t 24.1m eps 0.169 pairs_len 33 wins A/B/draw 131/160/9 loss 0.0460 item_loss 0.00193 items: used 0.53 of rows-with-items, k>0 9, thrown 58/69
rnd 14700 steps 2.82M t 24.1m eps 0.168 pairs_len 33 wins A/B/draw 135/147/18 loss 0.0446 item_loss 0.00182 items: used 0.51 of rows-with-items, k>0 15, thrown 55/87
rnd 14800 steps 2.84M t 24.2m eps 0.167 pairs_len 33 wins A/B/draw 141/143/16 loss 0.0434 item_loss 0.00182 items: used 0.53 of rows-with-items, k>0 8, thrown 59/87
rnd 14900 steps 2.86M t 24.2m eps 0.167 pairs_len 33 wins A/B/draw 139/151/10 loss 0.0424 item_loss 0.00179 items: used 0.57 of rows-with-items, k>0 11, thrown 50/69
rnd 15000 steps 2.88M t 24.3m eps 0.166 pairs_len 33 wins A/B/draw 135/144/21 loss 0.0415 item_loss 0.00183 items: used 0.56 of rows-with-items, k>0 3, thrown 41/62
rnd 15100 steps 2.90M t 24.3m eps 0.165 pairs_len 33 wins A/B/draw 131/152/17 loss 0.0405 item_loss 0.00196 items: used 0.53 of rows-with-items, k>0 10, thrown 52/78
rnd 15200 steps 2.92M t 24.4m eps 0.164 pairs_len 33 wins A/B/draw 130/150/20 loss 0.0394 item_loss 0.00185 items: used 0.52 of rows-with-items, k>0 11, thrown 78/113
rnd 15300 steps 2.94M t 24.4m eps 0.163 pairs_len 33 wins A/B/draw 139/141/20 loss 0.0389 item_loss 0.00176 items: used 0.53 of rows-with-items, k>0 4, thrown 57/79
rnd 15400 steps 2.96M t 24.4m eps 0.162 pairs_len 33 wins A/B/draw 139/139/22 loss 0.0384 item_loss 0.00174 items: used 0.53 of rows-with-items, k>0 12, thrown 69/101
rnd 15500 steps 2.98M t 24.5m eps 0.161 pairs_len 33 wins A/B/draw 141/140/19 loss 0.0380 item_loss 0.00183 items: used 0.48 of rows-with-items, k>0 8, thrown 53/72
rnd 15600 steps 3.00M t 24.5m eps 0.160 pairs_len 33 wins A/B/draw 150/138/12 loss 0.0371 item_loss 0.00170 items: used 0.54 of rows-with-items, k>0 10, thrown 52/76
rnd 15700 steps 3.01M t 24.6m eps 0.159 pairs_len 34 wins A/B/draw 157/129/14 loss 0.0364 item_loss 0.00168 items: used 0.60 of rows-with-items, k>0 7, thrown 80/116
rnd 15800 steps 3.03M t 24.6m eps 0.158 pairs_len 34 wins A/B/draw 125/157/18 loss 0.0356 item_loss 0.00168 items: used 0.49 of rows-with-items, k>0 15, thrown 74/114
rnd 15900 steps 3.05M t 24.6m eps 0.158 pairs_len 34 wins A/B/draw 137/139/24 loss 0.0348 item_loss 0.00164 items: used 0.49 of rows-with-items, k>0 8, thrown 77/116
rnd 16000 steps 3.07M t 24.7m eps 0.157 pairs_len 34 wins A/B/draw 139/143/18 loss 0.0342 item_loss 0.00158 items: used 0.49 of rows-with-items, k>0 15, thrown 74/118
rnd 16100 steps 3.09M t 24.7m eps 0.156 pairs_len 34 wins A/B/draw 129/149/22 loss 0.0335 item_loss 0.00181 items: used 0.54 of rows-with-items, k>0 20, thrown 80/114
rnd 16200 steps 3.11M t 24.8m eps 0.155 pairs_len 34 wins A/B/draw 129/151/20 loss 0.0326 item_loss 0.00180 items: used 0.45 of rows-with-items, k>0 11, thrown 72/112
rnd 16300 steps 3.13M t 24.8m eps 0.154 pairs_len 34 wins A/B/draw 161/123/16 loss 0.0320 item_loss 0.00171 items: used 0.61 of rows-with-items, k>0 7, thrown 80/119
rnd 16400 steps 3.15M t 24.8m eps 0.153 pairs_len 34 wins A/B/draw 129/159/12 loss 0.0315 item_loss 0.00164 items: used 0.58 of rows-with-items, k>0 15, thrown 100/143
rnd 16500 steps 3.17M t 24.9m eps 0.152 pairs_len 34 wins A/B/draw 141/141/18 loss 0.0308 item_loss 0.00178 items: used 0.47 of rows-with-items, k>0 15, thrown 82/129
rnd 16600 steps 3.19M t 24.9m eps 0.151 pairs_len 34 wins A/B/draw 131/151/18 loss 0.0303 item_loss 0.00177 items: used 0.47 of rows-with-items, k>0 9, thrown 74/108
rnd 16700 steps 3.21M t 25.0m eps 0.150 pairs_len 35 wins A/B/draw 127/151/22 loss 0.0297 item_loss 0.00194 items: used 0.49 of rows-with-items, k>0 14, thrown 79/116
rnd 16800 steps 3.23M t 25.0m eps 0.149 pairs_len 34 wins A/B/draw 137/144/19 loss 0.0290 item_loss 0.00185 items: used 0.55 of rows-with-items, k>0 20, thrown 100/143
rnd 16900 steps 3.24M t 25.0m eps 0.149 pairs_len 34 wins A/B/draw 114/162/24 loss 0.0285 item_loss 0.00188 items: used 0.54 of rows-with-items, k>0 17, thrown 102/140
rnd 17000 steps 3.26M t 25.1m eps 0.148 pairs_len 35 wins A/B/draw 134/138/28 loss 0.0278 item_loss 0.00201 items: used 0.48 of rows-with-items, k>0 19, thrown 90/124
rnd 17100 steps 3.28M t 25.1m eps 0.147 pairs_len 35 wins A/B/draw 142/138/20 loss 0.0273 item_loss 0.00191 items: used 0.52 of rows-with-items, k>0 18, thrown 78/115
rnd 17200 steps 3.30M t 25.2m eps 0.146 pairs_len 34 wins A/B/draw 140/136/24 loss 0.0268 item_loss 0.00187 items: used 0.43 of rows-with-items, k>0 15, thrown 78/119
rnd 17300 steps 3.32M t 25.2m eps 0.145 pairs_len 35 wins A/B/draw 141/133/26 loss 0.0263 item_loss 0.00186 items: used 0.58 of rows-with-items, k>0 16, thrown 91/137
rnd 17400 steps 3.34M t 25.2m eps 0.144 pairs_len 34 wins A/B/draw 138/148/14 loss 0.0258 item_loss 0.00189 items: used 0.48 of rows-with-items, k>0 21, thrown 93/124
rnd 17500 steps 3.36M t 25.3m eps 0.143 pairs_len 35 wins A/B/draw 144/136/20 loss 0.0252 item_loss 0.00191 items: used 0.45 of rows-with-items, k>0 12, thrown 84/118
rnd 17600 steps 3.38M t 25.3m eps 0.142 pairs_len 35 wins A/B/draw 145/138/17 loss 0.0247 item_loss 0.00189 items: used 0.50 of rows-with-items, k>0 20, thrown 108/157
rnd 17700 steps 3.40M t 25.4m eps 0.141 pairs_len 35 wins A/B/draw 151/136/13 loss 0.0241 item_loss 0.00185 items: used 0.47 of rows-with-items, k>0 12, thrown 89/124
rnd 17800 steps 3.42M t 25.4m eps 0.141 pairs_len 35 wins A/B/draw 141/147/12 loss 0.0237 item_loss 0.00178 items: used 0.52 of rows-with-items, k>0 19, thrown 91/140
rnd 17900 steps 3.44M t 25.4m eps 0.140 pairs_len 35 wins A/B/draw 121/155/24 loss 0.0233 item_loss 0.00174 items: used 0.54 of rows-with-items, k>0 12, thrown 99/134
rnd 18000 steps 3.46M t 25.5m eps 0.139 pairs_len 35 wins A/B/draw 117/160/23 loss 0.0228 item_loss 0.00175 items: used 0.44 of rows-with-items, k>0 19, thrown 102/142
rnd 18100 steps 3.48M t 25.5m eps 0.138 pairs_len 35 wins A/B/draw 143/137/20 loss 0.0223 item_loss 0.00175 items: used 0.49 of rows-with-items, k>0 17, thrown 92/134
rnd 18200 steps 3.49M t 25.6m eps 0.137 pairs_len 35 wins A/B/draw 139/137/24 loss 0.0218 item_loss 0.00171 items: used 0.59 of rows-with-items, k>0 22, thrown 112/174
rnd 18300 steps 3.51M t 25.6m eps 0.136 pairs_len 35 wins A/B/draw 141/142/17 loss 0.0215 item_loss 0.00167 items: used 0.52 of rows-with-items, k>0 9, thrown 79/110
rnd 18400 steps 3.53M t 25.6m eps 0.135 pairs_len 35 wins A/B/draw 141/137/22 loss 0.0211 item_loss 0.00161 items: used 0.50 of rows-with-items, k>0 20, thrown 105/151
rnd 18500 steps 3.55M t 25.7m eps 0.134 pairs_len 36 wins A/B/draw 135/140/25 loss 0.0208 item_loss 0.00161 items: used 0.50 of rows-with-items, k>0 25, thrown 125/171
rnd 18600 steps 3.57M t 25.7m eps 0.133 pairs_len 36 wins A/B/draw 135/146/19 loss 0.0206 item_loss 0.00156 items: used 0.46 of rows-with-items, k>0 10, thrown 89/150
rnd 18700 steps 3.59M t 25.8m eps 0.132 pairs_len 36 wins A/B/draw 150/129/21 loss 0.0201 item_loss 0.00164 items: used 0.46 of rows-with-items, k>0 21, thrown 125/171
rnd 18800 steps 3.61M t 25.8m eps 0.132 pairs_len 36 wins A/B/draw 137/131/32 loss 0.0199 item_loss 0.00169 items: used 0.50 of rows-with-items, k>0 18, thrown 123/177
rnd 18900 steps 3.63M t 25.9m eps 0.131 pairs_len 36 wins A/B/draw 132/144/24 loss 0.0195 item_loss 0.00167 items: used 0.49 of rows-with-items, k>0 17, thrown 110/164
rnd 19000 steps 3.65M t 25.9m eps 0.130 pairs_len 35 wins A/B/draw 147/128/25 loss 0.0193 item_loss 0.00164 items: used 0.57 of rows-with-items, k>0 21, thrown 135/178
rnd 19100 steps 3.67M t 25.9m eps 0.129 pairs_len 35 wins A/B/draw 155/120/25 loss 0.0192 item_loss 0.00164 items: used 0.54 of rows-with-items, k>0 22, thrown 89/123
rnd 19200 steps 3.69M t 26.0m eps 0.128 pairs_len 35 wins A/B/draw 157/121/22 loss 0.0189 item_loss 0.00182 items: used 0.46 of rows-with-items, k>0 11, thrown 99/141
rnd 19300 steps 3.71M t 26.0m eps 0.127 pairs_len 35 wins A/B/draw 140/137/23 loss 0.0186 item_loss 0.00178 items: used 0.50 of rows-with-items, k>0 19, thrown 107/148
rnd 19400 steps 3.72M t 26.1m eps 0.126 pairs_len 35 wins A/B/draw 141/143/16 loss 0.0183 item_loss 0.00194 items: used 0.46 of rows-with-items, k>0 18, thrown 141/192
rnd 19500 steps 3.74M t 26.1m eps 0.125 pairs_len 36 wins A/B/draw 132/144/24 loss 0.0180 item_loss 0.00208 items: used 0.46 of rows-with-items, k>0 22, thrown 119/174
rnd 19600 steps 3.76M t 26.1m eps 0.124 pairs_len 36 wins A/B/draw 154/125/21 loss 0.0179 item_loss 0.00208 items: used 0.49 of rows-with-items, k>0 19, thrown 120/181
rnd 19700 steps 3.78M t 26.2m eps 0.123 pairs_len 36 wins A/B/draw 145/136/19 loss 0.0176 item_loss 0.00209 items: used 0.43 of rows-with-items, k>0 26, thrown 148/212
rnd 19800 steps 3.80M t 26.2m eps 0.123 pairs_len 35 wins A/B/draw 144/136/20 loss 0.0174 item_loss 0.00209 items: used 0.49 of rows-with-items, k>0 15, thrown 100/138
rnd 19900 steps 3.82M t 26.3m eps 0.122 pairs_len 35 wins A/B/draw 144/130/26 loss 0.0173 item_loss 0.00211 items: used 0.41 of rows-with-items, k>0 14, thrown 122/174
rnd 20000 steps 3.84M t 26.3m eps 0.121 pairs_len 36 wins A/B/draw 148/125/27 loss 0.0172 item_loss 0.00215 items: used 0.45 of rows-with-items, k>0 29, thrown 106/171
rnd 20100 steps 3.86M t 26.3m eps 0.120 pairs_len 36 wins A/B/draw 159/125/16 loss 0.0170 item_loss 0.00209 items: used 0.43 of rows-with-items, k>0 19, thrown 134/187
rnd 20200 steps 3.88M t 26.4m eps 0.119 pairs_len 36 wins A/B/draw 142/139/19 loss 0.0168 item_loss 0.00208 items: used 0.46 of rows-with-items, k>0 14, thrown 109/165
rnd 20300 steps 3.90M t 26.4m eps 0.118 pairs_len 36 wins A/B/draw 139/144/17 loss 0.0166 item_loss 0.00207 items: used 0.44 of rows-with-items, k>0 25, thrown 134/198
rnd 20400 steps 3.92M t 26.5m eps 0.117 pairs_len 36 wins A/B/draw 123/153/24 loss 0.0164 item_loss 0.00199 items: used 0.41 of rows-with-items, k>0 18, thrown 109/170
rnd 20500 steps 3.94M t 26.5m eps 0.116 pairs_len 36 wins A/B/draw 148/136/16 loss 0.0163 item_loss 0.00207 items: used 0.40 of rows-with-items, k>0 21, thrown 120/172
rnd 20600 steps 3.96M t 26.6m eps 0.115 pairs_len 36 wins A/B/draw 140/135/25 loss 0.0162 item_loss 0.00212 items: used 0.43 of rows-with-items, k>0 18, thrown 129/181
rnd 20700 steps 3.97M t 26.6m eps 0.115 pairs_len 36 wins A/B/draw 146/138/16 loss 0.0161 item_loss 0.00208 items: used 0.42 of rows-with-items, k>0 26, thrown 142/200
rnd 20800 steps 3.99M t 26.6m eps 0.114 pairs_len 36 wins A/B/draw 122/162/16 loss 0.0160 item_loss 0.00202 items: used 0.42 of rows-with-items, k>0 20, thrown 138/199
rnd 20900 steps 4.01M t 26.7m eps 0.113 pairs_len 36 wins A/B/draw 153/136/11 loss 0.0157 item_loss 0.00207 items: used 0.47 of rows-with-items, k>0 18, thrown 126/180
rnd 21000 steps 4.03M t 26.7m eps 0.112 pairs_len 36 wins A/B/draw 131/143/26 loss 0.0155 item_loss 0.00206 items: used 0.43 of rows-with-items, k>0 29, thrown 120/186
rnd 21100 steps 4.05M t 26.8m eps 0.111 pairs_len 36 wins A/B/draw 137/146/17 loss 0.0154 item_loss 0.00198 items: used 0.45 of rows-with-items, k>0 16, thrown 127/172
rnd 21200 steps 4.07M t 26.8m eps 0.110 pairs_len 35 wins A/B/draw 137/149/14 loss 0.0152 item_loss 0.00196 items: used 0.44 of rows-with-items, k>0 23, thrown 131/170
rnd 21300 steps 4.09M t 26.9m eps 0.109 pairs_len 36 wins A/B/draw 140/138/22 loss 0.0150 item_loss 0.00190 items: used 0.42 of rows-with-items, k>0 27, thrown 126/179
rnd 21400 steps 4.11M t 26.9m eps 0.108 pairs_len 36 wins A/B/draw 138/144/18 loss 0.0150 item_loss 0.00188 items: used 0.47 of rows-with-items, k>0 29, thrown 153/200
rnd 21500 steps 4.13M t 26.9m eps 0.107 pairs_len 36 wins A/B/draw 138/141/21 loss 0.0148 item_loss 0.00191 items: used 0.40 of rows-with-items, k>0 22, thrown 129/180
rnd 21600 steps 4.15M t 27.0m eps 0.106 pairs_len 36 wins A/B/draw 148/129/23 loss 0.0145 item_loss 0.00190 items: used 0.41 of rows-with-items, k>0 22, thrown 144/209
rnd 21700 steps 4.17M t 27.0m eps 0.106 pairs_len 36 wins A/B/draw 154/134/12 loss 0.0145 item_loss 0.00180 items: used 0.42 of rows-with-items, k>0 25, thrown 141/208
rnd 21800 steps 4.19M t 27.1m eps 0.105 pairs_len 36 wins A/B/draw 130/154/16 loss 0.0143 item_loss 0.00174 items: used 0.39 of rows-with-items, k>0 27, thrown 135/189
rnd 21900 steps 4.20M t 27.1m eps 0.104 pairs_len 36 wins A/B/draw 160/124/16 loss 0.0141 item_loss 0.00169 items: used 0.39 of rows-with-items, k>0 22, thrown 137/197
rnd 22000 steps 4.22M t 27.1m eps 0.103 pairs_len 36 wins A/B/draw 141/143/16 loss 0.0140 item_loss 0.00173 items: used 0.42 of rows-with-items, k>0 21, thrown 139/202
rnd 22100 steps 4.24M t 27.2m eps 0.102 pairs_len 36 wins A/B/draw 141/147/12 loss 0.0138 item_loss 0.00186 items: used 0.41 of rows-with-items, k>0 25, thrown 159/208
rnd 22200 steps 4.26M t 27.2m eps 0.101 pairs_len 36 wins A/B/draw 150/124/26 loss 0.0141 item_loss 0.00180 items: used 0.43 of rows-with-items, k>0 21, thrown 128/182
rnd 22300 steps 4.28M t 27.3m eps 0.100 pairs_len 36 wins A/B/draw 155/129/16 loss 0.0140 item_loss 0.00180 items: used 0.40 of rows-with-items, k>0 30, thrown 156/219
rnd 22400 steps 4.30M t 27.3m eps 0.099 pairs_len 36 wins A/B/draw 151/137/12 loss 0.0138 item_loss 0.00184 items: used 0.41 of rows-with-items, k>0 37, thrown 129/176
rnd 22500 steps 4.32M t 27.3m eps 0.098 pairs_len 35 wins A/B/draw 151/130/19 loss 0.0139 item_loss 0.00185 items: used 0.43 of rows-with-items, k>0 23, thrown 133/192
rnd 22600 steps 4.34M t 27.4m eps 0.098 pairs_len 36 wins A/B/draw 135/142/23 loss 0.0137 item_loss 0.00188 items: used 0.45 of rows-with-items, k>0 15, thrown 136/191
rnd 22700 steps 4.36M t 27.4m eps 0.097 pairs_len 36 wins A/B/draw 131/142/27 loss 0.0135 item_loss 0.00182 items: used 0.43 of rows-with-items, k>0 36, thrown 152/219
rnd 22800 steps 4.38M t 27.5m eps 0.096 pairs_len 36 wins A/B/draw 137/139/24 loss 0.0134 item_loss 0.00183 items: used 0.39 of rows-with-items, k>0 39, thrown 187/263
rnd 22900 steps 4.40M t 27.5m eps 0.095 pairs_len 37 wins A/B/draw 157/126/17 loss 0.0135 item_loss 0.00175 items: used 0.42 of rows-with-items, k>0 27, thrown 130/206
rnd 23000 steps 4.42M t 27.6m eps 0.094 pairs_len 36 wins A/B/draw 145/132/23 loss 0.0133 item_loss 0.00178 items: used 0.41 of rows-with-items, k>0 21, thrown 154/211
rnd 23100 steps 4.44M t 27.6m eps 0.093 pairs_len 37 wins A/B/draw 132/144/24 loss 0.0133 item_loss 0.00198 items: used 0.39 of rows-with-items, k>0 41, thrown 164/253
rnd 23200 steps 4.45M t 27.6m eps 0.092 pairs_len 37 wins A/B/draw 139/136/25 loss 0.0132 item_loss 0.00211 items: used 0.40 of rows-with-items, k>0 29, thrown 155/219
rnd 23300 steps 4.47M t 27.7m eps 0.091 pairs_len 37 wins A/B/draw 138/143/19 loss 0.0130 item_loss 0.00213 items: used 0.37 of rows-with-items, k>0 29, thrown 156/232
rnd 23400 steps 4.49M t 27.7m eps 0.090 pairs_len 36 wins A/B/draw 138/137/25 loss 0.0130 item_loss 0.00227 items: used 0.42 of rows-with-items, k>0 24, thrown 126/183
rnd 23500 steps 4.51M t 27.8m eps 0.089 pairs_len 37 wins A/B/draw 148/131/21 loss 0.0128 item_loss 0.00241 items: used 0.38 of rows-with-items, k>0 33, thrown 179/241
rnd 23600 steps 4.53M t 27.8m eps 0.089 pairs_len 37 wins A/B/draw 138/148/14 loss 0.0127 item_loss 0.00249 items: used 0.39 of rows-with-items, k>0 38, thrown 191/253
rnd 23700 steps 4.55M t 27.8m eps 0.088 pairs_len 37 wins A/B/draw 159/127/14 loss 0.0128 item_loss 0.00249 items: used 0.45 of rows-with-items, k>0 35, thrown 163/258
rnd 23800 steps 4.57M t 27.9m eps 0.087 pairs_len 37 wins A/B/draw 134/141/25 loss 0.0128 item_loss 0.00246 items: used 0.35 of rows-with-items, k>0 26, thrown 137/212
rnd 23900 steps 4.59M t 27.9m eps 0.086 pairs_len 37 wins A/B/draw 127/149/24 loss 0.0128 item_loss 0.00233 items: used 0.36 of rows-with-items, k>0 30, thrown 173/234
rnd 24000 steps 4.61M t 28.0m eps 0.085 pairs_len 36 wins A/B/draw 139/141/20 loss 0.0127 item_loss 0.00242 items: used 0.38 of rows-with-items, k>0 29, thrown 164/230
rnd 24100 steps 4.63M t 28.0m eps 0.084 pairs_len 37 wins A/B/draw 133/141/26 loss 0.0127 item_loss 0.00237 items: used 0.34 of rows-with-items, k>0 43, thrown 187/251
rnd 24200 steps 4.65M t 28.1m eps 0.083 pairs_len 37 wins A/B/draw 154/131/15 loss 0.0128 item_loss 0.00230 items: used 0.33 of rows-with-items, k>0 37, thrown 172/252
rnd 24300 steps 4.67M t 28.1m eps 0.082 pairs_len 36 wins A/B/draw 142/132/26 loss 0.0128 item_loss 0.00237 items: used 0.36 of rows-with-items, k>0 28, thrown 181/260
rnd 24400 steps 4.68M t 28.1m eps 0.081 pairs_len 37 wins A/B/draw 144/140/16 loss 0.0127 item_loss 0.00240 items: used 0.35 of rows-with-items, k>0 36, thrown 179/260
rnd 24500 steps 4.70M t 28.2m eps 0.080 pairs_len 37 wins A/B/draw 138/139/23 loss 0.0127 item_loss 0.00236 items: used 0.29 of rows-with-items, k>0 31, thrown 188/259
rnd 24600 steps 4.72M t 28.2m eps 0.080 pairs_len 37 wins A/B/draw 131/153/16 loss 0.0128 item_loss 0.00232 items: used 0.32 of rows-with-items, k>0 40, thrown 181/252
rnd 24700 steps 4.74M t 28.3m eps 0.079 pairs_len 37 wins A/B/draw 134/145/21 loss 0.0127 item_loss 0.00221 items: used 0.41 of rows-with-items, k>0 33, thrown 164/241
rnd 24800 steps 4.76M t 28.3m eps 0.078 pairs_len 36 wins A/B/draw 136/152/12 loss 0.0127 item_loss 0.00230 items: used 0.32 of rows-with-items, k>0 19, thrown 178/257
rnd 24900 steps 4.78M t 28.4m eps 0.077 pairs_len 36 wins A/B/draw 138/141/21 loss 0.0126 item_loss 0.00226 items: used 0.32 of rows-with-items, k>0 43, thrown 152/235
rnd 25000 steps 4.80M t 28.6m eps 0.076 pairs_len 37 wins A/B/draw 133/140/27 loss 0.0126 item_loss 0.00229 items: used 0.35 of rows-with-items, k>0 35, thrown 167/252
rnd 25100 steps 4.82M t 28.7m eps 0.075 pairs_len 37 wins A/B/draw 127/148/25 loss 0.0126 item_loss 0.00223 items: used 0.40 of rows-with-items, k>0 31, thrown 173/247
rnd 25200 steps 4.84M t 28.9m eps 0.074 pairs_len 38 wins A/B/draw 134/149/17 loss 0.0124 item_loss 0.00228 items: used 0.43 of rows-with-items, k>0 34, thrown 179/259
rnd 25300 steps 4.86M t 29.1m eps 0.073 pairs_len 37 wins A/B/draw 136/140/24 loss 0.0126 item_loss 0.00228 items: used 0.36 of rows-with-items, k>0 29, thrown 165/224
rnd 25400 steps 4.88M t 29.3m eps 0.072 pairs_len 37 wins A/B/draw 137/139/24 loss 0.0125 item_loss 0.00227 items: used 0.33 of rows-with-items, k>0 35, thrown 191/264
rnd 25500 steps 4.90M t 29.5m eps 0.072 pairs_len 37 wins A/B/draw 133/142/25 loss 0.0124 item_loss 0.00217 items: used 0.35 of rows-with-items, k>0 28, thrown 175/249
rnd 25600 steps 4.92M t 29.7m eps 0.071 pairs_len 37 wins A/B/draw 141/141/18 loss 0.0123 item_loss 0.00211 items: used 0.30 of rows-with-items, k>0 41, thrown 180/252
rnd 25700 steps 4.93M t 29.9m eps 0.070 pairs_len 37 wins A/B/draw 131/142/27 loss 0.0121 item_loss 0.00200 items: used 0.38 of rows-with-items, k>0 38, thrown 178/261
rnd 25800 steps 4.95M t 30.1m eps 0.069 pairs_len 37 wins A/B/draw 132/151/17 loss 0.0120 item_loss 0.00195 items: used 0.38 of rows-with-items, k>0 45, thrown 170/256
rnd 25900 steps 4.97M t 30.3m eps 0.068 pairs_len 37 wins A/B/draw 137/137/26 loss 0.0119 item_loss 0.00191 items: used 0.32 of rows-with-items, k>0 39, thrown 176/257
rnd 26000 steps 4.99M t 30.5m eps 0.067 pairs_len 37 wins A/B/draw 145/138/17 loss 0.0118 item_loss 0.00185 items: used 0.38 of rows-with-items, k>0 48, thrown 178/265
rnd 26100 steps 5.01M t 30.7m eps 0.066 pairs_len 38 wins A/B/draw 142/145/13 loss 0.0116 item_loss 0.00197 items: used 0.34 of rows-with-items, k>0 48, thrown 195/291
rnd 26200 steps 5.03M t 30.9m eps 0.065 pairs_len 38 wins A/B/draw 147/132/21 loss 0.0115 item_loss 0.00203 items: used 0.31 of rows-with-items, k>0 27, thrown 187/244
rnd 26300 steps 5.05M t 31.0m eps 0.064 pairs_len 37 wins A/B/draw 138/134/28 loss 0.0117 item_loss 0.00197 items: used 0.32 of rows-with-items, k>0 34, thrown 175/265
rnd 26400 steps 5.07M t 31.0m eps 0.063 pairs_len 37 wins A/B/draw 140/137/23 loss 0.0118 item_loss 0.00197 items: used 0.33 of rows-with-items, k>0 49, thrown 201/294
rnd 26500 steps 5.09M t 31.1m eps 0.063 pairs_len 37 wins A/B/draw 154/124/22 loss 0.0117 item_loss 0.00193 items: used 0.29 of rows-with-items, k>0 45, thrown 177/278
rnd 26600 steps 5.11M t 31.3m eps 0.062 pairs_len 38 wins A/B/draw 140/140/20 loss 0.0116 item_loss 0.00188 items: used 0.30 of rows-with-items, k>0 41, thrown 168/248
rnd 26700 steps 5.13M t 31.5m eps 0.061 pairs_len 37 wins A/B/draw 129/149/22 loss 0.0116 item_loss 0.00197 items: used 0.36 of rows-with-items, k>0 41, thrown 209/294
rnd 26800 steps 5.15M t 31.6m eps 0.060 pairs_len 38 wins A/B/draw 142/135/23 loss 0.0115 item_loss 0.00193 items: used 0.31 of rows-with-items, k>0 41, thrown 190/279
rnd 26900 steps 5.16M t 31.8m eps 0.059 pairs_len 37 wins A/B/draw 143/140/17 loss 0.0115 item_loss 0.00184 items: used 0.34 of rows-with-items, k>0 55, thrown 218/306
rnd 27000 steps 5.18M t 32.0m eps 0.058 pairs_len 37 wins A/B/draw 144/137/19 loss 0.0115 item_loss 0.00196 items: used 0.27 of rows-with-items, k>0 54, thrown 213/314
rnd 27100 steps 5.20M t 32.1m eps 0.057 pairs_len 38 wins A/B/draw 152/133/15 loss 0.0114 item_loss 0.00212 items: used 0.32 of rows-with-items, k>0 38, thrown 163/240
rnd 27200 steps 5.22M t 32.3m eps 0.056 pairs_len 37 wins A/B/draw 133/140/27 loss 0.0113 item_loss 0.00211 items: used 0.28 of rows-with-items, k>0 32, thrown 191/263
rnd 27300 steps 5.24M t 32.4m eps 0.055 pairs_len 38 wins A/B/draw 149/127/24 loss 0.0112 item_loss 0.00209 items: used 0.30 of rows-with-items, k>0 49, thrown 218/316
rnd 27400 steps 5.26M t 32.6m eps 0.055 pairs_len 38 wins A/B/draw 157/123/20 loss 0.0110 item_loss 0.00213 items: used 0.29 of rows-with-items, k>0 52, thrown 230/323
rnd 27500 steps 5.28M t 32.8m eps 0.054 pairs_len 37 wins A/B/draw 127/155/18 loss 0.0109 item_loss 0.00208 items: used 0.29 of rows-with-items, k>0 36, thrown 174/249
rnd 27600 steps 5.30M t 33.0m eps 0.053 pairs_len 37 wins A/B/draw 131/151/18 loss 0.0108 item_loss 0.00205 items: used 0.31 of rows-with-items, k>0 34, thrown 177/251
rnd 27700 steps 5.32M t 33.1m eps 0.052 pairs_len 38 wins A/B/draw 138/145/17 loss 0.0108 item_loss 0.00208 items: used 0.30 of rows-with-items, k>0 38, thrown 184/275
rnd 27800 steps 5.34M t 33.3m eps 0.051 pairs_len 38 wins A/B/draw 144/137/19 loss 0.0106 item_loss 0.00208 items: used 0.35 of rows-with-items, k>0 41, thrown 181/249
rnd 27900 steps 5.36M t 33.5m eps 0.050 pairs_len 38 wins A/B/draw 150/132/18 loss 0.0106 item_loss 0.00211 items: used 0.31 of rows-with-items, k>0 35, thrown 190/262
rnd 28000 steps 5.38M t 33.7m eps 0.049 pairs_len 38 wins A/B/draw 145/132/23 loss 0.0106 item_loss 0.00224 items: used 0.30 of rows-with-items, k>0 46, thrown 202/280
rnd 28100 steps 5.40M t 33.9m eps 0.048 pairs_len 38 wins A/B/draw 126/149/25 loss 0.0105 item_loss 0.00224 items: used 0.25 of rows-with-items, k>0 36, thrown 169/245
rnd 28200 steps 5.41M t 34.0m eps 0.047 pairs_len 38 wins A/B/draw 142/134/24 loss 0.0106 item_loss 0.00216 items: used 0.30 of rows-with-items, k>0 36, thrown 174/261
rnd 28300 steps 5.43M t 34.2m eps 0.046 pairs_len 37 wins A/B/draw 145/135/20 loss 0.0105 item_loss 0.00205 items: used 0.28 of rows-with-items, k>0 41, thrown 198/268
rnd 28400 steps 5.45M t 34.4m eps 0.046 pairs_len 37 wins A/B/draw 143/138/19 loss 0.0105 item_loss 0.00203 items: used 0.29 of rows-with-items, k>0 55, thrown 213/297
rnd 28500 steps 5.47M t 34.6m eps 0.045 pairs_len 38 wins A/B/draw 142/137/21 loss 0.0106 item_loss 0.00203 items: used 0.29 of rows-with-items, k>0 37, thrown 178/246
rnd 28600 steps 5.49M t 34.8m eps 0.044 pairs_len 37 wins A/B/draw 131/141/28 loss 0.0106 item_loss 0.00194 items: used 0.32 of rows-with-items, k>0 39, thrown 181/252
rnd 28700 steps 5.51M t 35.0m eps 0.043 pairs_len 37 wins A/B/draw 128/157/15 loss 0.0106 item_loss 0.00192 items: used 0.28 of rows-with-items, k>0 40, thrown 197/273
rnd 28800 steps 5.53M t 35.2m eps 0.042 pairs_len 37 wins A/B/draw 136/144/20 loss 0.0105 item_loss 0.00185 items: used 0.29 of rows-with-items, k>0 48, thrown 229/316
rnd 28900 steps 5.55M t 35.4m eps 0.041 pairs_len 38 wins A/B/draw 145/135/20 loss 0.0104 item_loss 0.00186 items: used 0.28 of rows-with-items, k>0 42, thrown 191/268
rnd 29000 steps 5.57M t 35.7m eps 0.040 pairs_len 38 wins A/B/draw 122/162/16 loss 0.0105 item_loss 0.00191 items: used 0.24 of rows-with-items, k>0 39, thrown 178/245
rnd 29100 steps 5.59M t 36.0m eps 0.039 pairs_len 38 wins A/B/draw 142/137/21 loss 0.0104 item_loss 0.00188 items: used 0.29 of rows-with-items, k>0 47, thrown 214/302
rnd 29200 steps 5.61M t 36.2m eps 0.038 pairs_len 38 wins A/B/draw 151/129/20 loss 0.0103 item_loss 0.00189 items: used 0.28 of rows-with-items, k>0 62, thrown 206/294
rnd 29300 steps 5.63M t 36.4m eps 0.037 pairs_len 37 wins A/B/draw 136/145/19 loss 0.0102 item_loss 0.00188 items: used 0.24 of rows-with-items, k>0 46, thrown 206/280
rnd 29400 steps 5.64M t 36.6m eps 0.037 pairs_len 38 wins A/B/draw 146/137/17 loss 0.0101 item_loss 0.00182 items: used 0.27 of rows-with-items, k>0 65, thrown 231/312
rnd 29500 steps 5.66M t 36.8m eps 0.036 pairs_len 38 wins A/B/draw 136/131/33 loss 0.0101 item_loss 0.00179 items: used 0.25 of rows-with-items, k>0 45, thrown 215/282
rnd 29600 steps 5.68M t 36.9m eps 0.035 pairs_len 38 wins A/B/draw 143/129/28 loss 0.0102 item_loss 0.00185 items: used 0.28 of rows-with-items, k>0 50, thrown 208/297
rnd 29700 steps 5.70M t 37.1m eps 0.034 pairs_len 38 wins A/B/draw 153/125/22 loss 0.0101 item_loss 0.00187 items: used 0.27 of rows-with-items, k>0 37, thrown 203/268
rnd 29800 steps 5.72M t 37.3m eps 0.033 pairs_len 38 wins A/B/draw 134/141/25 loss 0.0102 item_loss 0.00183 items: used 0.24 of rows-with-items, k>0 67, thrown 222/309
rnd 29900 steps 5.74M t 38.2m eps 0.032 pairs_len 38 wins A/B/draw 143/135/22 loss 0.0102 item_loss 0.00188 items: used 0.24 of rows-with-items, k>0 46, thrown 203/281
rnd 30000 steps 5.76M t 39.7m eps 0.031 pairs_len 38 wins A/B/draw 133/154/13 loss 0.0102 item_loss 0.00197 items: used 0.24 of rows-with-items, k>0 51, thrown 217/289
rnd 30100 steps 5.78M t 41.1m eps 0.030 pairs_len 38 wins A/B/draw 138/144/18 loss 0.0102 item_loss 0.00196 items: used 0.24 of rows-with-items, k>0 53, thrown 220/289
EVAL battle-net(A) vs solo-net + old rule(B): {'win': 0.010416666666666666, 'lose': 0.9895833333333334, 'draw': 0.0, 'games': 96, 'mean_len': 40.28125}
rnd 30200 steps 5.80M t 43.7m eps 0.029 pairs_len 38 wins A/B/draw 137/139/24 loss 0.0101 item_loss 0.00199 items: used 0.27 of rows-with-items, k>0 48, thrown 212/285
rnd 30300 steps 5.82M t 45.2m eps 0.029 pairs_len 38 wins A/B/draw 139/139/22 loss 0.0100 item_loss 0.00199 items: used 0.24 of rows-with-items, k>0 38, thrown 189/263
rnd 30400 steps 5.84M t 46.7m eps 0.028 pairs_len 38 wins A/B/draw 136/145/19 loss 0.0100 item_loss 0.00199 items: used 0.25 of rows-with-items, k>0 27, thrown 171/223
rnd 30500 steps 5.86M t 48.1m eps 0.027 pairs_len 38 wins A/B/draw 139/130/31 loss 0.0098 item_loss 0.00191 items: used 0.20 of rows-with-items, k>0 41, thrown 185/245
rnd 30600 steps 5.88M t 49.6m eps 0.026 pairs_len 39 wins A/B/draw 136/144/20 loss 0.0098 item_loss 0.00190 items: used 0.22 of rows-with-items, k>0 55, thrown 222/317
rnd 30700 steps 5.89M t 51.1m eps 0.025 pairs_len 38 wins A/B/draw 141/139/20 loss 0.0097 item_loss 0.00190 items: used 0.28 of rows-with-items, k>0 46, thrown 214/286
rnd 30800 steps 5.91M t 52.5m eps 0.024 pairs_len 38 wins A/B/draw 144/140/16 loss 0.0097 item_loss 0.00187 items: used 0.30 of rows-with-items, k>0 47, thrown 213/293
rnd 30900 steps 5.93M t 54.0m eps 0.023 pairs_len 38 wins A/B/draw 155/128/17 loss 0.0098 item_loss 0.00183 items: used 0.20 of rows-with-items, k>0 39, thrown 176/238
rnd 31000 steps 5.95M t 55.5m eps 0.022 pairs_len 38 wins A/B/draw 130/152/18 loss 0.0098 item_loss 0.00183 items: used 0.24 of rows-with-items, k>0 50, thrown 186/263
rnd 31100 steps 5.97M t 57.0m eps 0.021 pairs_len 38 wins A/B/draw 137/150/13 loss 0.0098 item_loss 0.00186 items: used 0.23 of rows-with-items, k>0 38, thrown 168/248
rnd 31200 steps 5.99M t 58.4m eps 0.020 pairs_len 38 wins A/B/draw 135/139/26 loss 0.0099 item_loss 0.00190 items: used 0.21 of rows-with-items, k>0 38, thrown 199/274
rnd 31300 steps 6.01M t 59.8m eps 0.020 pairs_len 38 wins A/B/draw 149/130/21 loss 0.0099 item_loss 0.00185 items: used 0.20 of rows-with-items, k>0 48, thrown 178/260
rnd 31400 steps 6.03M t 61.3m eps 0.020 pairs_len 38 wins A/B/draw 140/136/24 loss 0.0101 item_loss 0.00175 items: used 0.25 of rows-with-items, k>0 35, thrown 168/238
rnd 31500 steps 6.05M t 62.8m eps 0.020 pairs_len 39 wins A/B/draw 148/138/14 loss 0.0100 item_loss 0.00180 items: used 0.25 of rows-with-items, k>0 43, thrown 194/277
rnd 31600 steps 6.07M t 64.2m eps 0.020 pairs_len 38 wins A/B/draw 137/135/28 loss 0.0101 item_loss 0.00182 items: used 0.26 of rows-with-items, k>0 53, thrown 225/303
EVAL battle-net(A) vs solo-net + old rule(B): {'win': 0.02040816326530612, 'lose': 0.9795918367346939, 'draw': 0.0, 'games': 98, 'mean_len': 39.826530612244895}
EVAL battle-net(A) vs solo-net + old rule(B): {'win': 0.0, 'lose': 1.0, 'draw': 0.0, 'games': 97, 'mean_len': 40.27835051546392}
rnd 31700 steps 6.09M t 398.8m eps 0.020 pairs_len 39 wins A/B/draw 137/133/30 loss 0.0100 item_loss 0.00190 items: used 0.21 of rows-with-items, k>0 43, thrown 219/293
rnd 31800 steps 6.11M t 399.9m eps 0.020 pairs_len 39 wins A/B/draw 140/128/32 loss 0.0101 item_loss 0.00186 items: used 0.21 of rows-with-items, k>0 58, thrown 236/338
rnd 31900 steps 6.12M t 401.1m eps 0.020 pairs_len 37 wins A/B/draw 125/127/48 loss 0.0101 item_loss 0.00195 items: used 0.23 of rows-with-items, k>0 30, thrown 155/211
rnd 32000 steps 6.14M t 402.2m eps 0.020 pairs_len 35 wins A/B/draw 123/133/44 loss 0.0102 item_loss 0.00189 items: used 0.18 of rows-with-items, k>0 43, thrown 152/215
rnd 32100 steps 6.16M t 403.3m eps 0.020 pairs_len 36 wins A/B/draw 127/132/41 loss 0.0102 item_loss 0.00183 items: used 0.20 of rows-with-items, k>0 37, thrown 147/212
rnd 32200 steps 6.18M t 404.5m eps 0.020 pairs_len 36 wins A/B/draw 108/139/53 loss 0.0101 item_loss 0.00189 items: used 0.22 of rows-with-items, k>0 24, thrown 155/206
rnd 32300 steps 6.20M t 405.6m eps 0.020 pairs_len 36 wins A/B/draw 135/128/37 loss 0.0100 item_loss 0.00190 items: used 0.24 of rows-with-items, k>0 39, thrown 193/244
rnd 32400 steps 6.22M t 406.7m eps 0.020 pairs_len 36 wins A/B/draw 121/135/44 loss 0.0099 item_loss 0.00184 items: used 0.21 of rows-with-items, k>0 41, thrown 163/225
rnd 32500 steps 6.24M t 407.9m eps 0.020 pairs_len 36 wins A/B/draw 140/126/34 loss 0.0097 item_loss 0.00180 items: used 0.27 of rows-with-items, k>0 54, thrown 191/258
rnd 32600 steps 6.26M t 409.0m eps 0.020 pairs_len 36 wins A/B/draw 133/126/41 loss 0.0096 item_loss 0.00181 items: used 0.20 of rows-with-items, k>0 53, thrown 176/233
rnd 32700 steps 6.28M t 410.1m eps 0.020 pairs_len 36 wins A/B/draw 135/130/35 loss 0.0096 item_loss 0.00185 items: used 0.21 of rows-with-items, k>0 47, thrown 198/259
rnd 32800 steps 6.30M t 411.3m eps 0.020 pairs_len 36 wins A/B/draw 128/128/44 loss 0.0095 item_loss 0.00193 items: used 0.21 of rows-with-items, k>0 53, thrown 167/233
rnd 32900 steps 6.32M t 412.5m eps 0.020 pairs_len 36 wins A/B/draw 121/141/38 loss 0.0094 item_loss 0.00190 items: used 0.21 of rows-with-items, k>0 42, thrown 182/254
rnd 33000 steps 6.34M t 413.8m eps 0.020 pairs_len 36 wins A/B/draw 141/118/41 loss 0.0093 item_loss 0.00199 items: used 0.22 of rows-with-items, k>0 44, thrown 187/257
rnd 33100 steps 6.36M t 415.0m eps 0.020 pairs_len 36 wins A/B/draw 124/122/54 loss 0.0093 item_loss 0.00189 items: used 0.21 of rows-with-items, k>0 30, thrown 163/221
rnd 33200 steps 6.37M t 416.2m eps 0.020 pairs_len 36 wins A/B/draw 118/141/41 loss 0.0092 item_loss 0.00189 items: used 0.23 of rows-with-items, k>0 44, thrown 151/222
rnd 33300 steps 6.39M t 417.4m eps 0.020 pairs_len 36 wins A/B/draw 119/137/44 loss 0.0091 item_loss 0.00182 items: used 0.20 of rows-with-items, k>0 50, thrown 171/229
rnd 33400 steps 6.41M t 418.7m eps 0.020 pairs_len 36 wins A/B/draw 131/127/42 loss 0.0090 item_loss 0.00176 items: used 0.23 of rows-with-items, k>0 39, thrown 182/236
rnd 33500 steps 6.43M t 419.9m eps 0.020 pairs_len 36 wins A/B/draw 134/118/48 loss 0.0090 item_loss 0.00171 items: used 0.21 of rows-with-items, k>0 34, thrown 157/225
rnd 33600 steps 6.45M t 421.1m eps 0.020 pairs_len 36 wins A/B/draw 126/131/43 loss 0.0090 item_loss 0.00173 items: used 0.23 of rows-with-items, k>0 29, thrown 133/180
rnd 33700 steps 6.47M t 422.3m eps 0.020 pairs_len 36 wins A/B/draw 116/140/44 loss 0.0089 item_loss 0.00184 items: used 0.23 of rows-with-items, k>0 50, thrown 173/241
rnd 33800 steps 6.49M t 423.5m eps 0.020 pairs_len 36 wins A/B/draw 123/130/47 loss 0.0089 item_loss 0.00181 items: used 0.23 of rows-with-items, k>0 46, thrown 191/252
rnd 33900 steps 6.51M t 424.8m eps 0.020 pairs_len 36 wins A/B/draw 137/130/33 loss 0.0089 item_loss 0.00181 items: used 0.27 of rows-with-items, k>0 34, thrown 168/238
rnd 34000 steps 6.53M t 426.0m eps 0.020 pairs_len 36 wins A/B/draw 134/131/35 loss 0.0089 item_loss 0.00188 items: used 0.24 of rows-with-items, k>0 43, thrown 160/215
rnd 34100 steps 6.55M t 427.2m eps 0.020 pairs_len 36 wins A/B/draw 134/120/46 loss 0.0090 item_loss 0.00180 items: used 0.22 of rows-with-items, k>0 34, thrown 180/245
rnd 34200 steps 6.57M t 428.4m eps 0.020 pairs_len 36 wins A/B/draw 136/134/30 loss 0.0089 item_loss 0.00179 items: used 0.21 of rows-with-items, k>0 43, thrown 166/251
rnd 34300 steps 6.59M t 429.6m eps 0.020 pairs_len 36 wins A/B/draw 133/134/33 loss 0.0089 item_loss 0.00178 items: used 0.21 of rows-with-items, k>0 47, thrown 173/254
rnd 34400 steps 6.60M t 430.8m eps 0.020 pairs_len 36 wins A/B/draw 125/128/47 loss 0.0088 item_loss 0.00174 items: used 0.22 of rows-with-items, k>0 31, thrown 165/231
rnd 34500 steps 6.62M t 432.0m eps 0.020 pairs_len 36 wins A/B/draw 136/135/29 loss 0.0090 item_loss 0.00168 items: used 0.26 of rows-with-items, k>0 41, thrown 190/257
rnd 34600 steps 6.64M t 433.2m eps 0.020 pairs_len 36 wins A/B/draw 128/135/37 loss 0.0090 item_loss 0.00165 items: used 0.22 of rows-with-items, k>0 45, thrown 191/257
rnd 34700 steps 6.66M t 434.4m eps 0.020 pairs_len 36 wins A/B/draw 128/134/38 loss 0.0090 item_loss 0.00175 items: used 0.22 of rows-with-items, k>0 45, thrown 166/228
rnd 34800 steps 6.68M t 435.6m eps 0.020 pairs_len 36 wins A/B/draw 148/123/29 loss 0.0090 item_loss 0.00175 items: used 0.24 of rows-with-items, k>0 44, thrown 184/252
rnd 34900 steps 6.70M t 436.8m eps 0.020 pairs_len 36 wins A/B/draw 127/135/38 loss 0.0090 item_loss 0.00169 items: used 0.21 of rows-with-items, k>0 30, thrown 119/186
EVAL battle-net(A) vs solo-net + old rule(B): {'win': 0.020833333333333332, 'lose': 0.9791666666666666, 'draw': 0.0, 'games': 96, 'mean_len': 38.541666666666664}
rnd 35000 steps 6.72M t 438.9m eps 0.020 pairs_len 36 wins A/B/draw 146/117/37 loss 0.0090 item_loss 0.00164 items: used 0.20 of rows-with-items, k>0 47, thrown 155/227
rnd 35100 steps 6.74M t 440.1m eps 0.020 pairs_len 36 wins A/B/draw 130/136/34 loss 0.0089 item_loss 0.00166 items: used 0.23 of rows-with-items, k>0 46, thrown 160/243
rnd 35200 steps 6.76M t 441.4m eps 0.020 pairs_len 36 wins A/B/draw 131/133/36 loss 0.0088 item_loss 0.00169 items: used 0.22 of rows-with-items, k>0 32, thrown 148/197
rnd 35300 steps 6.78M t 442.6m eps 0.020 pairs_len 36 wins A/B/draw 110/148/42 loss 0.0089 item_loss 0.00160 items: used 0.22 of rows-with-items, k>0 31, thrown 136/198
rnd 35400 steps 6.80M t 443.8m eps 0.020 pairs_len 36 wins A/B/draw 127/132/41 loss 0.0089 item_loss 0.00164 items: used 0.23 of rows-with-items, k>0 55, thrown 198/261
rnd 35500 steps 6.82M t 445.0m eps 0.020 pairs_len 36 wins A/B/draw 113/139/48 loss 0.0088 item_loss 0.00164 items: used 0.21 of rows-with-items, k>0 34, thrown 133/189
rnd 35600 steps 6.84M t 446.2m eps 0.020 pairs_len 36 wins A/B/draw 131/130/39 loss 0.0087 item_loss 0.00171 items: used 0.17 of rows-with-items, k>0 44, thrown 150/215
rnd 35700 steps 6.85M t 447.4m eps 0.020 pairs_len 36 wins A/B/draw 122/139/39 loss 0.0086 item_loss 0.00178 items: used 0.19 of rows-with-items, k>0 47, thrown 170/250
rnd 35800 steps 6.87M t 448.7m eps 0.020 pairs_len 36 wins A/B/draw 128/134/38 loss 0.0086 item_loss 0.00174 items: used 0.22 of rows-with-items, k>0 35, thrown 171/252
rnd 35900 steps 6.89M t 449.9m eps 0.020 pairs_len 36 wins A/B/draw 139/124/37 loss 0.0086 item_loss 0.00183 items: used 0.20 of rows-with-items, k>0 41, thrown 146/212
rnd 36000 steps 6.91M t 451.1m eps 0.020 pairs_len 35 wins A/B/draw 134/128/38 loss 0.0085 item_loss 0.00175 items: used 0.20 of rows-with-items, k>0 28, thrown 145/190
rnd 36100 steps 6.93M t 452.3m eps 0.020 pairs_len 36 wins A/B/draw 142/112/46 loss 0.0084 item_loss 0.00175 items: used 0.21 of rows-with-items, k>0 38, thrown 169/228
rnd 36200 steps 6.95M t 453.5m eps 0.020 pairs_len 36 wins A/B/draw 128/140/32 loss 0.0083 item_loss 0.00182 items: used 0.19 of rows-with-items, k>0 37, thrown 148/219
rnd 36300 steps 6.97M t 454.7m eps 0.020 pairs_len 36 wins A/B/draw 122/126/52 loss 0.0081 item_loss 0.00176 items: used 0.20 of rows-with-items, k>0 37, thrown 148/203
rnd 36400 steps 6.99M t 455.9m eps 0.020 pairs_len 36 wins A/B/draw 117/137/46 loss 0.0081 item_loss 0.00172 items: used 0.24 of rows-with-items, k>0 50, thrown 171/252
rnd 36500 steps 7.01M t 457.1m eps 0.020 pairs_len 36 wins A/B/draw 131/136/33 loss 0.0082 item_loss 0.00167 items: used 0.25 of rows-with-items, k>0 36, thrown 158/228
rnd 36600 steps 7.03M t 458.3m eps 0.020 pairs_len 36 wins A/B/draw 148/113/39 loss 0.0083 item_loss 0.00171 items: used 0.17 of rows-with-items, k>0 37, thrown 146/203
rnd 36700 steps 7.05M t 459.5m eps 0.020 pairs_len 36 wins A/B/draw 128/127/45 loss 0.0083 item_loss 0.00166 items: used 0.21 of rows-with-items, k>0 34, thrown 152/218
rnd 36800 steps 7.07M t 460.7m eps 0.020 pairs_len 36 wins A/B/draw 136/115/49 loss 0.0083 item_loss 0.00165 items: used 0.22 of rows-with-items, k>0 37, thrown 141/202
rnd 36900 steps 7.08M t 461.9m eps 0.020 pairs_len 36 wins A/B/draw 116/145/39 loss 0.0084 item_loss 0.00173 items: used 0.19 of rows-with-items, k>0 34, thrown 137/199
rnd 37000 steps 7.10M t 463.0m eps 0.020 pairs_len 36 wins A/B/draw 124/136/40 loss 0.0083 item_loss 0.00173 items: used 0.19 of rows-with-items, k>0 37, thrown 158/209
rnd 37100 steps 7.12M t 464.2m eps 0.020 pairs_len 36 wins A/B/draw 139/131/30 loss 0.0083 item_loss 0.00173 items: used 0.22 of rows-with-items, k>0 44, thrown 156/213
rnd 37200 steps 7.14M t 465.4m eps 0.020 pairs_len 36 wins A/B/draw 122/125/53 loss 0.0083 item_loss 0.00172 items: used 0.18 of rows-with-items, k>0 49, thrown 169/248
rnd 37300 steps 7.16M t 466.6m eps 0.020 pairs_len 37 wins A/B/draw 140/119/41 loss 0.0082 item_loss 0.00168 items: used 0.19 of rows-with-items, k>0 46, thrown 164/242
rnd 37400 steps 7.18M t 467.8m eps 0.020 pairs_len 36 wins A/B/draw 128/129/43 loss 0.0082 item_loss 0.00160 items: used 0.19 of rows-with-items, k>0 31, thrown 152/229
rnd 37500 steps 7.20M t 469.0m eps 0.020 pairs_len 36 wins A/B/draw 124/127/49 loss 0.0082 item_loss 0.00154 items: used 0.22 of rows-with-items, k>0 42, thrown 150/223
rnd 37600 steps 7.22M t 470.2m eps 0.020 pairs_len 36 wins A/B/draw 137/125/38 loss 0.0082 item_loss 0.00155 items: used 0.16 of rows-with-items, k>0 26, thrown 132/186
rnd 37700 steps 7.24M t 471.4m eps 0.020 pairs_len 36 wins A/B/draw 125/127/48 loss 0.0082 item_loss 0.00156 items: used 0.22 of rows-with-items, k>0 31, thrown 136/185
rnd 37800 steps 7.26M t 472.6m eps 0.020 pairs_len 36 wins A/B/draw 135/120/45 loss 0.0083 item_loss 0.00158 items: used 0.25 of rows-with-items, k>0 33, thrown 152/201
rnd 37900 steps 7.28M t 473.8m eps 0.020 pairs_len 36 wins A/B/draw 129/129/42 loss 0.0084 item_loss 0.00151 items: used 0.21 of rows-with-items, k>0 21, thrown 155/200
rnd 38000 steps 7.30M t 475.1m eps 0.020 pairs_len 36 wins A/B/draw 135/126/39 loss 0.0084 item_loss 0.00145 items: used 0.22 of rows-with-items, k>0 38, thrown 128/183
rnd 38100 steps 7.32M t 476.3m eps 0.020 pairs_len 36 wins A/B/draw 121/136/43 loss 0.0087 item_loss 0.00145 items: used 0.24 of rows-with-items, k>0 23, thrown 150/207
EVAL battle-net(A) vs solo-net + old rule(B): {'win': 0.0, 'lose': 1.0, 'draw': 0.0, 'games': 96, 'mean_len': 38.083333333333336}
rnd 38200 steps 7.33M t 478.4m eps 0.020 pairs_len 36 wins A/B/draw 134/120/46 loss 0.0088 item_loss 0.00148 items: used 0.20 of rows-with-items, k>0 38, thrown 137/198
rnd 38300 steps 7.35M t 479.6m eps 0.020 pairs_len 36 wins A/B/draw 139/125/36 loss 0.0088 item_loss 0.00149 items: used 0.21 of rows-with-items, k>0 26, thrown 153/203
