training from scratch
EVAL battle-net(A) vs solo-net + old rule(B): {'win': 0.0, 'lose': 1.0, 'draw': 0.0, 'games': 96, 'mean_len': 95.52083333333333}
rnd 100 steps 0.01M t 4.7m eps 0.299 pairs_len 69 wins A/B/draw 18/17/0 loss 0.0000 item_loss 0.00000 items: used 0.39 of rows-with-items, k>0 54, thrown 256/458
rnd 200 steps 0.03M t 6.4m eps 0.298 pairs_len 87 wins A/B/draw 49/32/0 loss 0.0000 item_loss 0.00000 items: used 0.41 of rows-with-items, k>0 52, thrown 367/591
/home/a/Desktop/stuff/polycube/ndrl/train_battle.py:258: UserWarning: Converting a tensor with requires_grad=True to a scalar may lead to unexpected behavior.
Consider using tensor.detach() first. (Triggered internally at /pytorch/torch/csrc/autograd/generated/python_variable_methods.cpp:836.)
  if rnd % 10 == 0: loss_ema = 0.99 * loss_ema + 0.01 * loss.item(); iloss_ema = 0.99 * iloss_ema + 0.01 * float(il)
rnd 300 steps 0.04M t 8.1m eps 0.297 pairs_len 99 wins A/B/draw 83/58/0 loss 0.0013 item_loss 0.00005 items: used 0.68 of rows-with-items, k>0 80, thrown 457/803
rnd 400 steps 0.05M t 9.8m eps 0.296 pairs_len 105 wins A/B/draw 115/92/0 loss 0.0021 item_loss 0.00009 items: used 0.75 of rows-with-items, k>0 61, thrown 395/687
rnd 500 steps 0.06M t 11.6m eps 0.296 pairs_len 105 wins A/B/draw 144/127/0 loss 0.0026 item_loss 0.00013 items: used 0.73 of rows-with-items, k>0 65, thrown 393/624
rnd 600 steps 0.08M t 13.3m eps 0.295 pairs_len 105 wins A/B/draw 158/142/0 loss 0.0030 item_loss 0.00020 items: used 0.66 of rows-with-items, k>0 42, thrown 338/533
rnd 700 steps 0.09M t 15.0m eps 0.294 pairs_len 99 wins A/B/draw 154/146/0 loss 0.0033 item_loss 0.00030 items: used 0.63 of rows-with-items, k>0 60, thrown 375/583
rnd 800 steps 0.10M t 16.7m eps 0.293 pairs_len 84 wins A/B/draw 159/141/0 loss 0.0036 item_loss 0.00049 items: used 0.63 of rows-with-items, k>0 73, thrown 379/519
rnd 900 steps 0.12M t 18.5m eps 0.292 pairs_len 75 wins A/B/draw 159/141/0 loss 0.0038 item_loss 0.00080 items: used 0.69 of rows-with-items, k>0 71, thrown 369/553
rnd 1000 steps 0.13M t 20.3m eps 0.291 pairs_len 67 wins A/B/draw 150/150/0 loss 0.0041 item_loss 0.00125 items: used 0.64 of rows-with-items, k>0 88, thrown 374/567
rnd 1100 steps 0.14M t 22.1m eps 0.290 pairs_len 64 wins A/B/draw 147/153/0 loss 0.0043 item_loss 0.00176 items: used 0.62 of rows-with-items, k>0 73, thrown 369/551
rnd 1200 steps 0.15M t 23.9m eps 0.289 pairs_len 64 wins A/B/draw 154/146/0 loss 0.0045 item_loss 0.00230 items: used 0.63 of rows-with-items, k>0 89, thrown 412/618
rnd 1300 steps 0.17M t 25.6m eps 0.288 pairs_len 65 wins A/B/draw 153/147/0 loss 0.0048 item_loss 0.00298 items: used 0.58 of rows-with-items, k>0 81, thrown 426/632
rnd 1400 steps 0.18M t 27.4m eps 0.287 pairs_len 66 wins A/B/draw 148/152/0 loss 0.0052 item_loss 0.00348 items: used 0.56 of rows-with-items, k>0 63, thrown 430/622
EVAL battle-net(A) vs solo-net + old rule(B): {'win': 0.4583333333333333, 'lose': 0.5416666666666666, 'draw': 0.0, 'games': 96, 'mean_len': 78.38541666666667}
rnd 1500 steps 0.19M t 362.3m eps 0.287 pairs_len 65 wins A/B/draw 141/159/0 loss 0.0055 item_loss 0.00407 items: used 0.61 of rows-with-items, k>0 89, thrown 438/636
rnd 1600 steps 0.20M t 363.7m eps 0.286 pairs_len 62 wins A/B/draw 146/154/0 loss 0.0061 item_loss 0.00473 items: used 0.56 of rows-with-items, k>0 95, thrown 432/626
rnd 1700 steps 0.22M t 365.2m eps 0.285 pairs_len 59 wins A/B/draw 163/137/0 loss 0.0068 item_loss 0.00541 items: used 0.57 of rows-with-items, k>0 71, thrown 360/548
rnd 1800 steps 0.23M t 366.5m eps 0.284 pairs_len 58 wins A/B/draw 155/145/0 loss 0.0076 item_loss 0.00593 items: used 0.61 of rows-with-items, k>0 81, thrown 426/657
rnd 1900 steps 0.24M t 368.0m eps 0.283 pairs_len 58 wins A/B/draw 155/145/0 loss 0.0083 item_loss 0.00666 items: used 0.58 of rows-with-items, k>0 95, thrown 432/614
rnd 2000 steps 0.26M t 369.5m eps 0.282 pairs_len 56 wins A/B/draw 147/153/0 loss 0.0093 item_loss 0.00731 items: used 0.58 of rows-with-items, k>0 77, thrown 425/621
rnd 2100 steps 0.27M t 370.9m eps 0.281 pairs_len 52 wins A/B/draw 142/158/0 loss 0.0103 item_loss 0.00807 items: used 0.61 of rows-with-items, k>0 90, thrown 460/664
rnd 2200 steps 0.28M t 372.3m eps 0.280 pairs_len 53 wins A/B/draw 148/152/0 loss 0.0115 item_loss 0.00883 items: used 0.60 of rows-with-items, k>0 82, thrown 422/615
rnd 2300 steps 0.29M t 373.7m eps 0.279 pairs_len 55 wins A/B/draw 145/155/0 loss 0.0122 item_loss 0.00997 items: used 0.60 of rows-with-items, k>0 85, thrown 419/595
rnd 2400 steps 0.31M t 375.1m eps 0.279 pairs_len 53 wins A/B/draw 144/156/0 loss 0.0134 item_loss 0.01098 items: used 0.57 of rows-with-items, k>0 104, thrown 431/656
rnd 2500 steps 0.32M t 376.6m eps 0.278 pairs_len 52 wins A/B/draw 148/152/0 loss 0.0147 item_loss 0.01136 items: used 0.61 of rows-with-items, k>0 80, thrown 455/663
rnd 2600 steps 0.33M t 378.1m eps 0.277 pairs_len 52 wins A/B/draw 146/153/1 loss 0.0162 item_loss 0.01218 items: used 0.60 of rows-with-items, k>0 88, thrown 468/682
rnd 2700 steps 0.35M t 379.6m eps 0.276 pairs_len 54 wins A/B/draw 147/151/2 loss 0.0177 item_loss 0.01281 items: used 0.62 of rows-with-items, k>0 66, thrown 456/669
rnd 2800 steps 0.36M t 381.1m eps 0.275 pairs_len 54 wins A/B/draw 146/153/1 loss 0.0191 item_loss 0.01387 items: used 0.60 of rows-with-items, k>0 73, thrown 460/679
rnd 2900 steps 0.37M t 382.5m eps 0.274 pairs_len 54 wins A/B/draw 144/155/1 loss 0.0206 item_loss 0.01487 items: used 0.63 of rows-with-items, k>0 86, thrown 490/726
rnd 3000 steps 0.38M t 384.0m eps 0.273 pairs_len 54 wins A/B/draw 134/166/0 loss 0.0223 item_loss 0.01646 items: used 0.61 of rows-with-items, k>0 94, thrown 467/686
rnd 3100 steps 0.40M t 385.5m eps 0.272 pairs_len 52 wins A/B/draw 136/164/0 loss 0.0241 item_loss 0.01737 items: used 0.63 of rows-with-items, k>0 77, thrown 462/661
rnd 3200 steps 0.41M t 387.0m eps 0.271 pairs_len 50 wins A/B/draw 140/160/0 loss 0.0257 item_loss 0.01772 items: used 0.62 of rows-with-items, k>0 90, thrown 469/676
rnd 3300 steps 0.42M t 388.5m eps 0.270 pairs_len 49 wins A/B/draw 153/147/0 loss 0.0277 item_loss 0.01827 items: used 0.60 of rows-with-items, k>0 93, thrown 493/727
rnd 3400 steps 0.44M t 389.9m eps 0.270 pairs_len 50 wins A/B/draw 157/143/0 loss 0.0298 item_loss 0.01923 items: used 0.59 of rows-with-items, k>0 107, thrown 454/668
rnd 3500 steps 0.45M t 391.4m eps 0.269 pairs_len 50 wins A/B/draw 151/148/1 loss 0.0316 item_loss 0.01966 items: used 0.62 of rows-with-items, k>0 93, thrown 474/716
rnd 3600 steps 0.46M t 392.9m eps 0.268 pairs_len 47 wins A/B/draw 161/138/1 loss 0.0344 item_loss 0.02071 items: used 0.66 of rows-with-items, k>0 78, thrown 465/645
rnd 3700 steps 0.47M t 394.3m eps 0.267 pairs_len 44 wins A/B/draw 154/146/0 loss 0.0367 item_loss 0.02130 items: used 0.62 of rows-with-items, k>0 81, thrown 475/669
rnd 3800 steps 0.49M t 395.8m eps 0.266 pairs_len 43 wins A/B/draw 150/150/0 loss 0.0392 item_loss 0.02246 items: used 0.63 of rows-with-items, k>0 85, thrown 419/651
rnd 3900 steps 0.50M t 397.2m eps 0.265 pairs_len 46 wins A/B/draw 154/146/0 loss 0.0427 item_loss 0.02343 items: used 0.69 of rows-with-items, k>0 69, thrown 474/688
rnd 4000 steps 0.51M t 398.7m eps 0.264 pairs_len 46 wins A/B/draw 147/153/0 loss 0.0459 item_loss 0.02430 items: used 0.66 of rows-with-items, k>0 74, thrown 458/666
rnd 4100 steps 0.52M t 400.2m eps 0.263 pairs_len 43 wins A/B/draw 144/155/1 loss 0.0490 item_loss 0.02521 items: used 0.66 of rows-with-items, k>0 78, thrown 451/661
rnd 4200 steps 0.54M t 401.7m eps 0.262 pairs_len 44 wins A/B/draw 145/154/1 loss 0.0522 item_loss 0.02677 items: used 0.64 of rows-with-items, k>0 72, thrown 459/663
rnd 4300 steps 0.55M t 403.2m eps 0.261 pairs_len 47 wins A/B/draw 148/152/0 loss 0.0563 item_loss 0.02748 items: used 0.65 of rows-with-items, k>0 85, thrown 452/647
rnd 4400 steps 0.56M t 404.6m eps 0.261 pairs_len 47 wins A/B/draw 148/152/0 loss 0.0598 item_loss 0.02845 items: used 0.67 of rows-with-items, k>0 64, thrown 490/697
rnd 4500 steps 0.58M t 406.1m eps 0.260 pairs_len 45 wins A/B/draw 144/156/0 loss 0.0651 item_loss 0.02917 items: used 0.67 of rows-with-items, k>0 72, thrown 467/674
rnd 4600 steps 0.59M t 407.6m eps 0.259 pairs_len 47 wins A/B/draw 147/153/0 loss 0.0686 item_loss 0.03009 items: used 0.66 of rows-with-items, k>0 79, thrown 492/718
rnd 4700 steps 0.60M t 409.0m eps 0.258 pairs_len 47 wins A/B/draw 144/156/0 loss 0.0729 item_loss 0.03167 items: used 0.63 of rows-with-items, k>0 53, thrown 480/707
rnd 4800 steps 0.61M t 410.5m eps 0.257 pairs_len 49 wins A/B/draw 140/160/0 loss 0.0767 item_loss 0.03245 items: used 0.66 of rows-with-items, k>0 70, thrown 463/677
rnd 4900 steps 0.63M t 412.0m eps 0.256 pairs_len 48 wins A/B/draw 141/159/0 loss 0.0802 item_loss 0.03380 items: used 0.62 of rows-with-items, k>0 88, thrown 500/732
rnd 5000 steps 0.64M t 413.5m eps 0.255 pairs_len 49 wins A/B/draw 143/157/0 loss 0.0840 item_loss 0.03492 items: used 0.66 of rows-with-items, k>0 71, thrown 472/687
rnd 5100 steps 0.65M t 415.0m eps 0.254 pairs_len 53 wins A/B/draw 150/150/0 loss 0.0878 item_loss 0.03604 items: used 0.60 of rows-with-items, k>0 97, thrown 523/785
rnd 5200 steps 0.67M t 416.4m eps 0.253 pairs_len 56 wins A/B/draw 156/144/0 loss 0.0914 item_loss 0.03606 items: used 0.66 of rows-with-items, k>0 101, thrown 564/820
rnd 5300 steps 0.68M t 417.7m eps 0.253 pairs_len 59 wins A/B/draw 154/146/0 loss 0.0961 item_loss 0.03760 items: used 0.62 of rows-with-items, k>0 80, thrown 540/788
EVAL battle-net(A) vs solo-net + old rule(B): {'win': 0.53125, 'lose': 0.46875, 'draw': 0.0, 'games': 96, 'mean_len': 81.5625}
rnd 5400 steps 0.69M t 421.0m eps 0.252 pairs_len 55 wins A/B/draw 142/158/0 loss 0.0986 item_loss 0.03843 items: used 0.66 of rows-with-items, k>0 84, thrown 534/782
rnd 5500 steps 0.70M t 422.5m eps 0.251 pairs_len 58 wins A/B/draw 147/153/0 loss 0.1013 item_loss 0.04076 items: used 0.62 of rows-with-items, k>0 106, thrown 568/855
rnd 5600 steps 0.72M t 423.8m eps 0.250 pairs_len 61 wins A/B/draw 140/160/0 loss 0.1052 item_loss 0.04119 items: used 0.66 of rows-with-items, k>0 115, thrown 560/858
rnd 5700 steps 0.73M t 425.1m eps 0.249 pairs_len 64 wins A/B/draw 152/147/1 loss 0.1089 item_loss 0.04244 items: used 0.61 of rows-with-items, k>0 103, thrown 586/841
rnd 5800 steps 0.74M t 426.5m eps 0.248 pairs_len 65 wins A/B/draw 149/150/1 loss 0.1114 item_loss 0.04491 items: used 0.64 of rows-with-items, k>0 103, thrown 557/816
rnd 5900 steps 0.76M t 427.9m eps 0.247 pairs_len 62 wins A/B/draw 152/147/1 loss 0.1146 item_loss 0.04634 items: used 0.62 of rows-with-items, k>0 106, thrown 576/828
rnd 6000 steps 0.77M t 429.3m eps 0.246 pairs_len 64 wins A/B/draw 148/152/0 loss 0.1183 item_loss 0.04891 items: used 0.64 of rows-with-items, k>0 79, thrown 555/808
rnd 6100 steps 0.78M t 430.7m eps 0.245 pairs_len 66 wins A/B/draw 152/148/0 loss 0.1199 item_loss 0.04953 items: used 0.62 of rows-with-items, k>0 90, thrown 582/864
rnd 6200 steps 0.79M t 432.0m eps 0.244 pairs_len 68 wins A/B/draw 146/154/0 loss 0.1231 item_loss 0.05111 items: used 0.61 of rows-with-items, k>0 105, thrown 576/858
rnd 6300 steps 0.81M t 433.4m eps 0.244 pairs_len 69 wins A/B/draw 147/153/0 loss 0.1260 item_loss 0.05185 items: used 0.60 of rows-with-items, k>0 110, thrown 581/847
rnd 6400 steps 0.82M t 434.9m eps 0.243 pairs_len 67 wins A/B/draw 150/150/0 loss 0.1287 item_loss 0.05319 items: used 0.60 of rows-with-items, k>0 83, thrown 549/803
rnd 6500 steps 0.83M t 436.3m eps 0.242 pairs_len 66 wins A/B/draw 153/147/0 loss 0.1319 item_loss 0.05459 items: used 0.59 of rows-with-items, k>0 118, thrown 559/812
rnd 6600 steps 0.84M t 437.7m eps 0.241 pairs_len 66 wins A/B/draw 159/141/0 loss 0.1349 item_loss 0.05623 items: used 0.58 of rows-with-items, k>0 105, thrown 601/822
rnd 6700 steps 0.86M t 439.2m eps 0.240 pairs_len 65 wins A/B/draw 148/152/0 loss 0.1389 item_loss 0.05798 items: used 0.56 of rows-with-items, k>0 104, thrown 548/792
rnd 6800 steps 0.87M t 440.6m eps 0.239 pairs_len 65 wins A/B/draw 147/153/0 loss 0.1415 item_loss 0.06004 items: used 0.58 of rows-with-items, k>0 112, thrown 564/802
rnd 6900 steps 0.88M t 442.0m eps 0.238 pairs_len 65 wins A/B/draw 153/147/0 loss 0.1433 item_loss 0.06244 items: used 0.56 of rows-with-items, k>0 119, thrown 578/844
rnd 7000 steps 0.90M t 443.3m eps 0.237 pairs_len 65 wins A/B/draw 157/143/0 loss 0.1470 item_loss 0.06424 items: used 0.56 of rows-with-items, k>0 98, thrown 542/807
rnd 7100 steps 0.91M t 444.5m eps 0.236 pairs_len 65 wins A/B/draw 159/140/1 loss 0.1492 item_loss 0.06421 items: used 0.59 of rows-with-items, k>0 89, thrown 532/778
rnd 7200 steps 0.92M t 445.7m eps 0.235 pairs_len 67 wins A/B/draw 156/143/1 loss 0.1513 item_loss 0.06603 items: used 0.55 of rows-with-items, k>0 106, thrown 538/811
rnd 7300 steps 0.93M t 446.9m eps 0.235 pairs_len 64 wins A/B/draw 148/151/1 loss 0.1526 item_loss 0.06790 items: used 0.60 of rows-with-items, k>0 105, thrown 542/747
rnd 7400 steps 0.95M t 448.1m eps 0.234 pairs_len 64 wins A/B/draw 140/160/0 loss 0.1534 item_loss 0.07017 items: used 0.53 of rows-with-items, k>0 93, thrown 544/802
rnd 7500 steps 0.96M t 449.2m eps 0.233 pairs_len 64 wins A/B/draw 137/163/0 loss 0.1559 item_loss 0.07126 items: used 0.56 of rows-with-items, k>0 87, thrown 516/753
rnd 7600 steps 0.97M t 450.4m eps 0.232 pairs_len 64 wins A/B/draw 145/155/0 loss 0.1579 item_loss 0.07321 items: used 0.57 of rows-with-items, k>0 125, thrown 582/793
rnd 7700 steps 0.99M t 451.6m eps 0.231 pairs_len 62 wins A/B/draw 149/151/0 loss 0.1594 item_loss 0.07496 items: used 0.58 of rows-with-items, k>0 85, thrown 485/697
rnd 7800 steps 1.00M t 452.8m eps 0.230 pairs_len 60 wins A/B/draw 150/150/0 loss 0.1630 item_loss 0.07539 items: used 0.56 of rows-with-items, k>0 100, thrown 509/746
rnd 7900 steps 1.01M t 454.0m eps 0.229 pairs_len 61 wins A/B/draw 150/150/0 loss 0.1644 item_loss 0.07696 items: used 0.58 of rows-with-items, k>0 76, thrown 510/727
rnd 8000 steps 1.02M t 455.2m eps 0.228 pairs_len 59 wins A/B/draw 143/157/0 loss 0.1649 item_loss 0.07827 items: used 0.57 of rows-with-items, k>0 95, thrown 476/677
rnd 8100 steps 1.04M t 456.4m eps 0.227 pairs_len 56 wins A/B/draw 143/157/0 loss 0.1650 item_loss 0.07926 items: used 0.54 of rows-with-items, k>0 80, thrown 471/649
rnd 8200 steps 1.05M t 457.5m eps 0.227 pairs_len 54 wins A/B/draw 144/156/0 loss 0.1655 item_loss 0.08105 items: used 0.56 of rows-with-items, k>0 87, thrown 446/674
rnd 8300 steps 1.06M t 458.7m eps 0.226 pairs_len 55 wins A/B/draw 145/155/0 loss 0.1666 item_loss 0.08087 items: used 0.58 of rows-with-items, k>0 117, thrown 491/713
rnd 8400 steps 1.08M t 459.9m eps 0.225 pairs_len 54 wins A/B/draw 144/156/0 loss 0.1695 item_loss 0.08168 items: used 0.58 of rows-with-items, k>0 77, thrown 447/633
rnd 8500 steps 1.09M t 461.1m eps 0.224 pairs_len 53 wins A/B/draw 141/159/0 loss 0.1706 item_loss 0.08305 items: used 0.56 of rows-with-items, k>0 100, thrown 449/644
rnd 8600 steps 1.10M t 462.3m eps 0.223 pairs_len 53 wins A/B/draw 147/153/0 loss 0.1723 item_loss 0.08341 items: used 0.56 of rows-with-items, k>0 101, thrown 470/667
rnd 8700 steps 1.11M t 463.5m eps 0.222 pairs_len 54 wins A/B/draw 146/154/0 loss 0.1717 item_loss 0.08471 items: used 0.52 of rows-with-items, k>0 85, thrown 441/620
rnd 8800 steps 1.13M t 464.7m eps 0.221 pairs_len 54 wins A/B/draw 147/153/0 loss 0.1721 item_loss 0.08643 items: used 0.52 of rows-with-items, k>0 82, thrown 422/614
rnd 8900 steps 1.14M t 465.9m eps 0.220 pairs_len 52 wins A/B/draw 162/138/0 loss 0.1730 item_loss 0.08711 items: used 0.57 of rows-with-items, k>0 93, thrown 452/672
rnd 9000 steps 1.15M t 467.1m eps 0.219 pairs_len 49 wins A/B/draw 159/141/0 loss 0.1756 item_loss 0.08812 items: used 0.57 of rows-with-items, k>0 76, thrown 379/528
rnd 9100 steps 1.16M t 468.3m eps 0.218 pairs_len 45 wins A/B/draw 151/149/0 loss 0.1762 item_loss 0.09042 items: used 0.53 of rows-with-items, k>0 74, thrown 391/554
rnd 9200 steps 1.18M t 469.5m eps 0.218 pairs_len 43 wins A/B/draw 167/133/0 loss 0.1779 item_loss 0.09149 items: used 0.60 of rows-with-items, k>0 71, thrown 408/585
rnd 9300 steps 1.19M t 470.8m eps 0.217 pairs_len 42 wins A/B/draw 172/128/0 loss 0.1800 item_loss 0.09229 items: used 0.60 of rows-with-items, k>0 72, thrown 365/530
rnd 9400 steps 1.20M t 472.0m eps 0.216 pairs_len 42 wins A/B/draw 163/137/0 loss 0.1804 item_loss 0.09410 items: used 0.54 of rows-with-items, k>0 82, thrown 382/548
rnd 9500 steps 1.22M t 473.2m eps 0.215 pairs_len 45 wins A/B/draw 166/134/0 loss 0.1810 item_loss 0.09604 items: used 0.58 of rows-with-items, k>0 97, thrown 403/581
rnd 9600 steps 1.23M t 474.4m eps 0.214 pairs_len 46 wins A/B/draw 158/142/0 loss 0.1821 item_loss 0.09684 items: used 0.55 of rows-with-items, k>0 74, thrown 374/523
rnd 9700 steps 1.24M t 475.6m eps 0.213 pairs_len 42 wins A/B/draw 146/154/0 loss 0.1823 item_loss 0.09684 items: used 0.60 of rows-with-items, k>0 72, thrown 385/541
rnd 9800 steps 1.25M t 476.8m eps 0.212 pairs_len 41 wins A/B/draw 152/148/0 loss 0.1817 item_loss 0.09970 items: used 0.57 of rows-with-items, k>0 77, thrown 363/518
rnd 9900 steps 1.27M t 478.1m eps 0.211 pairs_len 41 wins A/B/draw 148/152/0 loss 0.1822 item_loss 0.10158 items: used 0.60 of rows-with-items, k>0 69, thrown 371/531
EVAL battle-net(A) vs solo-net + old rule(B): {'win': 0.3854166666666667, 'lose': 0.6145833333333334, 'draw': 0.0, 'games': 96, 'mean_len': 77.16666666666667}
rnd 10000 steps 1.28M t 480.8m eps 0.210 pairs_len 42 wins A/B/draw 147/153/0 loss 0.1823 item_loss 0.10141 items: used 0.57 of rows-with-items, k>0 54, thrown 365/535
rnd 10100 steps 1.29M t 481.9m eps 0.210 pairs_len 44 wins A/B/draw 148/152/0 loss 0.1826 item_loss 0.10413 items: used 0.59 of rows-with-items, k>0 47, thrown 379/503
rnd 10200 steps 1.31M t 483.1m eps 0.209 pairs_len 45 wins A/B/draw 138/162/0 loss 0.1838 item_loss 0.10469 items: used 0.52 of rows-with-items, k>0 69, thrown 366/513
rnd 10300 steps 1.32M t 484.3m eps 0.208 pairs_len 43 wins A/B/draw 156/144/0 loss 0.1861 item_loss 0.10601 items: used 0.58 of rows-with-items, k>0 61, thrown 377/533
rnd 10400 steps 1.33M t 485.6m eps 0.207 pairs_len 42 wins A/B/draw 173/127/0 loss 0.1862 item_loss 0.10776 items: used 0.52 of rows-with-items, k>0 71, thrown 390/517
rnd 10500 steps 1.34M t 486.7m eps 0.206 pairs_len 43 wins A/B/draw 162/138/0 loss 0.1855 item_loss 0.10766 items: used 0.56 of rows-with-items, k>0 93, thrown 398/556
rnd 10600 steps 1.36M t 487.9m eps 0.205 pairs_len 42 wins A/B/draw 154/146/0 loss 0.1852 item_loss 0.10920 items: used 0.55 of rows-with-items, k>0 57, thrown 345/480
rnd 10700 steps 1.37M t 489.1m eps 0.204 pairs_len 41 wins A/B/draw 157/142/1 loss 0.1853 item_loss 0.11154 items: used 0.54 of rows-with-items, k>0 84, thrown 392/526
rnd 10800 steps 1.38M t 490.3m eps 0.203 pairs_len 40 wins A/B/draw 154/145/1 loss 0.1873 item_loss 0.11447 items: used 0.59 of rows-with-items, k>0 61, thrown 358/493
rnd 10900 steps 1.40M t 491.6m eps 0.202 pairs_len 39 wins A/B/draw 152/148/0 loss 0.1880 item_loss 0.11389 items: used 0.57 of rows-with-items, k>0 67, thrown 348/495
rnd 11000 steps 1.41M t 492.8m eps 0.201 pairs_len 40 wins A/B/draw 146/154/0 loss 0.1887 item_loss 0.11299 items: used 0.50 of rows-with-items, k>0 71, thrown 394/529
rnd 11100 steps 1.42M t 494.1m eps 0.201 pairs_len 43 wins A/B/draw 141/159/0 loss 0.1891 item_loss 0.11572 items: used 0.53 of rows-with-items, k>0 85, thrown 379/529
rnd 11200 steps 1.43M t 495.3m eps 0.200 pairs_len 43 wins A/B/draw 143/157/0 loss 0.1906 item_loss 0.11686 items: used 0.56 of rows-with-items, k>0 90, thrown 401/531
rnd 11300 steps 1.45M t 496.7m eps 0.199 pairs_len 43 wins A/B/draw 159/141/0 loss 0.1916 item_loss 0.11698 items: used 0.53 of rows-with-items, k>0 78, thrown 398/552
rnd 11400 steps 1.46M t 498.2m eps 0.198 pairs_len 42 wins A/B/draw 147/153/0 loss 0.1931 item_loss 0.11772 items: used 0.52 of rows-with-items, k>0 93, thrown 392/537
rnd 11500 steps 1.47M t 499.7m eps 0.197 pairs_len 41 wins A/B/draw 145/155/0 loss 0.1925 item_loss 0.11841 items: used 0.52 of rows-with-items, k>0 86, thrown 375/506
rnd 11600 steps 1.48M t 501.2m eps 0.196 pairs_len 40 wins A/B/draw 152/148/0 loss 0.1916 item_loss 0.11972 items: used 0.53 of rows-with-items, k>0 66, thrown 342/479
rnd 11700 steps 1.50M t 502.8m eps 0.195 pairs_len 39 wins A/B/draw 151/149/0 loss 0.1946 item_loss 0.12148 items: used 0.53 of rows-with-items, k>0 92, thrown 362/509
rnd 11800 steps 1.51M t 504.2m eps 0.194 pairs_len 41 wins A/B/draw 150/150/0 loss 0.1955 item_loss 0.12300 items: used 0.56 of rows-with-items, k>0 67, thrown 392/525
rnd 11900 steps 1.52M t 505.6m eps 0.193 pairs_len 40 wins A/B/draw 143/157/0 loss 0.1963 item_loss 0.12292 items: used 0.56 of rows-with-items, k>0 79, thrown 397/536
rnd 12000 steps 1.54M t 507.1m eps 0.192 pairs_len 39 wins A/B/draw 142/158/0 loss 0.1962 item_loss 0.12555 items: used 0.56 of rows-with-items, k>0 61, thrown 355/482
rnd 12100 steps 1.55M t 508.6m eps 0.192 pairs_len 39 wins A/B/draw 163/137/0 loss 0.1979 item_loss 0.12627 items: used 0.50 of rows-with-items, k>0 93, thrown 403/568
rnd 12200 steps 1.56M t 510.1m eps 0.191 pairs_len 39 wins A/B/draw 165/135/0 loss 0.1984 item_loss 0.12628 items: used 0.52 of rows-with-items, k>0 110, thrown 423/580
rnd 12300 steps 1.57M t 511.6m eps 0.190 pairs_len 38 wins A/B/draw 162/138/0 loss 0.2004 item_loss 0.12861 items: used 0.50 of rows-with-items, k>0 84, thrown 396/553
rnd 12400 steps 1.59M t 513.1m eps 0.189 pairs_len 39 wins A/B/draw 159/141/0 loss 0.2009 item_loss 0.13050 items: used 0.54 of rows-with-items, k>0 75, thrown 374/501
rnd 12500 steps 1.60M t 514.5m eps 0.188 pairs_len 40 wins A/B/draw 138/162/0 loss 0.2025 item_loss 0.13118 items: used 0.50 of rows-with-items, k>0 88, thrown 399/530
rnd 12600 steps 1.61M t 516.0m eps 0.187 pairs_len 39 wins A/B/draw 166/133/1 loss 0.2024 item_loss 0.13168 items: used 0.51 of rows-with-items, k>0 90, thrown 394/539
rnd 12700 steps 1.63M t 517.5m eps 0.186 pairs_len 40 wins A/B/draw 169/130/1 loss 0.2027 item_loss 0.13292 items: used 0.49 of rows-with-items, k>0 75, thrown 387/517
rnd 12800 steps 1.64M t 519.0m eps 0.185 pairs_len 41 wins A/B/draw 162/138/0 loss 0.2044 item_loss 0.13235 items: used 0.50 of rows-with-items, k>0 74, thrown 409/531
